Aug 30, 2026 02:03:18.004 [129825646299904] INFO - Plex Media Scanner v1.43.3.10828-00f62d37d - Docker Docker Container (LinuxServer.io) x86_64 - build: linux-x86_64 - GMT 02:00
Aug 30, 2026 02:03:18.004 [129825646299904] INFO - Linux version: 7.0.0-28-generic, language: en-US
Aug 30, 2026 02:03:18.004 [129825646299904] INFO - Processor: 12-core AMD Ryzen 5 3600 6-Core Processor
Aug 30, 2026 02:03:18.004 [129825646299904] INFO - /usr/lib/plexmediaserver/Plex Media Scanner --analyze-deeply --item 1103 --log-file-suffix  Deep Analysis
Aug 30, 2026 02:03:18.005 [129825646808832] DEBUG - Opening 20 database sessions to library (com.plexapp.plugins.library), SQLite 3.39.4, threadsafe=1
Aug 30, 2026 02:03:18.078 [129825646808832] DEBUG - [MI] Opening input file: "/media/tv/Forged in Fire/Season 3/Forged.in.Fire.S03E16.720p.WEB.h264-HEAT[eztv].mkv"
Aug 30, 2026 02:03:18.078 [129825646808832] DEBUG - [FFMPEG] - Opening '/media/tv/Forged in Fire/Season 3/Forged.in.Fire.S03E16.720p.WEB.h264-HEAT[eztv].mkv' for reading
Aug 30, 2026 02:03:18.078 [129825646808832] DEBUG - [FFMPEG] - Setting default whitelist 'file,crypto,data'
Aug 30, 2026 02:03:18.078 [129825646808832] DEBUG - [FFMPEG] - Format matroska,webm probed with size=2048 and score=100
Aug 30, 2026 02:03:18.078 [129825646808832] DEBUG - [FFMPEG] - st:0 removing common factor 1000000 from timebase
Aug 30, 2026 02:03:18.078 [129825646808832] DEBUG - [FFMPEG] - st:1 removing common factor 1000000 from timebase
Aug 30, 2026 02:03:18.079 [129825646808832] DEBUG - [FFMPEG] - Before avformat_find_stream_info() pos: 5569 bytes read:33593 seeks:2 nb_streams:2
Aug 30, 2026 02:03:18.079 [129825646808832] DEBUG - [FFMPEG] - nal_unit_type: 7(SPS), nal_ref_idc: 3
Aug 30, 2026 02:03:18.079 [129825646808832] DEBUG - [FFMPEG] - Decoding VUI
Aug 30, 2026 02:03:18.079 [129825646808832] DEBUG - [FFMPEG] - nal_unit_type: 8(PPS), nal_ref_idc: 3
Aug 30, 2026 02:03:18.080 [129825646808832] DEBUG - [FFMPEG] - For transform of length 64, inverse, mdct_float, flags: [aligned, out_of_place], found 3 matches:
Aug 30, 2026 02:03:18.080 [129825646808832] DEBUG - [FFMPEG] -     1: 
Aug 30, 2026 02:03:18.080 [129825646808832] DEBUG - [FFMPEG] - mdct_inv_float_avx2 - type: mdct_float, len: [16, ∞], factors[2]: [2, any], flags: [aligned, out_of_place, inv_only], prio: 511
Aug 30, 2026 02:03:18.080 [129825646808832] DEBUG - [FFMPEG] -     2: 
Aug 30, 2026 02:03:18.080 [129825646808832] DEBUG - [FFMPEG] - mdct_inv_float_c - type: mdct_float, len: [2, ∞], factors[2]: [2, any], flags: [unaligned, out_of_place, inv_only], prio: 96
Aug 30, 2026 02:03:18.080 [129825646808832] DEBUG - [FFMPEG] -     3: 
Aug 30, 2026 02:03:18.080 [129825646808832] DEBUG - [FFMPEG] - mdct_naive_inv_float_c - type: mdct_float, len: [2, ∞], factors[2]: [2, any], flags: [unaligned, out_of_place, inv_only], prio: -130976
Aug 30, 2026 02:03:18.080 [129825646808832] DEBUG - [FFMPEG] - For transform of length 32, inverse, fft_float, flags: [aligned, inplace, preshuf, asm_call], found 2 matches:
Aug 30, 2026 02:03:18.080 [129825646808832] DEBUG - [FFMPEG] -     1: 
Aug 30, 2026 02:03:18.080 [129825646808832] DEBUG - [FFMPEG] - fft32_asm_float_fma3 - type: fft_float, len: 32, factor: 2, flags: [aligned, inplace, out_of_place, preshuf, asm_call], prio: 512
Aug 30, 2026 02:03:18.080 [129825646808832] DEBUG - [FFMPEG] -     2: 
Aug 30, 2026 02:03:18.080 [129825646808832] DEBUG - [FFMPEG] - fft32_asm_float_avx - type: fft_float, len: 32, factor: 2, flags: [aligned, inplace, out_of_place, preshuf, asm_call], prio: 480
Aug 30, 2026 02:03:18.080 [129825646808832] DEBUG - [FFMPEG] - Transform tree:
Aug 30, 2026 02:03:18.080 [129825646808832] DEBUG - [FFMPEG] -     
Aug 30, 2026 02:03:18.080 [129825646808832] DEBUG - [FFMPEG] - mdct_inv_float_avx2 - type: mdct_float, len: 64, factors[2]: [2, any], flags: [aligned, out_of_place, inv_only]
Aug 30, 2026 02:03:18.080 [129825646808832] DEBUG - [FFMPEG] -     
Aug 30, 2026 02:03:18.080 [129825646808832] DEBUG - [FFMPEG] -     
Aug 30, 2026 02:03:18.080 [129825646808832] DEBUG - [FFMPEG] - fft32_asm_float_fma3 - type: fft_float, len: 32, factor: 2, flags: [aligned, inplace, out_of_place, preshuf, asm_call]
Aug 30, 2026 02:03:18.080 [129825646808832] DEBUG - [FFMPEG] - For transform of length 64, inverse, mdct_float, flags: [aligned, out_of_place], found 3 matches:
Aug 30, 2026 02:03:18.080 [129825646808832] DEBUG - [FFMPEG] -     1: 
Aug 30, 2026 02:03:18.080 [129825646808832] DEBUG - [FFMPEG] - mdct_inv_float_avx2 - type: mdct_float, len: [16, ∞], factors[2]: [2, any], flags: [aligned, out_of_place, inv_only], prio: 511
Aug 30, 2026 02:03:18.080 [129825646808832] DEBUG - [FFMPEG] -     2: 
Aug 30, 2026 02:03:18.080 [129825646808832] DEBUG - [FFMPEG] - mdct_inv_float_c - type: mdct_float, len: [2, ∞], factors[2]: [2, any], flags: [unaligned, out_of_place, inv_only], prio: 96
Aug 30, 2026 02:03:18.080 [129825646808832] DEBUG - [FFMPEG] -     3: 
Aug 30, 2026 02:03:18.080 [129825646808832] DEBUG - [FFMPEG] - mdct_naive_inv_float_c - type: mdct_float, len: [2, ∞], factors[2]: [2, any], flags: [unaligned, out_of_place, inv_only], prio: -130976
Aug 30, 2026 02:03:18.080 [129825646808832] DEBUG - [FFMPEG] - For transform of length 32, inverse, fft_float, flags: [aligned, inplace, preshuf, asm_call], found 2 matches:
Aug 30, 2026 02:03:18.080 [129825646808832] DEBUG - [FFMPEG] -     1: 
Aug 30, 2026 02:03:18.080 [129825646808832] DEBUG - [FFMPEG] - fft32_asm_float_fma3 - type: fft_float, len: 32, factor: 2, flags: [aligned, inplace, out_of_place, preshuf, asm_call], prio: 512
Aug 30, 2026 02:03:18.080 [129825646808832] DEBUG - [FFMPEG] -     2: 
Aug 30, 2026 02:03:18.080 [129825646808832] DEBUG - [FFMPEG] - fft32_asm_float_avx - type: fft_float, len: 32, factor: 2, flags: [aligned, inplace, out_of_place, preshuf, asm_call], prio: 480
Aug 30, 2026 02:03:18.080 [129825646808832] DEBUG - [FFMPEG] - Transform tree:
Aug 30, 2026 02:03:18.080 [129825646808832] DEBUG - [FFMPEG] -     
Aug 30, 2026 02:03:18.080 [129825646808832] DEBUG - [FFMPEG] - mdct_inv_float_avx2 - type: mdct_float, len: 64, factors[2]: [2, any], flags: [aligned, out_of_place, inv_only]
Aug 30, 2026 02:03:18.080 [129825646808832] DEBUG - [FFMPEG] -     
Aug 30, 2026 02:03:18.080 [129825646808832] DEBUG - [FFMPEG] -     
Aug 30, 2026 02:03:18.080 [129825646808832] DEBUG - [FFMPEG] - fft32_asm_float_fma3 - type: fft_float, len: 32, factor: 2, flags: [aligned, inplace, out_of_place, preshuf, asm_call]
Aug 30, 2026 02:03:18.080 [129825646808832] DEBUG - [FFMPEG] - For transform of length 120, inverse, mdct_float, flags: [aligned, out_of_place], found 6 matches:
Aug 30, 2026 02:03:18.080 [129825646808832] DEBUG - [FFMPEG] -     1: 
Aug 30, 2026 02:03:18.080 [129825646808832] DEBUG - [FFMPEG] - mdct_inv_float_avx2 - type: mdct_float, len: [16, ∞], factors[2]: [2, any], flags: [aligned, out_of_place, inv_only], prio: 511
Aug 30, 2026 02:03:18.080 [129825646808832] DEBUG - [FFMPEG] -     2: 
Aug 30, 2026 02:03:18.080 [129825646808832] DEBUG - [FFMPEG] - mdct_pfa_15xM_inv_float_c - type: mdct_float, len: [30, ∞], factors[2]: [15, any], flags: [unaligned, out_of_place, inv_only], prio: 304
Aug 30, 2026 02:03:18.080 [129825646808832] DEBUG - [FFMPEG] -     3: 
Aug 30, 2026 02:03:18.080 [129825646808832] DEBUG - [FFMPEG] - mdct_pfa_5xM_inv_float_c - type: mdct_float, len: [10, ∞], factors[2]: [5, any], flags: [unaligned, out_of_place, inv_only], prio: 144
Aug 30, 2026 02:03:18.080 [129825646808832] DEBUG - [FFMPEG] -     4: 
Aug 30, 2026 02:03:18.080 [129825646808832] DEBUG - [FFMPEG] - mdct_pfa_3xM_inv_float_c - type: mdct_float, len: [6, ∞], factors[2]: [3, any], flags: [unaligned, out_of_place, inv_only], prio: 112
Aug 30, 2026 02:03:18.080 [129825646808832] DEBUG - [FFMPEG] -     5: 
Aug 30, 2026 02:03:18.080 [129825646808832] DEBUG - [FFMPEG] - mdct_inv_float_c - type: mdct_float, len: [2, ∞], factors[2]: [2, any], flags: [unaligned, out_of_place, inv_only], prio: 96
Aug 30, 2026 02:03:18.080 [129825646808832] DEBUG - [FFMPEG] -     6: 
Aug 30, 2026 02:03:18.080 [129825646808832] DEBUG - [FFMPEG] - mdct_naive_inv_float_c - type: mdct_float, len: [2, ∞], factors[2]: [2, any], flags: [unaligned, out_of_place, inv_only], prio: -130976
Aug 30, 2026 02:03:18.080 [129825646808832] DEBUG - [FFMPEG] - For transform of length 60, inverse, fft_float, flags: [aligned, inplace, preshuf, asm_call], found 1 matches:
Aug 30, 2026 02:03:18.080 [129825646808832] DEBUG - [FFMPEG] -     1: 
Aug 30, 2026 02:03:18.080 [129825646808832] DEBUG - [FFMPEG] - fft_pfa_15xM_asm_float_avx2 - type: fft_float, len: [60, ∞], factors[2]: [15, 2], flags: [aligned, inplace, out_of_place, preshuf, asm_call], prio: 655
Aug 30, 2026 02:03:18.080 [129825646808832] DEBUG - [FFMPEG] - For transform of length 4, inverse, fft_float, flags: [aligned, inplace, preshuf, asm_call], found 1 matches:
Aug 30, 2026 02:03:18.080 [129825646808832] DEBUG - [FFMPEG] -     1: 
Aug 30, 2026 02:03:18.080 [129825646808832] DEBUG - [FFMPEG] - fft4_fwd_asm_float_sse2 - type: fft_float, len: 4, factor: 2, flags: [aligned, inplace, out_of_place, preshuf, asm_call], prio: 352
Aug 30, 2026 02:03:18.080 [129825646808832] DEBUG - [FFMPEG] - Transform tree:
Aug 30, 2026 02:03:18.080 [129825646808832] DEBUG - [FFMPEG] -     
Aug 30, 2026 02:03:18.080 [129825646808832] DEBUG - [FFMPEG] - mdct_inv_float_avx2 - type: mdct_float, len: 120, factors[2]: [2, any], flags: [aligned, out_of_place, inv_only]
Aug 30, 2026 02:03:18.080 [129825646808832] DEBUG - [FFMPEG] -     
Aug 30, 2026 02:03:18.080 [129825646808832] DEBUG - [FFMPEG] -     
Aug 30, 2026 02:03:18.080 [129825646808832] DEBUG - [FFMPEG] - fft_pfa_15xM_asm_float_avx2 - type: fft_float, len: 60, factors[2]: [15, 2], flags: [aligned, inplace, out_of_place, preshuf, asm_call]
Aug 30, 2026 02:03:18.080 [129825646808832] DEBUG - [FFMPEG] -     
Aug 30, 2026 02:03:18.080 [129825646808832] DEBUG - [FFMPEG] -     
Aug 30, 2026 02:03:18.080 [129825646808832] DEBUG - [FFMPEG] -     
Aug 30, 2026 02:03:18.080 [129825646808832] DEBUG - [FFMPEG] - fft4_fwd_asm_float_sse2 - type: fft_float, len: 4, factor: 2, flags: [aligned, inplace, out_of_place, preshuf, asm_call]
Aug 30, 2026 02:03:18.080 [129825646808832] DEBUG - [FFMPEG] - For transform of length 128, inverse, mdct_float, flags: [aligned, out_of_place], found 3 matches:
Aug 30, 2026 02:03:18.080 [129825646808832] DEBUG - [FFMPEG] -     1: 
Aug 30, 2026 02:03:18.080 [129825646808832] DEBUG - [FFMPEG] - mdct_inv_float_avx2 - type: mdct_float, len: [16, ∞], factors[2]: [2, any], flags: [aligned, out_of_place, inv_only], prio: 511
Aug 30, 2026 02:03:18.080 [129825646808832] DEBUG - [FFMPEG] -     2: 
Aug 30, 2026 02:03:18.080 [129825646808832] DEBUG - [FFMPEG] - mdct_inv_float_c - type: mdct_float, len: [2, ∞], factors[2]: [2, any], flags: [unaligned, out_of_place, inv_only], prio: 96
Aug 30, 2026 02:03:18.080 [129825646808832] DEBUG - [FFMPEG] -     3: 
Aug 30, 2026 02:03:18.080 [129825646808832] DEBUG - [FFMPEG] - mdct_naive_inv_float_c - type: mdct_float, len: [2, ∞], factors[2]: [2, any], flags: [unaligned, out_of_place, inv_only], prio: -130976
Aug 30, 2026 02:03:18.080 [129825646808832] DEBUG - [FFMPEG] - For transform of length 64, inverse, fft_float, flags: [aligned, inplace, preshuf, asm_call], found 3 matches:
Aug 30, 2026 02:03:18.080 [129825646808832] DEBUG - [FFMPEG] -     1: 
Aug 30, 2026 02:03:18.080 [129825646808832] DEBUG - [FFMPEG] - fft_sr_asm_float_fma3 - type: fft_float, len: [64, 131072], factor: 2, flags: [aligned, inplace, out_of_place, preshuf, asm_call], prio: 448
Aug 30, 2026 02:03:18.080 [129825646808832] DEBUG - [FFMPEG] -     2: 
Aug 30, 2026 02:03:18.080 [129825646808832] DEBUG - [FFMPEG] - fft_sr_asm_float_avx2 - type: fft_float, len: [64, 131072], factor: 2, flags: [aligned, inplace, out_of_place, preshuf, asm_call], prio: 447
Aug 30, 2026 02:03:18.080 [129825646808832] DEBUG - [FFMPEG] -     3: 
Aug 30, 2026 02:03:18.080 [129825646808832] DEBUG - [FFMPEG] - fft_sr_asm_float_avx - type: fft_float, len: [64, 131072], factor: 2, flags: [aligned, inplace, out_of_place, preshuf, asm_call], prio: 416
Aug 30, 2026 02:03:18.080 [129825646808832] DEBUG - [FFMPEG] - Transform tree:
Aug 30, 2026 02:03:18.080 [129825646808832] DEBUG - [FFMPEG] -     
Aug 30, 2026 02:03:18.080 [129825646808832] DEBUG - [FFMPEG] - mdct_inv_float_avx2 - type: mdct_float, len: 128, factors[2]: [2, any], flags: [aligned, out_of_place, inv_only]
Aug 30, 2026 02:03:18.080 [129825646808832] DEBUG - [FFMPEG] -     
Aug 30, 2026 02:03:18.080 [129825646808832] DEBUG - [FFMPEG] -     
Aug 30, 2026 02:03:18.080 [129825646808832] DEBUG - [FFMPEG] - fft_sr_asm_float_fma3 - type: fft_float, len: 64, factor: 2, flags: [aligned, inplace, out_of_place, preshuf, asm_call]
Aug 30, 2026 02:03:18.080 [129825646808832] DEBUG - [FFMPEG] - For transform of length 480, inverse, mdct_float, flags: [aligned, out_of_place], found 6 matches:
Aug 30, 2026 02:03:18.080 [129825646808832] DEBUG - [FFMPEG] -     1: 
Aug 30, 2026 02:03:18.080 [129825646808832] DEBUG - [FFMPEG] - mdct_inv_float_avx2 - type: mdct_float, len: [16, ∞], factors[2]: [2, any], flags: [aligned, out_of_place, inv_only], prio: 511
Aug 30, 2026 02:03:18.080 [129825646808832] DEBUG - [FFMPEG] -     2: 
Aug 30, 2026 02:03:18.080 [129825646808832] DEBUG - [FFMPEG] - mdct_pfa_15xM_inv_float_c - type: mdct_float, len: [30, ∞], factors[2]: [15, any], flags: [unaligned, out_of_place, inv_only], prio: 304
Aug 30, 2026 02:03:18.080 [129825646808832] DEBUG - [FFMPEG] -     3: 
Aug 30, 2026 02:03:18.080 [129825646808832] DEBUG - [FFMPEG] - mdct_pfa_5xM_inv_float_c - type: mdct_float, len: [10, ∞], factors[2]: [5, any], flags: [unaligned, out_of_place, inv_only], prio: 144
Aug 30, 2026 02:03:18.080 [129825646808832] DEBUG - [FFMPEG] -     4: 
Aug 30, 2026 02:03:18.080 [129825646808832] DEBUG - [FFMPEG] - mdct_pfa_3xM_inv_float_c - type: mdct_float, len: [6, ∞], factors[2]: [3, any], flags: [unaligned, out_of_place, inv_only], prio: 112
Aug 30, 2026 02:03:18.080 [129825646808832] DEBUG - [FFMPEG] -     5: 
Aug 30, 2026 02:03:18.080 [129825646808832] DEBUG - [FFMPEG] - mdct_inv_float_c - type: mdct_float, len: [2, ∞], factors[2]: [2, any], flags: [unaligned, out_of_place, inv_only], prio: 96
Aug 30, 2026 02:03:18.080 [129825646808832] DEBUG - [FFMPEG] -     6: 
Aug 30, 2026 02:03:18.080 [129825646808832] DEBUG - [FFMPEG] - mdct_naive_inv_float_c - type: mdct_float, len: [2, ∞], factors[2]: [2, any], flags: [unaligned, out_of_place, inv_only], prio: -130976
Aug 30, 2026 02:03:18.080 [129825646808832] DEBUG - [FFMPEG] - For transform of length 240, inverse, fft_float, flags: [aligned, inplace, preshuf, asm_call], found 1 matches:
Aug 30, 2026 02:03:18.080 [129825646808832] DEBUG - [FFMPEG] -     1: 
Aug 30, 2026 02:03:18.080 [129825646808832] DEBUG - [FFMPEG] - fft_pfa_15xM_asm_float_avx2 - type: fft_float, len: [60, ∞], factors[2]: [15, 2], flags: [aligned, inplace, out_of_place, preshuf, asm_call], prio: 655
Aug 30, 2026 02:03:18.080 [129825646808832] DEBUG - [FFMPEG] - For transform of length 16, inverse, fft_float, flags: [aligned, inplace, preshuf, asm_call], found 2 matches:
Aug 30, 2026 02:03:18.080 [129825646808832] DEBUG - [FFMPEG] -     1: 
Aug 30, 2026 02:03:18.080 [129825646808832] DEBUG - [FFMPEG] - fft16_asm_float_fma3 - type: fft_float, len: 16, factor: 2, flags: [aligned, inplace, out_of_place, preshuf, asm_call], prio: 512
Aug 30, 2026 02:03:18.080 [129825646808832] DEBUG - [FFMPEG] -     2: 
Aug 30, 2026 02:03:18.080 [129825646808832] DEBUG - [FFMPEG] - fft16_asm_float_avx - type: fft_float, len: 16, factor: 2, flags: [aligned, inplace, out_of_place, preshuf, asm_call], prio: 480
Aug 30, 2026 02:03:18.080 [129825646808832] DEBUG - [FFMPEG] - Transform tree:
Aug 30, 2026 02:03:18.080 [129825646808832] DEBUG - [FFMPEG] -     
Aug 30, 2026 02:03:18.080 [129825646808832] DEBUG - [FFMPEG] - mdct_inv_float_avx2 - type: mdct_float, len: 480, factors[2]: [2, any], flags: [aligned, out_of_place, inv_only]
Aug 30, 2026 02:03:18.080 [129825646808832] DEBUG - [FFMPEG] -     
Aug 30, 2026 02:03:18.080 [129825646808832] DEBUG - [FFMPEG] -     
Aug 30, 2026 02:03:18.080 [129825646808832] DEBUG - [FFMPEG] - fft_pfa_15xM_asm_float_avx2 - type: fft_float, len: 240, factors[2]: [15, 2], flags: [aligned, inplace, out_of_place, preshuf, asm_call]
Aug 30, 2026 02:03:18.080 [129825646808832] DEBUG - [FFMPEG] -     
Aug 30, 2026 02:03:18.080 [129825646808832] DEBUG - [FFMPEG] -     
Aug 30, 2026 02:03:18.080 [129825646808832] DEBUG - [FFMPEG] -     
Aug 30, 2026 02:03:18.080 [129825646808832] DEBUG - [FFMPEG] - fft16_asm_float_fma3 - type: fft_float, len: 16, factor: 2, flags: [aligned, inplace, out_of_place, preshuf, asm_call]
Aug 30, 2026 02:03:18.080 [129825646808832] DEBUG - [FFMPEG] - For transform of length 512, inverse, mdct_float, flags: [aligned, out_of_place], found 3 matches:
Aug 30, 2026 02:03:18.080 [129825646808832] DEBUG - [FFMPEG] -     1: 
Aug 30, 2026 02:03:18.080 [129825646808832] DEBUG - [FFMPEG] - mdct_inv_float_avx2 - type: mdct_float, len: [16, ∞], factors[2]: [2, any], flags: [aligned, out_of_place, inv_only], prio: 511
Aug 30, 2026 02:03:18.080 [129825646808832] DEBUG - [FFMPEG] -     2: 
Aug 30, 2026 02:03:18.080 [129825646808832] DEBUG - [FFMPEG] - mdct_inv_float_c - type: mdct_float, len: [2, ∞], factors[2]: [2, any], flags: [unaligned, out_of_place, inv_only], prio: 96
Aug 30, 2026 02:03:18.080 [129825646808832] DEBUG - [FFMPEG] -     3: 
Aug 30, 2026 02:03:18.080 [129825646808832] DEBUG - [FFMPEG] - mdct_naive_inv_float_c - type: mdct_float, len: [2, ∞], factors[2]: [2, any], flags: [unaligned, out_of_place, inv_only], prio: -130976
Aug 30, 2026 02:03:18.080 [129825646808832] DEBUG - [FFMPEG] - For transform of length 256, inverse, fft_float, flags: [aligned, inplace, preshuf, asm_call], found 3 matches:
Aug 30, 2026 02:03:18.080 [129825646808832] DEBUG - [FFMPEG] -     1: 
Aug 30, 2026 02:03:18.080 [129825646808832] DEBUG - [FFMPEG] - fft_sr_asm_float_fma3 - type: fft_float, len: [64, 131072], factor: 2, flags: [aligned, inplace, out_of_place, preshuf, asm_call], prio: 448
Aug 30, 2026 02:03:18.080 [129825646808832] DEBUG - [FFMPEG] -     2: 
Aug 30, 2026 02:03:18.080 [129825646808832] DEBUG - [FFMPEG] - fft_sr_asm_float_avx2 - type: fft_float, len: [64, 131072], factor: 2, flags: [aligned, inplace, out_of_place, preshuf, asm_call], prio: 447
Aug 30, 2026 02:03:18.080 [129825646808832] DEBUG - [FFMPEG] -     3: 
Aug 30, 2026 02:03:18.080 [129825646808832] DEBUG - [FFMPEG] - fft_sr_asm_float_avx - type: fft_float, len: [64, 131072], factor: 2, flags: [aligned, inplace, out_of_place, preshuf, asm_call], prio: 416
Aug 30, 2026 02:03:18.080 [129825646808832] DEBUG - [FFMPEG] - Transform tree:
Aug 30, 2026 02:03:18.080 [129825646808832] DEBUG - [FFMPEG] -     
Aug 30, 2026 02:03:18.080 [129825646808832] DEBUG - [FFMPEG] - mdct_inv_float_avx2 - type: mdct_float, len: 512, factors[2]: [2, any], flags: [aligned, out_of_place, inv_only]
Aug 30, 2026 02:03:18.080 [129825646808832] DEBUG - [FFMPEG] -     
Aug 30, 2026 02:03:18.080 [129825646808832] DEBUG - [FFMPEG] -     
Aug 30, 2026 02:03:18.080 [129825646808832] DEBUG - [FFMPEG] - fft_sr_asm_float_fma3 - type: fft_float, len: 256, factor: 2, flags: [aligned, inplace, out_of_place, preshuf, asm_call]
Aug 30, 2026 02:03:18.080 [129825646808832] DEBUG - [FFMPEG] - For transform of length 960, inverse, mdct_float, flags: [aligned, out_of_place], found 6 matches:
Aug 30, 2026 02:03:18.080 [129825646808832] DEBUG - [FFMPEG] -     1: 
Aug 30, 2026 02:03:18.080 [129825646808832] DEBUG - [FFMPEG] - mdct_inv_float_avx2 - type: mdct_float, len: [16, ∞], factors[2]: [2, any], flags: [aligned, out_of_place, inv_only], prio: 511
Aug 30, 2026 02:03:18.080 [129825646808832] DEBUG - [FFMPEG] -     2: 
Aug 30, 2026 02:03:18.080 [129825646808832] DEBUG - [FFMPEG] - mdct_pfa_15xM_inv_float_c - type: mdct_float, len: [30, ∞], factors[2]: [15, any], flags: [unaligned, out_of_place, inv_only], prio: 304
Aug 30, 2026 02:03:18.080 [129825646808832] DEBUG - [FFMPEG] -     3: 
Aug 30, 2026 02:03:18.080 [129825646808832] DEBUG - [FFMPEG] - mdct_pfa_5xM_inv_float_c - type: mdct_float, len: [10, ∞], factors[2]: [5, any], flags: [unaligned, out_of_place, inv_only], prio: 144
Aug 30, 2026 02:03:18.080 [129825646808832] DEBUG - [FFMPEG] -     4: 
Aug 30, 2026 02:03:18.080 [129825646808832] DEBUG - [FFMPEG] - mdct_pfa_3xM_inv_float_c - type: mdct_float, len: [6, ∞], factors[2]: [3, any], flags: [unaligned, out_of_place, inv_only], prio: 112
Aug 30, 2026 02:03:18.080 [129825646808832] DEBUG - [FFMPEG] -     5: 
Aug 30, 2026 02:03:18.080 [129825646808832] DEBUG - [FFMPEG] - mdct_inv_float_c - type: mdct_float, len: [2, ∞], factors[2]: [2, any], flags: [unaligned, out_of_place, inv_only], prio: 96
Aug 30, 2026 02:03:18.080 [129825646808832] DEBUG - [FFMPEG] -     6: 
Aug 30, 2026 02:03:18.080 [129825646808832] DEBUG - [FFMPEG] - mdct_naive_inv_float_c - type: mdct_float, len: [2, ∞], factors[2]: [2, any], flags: [unaligned, out_of_place, inv_only], prio: -130976
Aug 30, 2026 02:03:18.080 [129825646808832] DEBUG - [FFMPEG] - For transform of length 480, inverse, fft_float, flags: [aligned, inplace, preshuf, asm_call], found 1 matches:
Aug 30, 2026 02:03:18.080 [129825646808832] DEBUG - [FFMPEG] -     1: 
Aug 30, 2026 02:03:18.080 [129825646808832] DEBUG - [FFMPEG] - fft_pfa_15xM_asm_float_avx2 - type: fft_float, len: [60, ∞], factors[2]: [15, 2], flags: [aligned, inplace, out_of_place, preshuf, asm_call], prio: 655
Aug 30, 2026 02:03:18.080 [129825646808832] DEBUG - [FFMPEG] - For transform of length 32, inverse, fft_float, flags: [aligned, inplace, preshuf, asm_call], found 2 matches:
Aug 30, 2026 02:03:18.080 [129825646808832] DEBUG - [FFMPEG] -     1: 
Aug 30, 2026 02:03:18.080 [129825646808832] DEBUG - [FFMPEG] - fft32_asm_float_fma3 - type: fft_float, len: 32, factor: 2, flags: [aligned, inplace, out_of_place, preshuf, asm_call], prio: 512
Aug 30, 2026 02:03:18.080 [129825646808832] DEBUG - [FFMPEG] -     2: 
Aug 30, 2026 02:03:18.080 [129825646808832] DEBUG - [FFMPEG] - fft32_asm_float_avx - type: fft_float, len: 32, factor: 2, flags: [aligned, inplace, out_of_place, preshuf, asm_call], prio: 480
Aug 30, 2026 02:03:18.080 [129825646808832] DEBUG - [FFMPEG] - Transform tree:
Aug 30, 2026 02:03:18.080 [129825646808832] DEBUG - [FFMPEG] -     
Aug 30, 2026 02:03:18.080 [129825646808832] DEBUG - [FFMPEG] - mdct_inv_float_avx2 - type: mdct_float, len: 960, factors[2]: [2, any], flags: [aligned, out_of_place, inv_only]
Aug 30, 2026 02:03:18.080 [129825646808832] DEBUG - [FFMPEG] -     
Aug 30, 2026 02:03:18.080 [129825646808832] DEBUG - [FFMPEG] -     
Aug 30, 2026 02:03:18.080 [129825646808832] DEBUG - [FFMPEG] - fft_pfa_15xM_asm_float_avx2 - type: fft_float, len: 480, factors[2]: [15, 2], flags: [aligned, inplace, out_of_place, preshuf, asm_call]
Aug 30, 2026 02:03:18.080 [129825646808832] DEBUG - [FFMPEG] -     
Aug 30, 2026 02:03:18.080 [129825646808832] DEBUG - [FFMPEG] -     
Aug 30, 2026 02:03:18.080 [129825646808832] DEBUG - [FFMPEG] -     
Aug 30, 2026 02:03:18.080 [129825646808832] DEBUG - [FFMPEG] - fft32_asm_float_fma3 - type: fft_float, len: 32, factor: 2, flags: [aligned, inplace, out_of_place, preshuf, asm_call]
Aug 30, 2026 02:03:18.080 [129825646808832] DEBUG - [FFMPEG] - For transform of length 1024, inverse, mdct_float, flags: [aligned, out_of_place], found 3 matches:
Aug 30, 2026 02:03:18.080 [129825646808832] DEBUG - [FFMPEG] -     1: 
Aug 30, 2026 02:03:18.080 [129825646808832] DEBUG - [FFMPEG] - mdct_inv_float_avx2 - type: mdct_float, len: [16, ∞], factors[2]: [2, any], flags: [aligned, out_of_place, inv_only], prio: 511
Aug 30, 2026 02:03:18.080 [129825646808832] DEBUG - [FFMPEG] -     2: 
Aug 30, 2026 02:03:18.080 [129825646808832] DEBUG - [FFMPEG] - mdct_inv_float_c - type: mdct_float, len: [2, ∞], factors[2]: [2, any], flags: [unaligned, out_of_place, inv_only], prio: 96
Aug 30, 2026 02:03:18.080 [129825646808832] DEBUG - [FFMPEG] -     3: 
Aug 30, 2026 02:03:18.080 [129825646808832] DEBUG - [FFMPEG] - mdct_naive_inv_float_c - type: mdct_float, len: [2, ∞], factors[2]: [2, any], flags: [unaligned, out_of_place, inv_only], prio: -130976
Aug 30, 2026 02:03:18.080 [129825646808832] DEBUG - [FFMPEG] - For transform of length 512, inverse, fft_float, flags: [aligned, inplace, preshuf, asm_call], found 3 matches:
Aug 30, 2026 02:03:18.080 [129825646808832] DEBUG - [FFMPEG] -     1: 
Aug 30, 2026 02:03:18.080 [129825646808832] DEBUG - [FFMPEG] - fft_sr_asm_float_fma3 - type: fft_float, len: [64, 131072], factor: 2, flags: [aligned, inplace, out_of_place, preshuf, asm_call], prio: 448
Aug 30, 2026 02:03:18.080 [129825646808832] DEBUG - [FFMPEG] -     2: 
Aug 30, 2026 02:03:18.080 [129825646808832] DEBUG - [FFMPEG] - fft_sr_asm_float_avx2 - type: fft_float, len: [64, 131072], factor: 2, flags: [aligned, inplace, out_of_place, preshuf, asm_call], prio: 447
Aug 30, 2026 02:03:18.080 [129825646808832] DEBUG - [FFMPEG] -     3: 
Aug 30, 2026 02:03:18.080 [129825646808832] DEBUG - [FFMPEG] - fft_sr_asm_float_avx - type: fft_float, len: [64, 131072], factor: 2, flags: [aligned, inplace, out_of_place, preshuf, asm_call], prio: 416
Aug 30, 2026 02:03:18.080 [129825646808832] DEBUG - [FFMPEG] - Transform tree:
Aug 30, 2026 02:03:18.080 [129825646808832] DEBUG - [FFMPEG] -     
Aug 30, 2026 02:03:18.080 [129825646808832] DEBUG - [FFMPEG] - mdct_inv_float_avx2 - type: mdct_float, len: 1024, factors[2]: [2, any], flags: [aligned, out_of_place, inv_only]
Aug 30, 2026 02:03:18.080 [129825646808832] DEBUG - [FFMPEG] -     
Aug 30, 2026 02:03:18.080 [129825646808832] DEBUG - [FFMPEG] -     
Aug 30, 2026 02:03:18.080 [129825646808832] DEBUG - [FFMPEG] - fft_sr_asm_float_fma3 - type: fft_float, len: 512, factor: 2, flags: [aligned, inplace, out_of_place, preshuf, asm_call]
Aug 30, 2026 02:03:18.080 [129825646808832] DEBUG - [FFMPEG] - For transform of length 1024, forward, mdct_float, flags: [aligned, out_of_place], found 2 matches:
Aug 30, 2026 02:03:18.080 [129825646808832] DEBUG - [FFMPEG] -     1: 
Aug 30, 2026 02:03:18.080 [129825646808832] DEBUG - [FFMPEG] - mdct_fwd_float_c - type: mdct_float, len: [2, ∞], factors[2]: [2, any], flags: [unaligned, out_of_place, fwd_only], prio: 96
Aug 30, 2026 02:03:18.080 [129825646808832] DEBUG - [FFMPEG] -     2: 
Aug 30, 2026 02:03:18.080 [129825646808832] DEBUG - [FFMPEG] - mdct_naive_fwd_float_c - type: mdct_float, len: [2, ∞], factors[2]: [2, any], flags: [unaligned, out_of_place, fwd_only], prio: -130976
Aug 30, 2026 02:03:18.080 [129825646808832] DEBUG - [FFMPEG] - For transform of length 512, forward, fft_float, flags: [aligned, inplace, preshuf], found 5 matches:
Aug 30, 2026 02:03:18.080 [129825646808832] DEBUG - [FFMPEG] -     1: 
Aug 30, 2026 02:03:18.080 [129825646808832] DEBUG - [FFMPEG] - fft_sr_ns_float_fma3 - type: fft_float, len: [64, 131072], factor: 2, flags: [aligned, inplace, out_of_place, preshuf], prio: 448
Aug 30, 2026 02:03:18.080 [129825646808832] DEBUG - [FFMPEG] -     2: 
Aug 30, 2026 02:03:18.080 [129825646808832] DEBUG - [FFMPEG] - fft_sr_ns_float_avx2 - type: fft_float, len: [64, 131072], factor: 2, flags: [aligned, inplace, out_of_place, preshuf], prio: 447
Aug 30, 2026 02:03:18.080 [129825646808832] DEBUG - [FFMPEG] -     3: 
Aug 30, 2026 02:03:18.080 [129825646808832] DEBUG - [FFMPEG] - fft_sr_ns_float_avx - type: fft_float, len: [64, 131072], factor: 2, flags: [aligned, inplace, out_of_place, preshuf], prio: 416
Aug 30, 2026 02:03:18.080 [129825646808832] DEBUG - [FFMPEG] -     4: 
Aug 30, 2026 02:03:18.080 [129825646808832] DEBUG - [FFMPEG] - fft_pfa_ns_float_c - type: fft_float, len: [6, ∞], factors[2]: [7, 5, 3, 2, any], flags: [unaligned, inplace, out_of_place, preshuf], prio: 112
Aug 30, 2026 02:03:18.080 [129825646808832] DEBUG - [FFMPEG] -     5: 
Aug 30, 2026 02:03:18.080 [129825646808832] DEBUG - [FFMPEG] - fft512_ns_float_c - type: fft_float, len: 512, factor: 2, flags: [unaligned, inplace, out_of_place, preshuf], prio: 96
Aug 30, 2026 02:03:18.080 [129825646808832] DEBUG - [FFMPEG] - Transform tree:
Aug 30, 2026 02:03:18.080 [129825646808832] DEBUG - [FFMPEG] -     
Aug 30, 2026 02:03:18.080 [129825646808832] DEBUG - [FFMPEG] - mdct_fwd_float_c - type: mdct_float, len: 1024, factors[2]: [2, any], flags: [unaligned, out_of_place, fwd_only]
Aug 30, 2026 02:03:18.080 [129825646808832] DEBUG - [FFMPEG] -     
Aug 30, 2026 02:03:18.080 [129825646808832] DEBUG - [FFMPEG] -     
Aug 30, 2026 02:03:18.080 [129825646808832] DEBUG - [FFMPEG] - fft_sr_ns_float_fma3 - type: fft_float, len: 512, factor: 2, flags: [aligned, inplace, out_of_place, preshuf]
Aug 30, 2026 02:03:18.080 [129825646808832] DEBUG - [FFMPEG] - nal_unit_type: 7(SPS), nal_ref_idc: 3
Aug 30, 2026 02:03:18.080 [129825646808832] DEBUG - [FFMPEG] - Decoding VUI
Aug 30, 2026 02:03:18.080 [129825646808832] DEBUG - [FFMPEG] - nal_unit_type: 8(PPS), nal_ref_idc: 3
Aug 30, 2026 02:03:18.081 [129825646808832] DEBUG - [FFMPEG] - nal_unit_type: 6(SEI), nal_ref_idc: 0
Aug 30, 2026 02:03:18.081 [129825646808832] DEBUG - [FFMPEG] - nal_unit_type: 6(SEI), nal_ref_idc: 0
Aug 30, 2026 02:03:18.081 [129825646808832] DEBUG - [FFMPEG] - nal_unit_type: 5(IDR), nal_ref_idc: 3
Aug 30, 2026 02:03:18.081 [129825646808832] DEBUG - [FFMPEG] - Format yuv420p chosen by get_format().
Aug 30, 2026 02:03:18.083 [129825646808832] DEBUG - [FFMPEG] - nal_unit_type: 6(SEI), nal_ref_idc: 0
Aug 30, 2026 02:03:18.083 [129825646808832] DEBUG - [FFMPEG] - nal_unit_type: 1(Coded slice of a non-IDR picture), nal_ref_idc: 2
Aug 30, 2026 02:03:18.084 [129825646808832] DEBUG - [FFMPEG] - nal_unit_type: 6(SEI), nal_ref_idc: 0
Aug 30, 2026 02:03:18.084 [129825646808832] DEBUG - [FFMPEG] - nal_unit_type: 1(Coded slice of a non-IDR picture), nal_ref_idc: 2
Aug 30, 2026 02:03:18.085 [129825646808832] DEBUG - [FFMPEG] - nal_unit_type: 6(SEI), nal_ref_idc: 0
Aug 30, 2026 02:03:18.085 [129825646808832] DEBUG - [FFMPEG] - nal_unit_type: 1(Coded slice of a non-IDR picture), nal_ref_idc: 2
Aug 30, 2026 02:03:18.087 [129825646808832] DEBUG - [FFMPEG] - nal_unit_type: 6(SEI), nal_ref_idc: 0
Aug 30, 2026 02:03:18.087 [129825646808832] DEBUG - [FFMPEG] - nal_unit_type: 1(Coded slice of a non-IDR picture), nal_ref_idc: 2
Aug 30, 2026 02:03:18.088 [129825646808832] DEBUG - [FFMPEG] - nal_unit_type: 6(SEI), nal_ref_idc: 0
Aug 30, 2026 02:03:18.088 [129825646808832] DEBUG - [FFMPEG] - nal_unit_type: 1(Coded slice of a non-IDR picture), nal_ref_idc: 2
Aug 30, 2026 02:03:18.088 [129825646808832] DEBUG - [FFMPEG] - nal_unit_type: 6(SEI), nal_ref_idc: 0
Aug 30, 2026 02:03:18.088 [129825646808832] DEBUG - [FFMPEG] - nal_unit_type: 1(Coded slice of a non-IDR picture), nal_ref_idc: 2
Aug 30, 2026 02:03:18.089 [129825646808832] DEBUG - [FFMPEG] - All info found
Aug 30, 2026 02:03:18.090 [129825646808832] DEBUG - [FFMPEG] - After avformat_find_stream_info() pos: 7158 bytes read:66361 seeks:2 frames:24
Aug 30, 2026 02:03:18.158 [129825646808832] DEBUG - Deep Analysis: Read 10000 packets at 141.099000
Aug 30, 2026 02:03:18.212 [129825646808832] DEBUG - Deep Analysis: Read 20000 packets at 282.261000
Aug 30, 2026 02:03:18.275 [129825646808832] DEBUG - Deep Analysis: Read 30000 packets at 423.381000
Aug 30, 2026 02:03:18.332 [129825646808832] DEBUG - Deep Analysis: Read 40000 packets at 564.544000
Aug 30, 2026 02:03:18.395 [129825646808832] DEBUG - Deep Analysis: Read 50000 packets at 705.663000
Aug 30, 2026 02:03:18.449 [129825646808832] DEBUG - Deep Analysis: Read 60000 packets at 846.804000
Aug 30, 2026 02:03:18.495 [129825646808832] DEBUG - Deep Analysis: Read 70000 packets at 987.945000
Aug 30, 2026 02:03:18.549 [129825646808832] DEBUG - Deep Analysis: Read 80000 packets at 1129.109000
Aug 30, 2026 02:03:18.605 [129825646808832] DEBUG - Deep Analysis: Read 90000 packets at 1270.227000
Aug 30, 2026 02:03:18.666 [129825646808832] DEBUG - Deep Analysis: Read 100000 packets at 1411.368000
Aug 30, 2026 02:03:18.716 [129825646808832] DEBUG - Deep Analysis: Read 110000 packets at 1552.509000
Aug 30, 2026 02:03:18.768 [129825646808832] DEBUG - Deep Analysis: Read 120000 packets at 1693.650000
Aug 30, 2026 02:03:18.828 [129825646808832] DEBUG - Deep Analysis: Read 130000 packets at 1834.791000
Aug 30, 2026 02:03:18.905 [129825646808832] DEBUG - Deep Analysis: Read 140000 packets at 1975.957000
Aug 30, 2026 02:03:18.966 [129825646808832] DEBUG - Deep Analysis: Read 150000 packets at 2117.073000
Aug 30, 2026 02:03:19.018 [129825646808832] DEBUG - Deep Analysis: Read 160000 packets at 2258.214000
Aug 30, 2026 02:03:19.075 [129825646808832] DEBUG - Deep Analysis: Read 170000 packets at 2399.381000
Aug 30, 2026 02:03:19.121 [129825646808832] DEBUG - Deep Analysis: Read 180000 packets at 2540.496000
Aug 30, 2026 02:03:19.145 [129825646808832] DEBUG - Deep Analysis: Sorting packets
Aug 30, 2026 02:03:19.150 [129825646808832] DEBUG - Deep Analysis: Performing file bitrate analysis
Aug 30, 2026 02:03:19.169 [129825646808832] DEBUG - Deep Analysis: Performing stream bitrate analysis on stream 0
Aug 30, 2026 02:03:19.174 [129825646808832] DEBUG - Deep Analysis: Performing stream bitrate analysis on stream 1
Aug 30, 2026 02:03:19.179 [129825646808832] DEBUG - Deep Analysis: Saving GoP analysis for stream 0
Aug 30, 2026 02:03:19.180 [129825646808832] DEBUG - Deep Analysis: Saving bitrate analysis
Aug 30, 2026 02:03:19.180 [129825646808832] DEBUG - Updating part with ID=2299 [/media/tv/Forged in Fire/Season 3/Forged.in.Fire.S03E16.720p.WEB.h264-HEAT[eztv].mkv]
Aug 30, 2026 02:03:19.181 [129825646808832] DEBUG - [MI] Closing input file: "/media/tv/Forged in Fire/Season 3/Forged.in.Fire.S03E16.720p.WEB.h264-HEAT[eztv].mkv"
Aug 30, 2026 02:03:19.181 [129825646808832] DEBUG - Updating media item 2299, size=847419267, metadata_item_id=1103
Aug 30, 2026 02:03:19.181 [129825646808832] DEBUG - Updating part with ID=2299 [/media/tv/Forged in Fire/Season 3/Forged.in.Fire.S03E16.720p.WEB.h264-HEAT[eztv].mkv]
