Sep 12, 2026 02:03:34.962 [127373865388800] INFO - Plex Media Scanner v1.43.3.10828-00f62d37d - Docker Docker Container (LinuxServer.io) x86_64 - build: linux-x86_64 - GMT 02:00
Sep 12, 2026 02:03:34.962 [127373865388800] INFO - Linux version: 7.0.0-31-generic, language: en-US
Sep 12, 2026 02:03:34.962 [127373865388800] INFO - Processor: 12-core AMD Ryzen 5 3600 6-Core Processor
Sep 12, 2026 02:03:34.962 [127373865388800] INFO - /usr/lib/plexmediaserver/Plex Media Scanner --analyze-deeply --item 1119 --log-file-suffix  Deep Analysis
Sep 12, 2026 02:03:34.963 [127373865897728] DEBUG - Opening 20 database sessions to library (com.plexapp.plugins.library), SQLite 3.39.4, threadsafe=1
Sep 12, 2026 02:03:35.040 [127373865897728] DEBUG - [MI] Opening input file: "/media/tv/Forged in Fire/Season 3/Forged.in.Fire.S03E12.The.Zweihander.iNTERNAL.720p.HDTV.x264-DHD[eztv].mkv"
Sep 12, 2026 02:03:35.040 [127373865897728] DEBUG - [FFMPEG] - Opening '/media/tv/Forged in Fire/Season 3/Forged.in.Fire.S03E12.The.Zweihander.iNTERNAL.720p.HDTV.x264-DHD[eztv].mkv' for reading
Sep 12, 2026 02:03:35.040 [127373865897728] DEBUG - [FFMPEG] - Setting default whitelist 'file,crypto,data'
Sep 12, 2026 02:03:35.041 [127373865897728] DEBUG - [FFMPEG] - Format matroska,webm probed with size=2048 and score=100
Sep 12, 2026 02:03:35.041 [127373865897728] DEBUG - [FFMPEG] - st:0 removing common factor 1000000 from timebase
Sep 12, 2026 02:03:35.041 [127373865897728] DEBUG - [FFMPEG] - st:1 removing common factor 1000000 from timebase
Sep 12, 2026 02:03:35.041 [127373865897728] DEBUG - [FFMPEG] - st:2 removing common factor 1000000 from timebase
Sep 12, 2026 02:03:35.041 [127373865897728] DEBUG - [FFMPEG] - Before avformat_find_stream_info() pos: 6641 bytes read:33988 seeks:2 nb_streams:3
Sep 12, 2026 02:03:35.041 [127373865897728] DEBUG - [FFMPEG] - nal_unit_type: 7(SPS), nal_ref_idc: 3
Sep 12, 2026 02:03:35.041 [127373865897728] DEBUG - [FFMPEG] - Decoding VUI
Sep 12, 2026 02:03:35.041 [127373865897728] DEBUG - [FFMPEG] - nal_unit_type: 8(PPS), nal_ref_idc: 3
Sep 12, 2026 02:03:35.042 [127373865897728] DEBUG - [FFMPEG] - For transform of length 128, inverse, mdct_float, flags: [aligned, out_of_place], found 3 matches:
Sep 12, 2026 02:03:35.042 [127373865897728] DEBUG - [FFMPEG] -     1: 
Sep 12, 2026 02:03:35.042 [127373865897728] DEBUG - [FFMPEG] - mdct_inv_float_avx2 - type: mdct_float, len: [16, ∞], factors[2]: [2, any], flags: [aligned, out_of_place, inv_only], prio: 511
Sep 12, 2026 02:03:35.042 [127373865897728] DEBUG - [FFMPEG] -     2: 
Sep 12, 2026 02:03:35.042 [127373865897728] DEBUG - [FFMPEG] - mdct_inv_float_c - type: mdct_float, len: [2, ∞], factors[2]: [2, any], flags: [unaligned, out_of_place, inv_only], prio: 96
Sep 12, 2026 02:03:35.042 [127373865897728] DEBUG - [FFMPEG] -     3: 
Sep 12, 2026 02:03:35.042 [127373865897728] DEBUG - [FFMPEG] - mdct_naive_inv_float_c - type: mdct_float, len: [2, ∞], factors[2]: [2, any], flags: [unaligned, out_of_place, inv_only], prio: -130976
Sep 12, 2026 02:03:35.042 [127373865897728] DEBUG - [FFMPEG] - For transform of length 64, inverse, fft_float, flags: [aligned, inplace, preshuf, asm_call], found 3 matches:
Sep 12, 2026 02:03:35.042 [127373865897728] DEBUG - [FFMPEG] -     1: 
Sep 12, 2026 02:03:35.042 [127373865897728] DEBUG - [FFMPEG] - fft_sr_asm_float_fma3 - type: fft_float, len: [64, 131072], factor: 2, flags: [aligned, inplace, out_of_place, preshuf, asm_call], prio: 448
Sep 12, 2026 02:03:35.042 [127373865897728] DEBUG - [FFMPEG] -     2: 
Sep 12, 2026 02:03:35.042 [127373865897728] DEBUG - [FFMPEG] - fft_sr_asm_float_avx2 - type: fft_float, len: [64, 131072], factor: 2, flags: [aligned, inplace, out_of_place, preshuf, asm_call], prio: 447
Sep 12, 2026 02:03:35.042 [127373865897728] DEBUG - [FFMPEG] -     3: 
Sep 12, 2026 02:03:35.042 [127373865897728] DEBUG - [FFMPEG] - fft_sr_asm_float_avx - type: fft_float, len: [64, 131072], factor: 2, flags: [aligned, inplace, out_of_place, preshuf, asm_call], prio: 416
Sep 12, 2026 02:03:35.042 [127373865897728] DEBUG - [FFMPEG] - Transform tree:
Sep 12, 2026 02:03:35.042 [127373865897728] DEBUG - [FFMPEG] -     
Sep 12, 2026 02:03:35.042 [127373865897728] DEBUG - [FFMPEG] - mdct_inv_float_avx2 - type: mdct_float, len: 128, factors[2]: [2, any], flags: [aligned, out_of_place, inv_only]
Sep 12, 2026 02:03:35.042 [127373865897728] DEBUG - [FFMPEG] -     
Sep 12, 2026 02:03:35.042 [127373865897728] DEBUG - [FFMPEG] -     
Sep 12, 2026 02:03:35.042 [127373865897728] DEBUG - [FFMPEG] - fft_sr_asm_float_fma3 - type: fft_float, len: 64, factor: 2, flags: [aligned, inplace, out_of_place, preshuf, asm_call]
Sep 12, 2026 02:03:35.042 [127373865897728] DEBUG - [FFMPEG] - For transform of length 256, inverse, mdct_float, flags: [aligned, out_of_place], found 3 matches:
Sep 12, 2026 02:03:35.042 [127373865897728] DEBUG - [FFMPEG] -     1: 
Sep 12, 2026 02:03:35.042 [127373865897728] DEBUG - [FFMPEG] - mdct_inv_float_avx2 - type: mdct_float, len: [16, ∞], factors[2]: [2, any], flags: [aligned, out_of_place, inv_only], prio: 511
Sep 12, 2026 02:03:35.042 [127373865897728] DEBUG - [FFMPEG] -     2: 
Sep 12, 2026 02:03:35.042 [127373865897728] DEBUG - [FFMPEG] - mdct_inv_float_c - type: mdct_float, len: [2, ∞], factors[2]: [2, any], flags: [unaligned, out_of_place, inv_only], prio: 96
Sep 12, 2026 02:03:35.042 [127373865897728] DEBUG - [FFMPEG] -     3: 
Sep 12, 2026 02:03:35.042 [127373865897728] DEBUG - [FFMPEG] - mdct_naive_inv_float_c - type: mdct_float, len: [2, ∞], factors[2]: [2, any], flags: [unaligned, out_of_place, inv_only], prio: -130976
Sep 12, 2026 02:03:35.042 [127373865897728] DEBUG - [FFMPEG] - For transform of length 128, inverse, fft_float, flags: [aligned, inplace, preshuf, asm_call], found 3 matches:
Sep 12, 2026 02:03:35.042 [127373865897728] DEBUG - [FFMPEG] -     1: 
Sep 12, 2026 02:03:35.042 [127373865897728] DEBUG - [FFMPEG] - fft_sr_asm_float_fma3 - type: fft_float, len: [64, 131072], factor: 2, flags: [aligned, inplace, out_of_place, preshuf, asm_call], prio: 448
Sep 12, 2026 02:03:35.042 [127373865897728] DEBUG - [FFMPEG] -     2: 
Sep 12, 2026 02:03:35.042 [127373865897728] DEBUG - [FFMPEG] - fft_sr_asm_float_avx2 - type: fft_float, len: [64, 131072], factor: 2, flags: [aligned, inplace, out_of_place, preshuf, asm_call], prio: 447
Sep 12, 2026 02:03:35.042 [127373865897728] DEBUG - [FFMPEG] -     3: 
Sep 12, 2026 02:03:35.042 [127373865897728] DEBUG - [FFMPEG] - fft_sr_asm_float_avx - type: fft_float, len: [64, 131072], factor: 2, flags: [aligned, inplace, out_of_place, preshuf, asm_call], prio: 416
Sep 12, 2026 02:03:35.042 [127373865897728] DEBUG - [FFMPEG] - Transform tree:
Sep 12, 2026 02:03:35.042 [127373865897728] DEBUG - [FFMPEG] -     
Sep 12, 2026 02:03:35.042 [127373865897728] DEBUG - [FFMPEG] - mdct_inv_float_avx2 - type: mdct_float, len: 256, factors[2]: [2, any], flags: [aligned, out_of_place, inv_only]
Sep 12, 2026 02:03:35.042 [127373865897728] DEBUG - [FFMPEG] -     
Sep 12, 2026 02:03:35.042 [127373865897728] DEBUG - [FFMPEG] -     
Sep 12, 2026 02:03:35.042 [127373865897728] DEBUG - [FFMPEG] - fft_sr_asm_float_fma3 - type: fft_float, len: 128, factor: 2, flags: [aligned, inplace, out_of_place, preshuf, asm_call]
Sep 12, 2026 02:03:35.042 [127373865897728] DEBUG - [FFMPEG] - nal_unit_type: 7(SPS), nal_ref_idc: 3
Sep 12, 2026 02:03:35.042 [127373865897728] DEBUG - [FFMPEG] - Decoding VUI
Sep 12, 2026 02:03:35.042 [127373865897728] DEBUG - [FFMPEG] - nal_unit_type: 8(PPS), nal_ref_idc: 3
Sep 12, 2026 02:03:35.042 [127373865897728] DEBUG - [FFMPEG] - Decoding VUI
Sep 12, 2026 02:03:35.043 [127373865897728] DEBUG - [FFMPEG] - nal_unit_type: 7(SPS), nal_ref_idc: 3
Sep 12, 2026 02:03:35.043 [127373865897728] DEBUG - [FFMPEG] - nal_unit_type: 8(PPS), nal_ref_idc: 3
Sep 12, 2026 02:03:35.043 [127373865897728] DEBUG - [FFMPEG] - nal_unit_type: 6(SEI), nal_ref_idc: 0
Sep 12, 2026 02:03:35.043 [127373865897728] DEBUG - [FFMPEG] - nal_unit_type: 5(IDR), nal_ref_idc: 3
Sep 12, 2026 02:03:35.043 [127373865897728] DEBUG - [FFMPEG] - Decoding VUI
Sep 12, 2026 02:03:35.043 [127373865897728] DEBUG - [FFMPEG] - Format yuv420p chosen by get_format().
Sep 12, 2026 02:03:35.044 [127373865897728] DEBUG - [FFMPEG] - no picture 
Sep 12, 2026 02:03:35.051 [127373865897728] DEBUG - [FFMPEG] - nal_unit_type: 1(Coded slice of a non-IDR picture), nal_ref_idc: 2
Sep 12, 2026 02:03:35.052 [127373865897728] DEBUG - [FFMPEG] - no picture 
Sep 12, 2026 02:03:35.055 [127373865897728] DEBUG - [FFMPEG] - nal_unit_type: 1(Coded slice of a non-IDR picture), nal_ref_idc: 2
Sep 12, 2026 02:03:35.065 [127373865897728] DEBUG - [FFMPEG] - nal_unit_type: 1(Coded slice of a non-IDR picture), nal_ref_idc: 0
Sep 12, 2026 02:03:35.070 [127373865897728] DEBUG - [FFMPEG] - nal_unit_type: 1(Coded slice of a non-IDR picture), nal_ref_idc: 2
Sep 12, 2026 02:03:35.078 [127373865897728] DEBUG - [FFMPEG] - nal_unit_type: 1(Coded slice of a non-IDR picture), nal_ref_idc: 2
Sep 12, 2026 02:03:35.083 [127373865897728] DEBUG - [FFMPEG] - nal_unit_type: 1(Coded slice of a non-IDR picture), nal_ref_idc: 0
Sep 12, 2026 02:03:35.088 [127373865897728] DEBUG - [FFMPEG] - nal_unit_type: 1(Coded slice of a non-IDR picture), nal_ref_idc: 0
Sep 12, 2026 02:03:35.093 [127373865897728] DEBUG - [FFMPEG] - nal_unit_type: 1(Coded slice of a non-IDR picture), nal_ref_idc: 2
Sep 12, 2026 02:03:35.100 [127373865897728] DEBUG - [FFMPEG] - All info found
Sep 12, 2026 02:03:35.102 [127373865897728] DEBUG - [FFMPEG] - After avformat_find_stream_info() pos: 489567 bytes read:544201 seeks:2 frames:26
Sep 12, 2026 02:03:35.106 [127373865897728] DEBUG - [FFMPEG] - Decoding VUI
Sep 12, 2026 02:03:35.112 [127373865897728] DEBUG - [FFMPEG] - Decoding VUI
Sep 12, 2026 02:03:35.118 [127373865897728] DEBUG - [FFMPEG] - Decoding VUI
Sep 12, 2026 02:03:35.120 [127373865897728] DEBUG - [FFMPEG] - Decoding VUI
Sep 12, 2026 02:03:35.123 [127373865897728] DEBUG - [FFMPEG] - Decoding VUI
Sep 12, 2026 02:03:35.125 [127373865897728] DEBUG - [FFMPEG] - Decoding VUI
Sep 12, 2026 02:03:35.128 [127373865897728] DEBUG - [FFMPEG] - Decoding VUI
Sep 12, 2026 02:03:35.129 [127373865897728] DEBUG - [FFMPEG] - Decoding VUI
Sep 12, 2026 02:03:35.130 [127373865897728] DEBUG - [FFMPEG] - Decoding VUI
Sep 12, 2026 02:03:35.131 [127373865897728] DEBUG - [FFMPEG] - Decoding VUI
Sep 12, 2026 02:03:35.135 [127373865897728] DEBUG - [FFMPEG] - Decoding VUI
Sep 12, 2026 02:03:35.136 [127373865897728] DEBUG - [FFMPEG] - Decoding VUI
Sep 12, 2026 02:03:35.139 [127373865897728] DEBUG - [FFMPEG] - Decoding VUI
Sep 12, 2026 02:03:35.141 [127373865897728] DEBUG - [FFMPEG] - Decoding VUI
Sep 12, 2026 02:03:35.144 [127373865897728] DEBUG - [FFMPEG] - Decoding VUI
Sep 12, 2026 02:03:35.147 [127373865897728] DEBUG - [FFMPEG] - Decoding VUI
Sep 12, 2026 02:03:35.148 [127373865897728] DEBUG - [FFMPEG] - Decoding VUI
Sep 12, 2026 02:03:35.149 [127373865897728] DEBUG - [FFMPEG] - Decoding VUI
Sep 12, 2026 02:03:35.150 [127373865897728] DEBUG - [FFMPEG] - Decoding VUI
Sep 12, 2026 02:03:35.151 [127373865897728] DEBUG - [FFMPEG] - Decoding VUI
Sep 12, 2026 02:03:35.152 [127373865897728] DEBUG - [FFMPEG] - Decoding VUI
Sep 12, 2026 02:03:35.153 [127373865897728] DEBUG - [FFMPEG] - Decoding VUI
Sep 12, 2026 02:03:35.154 [127373865897728] DEBUG - [FFMPEG] - Decoding VUI
Sep 12, 2026 02:03:35.155 [127373865897728] DEBUG - [FFMPEG] - Decoding VUI
Sep 12, 2026 02:03:35.156 [127373865897728] DEBUG - [FFMPEG] - Decoding VUI
Sep 12, 2026 02:03:35.158 [127373865897728] DEBUG - [FFMPEG] - Decoding VUI
Sep 12, 2026 02:03:35.160 [127373865897728] DEBUG - [FFMPEG] - Decoding VUI
Sep 12, 2026 02:03:35.162 [127373865897728] DEBUG - [FFMPEG] - Decoding VUI
Sep 12, 2026 02:03:35.166 [127373865897728] DEBUG - [FFMPEG] - Decoding VUI
Sep 12, 2026 02:03:35.170 [127373865897728] DEBUG - [FFMPEG] - Decoding VUI
Sep 12, 2026 02:03:35.170 [127373865897728] DEBUG - [FFMPEG] - Decoding VUI
Sep 12, 2026 02:03:35.172 [127373865897728] DEBUG - [FFMPEG] - Decoding VUI
Sep 12, 2026 02:03:35.172 [127373865897728] DEBUG - [FFMPEG] - Decoding VUI
Sep 12, 2026 02:03:35.173 [127373865897728] DEBUG - [FFMPEG] - Decoding VUI
Sep 12, 2026 02:03:35.178 [127373865897728] DEBUG - [FFMPEG] - Decoding VUI
Sep 12, 2026 02:03:35.178 [127373865897728] DEBUG - [FFMPEG] - Decoding VUI
Sep 12, 2026 02:03:35.179 [127373865897728] DEBUG - [FFMPEG] - Decoding VUI
Sep 12, 2026 02:03:35.181 [127373865897728] DEBUG - [FFMPEG] - Decoding VUI
Sep 12, 2026 02:03:35.182 [127373865897728] DEBUG - [FFMPEG] - Decoding VUI
Sep 12, 2026 02:03:35.183 [127373865897728] DEBUG - [FFMPEG] - Decoding VUI
Sep 12, 2026 02:03:35.184 [127373865897728] DEBUG - [FFMPEG] - Decoding VUI
Sep 12, 2026 02:03:35.185 [127373865897728] DEBUG - [FFMPEG] - Decoding VUI
Sep 12, 2026 02:03:35.187 [127373865897728] DEBUG - [FFMPEG] - Decoding VUI
Sep 12, 2026 02:03:35.188 [127373865897728] DEBUG - [FFMPEG] - Decoding VUI
Sep 12, 2026 02:03:35.188 [127373865897728] DEBUG - [FFMPEG] - Decoding VUI
Sep 12, 2026 02:03:35.189 [127373865897728] DEBUG - [FFMPEG] - Decoding VUI
Sep 12, 2026 02:03:35.190 [127373865897728] DEBUG - [FFMPEG] - Decoding VUI
Sep 12, 2026 02:03:35.191 [127373865897728] DEBUG - [FFMPEG] - Decoding VUI
Sep 12, 2026 02:03:35.193 [127373865897728] DEBUG - [FFMPEG] - Decoding VUI
Sep 12, 2026 02:03:35.193 [127373865897728] DEBUG - [FFMPEG] - Decoding VUI
Sep 12, 2026 02:03:35.195 [127373865897728] DEBUG - [FFMPEG] - Decoding VUI
Sep 12, 2026 02:03:35.196 [127373865897728] DEBUG - [FFMPEG] - Decoding VUI
Sep 12, 2026 02:03:35.197 [127373865897728] DEBUG - [FFMPEG] - Decoding VUI
Sep 12, 2026 02:03:35.199 [127373865897728] DEBUG - [FFMPEG] - Decoding VUI
Sep 12, 2026 02:03:35.200 [127373865897728] DEBUG - [FFMPEG] - Decoding VUI
Sep 12, 2026 02:03:35.201 [127373865897728] DEBUG - [FFMPEG] - Decoding VUI
Sep 12, 2026 02:03:35.202 [127373865897728] DEBUG - [FFMPEG] - Decoding VUI
Sep 12, 2026 02:03:35.204 [127373865897728] DEBUG - [FFMPEG] - Decoding VUI
Sep 12, 2026 02:03:35.205 [127373865897728] DEBUG - [FFMPEG] - Decoding VUI
Sep 12, 2026 02:03:35.206 [127373865897728] DEBUG - Deep Analysis: Read 10000 packets at 179.638000
Sep 12, 2026 02:03:35.206 [127373865897728] DEBUG - [FFMPEG] - Decoding VUI
Sep 12, 2026 02:03:35.207 [127373865897728] DEBUG - [FFMPEG] - Decoding VUI
Sep 12, 2026 02:03:35.209 [127373865897728] DEBUG - [FFMPEG] - Decoding VUI
Sep 12, 2026 02:03:35.209 [127373865897728] DEBUG - [FFMPEG] - Decoding VUI
Sep 12, 2026 02:03:35.211 [127373865897728] DEBUG - [FFMPEG] - Decoding VUI
Sep 12, 2026 02:03:35.212 [127373865897728] DEBUG - [FFMPEG] - Decoding VUI
Sep 12, 2026 02:03:35.213 [127373865897728] DEBUG - [FFMPEG] - Decoding VUI
Sep 12, 2026 02:03:35.215 [127373865897728] DEBUG - [FFMPEG] - Decoding VUI
Sep 12, 2026 02:03:35.216 [127373865897728] DEBUG - [FFMPEG] - Decoding VUI
Sep 12, 2026 02:03:35.218 [127373865897728] DEBUG - [FFMPEG] - Decoding VUI
Sep 12, 2026 02:03:35.219 [127373865897728] DEBUG - [FFMPEG] - Decoding VUI
Sep 12, 2026 02:03:35.220 [127373865897728] DEBUG - [FFMPEG] - Decoding VUI
Sep 12, 2026 02:03:35.221 [127373865897728] DEBUG - [FFMPEG] - Decoding VUI
Sep 12, 2026 02:03:35.222 [127373865897728] DEBUG - [FFMPEG] - Decoding VUI
Sep 12, 2026 02:03:35.223 [127373865897728] DEBUG - [FFMPEG] - Decoding VUI
Sep 12, 2026 02:03:35.225 [127373865897728] DEBUG - [FFMPEG] - Decoding VUI
Sep 12, 2026 02:03:35.228 [127373865897728] DEBUG - [FFMPEG] - Decoding VUI
Sep 12, 2026 02:03:35.229 [127373865897728] DEBUG - [FFMPEG] - Decoding VUI
Sep 12, 2026 02:03:35.231 [127373865897728] DEBUG - [FFMPEG] - Decoding VUI
Sep 12, 2026 02:03:35.231 [127373865897728] DEBUG - [FFMPEG] - Decoding VUI
Sep 12, 2026 02:03:35.233 [127373865897728] DEBUG - [FFMPEG] - Decoding VUI
Sep 12, 2026 02:03:35.234 [127373865897728] DEBUG - [FFMPEG] - Decoding VUI
Sep 12, 2026 02:03:35.236 [127373865897728] DEBUG - [FFMPEG] - Decoding VUI
Sep 12, 2026 02:03:35.236 [127373865897728] DEBUG - [FFMPEG] - Decoding VUI
Sep 12, 2026 02:03:35.237 [127373865897728] DEBUG - [FFMPEG] - Decoding VUI
Sep 12, 2026 02:03:35.239 [127373865897728] DEBUG - [FFMPEG] - Decoding VUI
Sep 12, 2026 02:03:35.239 [127373865897728] DEBUG - [FFMPEG] - Decoding VUI
Sep 12, 2026 02:03:35.240 [127373865897728] DEBUG - [FFMPEG] - Decoding VUI
Sep 12, 2026 02:03:35.241 [127373865897728] DEBUG - [FFMPEG] - Decoding VUI
Sep 12, 2026 02:03:35.242 [127373865897728] DEBUG - [FFMPEG] - Decoding VUI
Sep 12, 2026 02:03:35.246 [127373865897728] DEBUG - [FFMPEG] - Decoding VUI
Sep 12, 2026 02:03:35.247 [127373865897728] DEBUG - [FFMPEG] - Decoding VUI
Sep 12, 2026 02:03:35.248 [127373865897728] DEBUG - [FFMPEG] - Decoding VUI
Sep 12, 2026 02:03:35.250 [127373865897728] DEBUG - [FFMPEG] - Decoding VUI
Sep 12, 2026 02:03:35.252 [127373865897728] DEBUG - [FFMPEG] - Decoding VUI
Sep 12, 2026 02:03:35.254 [127373865897728] DEBUG - [FFMPEG] - Decoding VUI
Sep 12, 2026 02:03:35.256 [127373865897728] DEBUG - [FFMPEG] - Decoding VUI
Sep 12, 2026 02:03:35.257 [127373865897728] DEBUG - [FFMPEG] - Decoding VUI
Sep 12, 2026 02:03:35.258 [127373865897728] DEBUG - [FFMPEG] - Decoding VUI
Sep 12, 2026 02:03:35.259 [127373865897728] DEBUG - [FFMPEG] - Decoding VUI
Sep 12, 2026 02:03:35.261 [127373865897728] DEBUG - [FFMPEG] - Decoding VUI
Sep 12, 2026 02:03:35.265 [127373865897728] DEBUG - [FFMPEG] - Decoding VUI
Sep 12, 2026 02:03:35.266 [127373865897728] DEBUG - [FFMPEG] - Decoding VUI
Sep 12, 2026 02:03:35.271 [127373865897728] DEBUG - [FFMPEG] - Decoding VUI
Sep 12, 2026 02:03:35.273 [127373865897728] DEBUG - [FFMPEG] - Decoding VUI
Sep 12, 2026 02:03:35.274 [127373865897728] DEBUG - [FFMPEG] - Decoding VUI
Sep 12, 2026 02:03:35.276 [127373865897728] DEBUG - [FFMPEG] - Decoding VUI
Sep 12, 2026 02:03:35.279 [127373865897728] DEBUG - [FFMPEG] - Decoding VUI
Sep 12, 2026 02:03:35.280 [127373865897728] DEBUG - [FFMPEG] - Decoding VUI
Sep 12, 2026 02:03:35.281 [127373865897728] DEBUG - [FFMPEG] - Decoding VUI
Sep 12, 2026 02:03:35.283 [127373865897728] DEBUG - [FFMPEG] - Decoding VUI
Sep 12, 2026 02:03:35.284 [127373865897728] DEBUG - [FFMPEG] - Decoding VUI
Sep 12, 2026 02:03:35.286 [127373865897728] DEBUG - [FFMPEG] - Decoding VUI
Sep 12, 2026 02:03:35.289 [127373865897728] DEBUG - [FFMPEG] - Decoding VUI
Sep 12, 2026 02:03:35.290 [127373865897728] DEBUG - [FFMPEG] - Decoding VUI
Sep 12, 2026 02:03:35.293 [127373865897728] DEBUG - [FFMPEG] - Decoding VUI
Sep 12, 2026 02:03:35.295 [127373865897728] DEBUG - [FFMPEG] - Decoding VUI
Sep 12, 2026 02:03:35.296 [127373865897728] DEBUG - [FFMPEG] - Decoding VUI
Sep 12, 2026 02:03:35.298 [127373865897728] DEBUG - [FFMPEG] - Decoding VUI
Sep 12, 2026 02:03:35.299 [127373865897728] DEBUG - [FFMPEG] - Decoding VUI
Sep 12, 2026 02:03:35.301 [127373865897728] DEBUG - [FFMPEG] - Decoding VUI
Sep 12, 2026 02:03:35.303 [127373865897728] DEBUG - [FFMPEG] - Decoding VUI
Sep 12, 2026 02:03:35.304 [127373865897728] DEBUG - [FFMPEG] - Decoding VUI
Sep 12, 2026 02:03:35.306 [127373865897728] DEBUG - [FFMPEG] - Decoding VUI
Sep 12, 2026 02:03:35.307 [127373865897728] DEBUG - [FFMPEG] - Decoding VUI
Sep 12, 2026 02:03:35.309 [127373865897728] DEBUG - [FFMPEG] - Decoding VUI
Sep 12, 2026 02:03:35.310 [127373865897728] DEBUG - [FFMPEG] - Decoding VUI
Sep 12, 2026 02:03:35.312 [127373865897728] DEBUG - [FFMPEG] - Decoding VUI
Sep 12, 2026 02:03:35.313 [127373865897728] DEBUG - [FFMPEG] - Decoding VUI
Sep 12, 2026 02:03:35.316 [127373865897728] DEBUG - [FFMPEG] - Decoding VUI
Sep 12, 2026 02:03:35.318 [127373865897728] DEBUG - Deep Analysis: Read 20000 packets at 359.359000
Sep 12, 2026 02:03:35.319 [127373865897728] DEBUG - [FFMPEG] - Decoding VUI
Sep 12, 2026 02:03:35.320 [127373865897728] DEBUG - [FFMPEG] - Decoding VUI
Sep 12, 2026 02:03:35.321 [127373865897728] DEBUG - [FFMPEG] - Decoding VUI
Sep 12, 2026 02:03:35.323 [127373865897728] DEBUG - [FFMPEG] - Decoding VUI
Sep 12, 2026 02:03:35.324 [127373865897728] DEBUG - [FFMPEG] - Decoding VUI
Sep 12, 2026 02:03:35.325 [127373865897728] DEBUG - [FFMPEG] - Decoding VUI
Sep 12, 2026 02:03:35.327 [127373865897728] DEBUG - [FFMPEG] - Decoding VUI
Sep 12, 2026 02:03:35.328 [127373865897728] DEBUG - [FFMPEG] - Decoding VUI
Sep 12, 2026 02:03:35.331 [127373865897728] DEBUG - [FFMPEG] - Decoding VUI
Sep 12, 2026 02:03:35.333 [127373865897728] DEBUG - [FFMPEG] - Decoding VUI
Sep 12, 2026 02:03:35.334 [127373865897728] DEBUG - [FFMPEG] - Decoding VUI
Sep 12, 2026 02:03:35.334 [127373865897728] ERROR - [FFMPEG] - 0x00 at pos 148624117 (0x8dbd2f5) invalid as first byte of an EBML number
Sep 12, 2026 02:03:35.335 [127373865897728] DEBUG - [FFMPEG] - Decoding VUI
Sep 12, 2026 02:03:35.337 [127373865897728] DEBUG - [FFMPEG] - Decoding VUI
Sep 12, 2026 02:03:35.338 [127373865897728] DEBUG - [FFMPEG] - Decoding VUI
Sep 12, 2026 02:03:35.340 [127373865897728] DEBUG - [FFMPEG] - Decoding VUI
Sep 12, 2026 02:03:35.342 [127373865897728] DEBUG - [FFMPEG] - Decoding VUI
Sep 12, 2026 02:03:35.343 [127373865897728] DEBUG - [FFMPEG] - Decoding VUI
Sep 12, 2026 02:03:35.344 [127373865897728] DEBUG - [FFMPEG] - Decoding VUI
Sep 12, 2026 02:03:35.347 [127373865897728] DEBUG - [FFMPEG] - Decoding VUI
Sep 12, 2026 02:03:35.349 [127373865897728] DEBUG - [FFMPEG] - Decoding VUI
Sep 12, 2026 02:03:35.350 [127373865897728] DEBUG - [FFMPEG] - Decoding VUI
Sep 12, 2026 02:03:35.351 [127373865897728] DEBUG - [FFMPEG] - Decoding VUI
Sep 12, 2026 02:03:35.353 [127373865897728] DEBUG - [FFMPEG] - Decoding VUI
Sep 12, 2026 02:03:35.353 [127373865897728] DEBUG - [FFMPEG] - Decoding VUI
Sep 12, 2026 02:03:35.354 [127373865897728] DEBUG - [FFMPEG] - Decoding VUI
Sep 12, 2026 02:03:35.355 [127373865897728] DEBUG - [FFMPEG] - Decoding VUI
Sep 12, 2026 02:03:35.355 [127373865897728] DEBUG - [FFMPEG] - Decoding VUI
Sep 12, 2026 02:03:35.358 [127373865897728] DEBUG - [FFMPEG] - Decoding VUI
Sep 12, 2026 02:03:35.359 [127373865897728] DEBUG - [FFMPEG] - Decoding VUI
Sep 12, 2026 02:03:35.361 [127373865897728] DEBUG - [FFMPEG] - Decoding VUI
Sep 12, 2026 02:03:35.363 [127373865897728] DEBUG - [FFMPEG] - Decoding VUI
Sep 12, 2026 02:03:35.365 [127373865897728] DEBUG - [FFMPEG] - Decoding VUI
Sep 12, 2026 02:03:35.366 [127373865897728] DEBUG - [FFMPEG] - Decoding VUI
Sep 12, 2026 02:03:35.369 [127373865897728] DEBUG - [FFMPEG] - Decoding VUI
Sep 12, 2026 02:03:35.369 [127373865897728] DEBUG - [FFMPEG] - Decoding VUI
Sep 12, 2026 02:03:35.370 [127373865897728] DEBUG - [FFMPEG] - Decoding VUI
Sep 12, 2026 02:03:35.372 [127373865897728] DEBUG - [FFMPEG] - Decoding VUI
Sep 12, 2026 02:03:35.373 [127373865897728] DEBUG - [FFMPEG] - Decoding VUI
Sep 12, 2026 02:03:35.374 [127373865897728] DEBUG - [FFMPEG] - Decoding VUI
Sep 12, 2026 02:03:35.376 [127373865897728] DEBUG - [FFMPEG] - Decoding VUI
Sep 12, 2026 02:03:35.377 [127373865897728] DEBUG - [FFMPEG] - Decoding VUI
Sep 12, 2026 02:03:35.378 [127373865897728] DEBUG - [FFMPEG] - Decoding VUI
Sep 12, 2026 02:03:35.380 [127373865897728] DEBUG - [FFMPEG] - Decoding VUI
Sep 12, 2026 02:03:35.380 [127373865897728] DEBUG - [FFMPEG] - Decoding VUI
Sep 12, 2026 02:03:35.382 [127373865897728] DEBUG - [FFMPEG] - Decoding VUI
Sep 12, 2026 02:03:35.383 [127373865897728] DEBUG - [FFMPEG] - Decoding VUI
Sep 12, 2026 02:03:35.384 [127373865897728] DEBUG - [FFMPEG] - Decoding VUI
Sep 12, 2026 02:03:35.385 [127373865897728] DEBUG - [FFMPEG] - Decoding VUI
Sep 12, 2026 02:03:35.386 [127373865897728] DEBUG - [FFMPEG] - Decoding VUI
Sep 12, 2026 02:03:35.387 [127373865897728] DEBUG - [FFMPEG] - Decoding VUI
Sep 12, 2026 02:03:35.388 [127373865897728] DEBUG - [FFMPEG] - Decoding VUI
Sep 12, 2026 02:03:35.389 [127373865897728] DEBUG - [FFMPEG] - Decoding VUI
Sep 12, 2026 02:03:35.390 [127373865897728] DEBUG - [FFMPEG] - Decoding VUI
Sep 12, 2026 02:03:35.391 [127373865897728] DEBUG - [FFMPEG] - Decoding VUI
Sep 12, 2026 02:03:35.392 [127373865897728] DEBUG - [FFMPEG] - Decoding VUI
Sep 12, 2026 02:03:35.393 [127373865897728] DEBUG - [FFMPEG] - Decoding VUI
Sep 12, 2026 02:03:35.395 [127373865897728] DEBUG - [FFMPEG] - Decoding VUI
Sep 12, 2026 02:03:35.395 [127373865897728] DEBUG - [FFMPEG] - Decoding VUI
Sep 12, 2026 02:03:35.397 [127373865897728] DEBUG - [FFMPEG] - Decoding VUI
Sep 12, 2026 02:03:35.399 [127373865897728] DEBUG - [FFMPEG] - Decoding VUI
Sep 12, 2026 02:03:35.400 [127373865897728] DEBUG - [FFMPEG] - Decoding VUI
Sep 12, 2026 02:03:35.401 [127373865897728] DEBUG - [FFMPEG] - Decoding VUI
Sep 12, 2026 02:03:35.402 [127373865897728] DEBUG - [FFMPEG] - Decoding VUI
Sep 12, 2026 02:03:35.404 [127373865897728] DEBUG - [FFMPEG] - Decoding VUI
Sep 12, 2026 02:03:35.406 [127373865897728] DEBUG - [FFMPEG] - Decoding VUI
Sep 12, 2026 02:03:35.408 [127373865897728] DEBUG - [FFMPEG] - Decoding VUI
Sep 12, 2026 02:03:35.411 [127373865897728] DEBUG - [FFMPEG] - Decoding VUI
Sep 12, 2026 02:03:35.415 [127373865897728] DEBUG - [FFMPEG] - Decoding VUI
Sep 12, 2026 02:03:35.417 [127373865897728] DEBUG - [FFMPEG] - Decoding VUI
Sep 12, 2026 02:03:35.418 [127373865897728] DEBUG - [FFMPEG] - Decoding VUI
Sep 12, 2026 02:03:35.421 [127373865897728] DEBUG - [FFMPEG] - Decoding VUI
Sep 12, 2026 02:03:35.423 [127373865897728] DEBUG - [FFMPEG] - Decoding VUI
Sep 12, 2026 02:03:35.425 [127373865897728] DEBUG - [FFMPEG] - Decoding VUI
Sep 12, 2026 02:03:35.426 [127373865897728] DEBUG - [FFMPEG] - Decoding VUI
Sep 12, 2026 02:03:35.428 [127373865897728] DEBUG - [FFMPEG] - Decoding VUI
Sep 12, 2026 02:03:35.429 [127373865897728] DEBUG - Deep Analysis: Read 30000 packets at 540.499000
Sep 12, 2026 02:03:35.430 [127373865897728] DEBUG - [FFMPEG] - Decoding VUI
Sep 12, 2026 02:03:35.431 [127373865897728] DEBUG - [FFMPEG] - Decoding VUI
Sep 12, 2026 02:03:35.432 [127373865897728] DEBUG - [FFMPEG] - Decoding VUI
Sep 12, 2026 02:03:35.434 [127373865897728] DEBUG - [FFMPEG] - Decoding VUI
Sep 12, 2026 02:03:35.435 [127373865897728] DEBUG - [FFMPEG] - Decoding VUI
Sep 12, 2026 02:03:35.436 [127373865897728] DEBUG - [FFMPEG] - Decoding VUI
Sep 12, 2026 02:03:35.437 [127373865897728] DEBUG - [FFMPEG] - Decoding VUI
Sep 12, 2026 02:03:35.438 [127373865897728] DEBUG - [FFMPEG] - Decoding VUI
Sep 12, 2026 02:03:35.439 [127373865897728] DEBUG - [FFMPEG] - Decoding VUI
Sep 12, 2026 02:03:35.441 [127373865897728] DEBUG - [FFMPEG] - Decoding VUI
Sep 12, 2026 02:03:35.442 [127373865897728] DEBUG - [FFMPEG] - Decoding VUI
Sep 12, 2026 02:03:35.443 [127373865897728] DEBUG - [FFMPEG] - Decoding VUI
Sep 12, 2026 02:03:35.444 [127373865897728] DEBUG - [FFMPEG] - Decoding VUI
Sep 12, 2026 02:03:35.445 [127373865897728] DEBUG - [FFMPEG] - Decoding VUI
Sep 12, 2026 02:03:35.446 [127373865897728] DEBUG - [FFMPEG] - Decoding VUI
Sep 12, 2026 02:03:35.448 [127373865897728] DEBUG - [FFMPEG] - Decoding VUI
Sep 12, 2026 02:03:35.450 [127373865897728] DEBUG - [FFMPEG] - Decoding VUI
Sep 12, 2026 02:03:35.450 [127373865897728] DEBUG - [FFMPEG] - Decoding VUI
Sep 12, 2026 02:03:35.452 [127373865897728] DEBUG - [FFMPEG] - Decoding VUI
Sep 12, 2026 02:03:35.453 [127373865897728] DEBUG - [FFMPEG] - Decoding VUI
Sep 12, 2026 02:03:35.455 [127373865897728] DEBUG - [FFMPEG] - Decoding VUI
Sep 12, 2026 02:03:35.457 [127373865897728] DEBUG - [FFMPEG] - Decoding VUI
Sep 12, 2026 02:03:35.459 [127373865897728] DEBUG - [FFMPEG] - Decoding VUI
Sep 12, 2026 02:03:35.461 [127373865897728] DEBUG - [FFMPEG] - Decoding VUI
Sep 12, 2026 02:03:35.462 [127373865897728] DEBUG - [FFMPEG] - Decoding VUI
Sep 12, 2026 02:03:35.463 [127373865897728] DEBUG - [FFMPEG] - Decoding VUI
Sep 12, 2026 02:03:35.464 [127373865897728] DEBUG - [FFMPEG] - Decoding VUI
Sep 12, 2026 02:03:35.465 [127373865897728] DEBUG - [FFMPEG] - Decoding VUI
Sep 12, 2026 02:03:35.466 [127373865897728] DEBUG - [FFMPEG] - Decoding VUI
Sep 12, 2026 02:03:35.467 [127373865897728] DEBUG - [FFMPEG] - Decoding VUI
Sep 12, 2026 02:03:35.469 [127373865897728] DEBUG - [FFMPEG] - Decoding VUI
Sep 12, 2026 02:03:35.470 [127373865897728] DEBUG - [FFMPEG] - Decoding VUI
Sep 12, 2026 02:03:35.471 [127373865897728] DEBUG - [FFMPEG] - Decoding VUI
Sep 12, 2026 02:03:35.473 [127373865897728] DEBUG - [FFMPEG] - Decoding VUI
Sep 12, 2026 02:03:35.473 [127373865897728] DEBUG - [FFMPEG] - Decoding VUI
Sep 12, 2026 02:03:35.475 [127373865897728] DEBUG - [FFMPEG] - Decoding VUI
Sep 12, 2026 02:03:35.476 [127373865897728] DEBUG - [FFMPEG] - Decoding VUI
Sep 12, 2026 02:03:35.478 [127373865897728] DEBUG - [FFMPEG] - Decoding VUI
Sep 12, 2026 02:03:35.480 [127373865897728] DEBUG - [FFMPEG] - Decoding VUI
Sep 12, 2026 02:03:35.481 [127373865897728] DEBUG - [FFMPEG] - Decoding VUI
Sep 12, 2026 02:03:35.482 [127373865897728] DEBUG - [FFMPEG] - Decoding VUI
Sep 12, 2026 02:03:35.484 [127373865897728] DEBUG - [FFMPEG] - Decoding VUI
Sep 12, 2026 02:03:35.485 [127373865897728] DEBUG - [FFMPEG] - Decoding VUI
Sep 12, 2026 02:03:35.486 [127373865897728] DEBUG - [FFMPEG] - Decoding VUI
Sep 12, 2026 02:03:35.486 [127373865897728] DEBUG - [FFMPEG] - Decoding VUI
Sep 12, 2026 02:03:35.489 [127373865897728] DEBUG - [FFMPEG] - Decoding VUI
Sep 12, 2026 02:03:35.490 [127373865897728] DEBUG - [FFMPEG] - Decoding VUI
Sep 12, 2026 02:03:35.491 [127373865897728] DEBUG - [FFMPEG] - Decoding VUI
Sep 12, 2026 02:03:35.492 [127373865897728] DEBUG - [FFMPEG] - Decoding VUI
Sep 12, 2026 02:03:35.493 [127373865897728] DEBUG - [FFMPEG] - Decoding VUI
Sep 12, 2026 02:03:35.494 [127373865897728] DEBUG - [FFMPEG] - Decoding VUI
Sep 12, 2026 02:03:35.495 [127373865897728] DEBUG - [FFMPEG] - Decoding VUI
Sep 12, 2026 02:03:35.496 [127373865897728] DEBUG - [FFMPEG] - Decoding VUI
Sep 12, 2026 02:03:35.497 [127373865897728] DEBUG - [FFMPEG] - Decoding VUI
Sep 12, 2026 02:03:35.498 [127373865897728] DEBUG - [FFMPEG] - Decoding VUI
Sep 12, 2026 02:03:35.501 [127373865897728] DEBUG - [FFMPEG] - Decoding VUI
Sep 12, 2026 02:03:35.502 [127373865897728] DEBUG - [FFMPEG] - Decoding VUI
Sep 12, 2026 02:03:35.503 [127373865897728] DEBUG - [FFMPEG] - Decoding VUI
Sep 12, 2026 02:03:35.505 [127373865897728] DEBUG - [FFMPEG] - Decoding VUI
Sep 12, 2026 02:03:35.506 [127373865897728] DEBUG - [FFMPEG] - Decoding VUI
Sep 12, 2026 02:03:35.507 [127373865897728] DEBUG - [FFMPEG] - Decoding VUI
Sep 12, 2026 02:03:35.509 [127373865897728] DEBUG - [FFMPEG] - Decoding VUI
Sep 12, 2026 02:03:35.511 [127373865897728] DEBUG - [FFMPEG] - Decoding VUI
Sep 12, 2026 02:03:35.512 [127373865897728] DEBUG - [FFMPEG] - Decoding VUI
Sep 12, 2026 02:03:35.513 [127373865897728] DEBUG - [FFMPEG] - Decoding VUI
Sep 12, 2026 02:03:35.514 [127373865897728] DEBUG - [FFMPEG] - Decoding VUI
Sep 12, 2026 02:03:35.515 [127373865897728] DEBUG - [FFMPEG] - Decoding VUI
Sep 12, 2026 02:03:35.516 [127373865897728] DEBUG - [FFMPEG] - Decoding VUI
Sep 12, 2026 02:03:35.517 [127373865897728] DEBUG - [FFMPEG] - Decoding VUI
Sep 12, 2026 02:03:35.518 [127373865897728] DEBUG - [FFMPEG] - Decoding VUI
Sep 12, 2026 02:03:35.519 [127373865897728] DEBUG - [FFMPEG] - Decoding VUI
Sep 12, 2026 02:03:35.520 [127373865897728] DEBUG - [FFMPEG] - Decoding VUI
Sep 12, 2026 02:03:35.523 [127373865897728] DEBUG - [FFMPEG] - Decoding VUI
Sep 12, 2026 02:03:35.524 [127373865897728] DEBUG - [FFMPEG] - Decoding VUI
Sep 12, 2026 02:03:35.525 [127373865897728] DEBUG - [FFMPEG] - Decoding VUI
Sep 12, 2026 02:03:35.526 [127373865897728] DEBUG - [FFMPEG] - Decoding VUI
Sep 12, 2026 02:03:35.527 [127373865897728] DEBUG - [FFMPEG] - Decoding VUI
Sep 12, 2026 02:03:35.528 [127373865897728] DEBUG - [FFMPEG] - Decoding VUI
Sep 12, 2026 02:03:35.529 [127373865897728] DEBUG - [FFMPEG] - Decoding VUI
Sep 12, 2026 02:03:35.530 [127373865897728] DEBUG - Deep Analysis: Read 40000 packets at 720.220000
Sep 12, 2026 02:03:35.530 [127373865897728] DEBUG - [FFMPEG] - Decoding VUI
Sep 12, 2026 02:03:35.531 [127373865897728] DEBUG - [FFMPEG] - Decoding VUI
Sep 12, 2026 02:03:35.531 [127373865897728] DEBUG - [FFMPEG] - Decoding VUI
Sep 12, 2026 02:03:35.532 [127373865897728] DEBUG - [FFMPEG] - Decoding VUI
Sep 12, 2026 02:03:35.535 [127373865897728] DEBUG - [FFMPEG] - Decoding VUI
Sep 12, 2026 02:03:35.535 [127373865897728] DEBUG - [FFMPEG] - Decoding VUI
Sep 12, 2026 02:03:35.536 [127373865897728] DEBUG - [FFMPEG] - Decoding VUI
Sep 12, 2026 02:03:35.537 [127373865897728] DEBUG - [FFMPEG] - Decoding VUI
Sep 12, 2026 02:03:35.538 [127373865897728] DEBUG - [FFMPEG] - Decoding VUI
Sep 12, 2026 02:03:35.538 [127373865897728] DEBUG - [FFMPEG] - Decoding VUI
Sep 12, 2026 02:03:35.538 [127373865897728] DEBUG - [FFMPEG] - Decoding VUI
Sep 12, 2026 02:03:35.539 [127373865897728] DEBUG - [FFMPEG] - Decoding VUI
Sep 12, 2026 02:03:35.540 [127373865897728] DEBUG - [FFMPEG] - Decoding VUI
Sep 12, 2026 02:03:35.541 [127373865897728] DEBUG - [FFMPEG] - Decoding VUI
Sep 12, 2026 02:03:35.541 [127373865897728] DEBUG - [FFMPEG] - Decoding VUI
Sep 12, 2026 02:03:35.542 [127373865897728] DEBUG - [FFMPEG] - Decoding VUI
Sep 12, 2026 02:03:35.543 [127373865897728] DEBUG - [FFMPEG] - Decoding VUI
Sep 12, 2026 02:03:35.544 [127373865897728] DEBUG - [FFMPEG] - Decoding VUI
Sep 12, 2026 02:03:35.545 [127373865897728] DEBUG - [FFMPEG] - Decoding VUI
Sep 12, 2026 02:03:35.547 [127373865897728] DEBUG - [FFMPEG] - Decoding VUI
Sep 12, 2026 02:03:35.548 [127373865897728] DEBUG - [FFMPEG] - Decoding VUI
Sep 12, 2026 02:03:35.550 [127373865897728] DEBUG - [FFMPEG] - Decoding VUI
Sep 12, 2026 02:03:35.551 [127373865897728] DEBUG - [FFMPEG] - Decoding VUI
Sep 12, 2026 02:03:35.552 [127373865897728] DEBUG - [FFMPEG] - Decoding VUI
Sep 12, 2026 02:03:35.554 [127373865897728] DEBUG - [FFMPEG] - Decoding VUI
Sep 12, 2026 02:03:35.555 [127373865897728] DEBUG - [FFMPEG] - Decoding VUI
Sep 12, 2026 02:03:35.556 [127373865897728] DEBUG - [FFMPEG] - Decoding VUI
Sep 12, 2026 02:03:35.558 [127373865897728] DEBUG - [FFMPEG] - Decoding VUI
Sep 12, 2026 02:03:35.559 [127373865897728] DEBUG - [FFMPEG] - Decoding VUI
Sep 12, 2026 02:03:35.560 [127373865897728] DEBUG - [FFMPEG] - Decoding VUI
Sep 12, 2026 02:03:35.561 [127373865897728] DEBUG - [FFMPEG] - Decoding VUI
Sep 12, 2026 02:03:35.563 [127373865897728] DEBUG - [FFMPEG] - Decoding VUI
Sep 12, 2026 02:03:35.563 [127373865897728] DEBUG - [FFMPEG] - Decoding VUI
Sep 12, 2026 02:03:35.564 [127373865897728] DEBUG - [FFMPEG] - Decoding VUI
Sep 12, 2026 02:03:35.565 [127373865897728] DEBUG - [FFMPEG] - Decoding VUI
Sep 12, 2026 02:03:35.566 [127373865897728] DEBUG - [FFMPEG] - Decoding VUI
Sep 12, 2026 02:03:35.568 [127373865897728] DEBUG - [FFMPEG] - Decoding VUI
Sep 12, 2026 02:03:35.569 [127373865897728] DEBUG - [FFMPEG] - Decoding VUI
Sep 12, 2026 02:03:35.570 [127373865897728] DEBUG - [FFMPEG] - Decoding VUI
Sep 12, 2026 02:03:35.572 [127373865897728] DEBUG - [FFMPEG] - Decoding VUI
Sep 12, 2026 02:03:35.573 [127373865897728] DEBUG - [FFMPEG] - Decoding VUI
Sep 12, 2026 02:03:35.574 [127373865897728] DEBUG - [FFMPEG] - Decoding VUI
Sep 12, 2026 02:03:35.575 [127373865897728] DEBUG - [FFMPEG] - Decoding VUI
Sep 12, 2026 02:03:35.576 [127373865897728] DEBUG - [FFMPEG] - Decoding VUI
Sep 12, 2026 02:03:35.577 [127373865897728] DEBUG - [FFMPEG] - Decoding VUI
Sep 12, 2026 02:03:35.578 [127373865897728] DEBUG - [FFMPEG] - Decoding VUI
Sep 12, 2026 02:03:35.578 [127373865897728] DEBUG - [FFMPEG] - Decoding VUI
Sep 12, 2026 02:03:35.580 [127373865897728] DEBUG - [FFMPEG] - Decoding VUI
Sep 12, 2026 02:03:35.582 [127373865897728] DEBUG - [FFMPEG] - Decoding VUI
Sep 12, 2026 02:03:35.584 [127373865897728] DEBUG - [FFMPEG] - Decoding VUI
Sep 12, 2026 02:03:35.584 [127373865897728] DEBUG - [FFMPEG] - Decoding VUI
Sep 12, 2026 02:03:35.585 [127373865897728] DEBUG - [FFMPEG] - Decoding VUI
Sep 12, 2026 02:03:35.587 [127373865897728] DEBUG - [FFMPEG] - Decoding VUI
Sep 12, 2026 02:03:35.589 [127373865897728] DEBUG - [FFMPEG] - Decoding VUI
Sep 12, 2026 02:03:35.593 [127373865897728] DEBUG - [FFMPEG] - Decoding VUI
Sep 12, 2026 02:03:35.595 [127373865897728] DEBUG - [FFMPEG] - Decoding VUI
Sep 12, 2026 02:03:35.596 [127373865897728] DEBUG - [FFMPEG] - Decoding VUI
Sep 12, 2026 02:03:35.597 [127373865897728] DEBUG - [FFMPEG] - Decoding VUI
Sep 12, 2026 02:03:35.598 [127373865897728] DEBUG - [FFMPEG] - Decoding VUI
Sep 12, 2026 02:03:35.600 [127373865897728] DEBUG - [FFMPEG] - Decoding VUI
Sep 12, 2026 02:03:35.600 [127373865897728] DEBUG - [FFMPEG] - Decoding VUI
Sep 12, 2026 02:03:35.601 [127373865897728] DEBUG - [FFMPEG] - Decoding VUI
Sep 12, 2026 02:03:35.602 [127373865897728] DEBUG - Deep Analysis: Read 50000 packets at 900.009000
Sep 12, 2026 02:03:35.603 [127373865897728] DEBUG - [FFMPEG] - Decoding VUI
Sep 12, 2026 02:03:35.605 [127373865897728] DEBUG - [FFMPEG] - Decoding VUI
Sep 12, 2026 02:03:35.606 [127373865897728] DEBUG - [FFMPEG] - Decoding VUI
Sep 12, 2026 02:03:35.608 [127373865897728] DEBUG - [FFMPEG] - Decoding VUI
Sep 12, 2026 02:03:35.609 [127373865897728] DEBUG - [FFMPEG] - Decoding VUI
Sep 12, 2026 02:03:35.610 [127373865897728] DEBUG - [FFMPEG] - Decoding VUI
Sep 12, 2026 02:03:35.612 [127373865897728] DEBUG - [FFMPEG] - Decoding VUI
Sep 12, 2026 02:03:35.614 [127373865897728] DEBUG - [FFMPEG] - Decoding VUI
Sep 12, 2026 02:03:35.615 [127373865897728] ERROR - [FFMPEG] - 0x00 at pos 350684608 (0x14e705c0) invalid as first byte of an EBML number
Sep 12, 2026 02:03:35.616 [127373865897728] DEBUG - [FFMPEG] - Decoding VUI
Sep 12, 2026 02:03:35.618 [127373865897728] DEBUG - [FFMPEG] - Decoding VUI
Sep 12, 2026 02:03:35.619 [127373865897728] DEBUG - [FFMPEG] - Decoding VUI
Sep 12, 2026 02:03:35.621 [127373865897728] DEBUG - [FFMPEG] - Decoding VUI
Sep 12, 2026 02:03:35.623 [127373865897728] DEBUG - [FFMPEG] - Decoding VUI
Sep 12, 2026 02:03:35.625 [127373865897728] DEBUG - [FFMPEG] - Decoding VUI
Sep 12, 2026 02:03:35.625 [127373865897728] DEBUG - [FFMPEG] - Decoding VUI
Sep 12, 2026 02:03:35.627 [127373865897728] DEBUG - [FFMPEG] - Decoding VUI
Sep 12, 2026 02:03:35.629 [127373865897728] DEBUG - [FFMPEG] - Decoding VUI
Sep 12, 2026 02:03:35.629 [127373865897728] DEBUG - [FFMPEG] - Decoding VUI
Sep 12, 2026 02:03:35.630 [127373865897728] DEBUG - [FFMPEG] - Decoding VUI
Sep 12, 2026 02:03:35.631 [127373865897728] DEBUG - [FFMPEG] - Decoding VUI
Sep 12, 2026 02:03:35.633 [127373865897728] DEBUG - [FFMPEG] - Decoding VUI
Sep 12, 2026 02:03:35.634 [127373865897728] DEBUG - [FFMPEG] - Decoding VUI
Sep 12, 2026 02:03:35.635 [127373865897728] DEBUG - [FFMPEG] - Decoding VUI
Sep 12, 2026 02:03:35.637 [127373865897728] DEBUG - [FFMPEG] - Decoding VUI
Sep 12, 2026 02:03:35.637 [127373865897728] DEBUG - [FFMPEG] - Decoding VUI
Sep 12, 2026 02:03:35.641 [127373865897728] DEBUG - [FFMPEG] - Decoding VUI
Sep 12, 2026 02:03:35.643 [127373865897728] DEBUG - [FFMPEG] - Decoding VUI
Sep 12, 2026 02:03:35.644 [127373865897728] DEBUG - [FFMPEG] - Decoding VUI
Sep 12, 2026 02:03:35.645 [127373865897728] DEBUG - [FFMPEG] - Decoding VUI
Sep 12, 2026 02:03:35.647 [127373865897728] DEBUG - [FFMPEG] - Decoding VUI
Sep 12, 2026 02:03:35.648 [127373865897728] DEBUG - [FFMPEG] - Decoding VUI
Sep 12, 2026 02:03:35.650 [127373865897728] DEBUG - [FFMPEG] - Decoding VUI
Sep 12, 2026 02:03:35.650 [127373865897728] DEBUG - [FFMPEG] - Decoding VUI
Sep 12, 2026 02:03:35.652 [127373865897728] DEBUG - [FFMPEG] - Decoding VUI
Sep 12, 2026 02:03:35.653 [127373865897728] DEBUG - [FFMPEG] - Decoding VUI
Sep 12, 2026 02:03:35.655 [127373865897728] DEBUG - [FFMPEG] - Decoding VUI
Sep 12, 2026 02:03:35.656 [127373865897728] DEBUG - [FFMPEG] - Decoding VUI
Sep 12, 2026 02:03:35.657 [127373865897728] DEBUG - [FFMPEG] - Decoding VUI
Sep 12, 2026 02:03:35.659 [127373865897728] DEBUG - [FFMPEG] - Decoding VUI
Sep 12, 2026 02:03:35.660 [127373865897728] DEBUG - [FFMPEG] - Decoding VUI
Sep 12, 2026 02:03:35.660 [127373865897728] DEBUG - [FFMPEG] - Decoding VUI
Sep 12, 2026 02:03:35.662 [127373865897728] DEBUG - [FFMPEG] - Decoding VUI
Sep 12, 2026 02:03:35.664 [127373865897728] DEBUG - [FFMPEG] - Decoding VUI
Sep 12, 2026 02:03:35.664 [127373865897728] DEBUG - [FFMPEG] - Decoding VUI
Sep 12, 2026 02:03:35.666 [127373865897728] DEBUG - [FFMPEG] - Decoding VUI
Sep 12, 2026 02:03:35.668 [127373865897728] DEBUG - [FFMPEG] - Decoding VUI
Sep 12, 2026 02:03:35.673 [127373865897728] DEBUG - [FFMPEG] - Decoding VUI
Sep 12, 2026 02:03:35.674 [127373865897728] DEBUG - [FFMPEG] - Decoding VUI
Sep 12, 2026 02:03:35.675 [127373865897728] DEBUG - [FFMPEG] - Decoding VUI
Sep 12, 2026 02:03:35.676 [127373865897728] DEBUG - [FFMPEG] - Decoding VUI
Sep 12, 2026 02:03:35.677 [127373865897728] DEBUG - [FFMPEG] - Decoding VUI
Sep 12, 2026 02:03:35.679 [127373865897728] DEBUG - [FFMPEG] - Decoding VUI
Sep 12, 2026 02:03:35.680 [127373865897728] DEBUG - [FFMPEG] - Decoding VUI
Sep 12, 2026 02:03:35.684 [127373865897728] DEBUG - [FFMPEG] - Decoding VUI
Sep 12, 2026 02:03:35.687 [127373865897728] DEBUG - [FFMPEG] - Decoding VUI
Sep 12, 2026 02:03:35.688 [127373865897728] DEBUG - [FFMPEG] - Decoding VUI
Sep 12, 2026 02:03:35.689 [127373865897728] DEBUG - [FFMPEG] - Decoding VUI
Sep 12, 2026 02:03:35.690 [127373865897728] DEBUG - [FFMPEG] - Decoding VUI
Sep 12, 2026 02:03:35.691 [127373865897728] DEBUG - [FFMPEG] - Decoding VUI
Sep 12, 2026 02:03:35.692 [127373865897728] DEBUG - [FFMPEG] - Decoding VUI
Sep 12, 2026 02:03:35.693 [127373865897728] DEBUG - [FFMPEG] - Decoding VUI
Sep 12, 2026 02:03:35.694 [127373865897728] DEBUG - [FFMPEG] - Decoding VUI
Sep 12, 2026 02:03:35.695 [127373865897728] DEBUG - [FFMPEG] - Decoding VUI
Sep 12, 2026 02:03:35.697 [127373865897728] DEBUG - [FFMPEG] - Decoding VUI
Sep 12, 2026 02:03:35.698 [127373865897728] DEBUG - [FFMPEG] - Decoding VUI
Sep 12, 2026 02:03:35.699 [127373865897728] DEBUG - [FFMPEG] - Decoding VUI
Sep 12, 2026 02:03:35.702 [127373865897728] DEBUG - [FFMPEG] - Decoding VUI
Sep 12, 2026 02:03:35.703 [127373865897728] DEBUG - [FFMPEG] - Decoding VUI
Sep 12, 2026 02:03:35.704 [127373865897728] DEBUG - [FFMPEG] - Decoding VUI
Sep 12, 2026 02:03:35.705 [127373865897728] DEBUG - [FFMPEG] - Decoding VUI
Sep 12, 2026 02:03:35.707 [127373865897728] DEBUG - [FFMPEG] - Decoding VUI
Sep 12, 2026 02:03:35.708 [127373865897728] DEBUG - Deep Analysis: Read 60000 packets at 1080.205000
Sep 12, 2026 02:03:35.710 [127373865897728] DEBUG - [FFMPEG] - Decoding VUI
Sep 12, 2026 02:03:35.711 [127373865897728] DEBUG - [FFMPEG] - Decoding VUI
Sep 12, 2026 02:03:35.715 [127373865897728] DEBUG - [FFMPEG] - Decoding VUI
Sep 12, 2026 02:03:35.718 [127373865897728] DEBUG - [FFMPEG] - Decoding VUI
Sep 12, 2026 02:03:35.721 [127373865897728] DEBUG - [FFMPEG] - Decoding VUI
Sep 12, 2026 02:03:35.723 [127373865897728] DEBUG - [FFMPEG] - Decoding VUI
Sep 12, 2026 02:03:35.726 [127373865897728] DEBUG - [FFMPEG] - Decoding VUI
Sep 12, 2026 02:03:35.727 [127373865897728] DEBUG - [FFMPEG] - Decoding VUI
Sep 12, 2026 02:03:35.728 [127373865897728] DEBUG - [FFMPEG] - Decoding VUI
Sep 12, 2026 02:03:35.729 [127373865897728] DEBUG - [FFMPEG] - Decoding VUI
Sep 12, 2026 02:03:35.730 [127373865897728] DEBUG - [FFMPEG] - Decoding VUI
Sep 12, 2026 02:03:35.731 [127373865897728] DEBUG - [FFMPEG] - Decoding VUI
Sep 12, 2026 02:03:35.732 [127373865897728] DEBUG - [FFMPEG] - Decoding VUI
Sep 12, 2026 02:03:35.734 [127373865897728] DEBUG - [FFMPEG] - Decoding VUI
Sep 12, 2026 02:03:35.735 [127373865897728] DEBUG - [FFMPEG] - Decoding VUI
Sep 12, 2026 02:03:35.736 [127373865897728] DEBUG - [FFMPEG] - Decoding VUI
Sep 12, 2026 02:03:35.737 [127373865897728] DEBUG - [FFMPEG] - Decoding VUI
Sep 12, 2026 02:03:35.738 [127373865897728] DEBUG - [FFMPEG] - Decoding VUI
Sep 12, 2026 02:03:35.739 [127373865897728] DEBUG - [FFMPEG] - Decoding VUI
Sep 12, 2026 02:03:35.740 [127373865897728] DEBUG - [FFMPEG] - Decoding VUI
Sep 12, 2026 02:03:35.741 [127373865897728] DEBUG - [FFMPEG] - Decoding VUI
Sep 12, 2026 02:03:35.745 [127373865897728] DEBUG - [FFMPEG] - Decoding VUI
Sep 12, 2026 02:03:35.746 [127373865897728] DEBUG - [FFMPEG] - Decoding VUI
Sep 12, 2026 02:03:35.747 [127373865897728] DEBUG - [FFMPEG] - Decoding VUI
Sep 12, 2026 02:03:35.749 [127373865897728] DEBUG - [FFMPEG] - Decoding VUI
Sep 12, 2026 02:03:35.750 [127373865897728] DEBUG - [FFMPEG] - Decoding VUI
Sep 12, 2026 02:03:35.752 [127373865897728] DEBUG - [FFMPEG] - Decoding VUI
Sep 12, 2026 02:03:35.754 [127373865897728] DEBUG - [FFMPEG] - Decoding VUI
Sep 12, 2026 02:03:35.755 [127373865897728] DEBUG - [FFMPEG] - Decoding VUI
Sep 12, 2026 02:03:35.756 [127373865897728] DEBUG - [FFMPEG] - Decoding VUI
Sep 12, 2026 02:03:35.757 [127373865897728] DEBUG - [FFMPEG] - Decoding VUI
Sep 12, 2026 02:03:35.759 [127373865897728] DEBUG - [FFMPEG] - Decoding VUI
Sep 12, 2026 02:03:35.761 [127373865897728] DEBUG - [FFMPEG] - Decoding VUI
Sep 12, 2026 02:03:35.762 [127373865897728] DEBUG - [FFMPEG] - Decoding VUI
Sep 12, 2026 02:03:35.763 [127373865897728] DEBUG - [FFMPEG] - Decoding VUI
Sep 12, 2026 02:03:35.765 [127373865897728] DEBUG - [FFMPEG] - Decoding VUI
Sep 12, 2026 02:03:35.766 [127373865897728] DEBUG - [FFMPEG] - Decoding VUI
Sep 12, 2026 02:03:35.767 [127373865897728] DEBUG - [FFMPEG] - Decoding VUI
Sep 12, 2026 02:03:35.767 [127373865897728] DEBUG - [FFMPEG] - Decoding VUI
Sep 12, 2026 02:03:35.768 [127373865897728] DEBUG - [FFMPEG] - Decoding VUI
Sep 12, 2026 02:03:35.770 [127373865897728] DEBUG - [FFMPEG] - Decoding VUI
Sep 12, 2026 02:03:35.772 [127373865897728] DEBUG - [FFMPEG] - Decoding VUI
Sep 12, 2026 02:03:35.774 [127373865897728] DEBUG - [FFMPEG] - Decoding VUI
Sep 12, 2026 02:03:35.775 [127373865897728] DEBUG - [FFMPEG] - Decoding VUI
Sep 12, 2026 02:03:35.777 [127373865897728] DEBUG - [FFMPEG] - Decoding VUI
Sep 12, 2026 02:03:35.777 [127373865897728] DEBUG - [FFMPEG] - Decoding VUI
Sep 12, 2026 02:03:35.779 [127373865897728] DEBUG - [FFMPEG] - Decoding VUI
Sep 12, 2026 02:03:35.779 [127373865897728] DEBUG - [FFMPEG] - Decoding VUI
Sep 12, 2026 02:03:35.780 [127373865897728] DEBUG - [FFMPEG] - Decoding VUI
Sep 12, 2026 02:03:35.781 [127373865897728] DEBUG - [FFMPEG] - Decoding VUI
Sep 12, 2026 02:03:35.783 [127373865897728] DEBUG - [FFMPEG] - Decoding VUI
Sep 12, 2026 02:03:35.783 [127373865897728] DEBUG - [FFMPEG] - Decoding VUI
Sep 12, 2026 02:03:35.784 [127373865897728] DEBUG - [FFMPEG] - Decoding VUI
Sep 12, 2026 02:03:35.785 [127373865897728] DEBUG - [FFMPEG] - Decoding VUI
Sep 12, 2026 02:03:35.786 [127373865897728] DEBUG - [FFMPEG] - Decoding VUI
Sep 12, 2026 02:03:35.787 [127373865897728] DEBUG - [FFMPEG] - Decoding VUI
Sep 12, 2026 02:03:35.788 [127373865897728] DEBUG - [FFMPEG] - Decoding VUI
Sep 12, 2026 02:03:35.789 [127373865897728] DEBUG - [FFMPEG] - Decoding VUI
Sep 12, 2026 02:03:35.790 [127373865897728] DEBUG - [FFMPEG] - Decoding VUI
Sep 12, 2026 02:03:35.791 [127373865897728] DEBUG - [FFMPEG] - Decoding VUI
Sep 12, 2026 02:03:35.792 [127373865897728] DEBUG - [FFMPEG] - Decoding VUI
Sep 12, 2026 02:03:35.795 [127373865897728] DEBUG - [FFMPEG] - Decoding VUI
Sep 12, 2026 02:03:35.796 [127373865897728] DEBUG - [FFMPEG] - Decoding VUI
Sep 12, 2026 02:03:35.797 [127373865897728] DEBUG - [FFMPEG] - Decoding VUI
Sep 12, 2026 02:03:35.800 [127373865897728] DEBUG - [FFMPEG] - Decoding VUI
Sep 12, 2026 02:03:35.802 [127373865897728] DEBUG - [FFMPEG] - Decoding VUI
Sep 12, 2026 02:03:35.804 [127373865897728] DEBUG - [FFMPEG] - Decoding VUI
Sep 12, 2026 02:03:35.805 [127373865897728] DEBUG - [FFMPEG] - Decoding VUI
Sep 12, 2026 02:03:35.806 [127373865897728] DEBUG - [FFMPEG] - Decoding VUI
Sep 12, 2026 02:03:35.807 [127373865897728] DEBUG - [FFMPEG] - Decoding VUI
Sep 12, 2026 02:03:35.808 [127373865897728] DEBUG - Deep Analysis: Read 70000 packets at 1260.092000
Sep 12, 2026 02:03:35.808 [127373865897728] DEBUG - [FFMPEG] - Decoding VUI
Sep 12, 2026 02:03:35.809 [127373865897728] DEBUG - [FFMPEG] - Decoding VUI
Sep 12, 2026 02:03:35.810 [127373865897728] DEBUG - [FFMPEG] - Decoding VUI
Sep 12, 2026 02:03:35.811 [127373865897728] DEBUG - [FFMPEG] - Decoding VUI
Sep 12, 2026 02:03:35.812 [127373865897728] DEBUG - [FFMPEG] - Decoding VUI
Sep 12, 2026 02:03:35.812 [127373865897728] DEBUG - [FFMPEG] - Decoding VUI
Sep 12, 2026 02:03:35.813 [127373865897728] DEBUG - [FFMPEG] - Decoding VUI
Sep 12, 2026 02:03:35.815 [127373865897728] DEBUG - [FFMPEG] - Decoding VUI
Sep 12, 2026 02:03:35.816 [127373865897728] DEBUG - [FFMPEG] - Decoding VUI
Sep 12, 2026 02:03:35.819 [127373865897728] DEBUG - [FFMPEG] - Decoding VUI
Sep 12, 2026 02:03:35.820 [127373865897728] DEBUG - [FFMPEG] - Decoding VUI
Sep 12, 2026 02:03:35.820 [127373865897728] DEBUG - [FFMPEG] - Decoding VUI
Sep 12, 2026 02:03:35.821 [127373865897728] DEBUG - [FFMPEG] - Decoding VUI
Sep 12, 2026 02:03:35.823 [127373865897728] DEBUG - [FFMPEG] - Decoding VUI
Sep 12, 2026 02:03:35.823 [127373865897728] DEBUG - [FFMPEG] - Decoding VUI
Sep 12, 2026 02:03:35.824 [127373865897728] DEBUG - [FFMPEG] - Decoding VUI
Sep 12, 2026 02:03:35.825 [127373865897728] DEBUG - [FFMPEG] - Decoding VUI
Sep 12, 2026 02:03:35.826 [127373865897728] DEBUG - [FFMPEG] - Decoding VUI
Sep 12, 2026 02:03:35.827 [127373865897728] DEBUG - [FFMPEG] - Decoding VUI
Sep 12, 2026 02:03:35.828 [127373865897728] DEBUG - [FFMPEG] - Decoding VUI
Sep 12, 2026 02:03:35.830 [127373865897728] DEBUG - [FFMPEG] - Decoding VUI
Sep 12, 2026 02:03:35.831 [127373865897728] DEBUG - [FFMPEG] - Decoding VUI
Sep 12, 2026 02:03:35.832 [127373865897728] DEBUG - [FFMPEG] - Decoding VUI
Sep 12, 2026 02:03:35.833 [127373865897728] DEBUG - [FFMPEG] - Decoding VUI
Sep 12, 2026 02:03:35.834 [127373865897728] DEBUG - [FFMPEG] - Decoding VUI
Sep 12, 2026 02:03:35.836 [127373865897728] DEBUG - [FFMPEG] - Decoding VUI
Sep 12, 2026 02:03:35.837 [127373865897728] DEBUG - [FFMPEG] - Decoding VUI
Sep 12, 2026 02:03:35.838 [127373865897728] DEBUG - [FFMPEG] - Decoding VUI
Sep 12, 2026 02:03:35.839 [127373865897728] DEBUG - [FFMPEG] - Decoding VUI
Sep 12, 2026 02:03:35.841 [127373865897728] DEBUG - [FFMPEG] - Decoding VUI
Sep 12, 2026 02:03:35.844 [127373865897728] DEBUG - [FFMPEG] - Decoding VUI
Sep 12, 2026 02:03:35.845 [127373865897728] DEBUG - [FFMPEG] - Decoding VUI
Sep 12, 2026 02:03:35.846 [127373865897728] DEBUG - [FFMPEG] - Decoding VUI
Sep 12, 2026 02:03:35.848 [127373865897728] DEBUG - [FFMPEG] - Decoding VUI
Sep 12, 2026 02:03:35.849 [127373865897728] DEBUG - [FFMPEG] - Decoding VUI
Sep 12, 2026 02:03:35.850 [127373865897728] DEBUG - [FFMPEG] - Decoding VUI
Sep 12, 2026 02:03:35.851 [127373865897728] DEBUG - [FFMPEG] - Decoding VUI
Sep 12, 2026 02:03:35.852 [127373865897728] DEBUG - [FFMPEG] - Decoding VUI
Sep 12, 2026 02:03:35.854 [127373865897728] DEBUG - [FFMPEG] - Decoding VUI
Sep 12, 2026 02:03:35.854 [127373865897728] DEBUG - [FFMPEG] - Decoding VUI
Sep 12, 2026 02:03:35.856 [127373865897728] DEBUG - [FFMPEG] - Decoding VUI
Sep 12, 2026 02:03:35.857 [127373865897728] DEBUG - [FFMPEG] - Decoding VUI
Sep 12, 2026 02:03:35.858 [127373865897728] DEBUG - [FFMPEG] - Decoding VUI
Sep 12, 2026 02:03:35.860 [127373865897728] DEBUG - [FFMPEG] - Decoding VUI
Sep 12, 2026 02:03:35.862 [127373865897728] DEBUG - [FFMPEG] - Decoding VUI
Sep 12, 2026 02:03:35.862 [127373865897728] DEBUG - [FFMPEG] - Decoding VUI
Sep 12, 2026 02:03:35.863 [127373865897728] DEBUG - [FFMPEG] - Decoding VUI
Sep 12, 2026 02:03:35.864 [127373865897728] DEBUG - [FFMPEG] - Decoding VUI
Sep 12, 2026 02:03:35.865 [127373865897728] DEBUG - [FFMPEG] - Decoding VUI
Sep 12, 2026 02:03:35.866 [127373865897728] DEBUG - [FFMPEG] - Decoding VUI
Sep 12, 2026 02:03:35.867 [127373865897728] DEBUG - [FFMPEG] - Decoding VUI
Sep 12, 2026 02:03:35.868 [127373865897728] DEBUG - [FFMPEG] - Decoding VUI
Sep 12, 2026 02:03:35.869 [127373865897728] DEBUG - [FFMPEG] - Decoding VUI
Sep 12, 2026 02:03:35.869 [127373865897728] DEBUG - [FFMPEG] - Decoding VUI
Sep 12, 2026 02:03:35.870 [127373865897728] DEBUG - [FFMPEG] - Decoding VUI
Sep 12, 2026 02:03:35.870 [127373865897728] DEBUG - [FFMPEG] - Decoding VUI
Sep 12, 2026 02:03:35.871 [127373865897728] DEBUG - [FFMPEG] - Decoding VUI
Sep 12, 2026 02:03:35.872 [127373865897728] DEBUG - [FFMPEG] - Decoding VUI
Sep 12, 2026 02:03:35.874 [127373865897728] DEBUG - [FFMPEG] - Decoding VUI
Sep 12, 2026 02:03:35.875 [127373865897728] DEBUG - [FFMPEG] - Decoding VUI
Sep 12, 2026 02:03:35.876 [127373865897728] DEBUG - [FFMPEG] - Decoding VUI
Sep 12, 2026 02:03:35.877 [127373865897728] DEBUG - [FFMPEG] - Decoding VUI
Sep 12, 2026 02:03:35.878 [127373865897728] DEBUG - [FFMPEG] - Decoding VUI
Sep 12, 2026 02:03:35.879 [127373865897728] DEBUG - [FFMPEG] - Decoding VUI
Sep 12, 2026 02:03:35.880 [127373865897728] DEBUG - [FFMPEG] - Decoding VUI
Sep 12, 2026 02:03:35.880 [127373865897728] DEBUG - [FFMPEG] - Decoding VUI
Sep 12, 2026 02:03:35.883 [127373865897728] DEBUG - [FFMPEG] - Decoding VUI
Sep 12, 2026 02:03:35.884 [127373865897728] DEBUG - [FFMPEG] - Decoding VUI
Sep 12, 2026 02:03:35.886 [127373865897728] DEBUG - [FFMPEG] - Decoding VUI
Sep 12, 2026 02:03:35.887 [127373865897728] DEBUG - [FFMPEG] - Decoding VUI
Sep 12, 2026 02:03:35.887 [127373865897728] DEBUG - [FFMPEG] - Decoding VUI
Sep 12, 2026 02:03:35.889 [127373865897728] DEBUG - [FFMPEG] - Decoding VUI
Sep 12, 2026 02:03:35.890 [127373865897728] DEBUG - [FFMPEG] - Decoding VUI
Sep 12, 2026 02:03:35.891 [127373865897728] DEBUG - [FFMPEG] - Decoding VUI
Sep 12, 2026 02:03:35.892 [127373865897728] DEBUG - [FFMPEG] - Decoding VUI
Sep 12, 2026 02:03:35.893 [127373865897728] DEBUG - [FFMPEG] - Decoding VUI
Sep 12, 2026 02:03:35.894 [127373865897728] DEBUG - Deep Analysis: Read 80000 packets at 1440.091000
Sep 12, 2026 02:03:35.894 [127373865897728] DEBUG - [FFMPEG] - Decoding VUI
Sep 12, 2026 02:03:35.895 [127373865897728] DEBUG - [FFMPEG] - Decoding VUI
Sep 12, 2026 02:03:35.896 [127373865897728] DEBUG - [FFMPEG] - Decoding VUI
Sep 12, 2026 02:03:35.897 [127373865897728] DEBUG - [FFMPEG] - Decoding VUI
Sep 12, 2026 02:03:35.898 [127373865897728] DEBUG - [FFMPEG] - Decoding VUI
Sep 12, 2026 02:03:35.901 [127373865897728] DEBUG - [FFMPEG] - Decoding VUI
Sep 12, 2026 02:03:35.902 [127373865897728] DEBUG - [FFMPEG] - Decoding VUI
Sep 12, 2026 02:03:35.903 [127373865897728] DEBUG - [FFMPEG] - Decoding VUI
Sep 12, 2026 02:03:35.904 [127373865897728] DEBUG - [FFMPEG] - Decoding VUI
Sep 12, 2026 02:03:35.905 [127373865897728] DEBUG - [FFMPEG] - Decoding VUI
Sep 12, 2026 02:03:35.906 [127373865897728] DEBUG - [FFMPEG] - Decoding VUI
Sep 12, 2026 02:03:35.907 [127373865897728] DEBUG - [FFMPEG] - Decoding VUI
Sep 12, 2026 02:03:35.908 [127373865897728] DEBUG - [FFMPEG] - Decoding VUI
Sep 12, 2026 02:03:35.909 [127373865897728] DEBUG - [FFMPEG] - Decoding VUI
Sep 12, 2026 02:03:35.910 [127373865897728] DEBUG - [FFMPEG] - Decoding VUI
Sep 12, 2026 02:03:35.912 [127373865897728] DEBUG - [FFMPEG] - Decoding VUI
Sep 12, 2026 02:03:35.913 [127373865897728] DEBUG - [FFMPEG] - Decoding VUI
Sep 12, 2026 02:03:35.914 [127373865897728] DEBUG - [FFMPEG] - Decoding VUI
Sep 12, 2026 02:03:35.915 [127373865897728] DEBUG - [FFMPEG] - Decoding VUI
Sep 12, 2026 02:03:35.917 [127373865897728] DEBUG - [FFMPEG] - Decoding VUI
Sep 12, 2026 02:03:35.918 [127373865897728] DEBUG - [FFMPEG] - Decoding VUI
Sep 12, 2026 02:03:35.920 [127373865897728] DEBUG - [FFMPEG] - Decoding VUI
Sep 12, 2026 02:03:35.920 [127373865897728] DEBUG - [FFMPEG] - Decoding VUI
Sep 12, 2026 02:03:35.921 [127373865897728] DEBUG - [FFMPEG] - Decoding VUI
Sep 12, 2026 02:03:35.922 [127373865897728] DEBUG - [FFMPEG] - Decoding VUI
Sep 12, 2026 02:03:35.923 [127373865897728] DEBUG - [FFMPEG] - Decoding VUI
Sep 12, 2026 02:03:35.925 [127373865897728] DEBUG - [FFMPEG] - Decoding VUI
Sep 12, 2026 02:03:35.927 [127373865897728] DEBUG - [FFMPEG] - Decoding VUI
Sep 12, 2026 02:03:35.928 [127373865897728] DEBUG - [FFMPEG] - Decoding VUI
Sep 12, 2026 02:03:35.929 [127373865897728] DEBUG - [FFMPEG] - Decoding VUI
Sep 12, 2026 02:03:35.931 [127373865897728] DEBUG - [FFMPEG] - Decoding VUI
Sep 12, 2026 02:03:35.932 [127373865897728] DEBUG - [FFMPEG] - Decoding VUI
Sep 12, 2026 02:03:35.933 [127373865897728] DEBUG - [FFMPEG] - Decoding VUI
Sep 12, 2026 02:03:35.933 [127373865897728] DEBUG - [FFMPEG] - Decoding VUI
Sep 12, 2026 02:03:35.934 [127373865897728] DEBUG - [FFMPEG] - Decoding VUI
Sep 12, 2026 02:03:35.936 [127373865897728] DEBUG - [FFMPEG] - Decoding VUI
Sep 12, 2026 02:03:35.937 [127373865897728] DEBUG - [FFMPEG] - Decoding VUI
Sep 12, 2026 02:03:35.938 [127373865897728] DEBUG - [FFMPEG] - Decoding VUI
Sep 12, 2026 02:03:35.940 [127373865897728] DEBUG - [FFMPEG] - Decoding VUI
Sep 12, 2026 02:03:35.941 [127373865897728] DEBUG - [FFMPEG] - Decoding VUI
Sep 12, 2026 02:03:35.942 [127373865897728] DEBUG - [FFMPEG] - Decoding VUI
Sep 12, 2026 02:03:35.943 [127373865897728] DEBUG - [FFMPEG] - Decoding VUI
Sep 12, 2026 02:03:35.945 [127373865897728] DEBUG - [FFMPEG] - Decoding VUI
Sep 12, 2026 02:03:35.945 [127373865897728] DEBUG - [FFMPEG] - Decoding VUI
Sep 12, 2026 02:03:35.947 [127373865897728] DEBUG - [FFMPEG] - Decoding VUI
Sep 12, 2026 02:03:35.949 [127373865897728] DEBUG - [FFMPEG] - Decoding VUI
Sep 12, 2026 02:03:35.950 [127373865897728] DEBUG - [FFMPEG] - Decoding VUI
Sep 12, 2026 02:03:35.951 [127373865897728] DEBUG - [FFMPEG] - Decoding VUI
Sep 12, 2026 02:03:35.952 [127373865897728] DEBUG - [FFMPEG] - Decoding VUI
Sep 12, 2026 02:03:35.954 [127373865897728] DEBUG - [FFMPEG] - Decoding VUI
Sep 12, 2026 02:03:35.955 [127373865897728] DEBUG - [FFMPEG] - Decoding VUI
Sep 12, 2026 02:03:35.956 [127373865897728] DEBUG - [FFMPEG] - Decoding VUI
Sep 12, 2026 02:03:35.959 [127373865897728] DEBUG - [FFMPEG] - Decoding VUI
Sep 12, 2026 02:03:35.960 [127373865897728] DEBUG - [FFMPEG] - Decoding VUI
Sep 12, 2026 02:03:35.961 [127373865897728] DEBUG - [FFMPEG] - Decoding VUI
Sep 12, 2026 02:03:35.962 [127373865897728] DEBUG - [FFMPEG] - Decoding VUI
Sep 12, 2026 02:03:35.962 [127373865897728] DEBUG - [FFMPEG] - Decoding VUI
Sep 12, 2026 02:03:35.963 [127373865897728] DEBUG - [FFMPEG] - Decoding VUI
Sep 12, 2026 02:03:35.964 [127373865897728] DEBUG - [FFMPEG] - Decoding VUI
Sep 12, 2026 02:03:35.965 [127373865897728] DEBUG - [FFMPEG] - Decoding VUI
Sep 12, 2026 02:03:35.967 [127373865897728] DEBUG - [FFMPEG] - Decoding VUI
Sep 12, 2026 02:03:35.970 [127373865897728] DEBUG - [FFMPEG] - Decoding VUI
Sep 12, 2026 02:03:35.971 [127373865897728] DEBUG - [FFMPEG] - Decoding VUI
Sep 12, 2026 02:03:35.972 [127373865897728] DEBUG - [FFMPEG] - Decoding VUI
Sep 12, 2026 02:03:35.974 [127373865897728] DEBUG - [FFMPEG] - Decoding VUI
Sep 12, 2026 02:03:35.977 [127373865897728] DEBUG - [FFMPEG] - Decoding VUI
Sep 12, 2026 02:03:35.979 [127373865897728] DEBUG - [FFMPEG] - Decoding VUI
Sep 12, 2026 02:03:35.980 [127373865897728] DEBUG - [FFMPEG] - Decoding VUI
Sep 12, 2026 02:03:35.981 [127373865897728] DEBUG - [FFMPEG] - Decoding VUI
Sep 12, 2026 02:03:35.983 [127373865897728] DEBUG - [FFMPEG] - Decoding VUI
Sep 12, 2026 02:03:35.984 [127373865897728] DEBUG - [FFMPEG] - Decoding VUI
Sep 12, 2026 02:03:35.985 [127373865897728] DEBUG - Deep Analysis: Read 90000 packets at 1619.762000
Sep 12, 2026 02:03:35.986 [127373865897728] DEBUG - [FFMPEG] - Decoding VUI
Sep 12, 2026 02:03:35.987 [127373865897728] DEBUG - [FFMPEG] - Decoding VUI
Sep 12, 2026 02:03:35.988 [127373865897728] DEBUG - [FFMPEG] - Decoding VUI
Sep 12, 2026 02:03:35.989 [127373865897728] DEBUG - [FFMPEG] - Decoding VUI
Sep 12, 2026 02:03:35.993 [127373865897728] DEBUG - [FFMPEG] - Decoding VUI
Sep 12, 2026 02:03:35.993 [127373865897728] DEBUG - [FFMPEG] - Decoding VUI
Sep 12, 2026 02:03:35.995 [127373865897728] DEBUG - [FFMPEG] - Decoding VUI
Sep 12, 2026 02:03:35.996 [127373865897728] DEBUG - [FFMPEG] - Decoding VUI
Sep 12, 2026 02:03:35.997 [127373865897728] DEBUG - [FFMPEG] - Decoding VUI
Sep 12, 2026 02:03:35.998 [127373865897728] DEBUG - [FFMPEG] - Decoding VUI
Sep 12, 2026 02:03:36.000 [127373865897728] DEBUG - [FFMPEG] - Decoding VUI
Sep 12, 2026 02:03:36.002 [127373865897728] DEBUG - [FFMPEG] - Decoding VUI
Sep 12, 2026 02:03:36.002 [127373865897728] DEBUG - [FFMPEG] - Decoding VUI
Sep 12, 2026 02:03:36.004 [127373865897728] DEBUG - [FFMPEG] - Decoding VUI
Sep 12, 2026 02:03:36.004 [127373865897728] DEBUG - [FFMPEG] - Decoding VUI
Sep 12, 2026 02:03:36.005 [127373865897728] DEBUG - [FFMPEG] - Decoding VUI
Sep 12, 2026 02:03:36.006 [127373865897728] DEBUG - [FFMPEG] - Decoding VUI
Sep 12, 2026 02:03:36.006 [127373865897728] DEBUG - [FFMPEG] - Decoding VUI
Sep 12, 2026 02:03:36.008 [127373865897728] DEBUG - [FFMPEG] - Decoding VUI
Sep 12, 2026 02:03:36.009 [127373865897728] DEBUG - [FFMPEG] - Decoding VUI
Sep 12, 2026 02:03:36.013 [127373865897728] DEBUG - [FFMPEG] - Decoding VUI
Sep 12, 2026 02:03:36.017 [127373865897728] DEBUG - [FFMPEG] - Decoding VUI
Sep 12, 2026 02:03:36.022 [127373865897728] DEBUG - [FFMPEG] - Decoding VUI
Sep 12, 2026 02:03:36.026 [127373865897728] DEBUG - [FFMPEG] - Decoding VUI
Sep 12, 2026 02:03:36.029 [127373865897728] DEBUG - [FFMPEG] - Decoding VUI
Sep 12, 2026 02:03:36.033 [127373865897728] DEBUG - [FFMPEG] - Decoding VUI
Sep 12, 2026 02:03:36.036 [127373865897728] DEBUG - [FFMPEG] - Decoding VUI
Sep 12, 2026 02:03:36.039 [127373865897728] DEBUG - [FFMPEG] - Decoding VUI
Sep 12, 2026 02:03:36.040 [127373865897728] DEBUG - [FFMPEG] - Decoding VUI
Sep 12, 2026 02:03:36.042 [127373865897728] DEBUG - [FFMPEG] - Decoding VUI
Sep 12, 2026 02:03:36.046 [127373865897728] DEBUG - [FFMPEG] - Decoding VUI
Sep 12, 2026 02:03:36.050 [127373865897728] DEBUG - [FFMPEG] - Decoding VUI
Sep 12, 2026 02:03:36.050 [127373865897728] DEBUG - [FFMPEG] - Decoding VUI
Sep 12, 2026 02:03:36.052 [127373865897728] DEBUG - [FFMPEG] - Decoding VUI
Sep 12, 2026 02:03:36.053 [127373865897728] DEBUG - [FFMPEG] - Decoding VUI
Sep 12, 2026 02:03:36.055 [127373865897728] DEBUG - [FFMPEG] - Decoding VUI
Sep 12, 2026 02:03:36.055 [127373865897728] DEBUG - [FFMPEG] - Decoding VUI
Sep 12, 2026 02:03:36.059 [127373865897728] DEBUG - [FFMPEG] - Decoding VUI
Sep 12, 2026 02:03:36.060 [127373865897728] DEBUG - [FFMPEG] - Decoding VUI
Sep 12, 2026 02:03:36.061 [127373865897728] DEBUG - [FFMPEG] - Decoding VUI
Sep 12, 2026 02:03:36.062 [127373865897728] DEBUG - [FFMPEG] - Decoding VUI
Sep 12, 2026 02:03:36.063 [127373865897728] DEBUG - [FFMPEG] - Decoding VUI
Sep 12, 2026 02:03:36.064 [127373865897728] DEBUG - [FFMPEG] - Decoding VUI
Sep 12, 2026 02:03:36.065 [127373865897728] DEBUG - [FFMPEG] - Decoding VUI
Sep 12, 2026 02:03:36.066 [127373865897728] DEBUG - [FFMPEG] - Decoding VUI
Sep 12, 2026 02:03:36.067 [127373865897728] DEBUG - [FFMPEG] - Decoding VUI
Sep 12, 2026 02:03:36.069 [127373865897728] DEBUG - [FFMPEG] - Decoding VUI
Sep 12, 2026 02:03:36.070 [127373865897728] DEBUG - [FFMPEG] - Decoding VUI
Sep 12, 2026 02:03:36.072 [127373865897728] DEBUG - [FFMPEG] - Decoding VUI
Sep 12, 2026 02:03:36.072 [127373865897728] DEBUG - [FFMPEG] - Decoding VUI
Sep 12, 2026 02:03:36.075 [127373865897728] DEBUG - [FFMPEG] - Decoding VUI
Sep 12, 2026 02:03:36.076 [127373865897728] DEBUG - [FFMPEG] - Decoding VUI
Sep 12, 2026 02:03:36.077 [127373865897728] DEBUG - [FFMPEG] - Decoding VUI
Sep 12, 2026 02:03:36.079 [127373865897728] DEBUG - [FFMPEG] - Decoding VUI
Sep 12, 2026 02:03:36.079 [127373865897728] DEBUG - [FFMPEG] - Decoding VUI
Sep 12, 2026 02:03:36.082 [127373865897728] DEBUG - [FFMPEG] - Decoding VUI
Sep 12, 2026 02:03:36.083 [127373865897728] DEBUG - [FFMPEG] - Decoding VUI
Sep 12, 2026 02:03:36.084 [127373865897728] DEBUG - [FFMPEG] - Decoding VUI
Sep 12, 2026 02:03:36.085 [127373865897728] DEBUG - [FFMPEG] - Decoding VUI
Sep 12, 2026 02:03:36.086 [127373865897728] DEBUG - [FFMPEG] - Decoding VUI
Sep 12, 2026 02:03:36.087 [127373865897728] DEBUG - [FFMPEG] - Decoding VUI
Sep 12, 2026 02:03:36.088 [127373865897728] DEBUG - [FFMPEG] - Decoding VUI
Sep 12, 2026 02:03:36.089 [127373865897728] DEBUG - [FFMPEG] - Decoding VUI
Sep 12, 2026 02:03:36.092 [127373865897728] DEBUG - [FFMPEG] - Decoding VUI
Sep 12, 2026 02:03:36.092 [127373865897728] DEBUG - [FFMPEG] - Decoding VUI
Sep 12, 2026 02:03:36.093 [127373865897728] DEBUG - [FFMPEG] - Decoding VUI
Sep 12, 2026 02:03:36.095 [127373865897728] DEBUG - [FFMPEG] - Decoding VUI
Sep 12, 2026 02:03:36.097 [127373865897728] DEBUG - [FFMPEG] - Decoding VUI
Sep 12, 2026 02:03:36.098 [127373865897728] DEBUG - [FFMPEG] - Decoding VUI
Sep 12, 2026 02:03:36.099 [127373865897728] DEBUG - [FFMPEG] - Decoding VUI
Sep 12, 2026 02:03:36.101 [127373865897728] DEBUG - [FFMPEG] - Decoding VUI
Sep 12, 2026 02:03:36.103 [127373865897728] DEBUG - [FFMPEG] - Decoding VUI
Sep 12, 2026 02:03:36.105 [127373865897728] DEBUG - [FFMPEG] - Decoding VUI
Sep 12, 2026 02:03:36.106 [127373865897728] DEBUG - [FFMPEG] - Decoding VUI
Sep 12, 2026 02:03:36.107 [127373865897728] DEBUG - Deep Analysis: Read 100000 packets at 1799.378000
Sep 12, 2026 02:03:36.107 [127373865897728] DEBUG - [FFMPEG] - Decoding VUI
Sep 12, 2026 02:03:36.108 [127373865897728] DEBUG - [FFMPEG] - Decoding VUI
Sep 12, 2026 02:03:36.109 [127373865897728] DEBUG - [FFMPEG] - Decoding VUI
Sep 12, 2026 02:03:36.110 [127373865897728] DEBUG - [FFMPEG] - Decoding VUI
Sep 12, 2026 02:03:36.111 [127373865897728] DEBUG - [FFMPEG] - Decoding VUI
Sep 12, 2026 02:03:36.114 [127373865897728] DEBUG - [FFMPEG] - Decoding VUI
Sep 12, 2026 02:03:36.115 [127373865897728] DEBUG - [FFMPEG] - Decoding VUI
Sep 12, 2026 02:03:36.116 [127373865897728] DEBUG - [FFMPEG] - Decoding VUI
Sep 12, 2026 02:03:36.117 [127373865897728] DEBUG - [FFMPEG] - Decoding VUI
Sep 12, 2026 02:03:36.119 [127373865897728] DEBUG - [FFMPEG] - Decoding VUI
Sep 12, 2026 02:03:36.120 [127373865897728] DEBUG - [FFMPEG] - Decoding VUI
Sep 12, 2026 02:03:36.123 [127373865897728] DEBUG - [FFMPEG] - Decoding VUI
Sep 12, 2026 02:03:36.124 [127373865897728] DEBUG - [FFMPEG] - Decoding VUI
Sep 12, 2026 02:03:36.126 [127373865897728] DEBUG - [FFMPEG] - Decoding VUI
Sep 12, 2026 02:03:36.128 [127373865897728] DEBUG - [FFMPEG] - Decoding VUI
Sep 12, 2026 02:03:36.130 [127373865897728] DEBUG - [FFMPEG] - Decoding VUI
Sep 12, 2026 02:03:36.131 [127373865897728] DEBUG - [FFMPEG] - Decoding VUI
Sep 12, 2026 02:03:36.134 [127373865897728] DEBUG - [FFMPEG] - Decoding VUI
Sep 12, 2026 02:03:36.135 [127373865897728] DEBUG - [FFMPEG] - Decoding VUI
Sep 12, 2026 02:03:36.136 [127373865897728] DEBUG - [FFMPEG] - Decoding VUI
Sep 12, 2026 02:03:36.137 [127373865897728] DEBUG - [FFMPEG] - Decoding VUI
Sep 12, 2026 02:03:36.139 [127373865897728] DEBUG - [FFMPEG] - Decoding VUI
Sep 12, 2026 02:03:36.140 [127373865897728] DEBUG - [FFMPEG] - Decoding VUI
Sep 12, 2026 02:03:36.142 [127373865897728] DEBUG - [FFMPEG] - Decoding VUI
Sep 12, 2026 02:03:36.143 [127373865897728] DEBUG - [FFMPEG] - Decoding VUI
Sep 12, 2026 02:03:36.145 [127373865897728] DEBUG - [FFMPEG] - Decoding VUI
Sep 12, 2026 02:03:36.147 [127373865897728] DEBUG - [FFMPEG] - Decoding VUI
Sep 12, 2026 02:03:36.147 [127373865897728] DEBUG - [FFMPEG] - Decoding VUI
Sep 12, 2026 02:03:36.149 [127373865897728] DEBUG - [FFMPEG] - Decoding VUI
Sep 12, 2026 02:03:36.150 [127373865897728] DEBUG - [FFMPEG] - Decoding VUI
Sep 12, 2026 02:03:36.151 [127373865897728] DEBUG - [FFMPEG] - Decoding VUI
Sep 12, 2026 02:03:36.154 [127373865897728] DEBUG - [FFMPEG] - Decoding VUI
Sep 12, 2026 02:03:36.156 [127373865897728] DEBUG - [FFMPEG] - Decoding VUI
Sep 12, 2026 02:03:36.159 [127373865897728] ERROR - [FFMPEG] - 0x00 at pos 744686217 (0x2c630289) invalid as first byte of an EBML number
Sep 12, 2026 02:03:36.163 [127373865897728] DEBUG - [FFMPEG] - Decoding VUI
Sep 12, 2026 02:03:36.166 [127373865897728] DEBUG - [FFMPEG] - Decoding VUI
Sep 12, 2026 02:03:36.167 [127373865897728] DEBUG - [FFMPEG] - Decoding VUI
Sep 12, 2026 02:03:36.168 [127373865897728] DEBUG - [FFMPEG] - Decoding VUI
Sep 12, 2026 02:03:36.170 [127373865897728] DEBUG - [FFMPEG] - Decoding VUI
Sep 12, 2026 02:03:36.171 [127373865897728] DEBUG - [FFMPEG] - Decoding VUI
Sep 12, 2026 02:03:36.173 [127373865897728] DEBUG - [FFMPEG] - Decoding VUI
Sep 12, 2026 02:03:36.175 [127373865897728] DEBUG - [FFMPEG] - Decoding VUI
Sep 12, 2026 02:03:36.178 [127373865897728] DEBUG - [FFMPEG] - Decoding VUI
Sep 12, 2026 02:03:36.179 [127373865897728] DEBUG - [FFMPEG] - Decoding VUI
Sep 12, 2026 02:03:36.183 [127373865897728] DEBUG - [FFMPEG] - Decoding VUI
Sep 12, 2026 02:03:36.186 [127373865897728] DEBUG - [FFMPEG] - Decoding VUI
Sep 12, 2026 02:03:36.193 [127373865897728] DEBUG - [FFMPEG] - Decoding VUI
Sep 12, 2026 02:03:36.194 [127373865897728] DEBUG - [FFMPEG] - Decoding VUI
Sep 12, 2026 02:03:36.201 [127373865897728] DEBUG - [FFMPEG] - Decoding VUI
Sep 12, 2026 02:03:36.203 [127373865897728] DEBUG - [FFMPEG] - Decoding VUI
Sep 12, 2026 02:03:36.206 [127373865897728] DEBUG - [FFMPEG] - Decoding VUI
Sep 12, 2026 02:03:36.210 [127373865897728] DEBUG - [FFMPEG] - Decoding VUI
Sep 12, 2026 02:03:36.216 [127373865897728] DEBUG - [FFMPEG] - Decoding VUI
Sep 12, 2026 02:03:36.218 [127373865897728] DEBUG - [FFMPEG] - Decoding VUI
Sep 12, 2026 02:03:36.220 [127373865897728] DEBUG - [FFMPEG] - Decoding VUI
Sep 12, 2026 02:03:36.228 [127373865897728] DEBUG - [FFMPEG] - Decoding VUI
Sep 12, 2026 02:03:36.229 [127373865897728] DEBUG - [FFMPEG] - Decoding VUI
Sep 12, 2026 02:03:36.231 [127373865897728] ERROR - [FFMPEG] - 0x00 at pos 798485949 (0x2f97edbd) invalid as first byte of an EBML number
Sep 12, 2026 02:03:36.231 [127373865897728] DEBUG - [FFMPEG] - Decoding VUI
Sep 12, 2026 02:03:36.235 [127373865897728] DEBUG - [FFMPEG] - Decoding VUI
Sep 12, 2026 02:03:36.236 [127373865897728] DEBUG - [FFMPEG] - Decoding VUI
Sep 12, 2026 02:03:36.239 [127373865897728] DEBUG - [FFMPEG] - Decoding VUI
Sep 12, 2026 02:03:36.240 [127373865897728] DEBUG - [FFMPEG] - Decoding VUI
Sep 12, 2026 02:03:36.241 [127373865897728] DEBUG - [FFMPEG] - Decoding VUI
Sep 12, 2026 02:03:36.242 [127373865897728] DEBUG - [FFMPEG] - Decoding VUI
Sep 12, 2026 02:03:36.242 [127373865897728] DEBUG - [FFMPEG] - Decoding VUI
Sep 12, 2026 02:03:36.243 [127373865897728] DEBUG - [FFMPEG] - Decoding VUI
Sep 12, 2026 02:03:36.244 [127373865897728] DEBUG - [FFMPEG] - Decoding VUI
Sep 12, 2026 02:03:36.249 [127373865897728] DEBUG - [FFMPEG] - Decoding VUI
Sep 12, 2026 02:03:36.252 [127373865897728] DEBUG - [FFMPEG] - Decoding VUI
Sep 12, 2026 02:03:36.254 [127373865897728] DEBUG - [FFMPEG] - Decoding VUI
Sep 12, 2026 02:03:36.258 [127373865897728] DEBUG - [FFMPEG] - Decoding VUI
Sep 12, 2026 02:03:36.260 [127373865897728] DEBUG - [FFMPEG] - Decoding VUI
Sep 12, 2026 02:03:36.262 [127373865897728] DEBUG - [FFMPEG] - Decoding VUI
Sep 12, 2026 02:03:36.263 [127373865897728] DEBUG - [FFMPEG] - Decoding VUI
Sep 12, 2026 02:03:36.264 [127373865897728] DEBUG - [FFMPEG] - Decoding VUI
Sep 12, 2026 02:03:36.267 [127373865897728] DEBUG - [FFMPEG] - Decoding VUI
Sep 12, 2026 02:03:36.269 [127373865897728] DEBUG - [FFMPEG] - Decoding VUI
Sep 12, 2026 02:03:36.271 [127373865897728] ERROR - [FFMPEG] - 0x00 at pos 828782301 (0x316636dd) invalid as first byte of an EBML number
Sep 12, 2026 02:03:36.273 [127373865897728] DEBUG - [FFMPEG] - Decoding VUI
Sep 12, 2026 02:03:36.274 [127373865897728] DEBUG - Deep Analysis: Read 110000 packets at 1981.170000
Sep 12, 2026 02:03:36.274 [127373865897728] DEBUG - [FFMPEG] - Decoding VUI
Sep 12, 2026 02:03:36.279 [127373865897728] DEBUG - [FFMPEG] - Decoding VUI
Sep 12, 2026 02:03:36.281 [127373865897728] DEBUG - [FFMPEG] - Decoding VUI
Sep 12, 2026 02:03:36.283 [127373865897728] DEBUG - [FFMPEG] - Decoding VUI
Sep 12, 2026 02:03:36.283 [127373865897728] DEBUG - [FFMPEG] - Decoding VUI
Sep 12, 2026 02:03:36.285 [127373865897728] DEBUG - [FFMPEG] - Decoding VUI
Sep 12, 2026 02:03:36.286 [127373865897728] DEBUG - [FFMPEG] - Decoding VUI
Sep 12, 2026 02:03:36.287 [127373865897728] DEBUG - [FFMPEG] - Decoding VUI
Sep 12, 2026 02:03:36.288 [127373865897728] DEBUG - [FFMPEG] - Decoding VUI
Sep 12, 2026 02:03:36.289 [127373865897728] DEBUG - [FFMPEG] - Decoding VUI
Sep 12, 2026 02:03:36.290 [127373865897728] DEBUG - [FFMPEG] - Decoding VUI
Sep 12, 2026 02:03:36.291 [127373865897728] DEBUG - [FFMPEG] - Decoding VUI
Sep 12, 2026 02:03:36.293 [127373865897728] DEBUG - [FFMPEG] - Decoding VUI
Sep 12, 2026 02:03:36.294 [127373865897728] DEBUG - [FFMPEG] - Decoding VUI
Sep 12, 2026 02:03:36.297 [127373865897728] DEBUG - [FFMPEG] - Decoding VUI
Sep 12, 2026 02:03:36.302 [127373865897728] DEBUG - [FFMPEG] - Decoding VUI
Sep 12, 2026 02:03:36.305 [127373865897728] DEBUG - [FFMPEG] - Decoding VUI
Sep 12, 2026 02:03:36.308 [127373865897728] DEBUG - [FFMPEG] - Decoding VUI
Sep 12, 2026 02:03:36.309 [127373865897728] DEBUG - [FFMPEG] - Decoding VUI
Sep 12, 2026 02:03:36.310 [127373865897728] DEBUG - [FFMPEG] - Decoding VUI
Sep 12, 2026 02:03:36.311 [127373865897728] DEBUG - [FFMPEG] - Decoding VUI
Sep 12, 2026 02:03:36.313 [127373865897728] DEBUG - [FFMPEG] - Decoding VUI
Sep 12, 2026 02:03:36.313 [127373865897728] DEBUG - [FFMPEG] - Decoding VUI
Sep 12, 2026 02:03:36.314 [127373865897728] DEBUG - [FFMPEG] - Decoding VUI
Sep 12, 2026 02:03:36.317 [127373865897728] DEBUG - [FFMPEG] - Decoding VUI
Sep 12, 2026 02:03:36.317 [127373865897728] DEBUG - [FFMPEG] - Decoding VUI
Sep 12, 2026 02:03:36.320 [127373865897728] DEBUG - [FFMPEG] - Decoding VUI
Sep 12, 2026 02:03:36.322 [127373865897728] DEBUG - [FFMPEG] - Decoding VUI
Sep 12, 2026 02:03:36.323 [127373865897728] DEBUG - [FFMPEG] - Decoding VUI
Sep 12, 2026 02:03:36.324 [127373865897728] DEBUG - [FFMPEG] - Decoding VUI
Sep 12, 2026 02:03:36.325 [127373865897728] DEBUG - [FFMPEG] - Decoding VUI
Sep 12, 2026 02:03:36.326 [127373865897728] DEBUG - [FFMPEG] - Decoding VUI
Sep 12, 2026 02:03:36.327 [127373865897728] DEBUG - [FFMPEG] - Decoding VUI
Sep 12, 2026 02:03:36.328 [127373865897728] DEBUG - [FFMPEG] - Decoding VUI
Sep 12, 2026 02:03:36.329 [127373865897728] DEBUG - [FFMPEG] - Decoding VUI
Sep 12, 2026 02:03:36.330 [127373865897728] DEBUG - [FFMPEG] - Decoding VUI
Sep 12, 2026 02:03:36.332 [127373865897728] DEBUG - [FFMPEG] - Decoding VUI
Sep 12, 2026 02:03:36.332 [127373865897728] DEBUG - [FFMPEG] - Decoding VUI
Sep 12, 2026 02:03:36.333 [127373865897728] DEBUG - [FFMPEG] - Decoding VUI
Sep 12, 2026 02:03:36.334 [127373865897728] DEBUG - [FFMPEG] - Decoding VUI
Sep 12, 2026 02:03:36.335 [127373865897728] DEBUG - [FFMPEG] - Decoding VUI
Sep 12, 2026 02:03:36.337 [127373865897728] DEBUG - [FFMPEG] - Decoding VUI
Sep 12, 2026 02:03:36.338 [127373865897728] DEBUG - [FFMPEG] - Decoding VUI
Sep 12, 2026 02:03:36.339 [127373865897728] DEBUG - [FFMPEG] - Decoding VUI
Sep 12, 2026 02:03:36.341 [127373865897728] DEBUG - [FFMPEG] - Decoding VUI
Sep 12, 2026 02:03:36.343 [127373865897728] DEBUG - [FFMPEG] - Decoding VUI
Sep 12, 2026 02:03:36.346 [127373865897728] DEBUG - [FFMPEG] - Decoding VUI
Sep 12, 2026 02:03:36.347 [127373865897728] DEBUG - [FFMPEG] - Decoding VUI
Sep 12, 2026 02:03:36.348 [127373865897728] DEBUG - [FFMPEG] - Decoding VUI
Sep 12, 2026 02:03:36.349 [127373865897728] DEBUG - [FFMPEG] - Decoding VUI
Sep 12, 2026 02:03:36.352 [127373865897728] DEBUG - [FFMPEG] - Decoding VUI
Sep 12, 2026 02:03:36.353 [127373865897728] DEBUG - [FFMPEG] - Decoding VUI
Sep 12, 2026 02:03:36.354 [127373865897728] DEBUG - [FFMPEG] - Decoding VUI
Sep 12, 2026 02:03:36.355 [127373865897728] DEBUG - [FFMPEG] - Decoding VUI
Sep 12, 2026 02:03:36.356 [127373865897728] DEBUG - [FFMPEG] - Decoding VUI
Sep 12, 2026 02:03:36.357 [127373865897728] DEBUG - [FFMPEG] - Decoding VUI
Sep 12, 2026 02:03:36.358 [127373865897728] DEBUG - [FFMPEG] - Decoding VUI
Sep 12, 2026 02:03:36.358 [127373865897728] DEBUG - [FFMPEG] - Decoding VUI
Sep 12, 2026 02:03:36.359 [127373865897728] DEBUG - [FFMPEG] - Decoding VUI
Sep 12, 2026 02:03:36.360 [127373865897728] DEBUG - [FFMPEG] - Decoding VUI
Sep 12, 2026 02:03:36.362 [127373865897728] DEBUG - [FFMPEG] - Decoding VUI
Sep 12, 2026 02:03:36.363 [127373865897728] DEBUG - [FFMPEG] - Decoding VUI
Sep 12, 2026 02:03:36.363 [127373865897728] DEBUG - [FFMPEG] - Decoding VUI
Sep 12, 2026 02:03:36.364 [127373865897728] DEBUG - [FFMPEG] - Decoding VUI
Sep 12, 2026 02:03:36.365 [127373865897728] DEBUG - [FFMPEG] - Decoding VUI
Sep 12, 2026 02:03:36.366 [127373865897728] DEBUG - [FFMPEG] - Decoding VUI
Sep 12, 2026 02:03:36.368 [127373865897728] DEBUG - [FFMPEG] - Decoding VUI
Sep 12, 2026 02:03:36.369 [127373865897728] DEBUG - [FFMPEG] - Decoding VUI
Sep 12, 2026 02:03:36.370 [127373865897728] DEBUG - [FFMPEG] - Decoding VUI
Sep 12, 2026 02:03:36.371 [127373865897728] DEBUG - [FFMPEG] - Decoding VUI
Sep 12, 2026 02:03:36.372 [127373865897728] DEBUG - [FFMPEG] - Decoding VUI
Sep 12, 2026 02:03:36.373 [127373865897728] DEBUG - [FFMPEG] - Decoding VUI
Sep 12, 2026 02:03:36.374 [127373865897728] DEBUG - [FFMPEG] - Decoding VUI
Sep 12, 2026 02:03:36.376 [127373865897728] DEBUG - [FFMPEG] - Decoding VUI
Sep 12, 2026 02:03:36.378 [127373865897728] DEBUG - [FFMPEG] - Decoding VUI
Sep 12, 2026 02:03:36.378 [127373865897728] DEBUG - Deep Analysis: Read 120000 packets at 2160.459000
Sep 12, 2026 02:03:36.379 [127373865897728] DEBUG - [FFMPEG] - Decoding VUI
Sep 12, 2026 02:03:36.381 [127373865897728] DEBUG - [FFMPEG] - Decoding VUI
Sep 12, 2026 02:03:36.381 [127373865897728] DEBUG - [FFMPEG] - Decoding VUI
Sep 12, 2026 02:03:36.383 [127373865897728] DEBUG - [FFMPEG] - Decoding VUI
Sep 12, 2026 02:03:36.386 [127373865897728] DEBUG - [FFMPEG] - Decoding VUI
Sep 12, 2026 02:03:36.388 [127373865897728] DEBUG - [FFMPEG] - Decoding VUI
Sep 12, 2026 02:03:36.389 [127373865897728] DEBUG - [FFMPEG] - Decoding VUI
Sep 12, 2026 02:03:36.390 [127373865897728] DEBUG - [FFMPEG] - Decoding VUI
Sep 12, 2026 02:03:36.391 [127373865897728] DEBUG - [FFMPEG] - Decoding VUI
Sep 12, 2026 02:03:36.392 [127373865897728] DEBUG - [FFMPEG] - Decoding VUI
Sep 12, 2026 02:03:36.394 [127373865897728] DEBUG - [FFMPEG] - Decoding VUI
Sep 12, 2026 02:03:36.395 [127373865897728] DEBUG - [FFMPEG] - Decoding VUI
Sep 12, 2026 02:03:36.396 [127373865897728] DEBUG - [FFMPEG] - Decoding VUI
Sep 12, 2026 02:03:36.397 [127373865897728] DEBUG - [FFMPEG] - Decoding VUI
Sep 12, 2026 02:03:36.398 [127373865897728] DEBUG - [FFMPEG] - Decoding VUI
Sep 12, 2026 02:03:36.398 [127373865897728] DEBUG - [FFMPEG] - Decoding VUI
Sep 12, 2026 02:03:36.400 [127373865897728] DEBUG - [FFMPEG] - Decoding VUI
Sep 12, 2026 02:03:36.401 [127373865897728] DEBUG - [FFMPEG] - Decoding VUI
Sep 12, 2026 02:03:36.402 [127373865897728] DEBUG - [FFMPEG] - Decoding VUI
Sep 12, 2026 02:03:36.402 [127373865897728] DEBUG - [FFMPEG] - Decoding VUI
Sep 12, 2026 02:03:36.403 [127373865897728] DEBUG - [FFMPEG] - Decoding VUI
Sep 12, 2026 02:03:36.404 [127373865897728] DEBUG - [FFMPEG] - Decoding VUI
Sep 12, 2026 02:03:36.407 [127373865897728] DEBUG - [FFMPEG] - Decoding VUI
Sep 12, 2026 02:03:36.408 [127373865897728] DEBUG - [FFMPEG] - Decoding VUI
Sep 12, 2026 02:03:36.410 [127373865897728] DEBUG - [FFMPEG] - Decoding VUI
Sep 12, 2026 02:03:36.412 [127373865897728] DEBUG - [FFMPEG] - Decoding VUI
Sep 12, 2026 02:03:36.413 [127373865897728] DEBUG - [FFMPEG] - Decoding VUI
Sep 12, 2026 02:03:36.413 [127373865897728] DEBUG - [FFMPEG] - Decoding VUI
Sep 12, 2026 02:03:36.414 [127373865897728] DEBUG - [FFMPEG] - Decoding VUI
Sep 12, 2026 02:03:36.415 [127373865897728] DEBUG - [FFMPEG] - Decoding VUI
Sep 12, 2026 02:03:36.416 [127373865897728] DEBUG - [FFMPEG] - Decoding VUI
Sep 12, 2026 02:03:36.417 [127373865897728] DEBUG - [FFMPEG] - Decoding VUI
Sep 12, 2026 02:03:36.418 [127373865897728] DEBUG - [FFMPEG] - Decoding VUI
Sep 12, 2026 02:03:36.419 [127373865897728] DEBUG - [FFMPEG] - Decoding VUI
Sep 12, 2026 02:03:36.419 [127373865897728] DEBUG - [FFMPEG] - Decoding VUI
Sep 12, 2026 02:03:36.420 [127373865897728] DEBUG - [FFMPEG] - Decoding VUI
Sep 12, 2026 02:03:36.421 [127373865897728] DEBUG - [FFMPEG] - Decoding VUI
Sep 12, 2026 02:03:36.422 [127373865897728] DEBUG - [FFMPEG] - Decoding VUI
Sep 12, 2026 02:03:36.424 [127373865897728] DEBUG - [FFMPEG] - Decoding VUI
Sep 12, 2026 02:03:36.425 [127373865897728] DEBUG - [FFMPEG] - Decoding VUI
Sep 12, 2026 02:03:36.425 [127373865897728] DEBUG - [FFMPEG] - Decoding VUI
Sep 12, 2026 02:03:36.427 [127373865897728] DEBUG - [FFMPEG] - Decoding VUI
Sep 12, 2026 02:03:36.427 [127373865897728] DEBUG - [FFMPEG] - Decoding VUI
Sep 12, 2026 02:03:36.431 [127373865897728] DEBUG - [FFMPEG] - Decoding VUI
Sep 12, 2026 02:03:36.431 [127373865897728] DEBUG - [FFMPEG] - Decoding VUI
Sep 12, 2026 02:03:36.432 [127373865897728] DEBUG - [FFMPEG] - Decoding VUI
Sep 12, 2026 02:03:36.433 [127373865897728] DEBUG - [FFMPEG] - Decoding VUI
Sep 12, 2026 02:03:36.436 [127373865897728] DEBUG - [FFMPEG] - Decoding VUI
Sep 12, 2026 02:03:36.439 [127373865897728] DEBUG - [FFMPEG] - Decoding VUI
Sep 12, 2026 02:03:36.440 [127373865897728] DEBUG - [FFMPEG] - Decoding VUI
Sep 12, 2026 02:03:36.441 [127373865897728] DEBUG - [FFMPEG] - Decoding VUI
Sep 12, 2026 02:03:36.443 [127373865897728] DEBUG - [FFMPEG] - Decoding VUI
Sep 12, 2026 02:03:36.445 [127373865897728] DEBUG - [FFMPEG] - Decoding VUI
Sep 12, 2026 02:03:36.446 [127373865897728] DEBUG - [FFMPEG] - Decoding VUI
Sep 12, 2026 02:03:36.447 [127373865897728] DEBUG - [FFMPEG] - Decoding VUI
Sep 12, 2026 02:03:36.449 [127373865897728] DEBUG - [FFMPEG] - Decoding VUI
Sep 12, 2026 02:03:36.449 [127373865897728] DEBUG - [FFMPEG] - Decoding VUI
Sep 12, 2026 02:03:36.450 [127373865897728] DEBUG - [FFMPEG] - Decoding VUI
Sep 12, 2026 02:03:36.451 [127373865897728] DEBUG - [FFMPEG] - Decoding VUI
Sep 12, 2026 02:03:36.452 [127373865897728] DEBUG - [FFMPEG] - Decoding VUI
Sep 12, 2026 02:03:36.453 [127373865897728] DEBUG - [FFMPEG] - Decoding VUI
Sep 12, 2026 02:03:36.454 [127373865897728] DEBUG - [FFMPEG] - Decoding VUI
Sep 12, 2026 02:03:36.454 [127373865897728] DEBUG - [FFMPEG] - Decoding VUI
Sep 12, 2026 02:03:36.455 [127373865897728] DEBUG - [FFMPEG] - Decoding VUI
Sep 12, 2026 02:03:36.456 [127373865897728] DEBUG - [FFMPEG] - Decoding VUI
Sep 12, 2026 02:03:36.458 [127373865897728] DEBUG - [FFMPEG] - Decoding VUI
Sep 12, 2026 02:03:36.460 [127373865897728] DEBUG - [FFMPEG] - Decoding VUI
Sep 12, 2026 02:03:36.460 [127373865897728] DEBUG - [FFMPEG] - Decoding VUI
Sep 12, 2026 02:03:36.461 [127373865897728] DEBUG - [FFMPEG] - Decoding VUI
Sep 12, 2026 02:03:36.462 [127373865897728] DEBUG - [FFMPEG] - Decoding VUI
Sep 12, 2026 02:03:36.464 [127373865897728] DEBUG - [FFMPEG] - Decoding VUI
Sep 12, 2026 02:03:36.464 [127373865897728] DEBUG - [FFMPEG] - Decoding VUI
Sep 12, 2026 02:03:36.465 [127373865897728] DEBUG - [FFMPEG] - Decoding VUI
Sep 12, 2026 02:03:36.467 [127373865897728] DEBUG - [FFMPEG] - Decoding VUI
Sep 12, 2026 02:03:36.468 [127373865897728] DEBUG - [FFMPEG] - Decoding VUI
Sep 12, 2026 02:03:36.469 [127373865897728] DEBUG - [FFMPEG] - Decoding VUI
Sep 12, 2026 02:03:36.470 [127373865897728] DEBUG - [FFMPEG] - Decoding VUI
Sep 12, 2026 02:03:36.471 [127373865897728] DEBUG - [FFMPEG] - Decoding VUI
Sep 12, 2026 02:03:36.472 [127373865897728] DEBUG - [FFMPEG] - Decoding VUI
Sep 12, 2026 02:03:36.474 [127373865897728] DEBUG - Deep Analysis: Read 130000 packets at 2340.418000
Sep 12, 2026 02:03:36.475 [127373865897728] DEBUG - [FFMPEG] - Decoding VUI
Sep 12, 2026 02:03:36.476 [127373865897728] DEBUG - [FFMPEG] - Decoding VUI
Sep 12, 2026 02:03:36.478 [127373865897728] DEBUG - [FFMPEG] - Decoding VUI
Sep 12, 2026 02:03:36.479 [127373865897728] DEBUG - [FFMPEG] - Decoding VUI
Sep 12, 2026 02:03:36.480 [127373865897728] DEBUG - [FFMPEG] - Decoding VUI
Sep 12, 2026 02:03:36.481 [127373865897728] DEBUG - [FFMPEG] - Decoding VUI
Sep 12, 2026 02:03:36.483 [127373865897728] DEBUG - [FFMPEG] - Decoding VUI
Sep 12, 2026 02:03:36.484 [127373865897728] DEBUG - [FFMPEG] - Decoding VUI
Sep 12, 2026 02:03:36.485 [127373865897728] DEBUG - [FFMPEG] - Decoding VUI
Sep 12, 2026 02:03:36.486 [127373865897728] DEBUG - [FFMPEG] - Decoding VUI
Sep 12, 2026 02:03:36.488 [127373865897728] DEBUG - [FFMPEG] - Decoding VUI
Sep 12, 2026 02:03:36.489 [127373865897728] DEBUG - [FFMPEG] - Decoding VUI
Sep 12, 2026 02:03:36.490 [127373865897728] DEBUG - [FFMPEG] - Decoding VUI
Sep 12, 2026 02:03:36.491 [127373865897728] DEBUG - [FFMPEG] - Decoding VUI
Sep 12, 2026 02:03:36.494 [127373865897728] DEBUG - [FFMPEG] - Decoding VUI
Sep 12, 2026 02:03:36.495 [127373865897728] DEBUG - [FFMPEG] - Decoding VUI
Sep 12, 2026 02:03:36.495 [127373865897728] DEBUG - [FFMPEG] - Decoding VUI
Sep 12, 2026 02:03:36.497 [127373865897728] DEBUG - [FFMPEG] - Decoding VUI
Sep 12, 2026 02:03:36.499 [127373865897728] DEBUG - [FFMPEG] - Decoding VUI
Sep 12, 2026 02:03:36.500 [127373865897728] DEBUG - [FFMPEG] - Decoding VUI
Sep 12, 2026 02:03:36.500 [127373865897728] DEBUG - [FFMPEG] - Decoding VUI
Sep 12, 2026 02:03:36.502 [127373865897728] DEBUG - [FFMPEG] - Decoding VUI
Sep 12, 2026 02:03:36.504 [127373865897728] DEBUG - [FFMPEG] - Decoding VUI
Sep 12, 2026 02:03:36.506 [127373865897728] DEBUG - [FFMPEG] - Decoding VUI
Sep 12, 2026 02:03:36.507 [127373865897728] DEBUG - [FFMPEG] - Decoding VUI
Sep 12, 2026 02:03:36.509 [127373865897728] DEBUG - [FFMPEG] - Decoding VUI
Sep 12, 2026 02:03:36.510 [127373865897728] DEBUG - [FFMPEG] - Decoding VUI
Sep 12, 2026 02:03:36.512 [127373865897728] DEBUG - [FFMPEG] - Decoding VUI
Sep 12, 2026 02:03:36.513 [127373865897728] DEBUG - [FFMPEG] - Decoding VUI
Sep 12, 2026 02:03:36.514 [127373865897728] DEBUG - [FFMPEG] - Decoding VUI
Sep 12, 2026 02:03:36.514 [127373865897728] DEBUG - [FFMPEG] - Decoding VUI
Sep 12, 2026 02:03:36.515 [127373865897728] DEBUG - [FFMPEG] - Decoding VUI
Sep 12, 2026 02:03:36.517 [127373865897728] DEBUG - [FFMPEG] - Decoding VUI
Sep 12, 2026 02:03:36.518 [127373865897728] DEBUG - [FFMPEG] - Decoding VUI
Sep 12, 2026 02:03:36.519 [127373865897728] DEBUG - [FFMPEG] - Decoding VUI
Sep 12, 2026 02:03:36.520 [127373865897728] DEBUG - [FFMPEG] - Decoding VUI
Sep 12, 2026 02:03:36.521 [127373865897728] DEBUG - [FFMPEG] - Decoding VUI
Sep 12, 2026 02:03:36.522 [127373865897728] DEBUG - [FFMPEG] - Decoding VUI
Sep 12, 2026 02:03:36.523 [127373865897728] DEBUG - [FFMPEG] - Decoding VUI
Sep 12, 2026 02:03:36.524 [127373865897728] DEBUG - [FFMPEG] - Decoding VUI
Sep 12, 2026 02:03:36.525 [127373865897728] DEBUG - [FFMPEG] - Decoding VUI
Sep 12, 2026 02:03:36.527 [127373865897728] DEBUG - [FFMPEG] - Decoding VUI
Sep 12, 2026 02:03:36.528 [127373865897728] DEBUG - [FFMPEG] - Decoding VUI
Sep 12, 2026 02:03:36.530 [127373865897728] DEBUG - [FFMPEG] - Decoding VUI
Sep 12, 2026 02:03:36.531 [127373865897728] DEBUG - [FFMPEG] - Decoding VUI
Sep 12, 2026 02:03:36.532 [127373865897728] DEBUG - [FFMPEG] - Decoding VUI
Sep 12, 2026 02:03:36.536 [127373865897728] DEBUG - [FFMPEG] - Decoding VUI
Sep 12, 2026 02:03:36.540 [127373865897728] DEBUG - [FFMPEG] - Decoding VUI
Sep 12, 2026 02:03:36.541 [127373865897728] DEBUG - [FFMPEG] - Decoding VUI
Sep 12, 2026 02:03:36.544 [127373865897728] DEBUG - [FFMPEG] - Decoding VUI
Sep 12, 2026 02:03:36.546 [127373865897728] DEBUG - Deep Analysis: Sorting packets
Sep 12, 2026 02:03:36.551 [127373865897728] DEBUG - Deep Analysis: Performing file bitrate analysis
Sep 12, 2026 02:03:36.583 [127373865897728] DEBUG - Deep Analysis: Performing stream bitrate analysis on stream 0
Sep 12, 2026 02:03:36.591 [127373865897728] DEBUG - Deep Analysis: Performing stream bitrate analysis on stream 1
Sep 12, 2026 02:03:36.595 [127373865897728] DEBUG - Deep Analysis: Performing stream bitrate analysis on stream 2
Sep 12, 2026 02:03:36.596 [127373865897728] DEBUG - Deep Analysis: Saving GoP analysis for stream 0
Sep 12, 2026 02:03:36.597 [127373865897728] DEBUG - Deep Analysis: Saving bitrate analysis
Sep 12, 2026 02:03:36.597 [127373865897728] DEBUG - Updating part with ID=2341 [/media/tv/Forged in Fire/Season 3/Forged.in.Fire.S03E12.The.Zweihander.iNTERNAL.720p.HDTV.x264-DHD[eztv].mkv]
Sep 12, 2026 02:03:36.597 [127373865897728] DEBUG - [MI] Closing input file: "/media/tv/Forged in Fire/Season 3/Forged.in.Fire.S03E12.The.Zweihander.iNTERNAL.720p.HDTV.x264-DHD[eztv].mkv"
Sep 12, 2026 02:03:36.597 [127373865897728] DEBUG - Updating media item 2341, size=1029026793, metadata_item_id=1119
Sep 12, 2026 02:03:36.597 [127373865897728] DEBUG - Updating part with ID=2341 [/media/tv/Forged in Fire/Season 3/Forged.in.Fire.S03E12.The.Zweihander.iNTERNAL.720p.HDTV.x264-DHD[eztv].mkv]
