Sep 13, 2026 10:59:36.939 [132420914883328] INFO - Plex Media Scanner v1.43.3.10828-00f62d37d - Docker Docker Container (LinuxServer.io) x86_64 - build: linux-x86_64 - GMT 02:00
Sep 13, 2026 10:59:36.940 [132420914883328] INFO - Linux version: 7.0.0-31-generic, language: en-US
Sep 13, 2026 10:59:36.940 [132420914883328] INFO - Processor: 12-core AMD Ryzen 5 3600 6-Core Processor
Sep 13, 2026 10:59:36.940 [132420914883328] INFO - /usr/lib/plexmediaserver/Plex Media Scanner --analyze --log-file-suffix  Analysis --no-thumbs --item 1176
Sep 13, 2026 10:59:36.941 [132420915392256] DEBUG - Opening 20 database sessions to library (com.plexapp.plugins.library), SQLite 3.39.4, threadsafe=1
Sep 13, 2026 10:59:37.014 [132420915392256] DEBUG - Analyzing media parts for item 1176 (Just My Luck): 2498
Sep 13, 2026 10:59:37.014 [132420915392256] DEBUG - Updating part with ID=2498 [/media/movies/Just My Luck (2006)/Just My Luck (2006) [BluRay] [1080p] [YTS.AM].mp4]
Sep 13, 2026 10:59:37.014 [132420915392256] DEBUG - Part hashes for media item 2498 have changed.
Sep 13, 2026 10:59:37.014 [132420915392256] DEBUG - [ID 2498] Media part analysis: /media/movies/Just My Luck (2006)/Just My Luck (2006) [BluRay] [1080p] [YTS.AM].mp4
Sep 13, 2026 10:59:37.014 [132420915392256] DEBUG - [MI] Opening input file: "/media/movies/Just My Luck (2006)/Just My Luck (2006) [BluRay] [1080p] [YTS.AM].mp4"
Sep 13, 2026 10:59:37.015 [132420915392256] DEBUG - [FFMPEG] - Opening '/media/movies/Just My Luck (2006)/Just My Luck (2006) [BluRay] [1080p] [YTS.AM].mp4' for reading
Sep 13, 2026 10:59:37.015 [132420915392256] DEBUG - [FFMPEG] - Setting default whitelist 'file,crypto,data'
Sep 13, 2026 10:59:37.015 [132420915392256] DEBUG - [FFMPEG] - Format mov,mp4,m4a,3gp,3g2,mj2 probed with size=2048 and score=100
Sep 13, 2026 10:59:37.015 [132420915392256] DEBUG - [FFMPEG] - ISO: File Type Major Brand: isom
Sep 13, 2026 10:59:37.015 [132420915392256] DEBUG - [FFMPEG] - Unknown dref type 0x206c7275 size 12
Sep 13, 2026 10:59:37.025 [132420915392256] DEBUG - [FFMPEG] - Processing st: 0, edit list 0 - media time: 1166, duration: 86087539
Sep 13, 2026 10:59:37.030 [132420915392256] DEBUG - [FFMPEG] - Offset DTS by 1166 to make first pts zero.
Sep 13, 2026 10:59:37.031 [132420915392256] DEBUG - [FFMPEG] - Setting codecpar->delay to 2 for stream st: 0
Sep 13, 2026 10:59:37.031 [132420915392256] DEBUG - [FFMPEG] - Unknown dref type 0x206c7275 size 12
Sep 13, 2026 10:59:37.044 [132420915392256] DEBUG - [FFMPEG] - Processing st: 1, edit list 0 - media time: 2048, duration: 295625712
Sep 13, 2026 10:59:37.044 [132420915392256] DEBUG - [FFMPEG] - drop a frame at curr_cts: 0 @ 0
Sep 13, 2026 10:59:37.044 [132420915392256] DEBUG - [FFMPEG] - drop a frame at curr_cts: 1024 @ 1
Sep 13, 2026 10:59:37.050 [132420915392256] DEBUG - [FFMPEG] - Before avformat_find_stream_info() pos: 1224867840 bytes read:5335160 seeks:1 nb_streams:2
Sep 13, 2026 10:59:37.051 [132420915392256] DEBUG - [FFMPEG] - nal_unit_type: 7(SPS), nal_ref_idc: 3
Sep 13, 2026 10:59:37.051 [132420915392256] DEBUG - [FFMPEG] - Decoding VUI
Sep 13, 2026 10:59:37.051 [132420915392256] DEBUG - [FFMPEG] - nal_unit_type: 8(PPS), nal_ref_idc: 3
Sep 13, 2026 10:59:37.052 [132420915392256] DEBUG - [FFMPEG] - For transform of length 64, inverse, mdct_float, flags: [aligned, out_of_place], found 3 matches:
Sep 13, 2026 10:59:37.052 [132420915392256] DEBUG - [FFMPEG] -     1: 
Sep 13, 2026 10:59:37.052 [132420915392256] DEBUG - [FFMPEG] - mdct_inv_float_avx2 - type: mdct_float, len: [16, ∞], factors[2]: [2, any], flags: [aligned, out_of_place, inv_only], prio: 511
Sep 13, 2026 10:59:37.052 [132420915392256] DEBUG - [FFMPEG] -     2: 
Sep 13, 2026 10:59:37.052 [132420915392256] DEBUG - [FFMPEG] - mdct_inv_float_c - type: mdct_float, len: [2, ∞], factors[2]: [2, any], flags: [unaligned, out_of_place, inv_only], prio: 96
Sep 13, 2026 10:59:37.052 [132420915392256] DEBUG - [FFMPEG] -     3: 
Sep 13, 2026 10:59:37.052 [132420915392256] DEBUG - [FFMPEG] - mdct_naive_inv_float_c - type: mdct_float, len: [2, ∞], factors[2]: [2, any], flags: [unaligned, out_of_place, inv_only], prio: -130976
Sep 13, 2026 10:59:37.052 [132420915392256] DEBUG - [FFMPEG] - For transform of length 32, inverse, fft_float, flags: [aligned, inplace, preshuf, asm_call], found 2 matches:
Sep 13, 2026 10:59:37.052 [132420915392256] DEBUG - [FFMPEG] -     1: 
Sep 13, 2026 10:59:37.052 [132420915392256] DEBUG - [FFMPEG] - fft32_asm_float_fma3 - type: fft_float, len: 32, factor: 2, flags: [aligned, inplace, out_of_place, preshuf, asm_call], prio: 512
Sep 13, 2026 10:59:37.052 [132420915392256] DEBUG - [FFMPEG] -     2: 
Sep 13, 2026 10:59:37.052 [132420915392256] DEBUG - [FFMPEG] - fft32_asm_float_avx - type: fft_float, len: 32, factor: 2, flags: [aligned, inplace, out_of_place, preshuf, asm_call], prio: 480
Sep 13, 2026 10:59:37.052 [132420915392256] DEBUG - [FFMPEG] - Transform tree:
Sep 13, 2026 10:59:37.052 [132420915392256] DEBUG - [FFMPEG] -     
Sep 13, 2026 10:59:37.052 [132420915392256] DEBUG - [FFMPEG] - mdct_inv_float_avx2 - type: mdct_float, len: 64, factors[2]: [2, any], flags: [aligned, out_of_place, inv_only]
Sep 13, 2026 10:59:37.052 [132420915392256] DEBUG - [FFMPEG] -     
Sep 13, 2026 10:59:37.052 [132420915392256] DEBUG - [FFMPEG] -     
Sep 13, 2026 10:59:37.052 [132420915392256] DEBUG - [FFMPEG] - fft32_asm_float_fma3 - type: fft_float, len: 32, factor: 2, flags: [aligned, inplace, out_of_place, preshuf, asm_call]
Sep 13, 2026 10:59:37.052 [132420915392256] DEBUG - [FFMPEG] - For transform of length 64, inverse, mdct_float, flags: [aligned, out_of_place], found 3 matches:
Sep 13, 2026 10:59:37.052 [132420915392256] DEBUG - [FFMPEG] -     1: 
Sep 13, 2026 10:59:37.052 [132420915392256] DEBUG - [FFMPEG] - mdct_inv_float_avx2 - type: mdct_float, len: [16, ∞], factors[2]: [2, any], flags: [aligned, out_of_place, inv_only], prio: 511
Sep 13, 2026 10:59:37.052 [132420915392256] DEBUG - [FFMPEG] -     2: 
Sep 13, 2026 10:59:37.052 [132420915392256] DEBUG - [FFMPEG] - mdct_inv_float_c - type: mdct_float, len: [2, ∞], factors[2]: [2, any], flags: [unaligned, out_of_place, inv_only], prio: 96
Sep 13, 2026 10:59:37.052 [132420915392256] DEBUG - [FFMPEG] -     3: 
Sep 13, 2026 10:59:37.052 [132420915392256] DEBUG - [FFMPEG] - mdct_naive_inv_float_c - type: mdct_float, len: [2, ∞], factors[2]: [2, any], flags: [unaligned, out_of_place, inv_only], prio: -130976
Sep 13, 2026 10:59:37.052 [132420915392256] DEBUG - [FFMPEG] - For transform of length 32, inverse, fft_float, flags: [aligned, inplace, preshuf, asm_call], found 2 matches:
Sep 13, 2026 10:59:37.052 [132420915392256] DEBUG - [FFMPEG] -     1: 
Sep 13, 2026 10:59:37.052 [132420915392256] DEBUG - [FFMPEG] - fft32_asm_float_fma3 - type: fft_float, len: 32, factor: 2, flags: [aligned, inplace, out_of_place, preshuf, asm_call], prio: 512
Sep 13, 2026 10:59:37.052 [132420915392256] DEBUG - [FFMPEG] -     2: 
Sep 13, 2026 10:59:37.052 [132420915392256] DEBUG - [FFMPEG] - fft32_asm_float_avx - type: fft_float, len: 32, factor: 2, flags: [aligned, inplace, out_of_place, preshuf, asm_call], prio: 480
Sep 13, 2026 10:59:37.052 [132420915392256] DEBUG - [FFMPEG] - Transform tree:
Sep 13, 2026 10:59:37.052 [132420915392256] DEBUG - [FFMPEG] -     
Sep 13, 2026 10:59:37.052 [132420915392256] DEBUG - [FFMPEG] - mdct_inv_float_avx2 - type: mdct_float, len: 64, factors[2]: [2, any], flags: [aligned, out_of_place, inv_only]
Sep 13, 2026 10:59:37.052 [132420915392256] DEBUG - [FFMPEG] -     
Sep 13, 2026 10:59:37.052 [132420915392256] DEBUG - [FFMPEG] -     
Sep 13, 2026 10:59:37.052 [132420915392256] DEBUG - [FFMPEG] - fft32_asm_float_fma3 - type: fft_float, len: 32, factor: 2, flags: [aligned, inplace, out_of_place, preshuf, asm_call]
Sep 13, 2026 10:59:37.052 [132420915392256] DEBUG - [FFMPEG] - For transform of length 120, inverse, mdct_float, flags: [aligned, out_of_place], found 6 matches:
Sep 13, 2026 10:59:37.052 [132420915392256] DEBUG - [FFMPEG] -     1: 
Sep 13, 2026 10:59:37.052 [132420915392256] DEBUG - [FFMPEG] - mdct_inv_float_avx2 - type: mdct_float, len: [16, ∞], factors[2]: [2, any], flags: [aligned, out_of_place, inv_only], prio: 511
Sep 13, 2026 10:59:37.052 [132420915392256] DEBUG - [FFMPEG] -     2: 
Sep 13, 2026 10:59:37.052 [132420915392256] DEBUG - [FFMPEG] - mdct_pfa_15xM_inv_float_c - type: mdct_float, len: [30, ∞], factors[2]: [15, any], flags: [unaligned, out_of_place, inv_only], prio: 304
Sep 13, 2026 10:59:37.052 [132420915392256] DEBUG - [FFMPEG] -     3: 
Sep 13, 2026 10:59:37.052 [132420915392256] DEBUG - [FFMPEG] - mdct_pfa_5xM_inv_float_c - type: mdct_float, len: [10, ∞], factors[2]: [5, any], flags: [unaligned, out_of_place, inv_only], prio: 144
Sep 13, 2026 10:59:37.052 [132420915392256] DEBUG - [FFMPEG] -     4: 
Sep 13, 2026 10:59:37.052 [132420915392256] DEBUG - [FFMPEG] - mdct_pfa_3xM_inv_float_c - type: mdct_float, len: [6, ∞], factors[2]: [3, any], flags: [unaligned, out_of_place, inv_only], prio: 112
Sep 13, 2026 10:59:37.052 [132420915392256] DEBUG - [FFMPEG] -     5: 
Sep 13, 2026 10:59:37.052 [132420915392256] DEBUG - [FFMPEG] - mdct_inv_float_c - type: mdct_float, len: [2, ∞], factors[2]: [2, any], flags: [unaligned, out_of_place, inv_only], prio: 96
Sep 13, 2026 10:59:37.052 [132420915392256] DEBUG - [FFMPEG] -     6: 
Sep 13, 2026 10:59:37.052 [132420915392256] DEBUG - [FFMPEG] - mdct_naive_inv_float_c - type: mdct_float, len: [2, ∞], factors[2]: [2, any], flags: [unaligned, out_of_place, inv_only], prio: -130976
Sep 13, 2026 10:59:37.052 [132420915392256] DEBUG - [FFMPEG] - For transform of length 60, inverse, fft_float, flags: [aligned, inplace, preshuf, asm_call], found 1 matches:
Sep 13, 2026 10:59:37.052 [132420915392256] DEBUG - [FFMPEG] -     1: 
Sep 13, 2026 10:59:37.052 [132420915392256] DEBUG - [FFMPEG] - fft_pfa_15xM_asm_float_avx2 - type: fft_float, len: [60, ∞], factors[2]: [15, 2], flags: [aligned, inplace, out_of_place, preshuf, asm_call], prio: 655
Sep 13, 2026 10:59:37.052 [132420915392256] DEBUG - [FFMPEG] - For transform of length 4, inverse, fft_float, flags: [aligned, inplace, preshuf, asm_call], found 1 matches:
Sep 13, 2026 10:59:37.052 [132420915392256] DEBUG - [FFMPEG] -     1: 
Sep 13, 2026 10:59:37.052 [132420915392256] DEBUG - [FFMPEG] - fft4_fwd_asm_float_sse2 - type: fft_float, len: 4, factor: 2, flags: [aligned, inplace, out_of_place, preshuf, asm_call], prio: 352
Sep 13, 2026 10:59:37.052 [132420915392256] DEBUG - [FFMPEG] - Transform tree:
Sep 13, 2026 10:59:37.052 [132420915392256] DEBUG - [FFMPEG] -     
Sep 13, 2026 10:59:37.052 [132420915392256] DEBUG - [FFMPEG] - mdct_inv_float_avx2 - type: mdct_float, len: 120, factors[2]: [2, any], flags: [aligned, out_of_place, inv_only]
Sep 13, 2026 10:59:37.052 [132420915392256] DEBUG - [FFMPEG] -     
Sep 13, 2026 10:59:37.052 [132420915392256] DEBUG - [FFMPEG] -     
Sep 13, 2026 10:59:37.052 [132420915392256] DEBUG - [FFMPEG] - fft_pfa_15xM_asm_float_avx2 - type: fft_float, len: 60, factors[2]: [15, 2], flags: [aligned, inplace, out_of_place, preshuf, asm_call]
Sep 13, 2026 10:59:37.052 [132420915392256] DEBUG - [FFMPEG] -     
Sep 13, 2026 10:59:37.052 [132420915392256] DEBUG - [FFMPEG] -     
Sep 13, 2026 10:59:37.052 [132420915392256] DEBUG - [FFMPEG] -     
Sep 13, 2026 10:59:37.052 [132420915392256] DEBUG - [FFMPEG] - fft4_fwd_asm_float_sse2 - type: fft_float, len: 4, factor: 2, flags: [aligned, inplace, out_of_place, preshuf, asm_call]
Sep 13, 2026 10:59:37.052 [132420915392256] DEBUG - [FFMPEG] - For transform of length 128, inverse, mdct_float, flags: [aligned, out_of_place], found 3 matches:
Sep 13, 2026 10:59:37.052 [132420915392256] DEBUG - [FFMPEG] -     1: 
Sep 13, 2026 10:59:37.052 [132420915392256] DEBUG - [FFMPEG] - mdct_inv_float_avx2 - type: mdct_float, len: [16, ∞], factors[2]: [2, any], flags: [aligned, out_of_place, inv_only], prio: 511
Sep 13, 2026 10:59:37.052 [132420915392256] DEBUG - [FFMPEG] -     2: 
Sep 13, 2026 10:59:37.052 [132420915392256] DEBUG - [FFMPEG] - mdct_inv_float_c - type: mdct_float, len: [2, ∞], factors[2]: [2, any], flags: [unaligned, out_of_place, inv_only], prio: 96
Sep 13, 2026 10:59:37.052 [132420915392256] DEBUG - [FFMPEG] -     3: 
Sep 13, 2026 10:59:37.052 [132420915392256] DEBUG - [FFMPEG] - mdct_naive_inv_float_c - type: mdct_float, len: [2, ∞], factors[2]: [2, any], flags: [unaligned, out_of_place, inv_only], prio: -130976
Sep 13, 2026 10:59:37.052 [132420915392256] DEBUG - [FFMPEG] - For transform of length 64, inverse, fft_float, flags: [aligned, inplace, preshuf, asm_call], found 3 matches:
Sep 13, 2026 10:59:37.052 [132420915392256] DEBUG - [FFMPEG] -     1: 
Sep 13, 2026 10:59:37.052 [132420915392256] DEBUG - [FFMPEG] - fft_sr_asm_float_fma3 - type: fft_float, len: [64, 131072], factor: 2, flags: [aligned, inplace, out_of_place, preshuf, asm_call], prio: 448
Sep 13, 2026 10:59:37.052 [132420915392256] DEBUG - [FFMPEG] -     2: 
Sep 13, 2026 10:59:37.052 [132420915392256] DEBUG - [FFMPEG] - fft_sr_asm_float_avx2 - type: fft_float, len: [64, 131072], factor: 2, flags: [aligned, inplace, out_of_place, preshuf, asm_call], prio: 447
Sep 13, 2026 10:59:37.052 [132420915392256] DEBUG - [FFMPEG] -     3: 
Sep 13, 2026 10:59:37.052 [132420915392256] DEBUG - [FFMPEG] - fft_sr_asm_float_avx - type: fft_float, len: [64, 131072], factor: 2, flags: [aligned, inplace, out_of_place, preshuf, asm_call], prio: 416
Sep 13, 2026 10:59:37.052 [132420915392256] DEBUG - [FFMPEG] - Transform tree:
Sep 13, 2026 10:59:37.052 [132420915392256] DEBUG - [FFMPEG] -     
Sep 13, 2026 10:59:37.052 [132420915392256] DEBUG - [FFMPEG] - mdct_inv_float_avx2 - type: mdct_float, len: 128, factors[2]: [2, any], flags: [aligned, out_of_place, inv_only]
Sep 13, 2026 10:59:37.052 [132420915392256] DEBUG - [FFMPEG] -     
Sep 13, 2026 10:59:37.052 [132420915392256] DEBUG - [FFMPEG] -     
Sep 13, 2026 10:59:37.052 [132420915392256] DEBUG - [FFMPEG] - fft_sr_asm_float_fma3 - type: fft_float, len: 64, factor: 2, flags: [aligned, inplace, out_of_place, preshuf, asm_call]
Sep 13, 2026 10:59:37.052 [132420915392256] DEBUG - [FFMPEG] - For transform of length 480, inverse, mdct_float, flags: [aligned, out_of_place], found 6 matches:
Sep 13, 2026 10:59:37.052 [132420915392256] DEBUG - [FFMPEG] -     1: 
Sep 13, 2026 10:59:37.052 [132420915392256] DEBUG - [FFMPEG] - mdct_inv_float_avx2 - type: mdct_float, len: [16, ∞], factors[2]: [2, any], flags: [aligned, out_of_place, inv_only], prio: 511
Sep 13, 2026 10:59:37.052 [132420915392256] DEBUG - [FFMPEG] -     2: 
Sep 13, 2026 10:59:37.052 [132420915392256] DEBUG - [FFMPEG] - mdct_pfa_15xM_inv_float_c - type: mdct_float, len: [30, ∞], factors[2]: [15, any], flags: [unaligned, out_of_place, inv_only], prio: 304
Sep 13, 2026 10:59:37.052 [132420915392256] DEBUG - [FFMPEG] -     3: 
Sep 13, 2026 10:59:37.052 [132420915392256] DEBUG - [FFMPEG] - mdct_pfa_5xM_inv_float_c - type: mdct_float, len: [10, ∞], factors[2]: [5, any], flags: [unaligned, out_of_place, inv_only], prio: 144
Sep 13, 2026 10:59:37.052 [132420915392256] DEBUG - [FFMPEG] -     4: 
Sep 13, 2026 10:59:37.052 [132420915392256] DEBUG - [FFMPEG] - mdct_pfa_3xM_inv_float_c - type: mdct_float, len: [6, ∞], factors[2]: [3, any], flags: [unaligned, out_of_place, inv_only], prio: 112
Sep 13, 2026 10:59:37.052 [132420915392256] DEBUG - [FFMPEG] -     5: 
Sep 13, 2026 10:59:37.052 [132420915392256] DEBUG - [FFMPEG] - mdct_inv_float_c - type: mdct_float, len: [2, ∞], factors[2]: [2, any], flags: [unaligned, out_of_place, inv_only], prio: 96
Sep 13, 2026 10:59:37.052 [132420915392256] DEBUG - [FFMPEG] -     6: 
Sep 13, 2026 10:59:37.052 [132420915392256] DEBUG - [FFMPEG] - mdct_naive_inv_float_c - type: mdct_float, len: [2, ∞], factors[2]: [2, any], flags: [unaligned, out_of_place, inv_only], prio: -130976
Sep 13, 2026 10:59:37.052 [132420915392256] DEBUG - [FFMPEG] - For transform of length 240, inverse, fft_float, flags: [aligned, inplace, preshuf, asm_call], found 1 matches:
Sep 13, 2026 10:59:37.052 [132420915392256] DEBUG - [FFMPEG] -     1: 
Sep 13, 2026 10:59:37.052 [132420915392256] DEBUG - [FFMPEG] - fft_pfa_15xM_asm_float_avx2 - type: fft_float, len: [60, ∞], factors[2]: [15, 2], flags: [aligned, inplace, out_of_place, preshuf, asm_call], prio: 655
Sep 13, 2026 10:59:37.052 [132420915392256] DEBUG - [FFMPEG] - For transform of length 16, inverse, fft_float, flags: [aligned, inplace, preshuf, asm_call], found 2 matches:
Sep 13, 2026 10:59:37.052 [132420915392256] DEBUG - [FFMPEG] -     1: 
Sep 13, 2026 10:59:37.052 [132420915392256] DEBUG - [FFMPEG] - fft16_asm_float_fma3 - type: fft_float, len: 16, factor: 2, flags: [aligned, inplace, out_of_place, preshuf, asm_call], prio: 512
Sep 13, 2026 10:59:37.052 [132420915392256] DEBUG - [FFMPEG] -     2: 
Sep 13, 2026 10:59:37.052 [132420915392256] DEBUG - [FFMPEG] - fft16_asm_float_avx - type: fft_float, len: 16, factor: 2, flags: [aligned, inplace, out_of_place, preshuf, asm_call], prio: 480
Sep 13, 2026 10:59:37.052 [132420915392256] DEBUG - [FFMPEG] - Transform tree:
Sep 13, 2026 10:59:37.052 [132420915392256] DEBUG - [FFMPEG] -     
Sep 13, 2026 10:59:37.052 [132420915392256] DEBUG - [FFMPEG] - mdct_inv_float_avx2 - type: mdct_float, len: 480, factors[2]: [2, any], flags: [aligned, out_of_place, inv_only]
Sep 13, 2026 10:59:37.052 [132420915392256] DEBUG - [FFMPEG] -     
Sep 13, 2026 10:59:37.052 [132420915392256] DEBUG - [FFMPEG] -     
Sep 13, 2026 10:59:37.052 [132420915392256] DEBUG - [FFMPEG] - fft_pfa_15xM_asm_float_avx2 - type: fft_float, len: 240, factors[2]: [15, 2], flags: [aligned, inplace, out_of_place, preshuf, asm_call]
Sep 13, 2026 10:59:37.052 [132420915392256] DEBUG - [FFMPEG] -     
Sep 13, 2026 10:59:37.052 [132420915392256] DEBUG - [FFMPEG] -     
Sep 13, 2026 10:59:37.052 [132420915392256] DEBUG - [FFMPEG] -     
Sep 13, 2026 10:59:37.052 [132420915392256] DEBUG - [FFMPEG] - fft16_asm_float_fma3 - type: fft_float, len: 16, factor: 2, flags: [aligned, inplace, out_of_place, preshuf, asm_call]
Sep 13, 2026 10:59:37.052 [132420915392256] DEBUG - [FFMPEG] - For transform of length 512, inverse, mdct_float, flags: [aligned, out_of_place], found 3 matches:
Sep 13, 2026 10:59:37.052 [132420915392256] DEBUG - [FFMPEG] -     1: 
Sep 13, 2026 10:59:37.052 [132420915392256] DEBUG - [FFMPEG] - mdct_inv_float_avx2 - type: mdct_float, len: [16, ∞], factors[2]: [2, any], flags: [aligned, out_of_place, inv_only], prio: 511
Sep 13, 2026 10:59:37.052 [132420915392256] DEBUG - [FFMPEG] -     2: 
Sep 13, 2026 10:59:37.052 [132420915392256] DEBUG - [FFMPEG] - mdct_inv_float_c - type: mdct_float, len: [2, ∞], factors[2]: [2, any], flags: [unaligned, out_of_place, inv_only], prio: 96
Sep 13, 2026 10:59:37.052 [132420915392256] DEBUG - [FFMPEG] -     3: 
Sep 13, 2026 10:59:37.052 [132420915392256] DEBUG - [FFMPEG] - mdct_naive_inv_float_c - type: mdct_float, len: [2, ∞], factors[2]: [2, any], flags: [unaligned, out_of_place, inv_only], prio: -130976
Sep 13, 2026 10:59:37.052 [132420915392256] DEBUG - [FFMPEG] - For transform of length 256, inverse, fft_float, flags: [aligned, inplace, preshuf, asm_call], found 3 matches:
Sep 13, 2026 10:59:37.052 [132420915392256] DEBUG - [FFMPEG] -     1: 
Sep 13, 2026 10:59:37.052 [132420915392256] DEBUG - [FFMPEG] - fft_sr_asm_float_fma3 - type: fft_float, len: [64, 131072], factor: 2, flags: [aligned, inplace, out_of_place, preshuf, asm_call], prio: 448
Sep 13, 2026 10:59:37.052 [132420915392256] DEBUG - [FFMPEG] -     2: 
Sep 13, 2026 10:59:37.052 [132420915392256] DEBUG - [FFMPEG] - fft_sr_asm_float_avx2 - type: fft_float, len: [64, 131072], factor: 2, flags: [aligned, inplace, out_of_place, preshuf, asm_call], prio: 447
Sep 13, 2026 10:59:37.052 [132420915392256] DEBUG - [FFMPEG] -     3: 
Sep 13, 2026 10:59:37.052 [132420915392256] DEBUG - [FFMPEG] - fft_sr_asm_float_avx - type: fft_float, len: [64, 131072], factor: 2, flags: [aligned, inplace, out_of_place, preshuf, asm_call], prio: 416
Sep 13, 2026 10:59:37.052 [132420915392256] DEBUG - [FFMPEG] - Transform tree:
Sep 13, 2026 10:59:37.052 [132420915392256] DEBUG - [FFMPEG] -     
Sep 13, 2026 10:59:37.052 [132420915392256] DEBUG - [FFMPEG] - mdct_inv_float_avx2 - type: mdct_float, len: 512, factors[2]: [2, any], flags: [aligned, out_of_place, inv_only]
Sep 13, 2026 10:59:37.052 [132420915392256] DEBUG - [FFMPEG] -     
Sep 13, 2026 10:59:37.052 [132420915392256] DEBUG - [FFMPEG] -     
Sep 13, 2026 10:59:37.052 [132420915392256] DEBUG - [FFMPEG] - fft_sr_asm_float_fma3 - type: fft_float, len: 256, factor: 2, flags: [aligned, inplace, out_of_place, preshuf, asm_call]
Sep 13, 2026 10:59:37.052 [132420915392256] DEBUG - [FFMPEG] - For transform of length 960, inverse, mdct_float, flags: [aligned, out_of_place], found 6 matches:
Sep 13, 2026 10:59:37.052 [132420915392256] DEBUG - [FFMPEG] -     1: 
Sep 13, 2026 10:59:37.052 [132420915392256] DEBUG - [FFMPEG] - mdct_inv_float_avx2 - type: mdct_float, len: [16, ∞], factors[2]: [2, any], flags: [aligned, out_of_place, inv_only], prio: 511
Sep 13, 2026 10:59:37.052 [132420915392256] DEBUG - [FFMPEG] -     2: 
Sep 13, 2026 10:59:37.052 [132420915392256] DEBUG - [FFMPEG] - mdct_pfa_15xM_inv_float_c - type: mdct_float, len: [30, ∞], factors[2]: [15, any], flags: [unaligned, out_of_place, inv_only], prio: 304
Sep 13, 2026 10:59:37.052 [132420915392256] DEBUG - [FFMPEG] -     3: 
Sep 13, 2026 10:59:37.052 [132420915392256] DEBUG - [FFMPEG] - mdct_pfa_5xM_inv_float_c - type: mdct_float, len: [10, ∞], factors[2]: [5, any], flags: [unaligned, out_of_place, inv_only], prio: 144
Sep 13, 2026 10:59:37.052 [132420915392256] DEBUG - [FFMPEG] -     4: 
Sep 13, 2026 10:59:37.052 [132420915392256] DEBUG - [FFMPEG] - mdct_pfa_3xM_inv_float_c - type: mdct_float, len: [6, ∞], factors[2]: [3, any], flags: [unaligned, out_of_place, inv_only], prio: 112
Sep 13, 2026 10:59:37.052 [132420915392256] DEBUG - [FFMPEG] -     5: 
Sep 13, 2026 10:59:37.052 [132420915392256] DEBUG - [FFMPEG] - mdct_inv_float_c - type: mdct_float, len: [2, ∞], factors[2]: [2, any], flags: [unaligned, out_of_place, inv_only], prio: 96
Sep 13, 2026 10:59:37.052 [132420915392256] DEBUG - [FFMPEG] -     6: 
Sep 13, 2026 10:59:37.052 [132420915392256] DEBUG - [FFMPEG] - mdct_naive_inv_float_c - type: mdct_float, len: [2, ∞], factors[2]: [2, any], flags: [unaligned, out_of_place, inv_only], prio: -130976
Sep 13, 2026 10:59:37.052 [132420915392256] DEBUG - [FFMPEG] - For transform of length 480, inverse, fft_float, flags: [aligned, inplace, preshuf, asm_call], found 1 matches:
Sep 13, 2026 10:59:37.052 [132420915392256] DEBUG - [FFMPEG] -     1: 
Sep 13, 2026 10:59:37.052 [132420915392256] DEBUG - [FFMPEG] - fft_pfa_15xM_asm_float_avx2 - type: fft_float, len: [60, ∞], factors[2]: [15, 2], flags: [aligned, inplace, out_of_place, preshuf, asm_call], prio: 655
Sep 13, 2026 10:59:37.052 [132420915392256] DEBUG - [FFMPEG] - For transform of length 32, inverse, fft_float, flags: [aligned, inplace, preshuf, asm_call], found 2 matches:
Sep 13, 2026 10:59:37.052 [132420915392256] DEBUG - [FFMPEG] -     1: 
Sep 13, 2026 10:59:37.052 [132420915392256] DEBUG - [FFMPEG] - fft32_asm_float_fma3 - type: fft_float, len: 32, factor: 2, flags: [aligned, inplace, out_of_place, preshuf, asm_call], prio: 512
Sep 13, 2026 10:59:37.052 [132420915392256] DEBUG - [FFMPEG] -     2: 
Sep 13, 2026 10:59:37.052 [132420915392256] DEBUG - [FFMPEG] - fft32_asm_float_avx - type: fft_float, len: 32, factor: 2, flags: [aligned, inplace, out_of_place, preshuf, asm_call], prio: 480
Sep 13, 2026 10:59:37.052 [132420915392256] DEBUG - [FFMPEG] - Transform tree:
Sep 13, 2026 10:59:37.052 [132420915392256] DEBUG - [FFMPEG] -     
Sep 13, 2026 10:59:37.052 [132420915392256] DEBUG - [FFMPEG] - mdct_inv_float_avx2 - type: mdct_float, len: 960, factors[2]: [2, any], flags: [aligned, out_of_place, inv_only]
Sep 13, 2026 10:59:37.052 [132420915392256] DEBUG - [FFMPEG] -     
Sep 13, 2026 10:59:37.052 [132420915392256] DEBUG - [FFMPEG] -     
Sep 13, 2026 10:59:37.052 [132420915392256] DEBUG - [FFMPEG] - fft_pfa_15xM_asm_float_avx2 - type: fft_float, len: 480, factors[2]: [15, 2], flags: [aligned, inplace, out_of_place, preshuf, asm_call]
Sep 13, 2026 10:59:37.052 [132420915392256] DEBUG - [FFMPEG] -     
Sep 13, 2026 10:59:37.052 [132420915392256] DEBUG - [FFMPEG] -     
Sep 13, 2026 10:59:37.052 [132420915392256] DEBUG - [FFMPEG] -     
Sep 13, 2026 10:59:37.052 [132420915392256] DEBUG - [FFMPEG] - fft32_asm_float_fma3 - type: fft_float, len: 32, factor: 2, flags: [aligned, inplace, out_of_place, preshuf, asm_call]
Sep 13, 2026 10:59:37.052 [132420915392256] DEBUG - [FFMPEG] - For transform of length 1024, inverse, mdct_float, flags: [aligned, out_of_place], found 3 matches:
Sep 13, 2026 10:59:37.052 [132420915392256] DEBUG - [FFMPEG] -     1: 
Sep 13, 2026 10:59:37.052 [132420915392256] DEBUG - [FFMPEG] - mdct_inv_float_avx2 - type: mdct_float, len: [16, ∞], factors[2]: [2, any], flags: [aligned, out_of_place, inv_only], prio: 511
Sep 13, 2026 10:59:37.052 [132420915392256] DEBUG - [FFMPEG] -     2: 
Sep 13, 2026 10:59:37.052 [132420915392256] DEBUG - [FFMPEG] - mdct_inv_float_c - type: mdct_float, len: [2, ∞], factors[2]: [2, any], flags: [unaligned, out_of_place, inv_only], prio: 96
Sep 13, 2026 10:59:37.052 [132420915392256] DEBUG - [FFMPEG] -     3: 
Sep 13, 2026 10:59:37.052 [132420915392256] DEBUG - [FFMPEG] - mdct_naive_inv_float_c - type: mdct_float, len: [2, ∞], factors[2]: [2, any], flags: [unaligned, out_of_place, inv_only], prio: -130976
Sep 13, 2026 10:59:37.052 [132420915392256] DEBUG - [FFMPEG] - For transform of length 512, inverse, fft_float, flags: [aligned, inplace, preshuf, asm_call], found 3 matches:
Sep 13, 2026 10:59:37.052 [132420915392256] DEBUG - [FFMPEG] -     1: 
Sep 13, 2026 10:59:37.052 [132420915392256] DEBUG - [FFMPEG] - fft_sr_asm_float_fma3 - type: fft_float, len: [64, 131072], factor: 2, flags: [aligned, inplace, out_of_place, preshuf, asm_call], prio: 448
Sep 13, 2026 10:59:37.052 [132420915392256] DEBUG - [FFMPEG] -     2: 
Sep 13, 2026 10:59:37.052 [132420915392256] DEBUG - [FFMPEG] - fft_sr_asm_float_avx2 - type: fft_float, len: [64, 131072], factor: 2, flags: [aligned, inplace, out_of_place, preshuf, asm_call], prio: 447
Sep 13, 2026 10:59:37.052 [132420915392256] DEBUG - [FFMPEG] -     3: 
Sep 13, 2026 10:59:37.052 [132420915392256] DEBUG - [FFMPEG] - fft_sr_asm_float_avx - type: fft_float, len: [64, 131072], factor: 2, flags: [aligned, inplace, out_of_place, preshuf, asm_call], prio: 416
Sep 13, 2026 10:59:37.052 [132420915392256] DEBUG - [FFMPEG] - Transform tree:
Sep 13, 2026 10:59:37.052 [132420915392256] DEBUG - [FFMPEG] -     
Sep 13, 2026 10:59:37.052 [132420915392256] DEBUG - [FFMPEG] - mdct_inv_float_avx2 - type: mdct_float, len: 1024, factors[2]: [2, any], flags: [aligned, out_of_place, inv_only]
Sep 13, 2026 10:59:37.052 [132420915392256] DEBUG - [FFMPEG] -     
Sep 13, 2026 10:59:37.052 [132420915392256] DEBUG - [FFMPEG] -     
Sep 13, 2026 10:59:37.052 [132420915392256] DEBUG - [FFMPEG] - fft_sr_asm_float_fma3 - type: fft_float, len: 512, factor: 2, flags: [aligned, inplace, out_of_place, preshuf, asm_call]
Sep 13, 2026 10:59:37.052 [132420915392256] DEBUG - [FFMPEG] - For transform of length 1024, forward, mdct_float, flags: [aligned, out_of_place], found 2 matches:
Sep 13, 2026 10:59:37.052 [132420915392256] DEBUG - [FFMPEG] -     1: 
Sep 13, 2026 10:59:37.052 [132420915392256] DEBUG - [FFMPEG] - mdct_fwd_float_c - type: mdct_float, len: [2, ∞], factors[2]: [2, any], flags: [unaligned, out_of_place, fwd_only], prio: 96
Sep 13, 2026 10:59:37.052 [132420915392256] DEBUG - [FFMPEG] -     2: 
Sep 13, 2026 10:59:37.052 [132420915392256] DEBUG - [FFMPEG] - mdct_naive_fwd_float_c - type: mdct_float, len: [2, ∞], factors[2]: [2, any], flags: [unaligned, out_of_place, fwd_only], prio: -130976
Sep 13, 2026 10:59:37.052 [132420915392256] DEBUG - [FFMPEG] - For transform of length 512, forward, fft_float, flags: [aligned, inplace, preshuf], found 5 matches:
Sep 13, 2026 10:59:37.052 [132420915392256] DEBUG - [FFMPEG] -     1: 
Sep 13, 2026 10:59:37.052 [132420915392256] DEBUG - [FFMPEG] - fft_sr_ns_float_fma3 - type: fft_float, len: [64, 131072], factor: 2, flags: [aligned, inplace, out_of_place, preshuf], prio: 448
Sep 13, 2026 10:59:37.052 [132420915392256] DEBUG - [FFMPEG] -     2: 
Sep 13, 2026 10:59:37.052 [132420915392256] DEBUG - [FFMPEG] - fft_sr_ns_float_avx2 - type: fft_float, len: [64, 131072], factor: 2, flags: [aligned, inplace, out_of_place, preshuf], prio: 447
Sep 13, 2026 10:59:37.052 [132420915392256] DEBUG - [FFMPEG] -     3: 
Sep 13, 2026 10:59:37.052 [132420915392256] DEBUG - [FFMPEG] - fft_sr_ns_float_avx - type: fft_float, len: [64, 131072], factor: 2, flags: [aligned, inplace, out_of_place, preshuf], prio: 416
Sep 13, 2026 10:59:37.052 [132420915392256] DEBUG - [FFMPEG] -     4: 
Sep 13, 2026 10:59:37.052 [132420915392256] DEBUG - [FFMPEG] - fft_pfa_ns_float_c - type: fft_float, len: [6, ∞], factors[2]: [7, 5, 3, 2, any], flags: [unaligned, inplace, out_of_place, preshuf], prio: 112
Sep 13, 2026 10:59:37.052 [132420915392256] DEBUG - [FFMPEG] -     5: 
Sep 13, 2026 10:59:37.052 [132420915392256] DEBUG - [FFMPEG] - fft512_ns_float_c - type: fft_float, len: 512, factor: 2, flags: [unaligned, inplace, out_of_place, preshuf], prio: 96
Sep 13, 2026 10:59:37.052 [132420915392256] DEBUG - [FFMPEG] - Transform tree:
Sep 13, 2026 10:59:37.052 [132420915392256] DEBUG - [FFMPEG] -     
Sep 13, 2026 10:59:37.052 [132420915392256] DEBUG - [FFMPEG] - mdct_fwd_float_c - type: mdct_float, len: 1024, factors[2]: [2, any], flags: [unaligned, out_of_place, fwd_only]
Sep 13, 2026 10:59:37.052 [132420915392256] DEBUG - [FFMPEG] -     
Sep 13, 2026 10:59:37.052 [132420915392256] DEBUG - [FFMPEG] -     
Sep 13, 2026 10:59:37.052 [132420915392256] DEBUG - [FFMPEG] - fft_sr_ns_float_fma3 - type: fft_float, len: 512, factor: 2, flags: [aligned, inplace, out_of_place, preshuf]
Sep 13, 2026 10:59:37.053 [132420915392256] DEBUG - [FFMPEG] - nal_unit_type: 7(SPS), nal_ref_idc: 3
Sep 13, 2026 10:59:37.053 [132420915392256] DEBUG - [FFMPEG] - Decoding VUI
Sep 13, 2026 10:59:37.053 [132420915392256] DEBUG - [FFMPEG] - nal_unit_type: 8(PPS), nal_ref_idc: 3
Sep 13, 2026 10:59:37.053 [132420915392256] DEBUG - [FFMPEG] - nal_unit_type: 6(SEI), nal_ref_idc: 0
Sep 13, 2026 10:59:37.053 [132420915392256] DEBUG - [FFMPEG] - nal_unit_type: 5(IDR), nal_ref_idc: 3
Sep 13, 2026 10:59:37.053 [132420915392256] DEBUG - [FFMPEG] - Format yuv420p chosen by get_format().
Sep 13, 2026 10:59:37.055 [132420915392256] DEBUG - [FFMPEG] - no picture 
Sep 13, 2026 10:59:37.057 [132420915392256] DEBUG - [FFMPEG] - demuxer injecting skip 2048 / discard 0
Sep 13, 2026 10:59:37.057 [132420915392256] DEBUG - [FFMPEG] - skip 2048 / discard 0 samples due to side data
Sep 13, 2026 10:59:37.057 [132420915392256] DEBUG - [FFMPEG] - All info found
Sep 13, 2026 10:59:37.057 [132420915392256] DEBUG - [FFMPEG] - After avformat_find_stream_info() pos: 5304780 bytes read:5367928 seeks:2 frames:2
Sep 13, 2026 10:59:37.058 [132420915392256] DEBUG - [MI] Opening "/media/movies/Just My Luck (2006)/Just My Luck (2006) [BluRay] [1080p] [YTS.AM].mp4" for MP4 atom parsing
Sep 13, 2026 10:59:37.058 [132420915392256] DEBUG - Mp4AtomParser: Skipping ftyp atom of size 32 at offset 0
Sep 13, 2026 10:59:37.058 [132420915392256] DEBUG - Mp4AtomParser: Found moov atom of size 5303356 at offset 32
Sep 13, 2026 10:59:37.060 [132420915392256] DEBUG - Mp4AtomParser: Found trak atom of size 2253592 at offset 148
Sep 13, 2026 10:59:37.060 [132420915392256] DEBUG - Mp4AtomParser: Found trak atom of size 3049550 at offset 2253740
Sep 13, 2026 10:59:37.060 [132420915392256] DEBUG - Mp4AtomParser: Found mdia atom of size 2253456 at offset 284
Sep 13, 2026 10:59:37.060 [132420915392256] DEBUG - Mp4AtomParser: Found minf atom of size 2253371 at offset 369
Sep 13, 2026 10:59:37.060 [132420915392256] DEBUG - Mp4AtomParser: Found stbl atom of size 2253307 at offset 433
Sep 13, 2026 10:59:37.060 [132420915392256] DEBUG - Mp4AtomParser: Found mdia atom of size 3049414 at offset 2253876
Sep 13, 2026 10:59:37.060 [132420915392256] DEBUG - Mp4AtomParser: Found minf atom of size 3049329 at offset 2253961
Sep 13, 2026 10:59:37.060 [132420915392256] DEBUG - Mp4AtomParser: Found stbl atom of size 3049269 at offset 2254021
Sep 13, 2026 10:59:37.061 [132420915392256] DEBUG - [MI]  * 83b04d38baebd549f76f09d28af00fabf3bbc189 [mp4 h264/aac] Duration: 6158869ms, 1904x1040 (1.830769) 23.976fps, bitrate=1605kbps, audio channels=2, optimizedForStreaming=1 ("/media/movies/Just My Luck (2006)/Just My Luck (2006) [BluRay] [1080p] [YTS.AM].mp4")
Sep 13, 2026 10:59:37.061 [132420915392256] DEBUG - [MI] Chapters had generic titles, clearing.
Sep 13, 2026 10:59:37.061 [132420915392256] DEBUG - [MI] Closing input file: "/media/movies/Just My Luck (2006)/Just My Luck (2006) [BluRay] [1080p] [YTS.AM].mp4"
Sep 13, 2026 10:59:37.062 [132420915392256] DEBUG - Committing media stream changes for part 2498
Sep 13, 2026 10:59:37.063 [132420915392256] DEBUG - Updating media item 2498, size=1236271104, metadata_item_id=1176
Sep 13, 2026 10:59:37.063 [132420915392256] DEBUG - Updating part with ID=2498 [/media/movies/Just My Luck (2006)/Just My Luck (2006) [BluRay] [1080p] [YTS.AM].mp4]
Sep 13, 2026 10:59:37.063 [132420828433152] DEBUG - [HCl#1] HTTP requesting GET http://127.0.0.1:32400/:/metadata/notify/changeItemState?librarySectionID=1&metadataItemID=1176&metadataType=1&state=-1&parentID=-1&rootID=-1&mediaState=analyzing
Sep 13, 2026 10:59:37.064 [132420827970304] DEBUG - [HttpClient/HCl#1] HTTP/1.1 (0.0s) 200 response from GET http://127.0.0.1:32400/:/metadata/notify/changeItemState?librarySectionID=1&metadataItemID=1176&metadataType=1&state=-1&parentID=-1&rootID=-1&mediaState=analyzing
Sep 13, 2026 10:59:37.064 [132420828433152] DEBUG - [HCl#2] HTTP requesting GET http://127.0.0.1:32400/:/metadata/notify/changeItemState?librarySectionID=1&metadataItemID=1176&metadataType=1&state=-1&parentID=-1&rootID=-1&mediaState=idle
Sep 13, 2026 10:59:37.064 [132420827970304] DEBUG - [HttpClient/HCl#2] HTTP/1.1 (0.0s) 200 response from GET http://127.0.0.1:32400/:/metadata/notify/changeItemState?librarySectionID=1&metadataItemID=1176&metadataType=1&state=-1&parentID=-1&rootID=-1&mediaState=idle (reused)
Sep 13, 2026 10:59:37.065 [132420915392256] DEBUG - Downloading document http://127.0.0.1:32400/library/changestamp
Sep 13, 2026 10:59:37.065 [132420915392256] DEBUG - [HCl#3] HTTP requesting GET http://127.0.0.1:32400/library/changestamp
Sep 13, 2026 10:59:37.065 [132420827970304] DEBUG - [HttpClient/HCl#3] HTTP/1.1 (0.0s) 200 response from GET http://127.0.0.1:32400/library/changestamp (reused)
Sep 13, 2026 10:59:37.065 [132420915392256] DEBUG - Updating metadata item (save) (Just My Luck) with ID 1176
