Sep 08, 2026 02:04:34.003 [127479578725120] INFO - Plex Media Scanner v1.43.3.10828-00f62d37d - Docker Docker Container (LinuxServer.io) x86_64 - build: linux-x86_64 - GMT 02:00
Sep 08, 2026 02:04:34.003 [127479578725120] INFO - Linux version: 7.0.0-31-generic, language: en-US
Sep 08, 2026 02:04:34.003 [127479578725120] INFO - Processor: 12-core AMD Ryzen 5 3600 6-Core Processor
Sep 08, 2026 02:04:34.003 [127479578725120] INFO - /usr/lib/plexmediaserver/Plex Media Scanner --generate --chapter-thumbs-only --item 1104 --log-file-suffix  Chapter Thumbnails --force
Sep 08, 2026 02:04:34.004 [127479579234048] DEBUG - Opening 20 database sessions to library (com.plexapp.plugins.library), SQLite 3.39.4, threadsafe=1
Sep 08, 2026 02:04:34.098 [127479579234048] DEBUG - [MI] Opening input file: "/media/tv/Forged in Fire/Season 3/Forged.in.Fire.S03E15.The.Haladie.iNTERNAL.720p.HDTV.x264-DHD[eztv].mkv"
Sep 08, 2026 02:04:34.098 [127479579234048] DEBUG - [FFMPEG] - Opening '/media/tv/Forged in Fire/Season 3/Forged.in.Fire.S03E15.The.Haladie.iNTERNAL.720p.HDTV.x264-DHD[eztv].mkv' for reading
Sep 08, 2026 02:04:34.098 [127479579234048] DEBUG - [FFMPEG] - Setting default whitelist 'file,crypto,data'
Sep 08, 2026 02:04:34.099 [127479579234048] DEBUG - [FFMPEG] - Format matroska,webm probed with size=2048 and score=100
Sep 08, 2026 02:04:34.099 [127479579234048] DEBUG - [FFMPEG] - st:0 removing common factor 1000000 from timebase
Sep 08, 2026 02:04:34.099 [127479579234048] DEBUG - [FFMPEG] - st:1 removing common factor 1000000 from timebase
Sep 08, 2026 02:04:34.099 [127479579234048] DEBUG - [FFMPEG] - st:2 removing common factor 1000000 from timebase
Sep 08, 2026 02:04:34.099 [127479579234048] DEBUG - [FFMPEG] - Before avformat_find_stream_info() pos: 6641 bytes read:33988 seeks:2 nb_streams:3
Sep 08, 2026 02:04:34.100 [127479579234048] DEBUG - [FFMPEG] - nal_unit_type: 7(SPS), nal_ref_idc: 3
Sep 08, 2026 02:04:34.100 [127479579234048] DEBUG - [FFMPEG] - Decoding VUI
Sep 08, 2026 02:04:34.100 [127479579234048] DEBUG - [FFMPEG] - nal_unit_type: 8(PPS), nal_ref_idc: 3
Sep 08, 2026 02:04:34.100 [127479579234048] DEBUG - [FFMPEG] - For transform of length 128, inverse, mdct_float, flags: [aligned, out_of_place], found 3 matches:
Sep 08, 2026 02:04:34.100 [127479579234048] DEBUG - [FFMPEG] -     1: 
Sep 08, 2026 02:04:34.100 [127479579234048] DEBUG - [FFMPEG] - mdct_inv_float_avx2 - type: mdct_float, len: [16, ∞], factors[2]: [2, any], flags: [aligned, out_of_place, inv_only], prio: 511
Sep 08, 2026 02:04:34.100 [127479579234048] DEBUG - [FFMPEG] -     2: 
Sep 08, 2026 02:04:34.100 [127479579234048] DEBUG - [FFMPEG] - mdct_inv_float_c - type: mdct_float, len: [2, ∞], factors[2]: [2, any], flags: [unaligned, out_of_place, inv_only], prio: 96
Sep 08, 2026 02:04:34.100 [127479579234048] DEBUG - [FFMPEG] -     3: 
Sep 08, 2026 02:04:34.100 [127479579234048] DEBUG - [FFMPEG] - mdct_naive_inv_float_c - type: mdct_float, len: [2, ∞], factors[2]: [2, any], flags: [unaligned, out_of_place, inv_only], prio: -130976
Sep 08, 2026 02:04:34.100 [127479579234048] DEBUG - [FFMPEG] - For transform of length 64, inverse, fft_float, flags: [aligned, inplace, preshuf, asm_call], found 3 matches:
Sep 08, 2026 02:04:34.100 [127479579234048] DEBUG - [FFMPEG] -     1: 
Sep 08, 2026 02:04:34.100 [127479579234048] DEBUG - [FFMPEG] - fft_sr_asm_float_fma3 - type: fft_float, len: [64, 131072], factor: 2, flags: [aligned, inplace, out_of_place, preshuf, asm_call], prio: 448
Sep 08, 2026 02:04:34.100 [127479579234048] DEBUG - [FFMPEG] -     2: 
Sep 08, 2026 02:04:34.100 [127479579234048] DEBUG - [FFMPEG] - fft_sr_asm_float_avx2 - type: fft_float, len: [64, 131072], factor: 2, flags: [aligned, inplace, out_of_place, preshuf, asm_call], prio: 447
Sep 08, 2026 02:04:34.100 [127479579234048] DEBUG - [FFMPEG] -     3: 
Sep 08, 2026 02:04:34.100 [127479579234048] DEBUG - [FFMPEG] - fft_sr_asm_float_avx - type: fft_float, len: [64, 131072], factor: 2, flags: [aligned, inplace, out_of_place, preshuf, asm_call], prio: 416
Sep 08, 2026 02:04:34.100 [127479579234048] DEBUG - [FFMPEG] - Transform tree:
Sep 08, 2026 02:04:34.100 [127479579234048] DEBUG - [FFMPEG] -     
Sep 08, 2026 02:04:34.100 [127479579234048] DEBUG - [FFMPEG] - mdct_inv_float_avx2 - type: mdct_float, len: 128, factors[2]: [2, any], flags: [aligned, out_of_place, inv_only]
Sep 08, 2026 02:04:34.100 [127479579234048] DEBUG - [FFMPEG] -     
Sep 08, 2026 02:04:34.100 [127479579234048] DEBUG - [FFMPEG] -     
Sep 08, 2026 02:04:34.100 [127479579234048] DEBUG - [FFMPEG] - fft_sr_asm_float_fma3 - type: fft_float, len: 64, factor: 2, flags: [aligned, inplace, out_of_place, preshuf, asm_call]
Sep 08, 2026 02:04:34.100 [127479579234048] DEBUG - [FFMPEG] - For transform of length 256, inverse, mdct_float, flags: [aligned, out_of_place], found 3 matches:
Sep 08, 2026 02:04:34.100 [127479579234048] DEBUG - [FFMPEG] -     1: 
Sep 08, 2026 02:04:34.100 [127479579234048] DEBUG - [FFMPEG] - mdct_inv_float_avx2 - type: mdct_float, len: [16, ∞], factors[2]: [2, any], flags: [aligned, out_of_place, inv_only], prio: 511
Sep 08, 2026 02:04:34.100 [127479579234048] DEBUG - [FFMPEG] -     2: 
Sep 08, 2026 02:04:34.100 [127479579234048] DEBUG - [FFMPEG] - mdct_inv_float_c - type: mdct_float, len: [2, ∞], factors[2]: [2, any], flags: [unaligned, out_of_place, inv_only], prio: 96
Sep 08, 2026 02:04:34.100 [127479579234048] DEBUG - [FFMPEG] -     3: 
Sep 08, 2026 02:04:34.100 [127479579234048] DEBUG - [FFMPEG] - mdct_naive_inv_float_c - type: mdct_float, len: [2, ∞], factors[2]: [2, any], flags: [unaligned, out_of_place, inv_only], prio: -130976
Sep 08, 2026 02:04:34.100 [127479579234048] DEBUG - [FFMPEG] - For transform of length 128, inverse, fft_float, flags: [aligned, inplace, preshuf, asm_call], found 3 matches:
Sep 08, 2026 02:04:34.100 [127479579234048] DEBUG - [FFMPEG] -     1: 
Sep 08, 2026 02:04:34.100 [127479579234048] DEBUG - [FFMPEG] - fft_sr_asm_float_fma3 - type: fft_float, len: [64, 131072], factor: 2, flags: [aligned, inplace, out_of_place, preshuf, asm_call], prio: 448
Sep 08, 2026 02:04:34.100 [127479579234048] DEBUG - [FFMPEG] -     2: 
Sep 08, 2026 02:04:34.100 [127479579234048] DEBUG - [FFMPEG] - fft_sr_asm_float_avx2 - type: fft_float, len: [64, 131072], factor: 2, flags: [aligned, inplace, out_of_place, preshuf, asm_call], prio: 447
Sep 08, 2026 02:04:34.100 [127479579234048] DEBUG - [FFMPEG] -     3: 
Sep 08, 2026 02:04:34.100 [127479579234048] DEBUG - [FFMPEG] - fft_sr_asm_float_avx - type: fft_float, len: [64, 131072], factor: 2, flags: [aligned, inplace, out_of_place, preshuf, asm_call], prio: 416
Sep 08, 2026 02:04:34.100 [127479579234048] DEBUG - [FFMPEG] - Transform tree:
Sep 08, 2026 02:04:34.100 [127479579234048] DEBUG - [FFMPEG] -     
Sep 08, 2026 02:04:34.100 [127479579234048] DEBUG - [FFMPEG] - mdct_inv_float_avx2 - type: mdct_float, len: 256, factors[2]: [2, any], flags: [aligned, out_of_place, inv_only]
Sep 08, 2026 02:04:34.100 [127479579234048] DEBUG - [FFMPEG] -     
Sep 08, 2026 02:04:34.100 [127479579234048] DEBUG - [FFMPEG] -     
Sep 08, 2026 02:04:34.100 [127479579234048] DEBUG - [FFMPEG] - fft_sr_asm_float_fma3 - type: fft_float, len: 128, factor: 2, flags: [aligned, inplace, out_of_place, preshuf, asm_call]
Sep 08, 2026 02:04:34.100 [127479579234048] DEBUG - [FFMPEG] - nal_unit_type: 7(SPS), nal_ref_idc: 3
Sep 08, 2026 02:04:34.100 [127479579234048] DEBUG - [FFMPEG] - Decoding VUI
Sep 08, 2026 02:04:34.100 [127479579234048] DEBUG - [FFMPEG] - nal_unit_type: 8(PPS), nal_ref_idc: 3
Sep 08, 2026 02:04:34.100 [127479579234048] DEBUG - [FFMPEG] - Decoding VUI
Sep 08, 2026 02:04:34.100 [127479579234048] DEBUG - [FFMPEG] - nal_unit_type: 7(SPS), nal_ref_idc: 3
Sep 08, 2026 02:04:34.100 [127479579234048] DEBUG - [FFMPEG] - nal_unit_type: 8(PPS), nal_ref_idc: 3
Sep 08, 2026 02:04:34.100 [127479579234048] DEBUG - [FFMPEG] - nal_unit_type: 6(SEI), nal_ref_idc: 0
Sep 08, 2026 02:04:34.101 [127479579234048] DEBUG - [FFMPEG] - nal_unit_type: 5(IDR), nal_ref_idc: 3
Sep 08, 2026 02:04:34.101 [127479579234048] DEBUG - [FFMPEG] - Decoding VUI
Sep 08, 2026 02:04:34.101 [127479579234048] DEBUG - [FFMPEG] - Format yuv420p chosen by get_format().
Sep 08, 2026 02:04:34.102 [127479579234048] DEBUG - [FFMPEG] - no picture 
Sep 08, 2026 02:04:34.106 [127479579234048] DEBUG - [FFMPEG] - nal_unit_type: 1(Coded slice of a non-IDR picture), nal_ref_idc: 2
Sep 08, 2026 02:04:34.107 [127479579234048] DEBUG - [FFMPEG] - no picture 
Sep 08, 2026 02:04:34.114 [127479579234048] DEBUG - [FFMPEG] - nal_unit_type: 1(Coded slice of a non-IDR picture), nal_ref_idc: 2
Sep 08, 2026 02:04:34.120 [127479579234048] DEBUG - [FFMPEG] - nal_unit_type: 1(Coded slice of a non-IDR picture), nal_ref_idc: 2
Sep 08, 2026 02:04:34.122 [127479579234048] DEBUG - [FFMPEG] - nal_unit_type: 1(Coded slice of a non-IDR picture), nal_ref_idc: 0
Sep 08, 2026 02:04:34.125 [127479579234048] DEBUG - [FFMPEG] - nal_unit_type: 1(Coded slice of a non-IDR picture), nal_ref_idc: 0
Sep 08, 2026 02:04:34.127 [127479579234048] DEBUG - [FFMPEG] - nal_unit_type: 1(Coded slice of a non-IDR picture), nal_ref_idc: 2
Sep 08, 2026 02:04:34.128 [127479579234048] DEBUG - [FFMPEG] - nal_unit_type: 1(Coded slice of a non-IDR picture), nal_ref_idc: 2
Sep 08, 2026 02:04:34.129 [127479579234048] DEBUG - [FFMPEG] - nal_unit_type: 1(Coded slice of a non-IDR picture), nal_ref_idc: 0
Sep 08, 2026 02:04:34.130 [127479579234048] DEBUG - [FFMPEG] - All info found
Sep 08, 2026 02:04:34.131 [127479579234048] DEBUG - [FFMPEG] - After avformat_find_stream_info() pos: 200511 bytes read:229364 seeks:2 frames:26
Sep 08, 2026 02:04:34.131 [127479579234048] DEBUG - Creating /config/Library/Application Support/Plex Media Server/Media/localhost/f/cf335ab8785244e6ea5b8e87419acc68077c2dc.bundle/Contents/Chapters/chapter1.jpg (0.1%, 1280x720).
Sep 08, 2026 02:04:34.132 [127479579234048] DEBUG - [FFMPEG] - nal_unit_type: 7(SPS), nal_ref_idc: 3
Sep 08, 2026 02:04:34.132 [127479579234048] DEBUG - [FFMPEG] - Decoding VUI
Sep 08, 2026 02:04:34.132 [127479579234048] DEBUG - [FFMPEG] - nal_unit_type: 8(PPS), nal_ref_idc: 3
Sep 08, 2026 02:04:34.133 [127479579234048] DEBUG - [FFMPEG] - nal_unit_type: 7(SPS), nal_ref_idc: 3
Sep 08, 2026 02:04:34.133 [127479579234048] DEBUG - [FFMPEG] - Decoding VUI
Sep 08, 2026 02:04:34.133 [127479579234048] DEBUG - [FFMPEG] - nal_unit_type: 8(PPS), nal_ref_idc: 3
Sep 08, 2026 02:04:34.134 [127479579234048] DEBUG - [FFMPEG] - Decoding VUI
Sep 08, 2026 02:04:34.134 [127479579234048] DEBUG - [FFMPEG] - nal_unit_type: 7(SPS), nal_ref_idc: 3
Sep 08, 2026 02:04:34.134 [127479579234048] DEBUG - [FFMPEG] - nal_unit_type: 8(PPS), nal_ref_idc: 3
Sep 08, 2026 02:04:34.134 [127479579234048] DEBUG - [FFMPEG] - nal_unit_type: 6(SEI), nal_ref_idc: 0
Sep 08, 2026 02:04:34.134 [127479579234048] DEBUG - [FFMPEG] - nal_unit_type: 5(IDR), nal_ref_idc: 3
Sep 08, 2026 02:04:34.134 [127479579234048] DEBUG - [FFMPEG] - Decoding VUI
Sep 08, 2026 02:04:34.134 [127479579234048] DEBUG - [FFMPEG] - Format yuv420p chosen by get_format().
Sep 08, 2026 02:04:34.135 [127479579234048] DEBUG - [FFMPEG] - no picture 
Sep 08, 2026 02:04:34.139 [127479579234048] DEBUG - [FFMPEG] - nal_unit_type: 1(Coded slice of a non-IDR picture), nal_ref_idc: 2
Sep 08, 2026 02:04:34.140 [127479579234048] DEBUG - [FFMPEG] - no picture 
Sep 08, 2026 02:04:34.147 [127479579234048] DEBUG - [FFMPEG] - nal_unit_type: 1(Coded slice of a non-IDR picture), nal_ref_idc: 2
Sep 08, 2026 02:04:34.188 [127479579234048] DEBUG - Loaded memory image of size 1280x720.
Sep 08, 2026 02:04:34.207 [127479579234048] DEBUG - [FFMPEG] - nal_unit_type: 7(SPS), nal_ref_idc: 3
Sep 08, 2026 02:04:34.207 [127479579234048] DEBUG - [FFMPEG] - Decoding VUI
Sep 08, 2026 02:04:34.207 [127479579234048] DEBUG - [FFMPEG] - nal_unit_type: 8(PPS), nal_ref_idc: 3
Sep 08, 2026 02:04:34.207 [127479579234048] DEBUG - [FFMPEG] - nal_unit_type: 7(SPS), nal_ref_idc: 3
Sep 08, 2026 02:04:34.207 [127479579234048] DEBUG - [FFMPEG] - Decoding VUI
Sep 08, 2026 02:04:34.207 [127479579234048] DEBUG - [FFMPEG] - nal_unit_type: 8(PPS), nal_ref_idc: 3
Sep 08, 2026 02:04:34.207 [127479579234048] DEBUG - [FFMPEG] - Decoding VUI
Sep 08, 2026 02:04:34.208 [127479579234048] DEBUG - [FFMPEG] - nal_unit_type: 7(SPS), nal_ref_idc: 3
Sep 08, 2026 02:04:34.208 [127479579234048] DEBUG - [FFMPEG] - nal_unit_type: 8(PPS), nal_ref_idc: 3
Sep 08, 2026 02:04:34.208 [127479579234048] DEBUG - [FFMPEG] - nal_unit_type: 6(SEI), nal_ref_idc: 0
Sep 08, 2026 02:04:34.208 [127479579234048] DEBUG - [FFMPEG] - nal_unit_type: 5(IDR), nal_ref_idc: 3
Sep 08, 2026 02:04:34.208 [127479579234048] DEBUG - [FFMPEG] - Decoding VUI
Sep 08, 2026 02:04:34.208 [127479579234048] DEBUG - [FFMPEG] - Format yuv420p chosen by get_format().
Sep 08, 2026 02:04:34.209 [127479579234048] DEBUG - [FFMPEG] - no picture 
Sep 08, 2026 02:04:34.213 [127479579234048] DEBUG - [FFMPEG] - nal_unit_type: 1(Coded slice of a non-IDR picture), nal_ref_idc: 2
Sep 08, 2026 02:04:34.214 [127479579234048] DEBUG - [FFMPEG] - no picture 
Sep 08, 2026 02:04:34.221 [127479579234048] DEBUG - [FFMPEG] - nal_unit_type: 1(Coded slice of a non-IDR picture), nal_ref_idc: 2
Sep 08, 2026 02:04:34.262 [127479579234048] DEBUG - Loaded memory image of size 1280x720.
Sep 08, 2026 02:04:34.281 [127479579234048] DEBUG - [FFMPEG] - nal_unit_type: 7(SPS), nal_ref_idc: 3
Sep 08, 2026 02:04:34.281 [127479579234048] DEBUG - [FFMPEG] - Decoding VUI
Sep 08, 2026 02:04:34.281 [127479579234048] DEBUG - [FFMPEG] - nal_unit_type: 8(PPS), nal_ref_idc: 3
Sep 08, 2026 02:04:34.281 [127479579234048] DEBUG - [FFMPEG] - nal_unit_type: 7(SPS), nal_ref_idc: 3
Sep 08, 2026 02:04:34.281 [127479579234048] DEBUG - [FFMPEG] - Decoding VUI
Sep 08, 2026 02:04:34.281 [127479579234048] DEBUG - [FFMPEG] - nal_unit_type: 8(PPS), nal_ref_idc: 3
Sep 08, 2026 02:04:34.281 [127479579234048] DEBUG - [FFMPEG] - Decoding VUI
Sep 08, 2026 02:04:34.281 [127479579234048] DEBUG - [FFMPEG] - nal_unit_type: 7(SPS), nal_ref_idc: 3
Sep 08, 2026 02:04:34.281 [127479579234048] DEBUG - [FFMPEG] - nal_unit_type: 8(PPS), nal_ref_idc: 3
Sep 08, 2026 02:04:34.281 [127479579234048] DEBUG - [FFMPEG] - nal_unit_type: 6(SEI), nal_ref_idc: 0
Sep 08, 2026 02:04:34.281 [127479579234048] DEBUG - [FFMPEG] - nal_unit_type: 5(IDR), nal_ref_idc: 3
Sep 08, 2026 02:04:34.281 [127479579234048] DEBUG - [FFMPEG] - Decoding VUI
Sep 08, 2026 02:04:34.281 [127479579234048] DEBUG - [FFMPEG] - Format yuv420p chosen by get_format().
Sep 08, 2026 02:04:34.283 [127479579234048] DEBUG - [FFMPEG] - no picture 
Sep 08, 2026 02:04:34.286 [127479579234048] DEBUG - [FFMPEG] - nal_unit_type: 1(Coded slice of a non-IDR picture), nal_ref_idc: 2
Sep 08, 2026 02:04:34.287 [127479579234048] DEBUG - [FFMPEG] - no picture 
Sep 08, 2026 02:04:34.295 [127479579234048] DEBUG - [FFMPEG] - nal_unit_type: 1(Coded slice of a non-IDR picture), nal_ref_idc: 2
Sep 08, 2026 02:04:34.336 [127479579234048] DEBUG - Loaded memory image of size 1280x720.
Sep 08, 2026 02:04:34.354 [127479579234048] DEBUG - [FFMPEG] - nal_unit_type: 7(SPS), nal_ref_idc: 3
Sep 08, 2026 02:04:34.354 [127479579234048] DEBUG - [FFMPEG] - Decoding VUI
Sep 08, 2026 02:04:34.354 [127479579234048] DEBUG - [FFMPEG] - nal_unit_type: 8(PPS), nal_ref_idc: 3
Sep 08, 2026 02:04:34.355 [127479579234048] DEBUG - [FFMPEG] - nal_unit_type: 7(SPS), nal_ref_idc: 3
Sep 08, 2026 02:04:34.355 [127479579234048] DEBUG - [FFMPEG] - Decoding VUI
Sep 08, 2026 02:04:34.355 [127479579234048] DEBUG - [FFMPEG] - nal_unit_type: 8(PPS), nal_ref_idc: 3
Sep 08, 2026 02:04:34.355 [127479579234048] DEBUG - [FFMPEG] - Decoding VUI
Sep 08, 2026 02:04:34.355 [127479579234048] DEBUG - [FFMPEG] - nal_unit_type: 7(SPS), nal_ref_idc: 3
Sep 08, 2026 02:04:34.355 [127479579234048] DEBUG - [FFMPEG] - nal_unit_type: 8(PPS), nal_ref_idc: 3
Sep 08, 2026 02:04:34.355 [127479579234048] DEBUG - [FFMPEG] - nal_unit_type: 6(SEI), nal_ref_idc: 0
Sep 08, 2026 02:04:34.355 [127479579234048] DEBUG - [FFMPEG] - nal_unit_type: 5(IDR), nal_ref_idc: 3
Sep 08, 2026 02:04:34.355 [127479579234048] DEBUG - [FFMPEG] - Decoding VUI
Sep 08, 2026 02:04:34.355 [127479579234048] DEBUG - [FFMPEG] - Format yuv420p chosen by get_format().
Sep 08, 2026 02:04:34.356 [127479579234048] DEBUG - [FFMPEG] - no picture 
Sep 08, 2026 02:04:34.360 [127479579234048] DEBUG - [FFMPEG] - nal_unit_type: 1(Coded slice of a non-IDR picture), nal_ref_idc: 2
Sep 08, 2026 02:04:34.361 [127479579234048] DEBUG - [FFMPEG] - no picture 
Sep 08, 2026 02:04:34.368 [127479579234048] DEBUG - [FFMPEG] - nal_unit_type: 1(Coded slice of a non-IDR picture), nal_ref_idc: 2
Sep 08, 2026 02:04:34.409 [127479579234048] DEBUG - Loaded memory image of size 1280x720.
Sep 08, 2026 02:04:34.428 [127479579234048] DEBUG - [FFMPEG] - nal_unit_type: 7(SPS), nal_ref_idc: 3
Sep 08, 2026 02:04:34.428 [127479579234048] DEBUG - [FFMPEG] - Decoding VUI
Sep 08, 2026 02:04:34.428 [127479579234048] DEBUG - [FFMPEG] - nal_unit_type: 8(PPS), nal_ref_idc: 3
Sep 08, 2026 02:04:34.428 [127479579234048] DEBUG - [FFMPEG] - nal_unit_type: 7(SPS), nal_ref_idc: 3
Sep 08, 2026 02:04:34.428 [127479579234048] DEBUG - [FFMPEG] - Decoding VUI
Sep 08, 2026 02:04:34.428 [127479579234048] DEBUG - [FFMPEG] - nal_unit_type: 8(PPS), nal_ref_idc: 3
Sep 08, 2026 02:04:34.428 [127479579234048] DEBUG - [FFMPEG] - Decoding VUI
Sep 08, 2026 02:04:34.429 [127479579234048] DEBUG - [FFMPEG] - nal_unit_type: 7(SPS), nal_ref_idc: 3
Sep 08, 2026 02:04:34.429 [127479579234048] DEBUG - [FFMPEG] - nal_unit_type: 8(PPS), nal_ref_idc: 3
Sep 08, 2026 02:04:34.429 [127479579234048] DEBUG - [FFMPEG] - nal_unit_type: 6(SEI), nal_ref_idc: 0
Sep 08, 2026 02:04:34.429 [127479579234048] DEBUG - [FFMPEG] - nal_unit_type: 5(IDR), nal_ref_idc: 3
Sep 08, 2026 02:04:34.429 [127479579234048] DEBUG - [FFMPEG] - Decoding VUI
Sep 08, 2026 02:04:34.429 [127479579234048] DEBUG - [FFMPEG] - Format yuv420p chosen by get_format().
Sep 08, 2026 02:04:34.430 [127479579234048] DEBUG - [FFMPEG] - no picture 
Sep 08, 2026 02:04:34.434 [127479579234048] DEBUG - [FFMPEG] - nal_unit_type: 1(Coded slice of a non-IDR picture), nal_ref_idc: 2
Sep 08, 2026 02:04:34.435 [127479579234048] DEBUG - [FFMPEG] - no picture 
Sep 08, 2026 02:04:34.442 [127479579234048] DEBUG - [FFMPEG] - nal_unit_type: 1(Coded slice of a non-IDR picture), nal_ref_idc: 2
Sep 08, 2026 02:04:34.483 [127479579234048] DEBUG - Loaded memory image of size 1280x720.
Sep 08, 2026 02:04:34.502 [127479579234048] DEBUG - Created chapter thumbnail for metadata item 1104, media item 2300 for chapter number 1:0 at "/config/Library/Application Support/Plex Media Server/Media/localhost/f/cf335ab8785244e6ea5b8e87419acc68077c2dc.bundle/Contents/Chapters/chapter1.jpg"
Sep 08, 2026 02:04:34.502 [127479579234048] DEBUG - Creating /config/Library/Application Support/Plex Media Server/Media/localhost/f/cf335ab8785244e6ea5b8e87419acc68077c2dc.bundle/Contents/Chapters/chapter2.jpg (21.1%, 1280x720).
Sep 08, 2026 02:04:34.503 [127479579234048] DEBUG - [FFMPEG] - nal_unit_type: 7(SPS), nal_ref_idc: 3
Sep 08, 2026 02:04:34.503 [127479579234048] DEBUG - [FFMPEG] - Decoding VUI
Sep 08, 2026 02:04:34.503 [127479579234048] DEBUG - [FFMPEG] - nal_unit_type: 8(PPS), nal_ref_idc: 3
Sep 08, 2026 02:04:34.503 [127479579234048] DEBUG - [FFMPEG] - nal_unit_type: 7(SPS), nal_ref_idc: 3
Sep 08, 2026 02:04:34.503 [127479579234048] DEBUG - [FFMPEG] - Decoding VUI
Sep 08, 2026 02:04:34.503 [127479579234048] DEBUG - [FFMPEG] - nal_unit_type: 8(PPS), nal_ref_idc: 3
Sep 08, 2026 02:04:34.503 [127479579234048] DEBUG - [FFMPEG] - Decoding VUI
Sep 08, 2026 02:04:34.503 [127479579234048] DEBUG - [FFMPEG] - nal_unit_type: 7(SPS), nal_ref_idc: 3
Sep 08, 2026 02:04:34.503 [127479579234048] DEBUG - [FFMPEG] - nal_unit_type: 8(PPS), nal_ref_idc: 3
Sep 08, 2026 02:04:34.503 [127479579234048] DEBUG - [FFMPEG] - nal_unit_type: 6(SEI), nal_ref_idc: 0
Sep 08, 2026 02:04:34.503 [127479579234048] DEBUG - [FFMPEG] - nal_unit_type: 5(IDR), nal_ref_idc: 3
Sep 08, 2026 02:04:34.503 [127479579234048] DEBUG - [FFMPEG] - Decoding VUI
Sep 08, 2026 02:04:34.503 [127479579234048] DEBUG - [FFMPEG] - Format yuv420p chosen by get_format().
Sep 08, 2026 02:04:34.505 [127479579234048] DEBUG - [FFMPEG] - no picture 
Sep 08, 2026 02:04:34.508 [127479579234048] DEBUG - [FFMPEG] - nal_unit_type: 1(Coded slice of a non-IDR picture), nal_ref_idc: 2
Sep 08, 2026 02:04:34.509 [127479579234048] DEBUG - [FFMPEG] - no picture 
Sep 08, 2026 02:04:34.513 [127479579234048] DEBUG - [FFMPEG] - nal_unit_type: 1(Coded slice of a non-IDR picture), nal_ref_idc: 2
Sep 08, 2026 02:04:34.553 [127479579234048] DEBUG - Loaded memory image of size 1280x720.
Sep 08, 2026 02:04:34.572 [127479579234048] DEBUG - [FFMPEG] - nal_unit_type: 7(SPS), nal_ref_idc: 3
Sep 08, 2026 02:04:34.572 [127479579234048] DEBUG - [FFMPEG] - Decoding VUI
Sep 08, 2026 02:04:34.572 [127479579234048] DEBUG - [FFMPEG] - nal_unit_type: 8(PPS), nal_ref_idc: 3
Sep 08, 2026 02:04:34.572 [127479579234048] DEBUG - [FFMPEG] - nal_unit_type: 7(SPS), nal_ref_idc: 3
Sep 08, 2026 02:04:34.572 [127479579234048] DEBUG - [FFMPEG] - Decoding VUI
Sep 08, 2026 02:04:34.572 [127479579234048] DEBUG - [FFMPEG] - nal_unit_type: 8(PPS), nal_ref_idc: 3
Sep 08, 2026 02:04:34.572 [127479579234048] DEBUG - [FFMPEG] - Decoding VUI
Sep 08, 2026 02:04:34.573 [127479579234048] DEBUG - [FFMPEG] - nal_unit_type: 7(SPS), nal_ref_idc: 3
Sep 08, 2026 02:04:34.573 [127479579234048] DEBUG - [FFMPEG] - nal_unit_type: 8(PPS), nal_ref_idc: 3
Sep 08, 2026 02:04:34.573 [127479579234048] DEBUG - [FFMPEG] - nal_unit_type: 6(SEI), nal_ref_idc: 0
Sep 08, 2026 02:04:34.573 [127479579234048] DEBUG - [FFMPEG] - nal_unit_type: 5(IDR), nal_ref_idc: 3
Sep 08, 2026 02:04:34.573 [127479579234048] DEBUG - [FFMPEG] - Decoding VUI
Sep 08, 2026 02:04:34.573 [127479579234048] DEBUG - [FFMPEG] - Format yuv420p chosen by get_format().
Sep 08, 2026 02:04:34.574 [127479579234048] DEBUG - [FFMPEG] - no picture 
Sep 08, 2026 02:04:34.577 [127479579234048] DEBUG - [FFMPEG] - nal_unit_type: 1(Coded slice of a non-IDR picture), nal_ref_idc: 2
Sep 08, 2026 02:04:34.578 [127479579234048] DEBUG - [FFMPEG] - no picture 
Sep 08, 2026 02:04:34.582 [127479579234048] DEBUG - [FFMPEG] - nal_unit_type: 1(Coded slice of a non-IDR picture), nal_ref_idc: 2
Sep 08, 2026 02:04:34.622 [127479579234048] DEBUG - Loaded memory image of size 1280x720.
Sep 08, 2026 02:04:34.641 [127479579234048] DEBUG - [FFMPEG] - nal_unit_type: 7(SPS), nal_ref_idc: 3
Sep 08, 2026 02:04:34.641 [127479579234048] DEBUG - [FFMPEG] - Decoding VUI
Sep 08, 2026 02:04:34.641 [127479579234048] DEBUG - [FFMPEG] - nal_unit_type: 8(PPS), nal_ref_idc: 3
Sep 08, 2026 02:04:34.642 [127479579234048] DEBUG - [FFMPEG] - nal_unit_type: 7(SPS), nal_ref_idc: 3
Sep 08, 2026 02:04:34.642 [127479579234048] DEBUG - [FFMPEG] - Decoding VUI
Sep 08, 2026 02:04:34.642 [127479579234048] DEBUG - [FFMPEG] - nal_unit_type: 8(PPS), nal_ref_idc: 3
Sep 08, 2026 02:04:34.642 [127479579234048] DEBUG - [FFMPEG] - Decoding VUI
Sep 08, 2026 02:04:34.642 [127479579234048] DEBUG - [FFMPEG] - nal_unit_type: 7(SPS), nal_ref_idc: 3
Sep 08, 2026 02:04:34.642 [127479579234048] DEBUG - [FFMPEG] - nal_unit_type: 8(PPS), nal_ref_idc: 3
Sep 08, 2026 02:04:34.642 [127479579234048] DEBUG - [FFMPEG] - nal_unit_type: 6(SEI), nal_ref_idc: 0
Sep 08, 2026 02:04:34.642 [127479579234048] DEBUG - [FFMPEG] - nal_unit_type: 5(IDR), nal_ref_idc: 3
Sep 08, 2026 02:04:34.642 [127479579234048] DEBUG - [FFMPEG] - Decoding VUI
Sep 08, 2026 02:04:34.642 [127479579234048] DEBUG - [FFMPEG] - Format yuv420p chosen by get_format().
Sep 08, 2026 02:04:34.643 [127479579234048] DEBUG - [FFMPEG] - no picture 
Sep 08, 2026 02:04:34.647 [127479579234048] DEBUG - [FFMPEG] - nal_unit_type: 1(Coded slice of a non-IDR picture), nal_ref_idc: 2
Sep 08, 2026 02:04:34.648 [127479579234048] DEBUG - [FFMPEG] - no picture 
Sep 08, 2026 02:04:34.652 [127479579234048] DEBUG - [FFMPEG] - nal_unit_type: 1(Coded slice of a non-IDR picture), nal_ref_idc: 2
Sep 08, 2026 02:04:34.691 [127479579234048] DEBUG - Loaded memory image of size 1280x720.
Sep 08, 2026 02:04:34.711 [127479579234048] DEBUG - [FFMPEG] - nal_unit_type: 7(SPS), nal_ref_idc: 3
Sep 08, 2026 02:04:34.711 [127479579234048] DEBUG - [FFMPEG] - Decoding VUI
Sep 08, 2026 02:04:34.711 [127479579234048] DEBUG - [FFMPEG] - nal_unit_type: 8(PPS), nal_ref_idc: 3
Sep 08, 2026 02:04:34.711 [127479579234048] DEBUG - [FFMPEG] - nal_unit_type: 7(SPS), nal_ref_idc: 3
Sep 08, 2026 02:04:34.711 [127479579234048] DEBUG - [FFMPEG] - Decoding VUI
Sep 08, 2026 02:04:34.711 [127479579234048] DEBUG - [FFMPEG] - nal_unit_type: 8(PPS), nal_ref_idc: 3
Sep 08, 2026 02:04:34.711 [127479579234048] DEBUG - [FFMPEG] - Decoding VUI
Sep 08, 2026 02:04:34.711 [127479579234048] DEBUG - [FFMPEG] - nal_unit_type: 7(SPS), nal_ref_idc: 3
Sep 08, 2026 02:04:34.711 [127479579234048] DEBUG - [FFMPEG] - nal_unit_type: 8(PPS), nal_ref_idc: 3
Sep 08, 2026 02:04:34.711 [127479579234048] DEBUG - [FFMPEG] - nal_unit_type: 6(SEI), nal_ref_idc: 0
Sep 08, 2026 02:04:34.711 [127479579234048] DEBUG - [FFMPEG] - nal_unit_type: 5(IDR), nal_ref_idc: 3
Sep 08, 2026 02:04:34.711 [127479579234048] DEBUG - [FFMPEG] - Decoding VUI
Sep 08, 2026 02:04:34.711 [127479579234048] DEBUG - [FFMPEG] - Format yuv420p chosen by get_format().
Sep 08, 2026 02:04:34.713 [127479579234048] DEBUG - [FFMPEG] - no picture 
Sep 08, 2026 02:04:34.716 [127479579234048] DEBUG - [FFMPEG] - nal_unit_type: 1(Coded slice of a non-IDR picture), nal_ref_idc: 2
Sep 08, 2026 02:04:34.717 [127479579234048] DEBUG - [FFMPEG] - no picture 
Sep 08, 2026 02:04:34.721 [127479579234048] DEBUG - [FFMPEG] - nal_unit_type: 1(Coded slice of a non-IDR picture), nal_ref_idc: 2
Sep 08, 2026 02:04:34.761 [127479579234048] DEBUG - Loaded memory image of size 1280x720.
Sep 08, 2026 02:04:34.780 [127479579234048] DEBUG - [FFMPEG] - nal_unit_type: 7(SPS), nal_ref_idc: 3
Sep 08, 2026 02:04:34.780 [127479579234048] DEBUG - [FFMPEG] - Decoding VUI
Sep 08, 2026 02:04:34.780 [127479579234048] DEBUG - [FFMPEG] - nal_unit_type: 8(PPS), nal_ref_idc: 3
Sep 08, 2026 02:04:34.781 [127479579234048] DEBUG - [FFMPEG] - nal_unit_type: 7(SPS), nal_ref_idc: 3
Sep 08, 2026 02:04:34.781 [127479579234048] DEBUG - [FFMPEG] - Decoding VUI
Sep 08, 2026 02:04:34.781 [127479579234048] DEBUG - [FFMPEG] - nal_unit_type: 8(PPS), nal_ref_idc: 3
Sep 08, 2026 02:04:34.781 [127479579234048] DEBUG - [FFMPEG] - Decoding VUI
Sep 08, 2026 02:04:34.781 [127479579234048] DEBUG - [FFMPEG] - nal_unit_type: 7(SPS), nal_ref_idc: 3
Sep 08, 2026 02:04:34.781 [127479579234048] DEBUG - [FFMPEG] - nal_unit_type: 8(PPS), nal_ref_idc: 3
Sep 08, 2026 02:04:34.781 [127479579234048] DEBUG - [FFMPEG] - nal_unit_type: 6(SEI), nal_ref_idc: 0
Sep 08, 2026 02:04:34.781 [127479579234048] DEBUG - [FFMPEG] - nal_unit_type: 5(IDR), nal_ref_idc: 3
Sep 08, 2026 02:04:34.781 [127479579234048] DEBUG - [FFMPEG] - Decoding VUI
Sep 08, 2026 02:04:34.781 [127479579234048] DEBUG - [FFMPEG] - Format yuv420p chosen by get_format().
Sep 08, 2026 02:04:34.782 [127479579234048] DEBUG - [FFMPEG] - no picture 
Sep 08, 2026 02:04:34.786 [127479579234048] DEBUG - [FFMPEG] - nal_unit_type: 1(Coded slice of a non-IDR picture), nal_ref_idc: 2
Sep 08, 2026 02:04:34.787 [127479579234048] DEBUG - [FFMPEG] - no picture 
Sep 08, 2026 02:04:34.791 [127479579234048] DEBUG - [FFMPEG] - nal_unit_type: 1(Coded slice of a non-IDR picture), nal_ref_idc: 2
Sep 08, 2026 02:04:34.830 [127479579234048] DEBUG - Loaded memory image of size 1280x720.
Sep 08, 2026 02:04:34.849 [127479579234048] DEBUG - Created chapter thumbnail for metadata item 1104, media item 2300 for chapter number 2:529029 at "/config/Library/Application Support/Plex Media Server/Media/localhost/f/cf335ab8785244e6ea5b8e87419acc68077c2dc.bundle/Contents/Chapters/chapter2.jpg"
Sep 08, 2026 02:04:34.849 [127479579234048] DEBUG - Creating /config/Library/Application Support/Plex Media Server/Media/localhost/f/cf335ab8785244e6ea5b8e87419acc68077c2dc.bundle/Contents/Chapters/chapter3.jpg (52.4%, 1280x720).
Sep 08, 2026 02:04:34.850 [127479579234048] DEBUG - [FFMPEG] - nal_unit_type: 7(SPS), nal_ref_idc: 3
Sep 08, 2026 02:04:34.850 [127479579234048] DEBUG - [FFMPEG] - Decoding VUI
Sep 08, 2026 02:04:34.850 [127479579234048] DEBUG - [FFMPEG] - nal_unit_type: 8(PPS), nal_ref_idc: 3
Sep 08, 2026 02:04:34.850 [127479579234048] DEBUG - [FFMPEG] - nal_unit_type: 7(SPS), nal_ref_idc: 3
Sep 08, 2026 02:04:34.850 [127479579234048] DEBUG - [FFMPEG] - Decoding VUI
Sep 08, 2026 02:04:34.850 [127479579234048] DEBUG - [FFMPEG] - nal_unit_type: 8(PPS), nal_ref_idc: 3
Sep 08, 2026 02:04:34.850 [127479579234048] DEBUG - [FFMPEG] - Decoding VUI
Sep 08, 2026 02:04:34.851 [127479579234048] DEBUG - [FFMPEG] - nal_unit_type: 7(SPS), nal_ref_idc: 3
Sep 08, 2026 02:04:34.851 [127479579234048] DEBUG - [FFMPEG] - nal_unit_type: 8(PPS), nal_ref_idc: 3
Sep 08, 2026 02:04:34.851 [127479579234048] DEBUG - [FFMPEG] - nal_unit_type: 6(SEI), nal_ref_idc: 0
Sep 08, 2026 02:04:34.851 [127479579234048] DEBUG - [FFMPEG] - nal_unit_type: 5(IDR), nal_ref_idc: 3
Sep 08, 2026 02:04:34.851 [127479579234048] DEBUG - [FFMPEG] - Decoding VUI
Sep 08, 2026 02:04:34.851 [127479579234048] DEBUG - [FFMPEG] - Format yuv420p chosen by get_format().
Sep 08, 2026 02:04:34.852 [127479579234048] DEBUG - [FFMPEG] - no picture 
Sep 08, 2026 02:04:34.856 [127479579234048] DEBUG - [FFMPEG] - nal_unit_type: 1(Coded slice of a non-IDR picture), nal_ref_idc: 2
Sep 08, 2026 02:04:34.857 [127479579234048] DEBUG - [FFMPEG] - no picture 
Sep 08, 2026 02:04:34.860 [127479579234048] DEBUG - [FFMPEG] - nal_unit_type: 1(Coded slice of a non-IDR picture), nal_ref_idc: 2
Sep 08, 2026 02:04:34.900 [127479579234048] DEBUG - Loaded memory image of size 1280x720.
Sep 08, 2026 02:04:34.920 [127479579234048] DEBUG - [FFMPEG] - nal_unit_type: 7(SPS), nal_ref_idc: 3
Sep 08, 2026 02:04:34.920 [127479579234048] DEBUG - [FFMPEG] - Decoding VUI
Sep 08, 2026 02:04:34.920 [127479579234048] DEBUG - [FFMPEG] - nal_unit_type: 8(PPS), nal_ref_idc: 3
Sep 08, 2026 02:04:34.920 [127479579234048] DEBUG - [FFMPEG] - nal_unit_type: 7(SPS), nal_ref_idc: 3
Sep 08, 2026 02:04:34.920 [127479579234048] DEBUG - [FFMPEG] - Decoding VUI
Sep 08, 2026 02:04:34.920 [127479579234048] DEBUG - [FFMPEG] - nal_unit_type: 8(PPS), nal_ref_idc: 3
Sep 08, 2026 02:04:34.920 [127479579234048] DEBUG - [FFMPEG] - Decoding VUI
Sep 08, 2026 02:04:34.921 [127479579234048] DEBUG - [FFMPEG] - nal_unit_type: 7(SPS), nal_ref_idc: 3
Sep 08, 2026 02:04:34.921 [127479579234048] DEBUG - [FFMPEG] - nal_unit_type: 8(PPS), nal_ref_idc: 3
Sep 08, 2026 02:04:34.921 [127479579234048] DEBUG - [FFMPEG] - nal_unit_type: 6(SEI), nal_ref_idc: 0
Sep 08, 2026 02:04:34.921 [127479579234048] DEBUG - [FFMPEG] - nal_unit_type: 5(IDR), nal_ref_idc: 3
Sep 08, 2026 02:04:34.921 [127479579234048] DEBUG - [FFMPEG] - Decoding VUI
Sep 08, 2026 02:04:34.921 [127479579234048] DEBUG - [FFMPEG] - Format yuv420p chosen by get_format().
Sep 08, 2026 02:04:34.922 [127479579234048] DEBUG - [FFMPEG] - no picture 
Sep 08, 2026 02:04:34.926 [127479579234048] DEBUG - [FFMPEG] - nal_unit_type: 1(Coded slice of a non-IDR picture), nal_ref_idc: 2
Sep 08, 2026 02:04:34.927 [127479579234048] DEBUG - [FFMPEG] - no picture 
Sep 08, 2026 02:04:34.930 [127479579234048] DEBUG - [FFMPEG] - nal_unit_type: 1(Coded slice of a non-IDR picture), nal_ref_idc: 2
Sep 08, 2026 02:04:34.970 [127479579234048] DEBUG - Loaded memory image of size 1280x720.
Sep 08, 2026 02:04:34.990 [127479579234048] DEBUG - [FFMPEG] - nal_unit_type: 7(SPS), nal_ref_idc: 3
Sep 08, 2026 02:04:34.990 [127479579234048] DEBUG - [FFMPEG] - Decoding VUI
Sep 08, 2026 02:04:34.990 [127479579234048] DEBUG - [FFMPEG] - nal_unit_type: 8(PPS), nal_ref_idc: 3
Sep 08, 2026 02:04:34.990 [127479579234048] DEBUG - [FFMPEG] - nal_unit_type: 7(SPS), nal_ref_idc: 3
Sep 08, 2026 02:04:34.990 [127479579234048] DEBUG - [FFMPEG] - Decoding VUI
Sep 08, 2026 02:04:34.990 [127479579234048] DEBUG - [FFMPEG] - nal_unit_type: 8(PPS), nal_ref_idc: 3
Sep 08, 2026 02:04:34.990 [127479579234048] DEBUG - [FFMPEG] - Decoding VUI
Sep 08, 2026 02:04:34.990 [127479579234048] DEBUG - [FFMPEG] - nal_unit_type: 7(SPS), nal_ref_idc: 3
Sep 08, 2026 02:04:34.990 [127479579234048] DEBUG - [FFMPEG] - nal_unit_type: 8(PPS), nal_ref_idc: 3
Sep 08, 2026 02:04:34.990 [127479579234048] DEBUG - [FFMPEG] - nal_unit_type: 6(SEI), nal_ref_idc: 0
Sep 08, 2026 02:04:34.990 [127479579234048] DEBUG - [FFMPEG] - nal_unit_type: 5(IDR), nal_ref_idc: 3
Sep 08, 2026 02:04:34.990 [127479579234048] DEBUG - [FFMPEG] - Decoding VUI
Sep 08, 2026 02:04:34.991 [127479579234048] DEBUG - [FFMPEG] - Format yuv420p chosen by get_format().
Sep 08, 2026 02:04:34.992 [127479579234048] DEBUG - [FFMPEG] - no picture 
Sep 08, 2026 02:04:34.995 [127479579234048] DEBUG - [FFMPEG] - nal_unit_type: 1(Coded slice of a non-IDR picture), nal_ref_idc: 2
Sep 08, 2026 02:04:34.996 [127479579234048] DEBUG - [FFMPEG] - no picture 
Sep 08, 2026 02:04:35.000 [127479579234048] DEBUG - [FFMPEG] - nal_unit_type: 1(Coded slice of a non-IDR picture), nal_ref_idc: 2
Sep 08, 2026 02:04:35.040 [127479579234048] DEBUG - Loaded memory image of size 1280x720.
Sep 08, 2026 02:04:35.060 [127479579234048] DEBUG - [FFMPEG] - nal_unit_type: 7(SPS), nal_ref_idc: 3
Sep 08, 2026 02:04:35.060 [127479579234048] DEBUG - [FFMPEG] - Decoding VUI
Sep 08, 2026 02:04:35.060 [127479579234048] DEBUG - [FFMPEG] - nal_unit_type: 8(PPS), nal_ref_idc: 3
Sep 08, 2026 02:04:35.060 [127479579234048] DEBUG - [FFMPEG] - nal_unit_type: 7(SPS), nal_ref_idc: 3
Sep 08, 2026 02:04:35.060 [127479579234048] DEBUG - [FFMPEG] - Decoding VUI
Sep 08, 2026 02:04:35.060 [127479579234048] DEBUG - [FFMPEG] - nal_unit_type: 8(PPS), nal_ref_idc: 3
Sep 08, 2026 02:04:35.060 [127479579234048] DEBUG - [FFMPEG] - Decoding VUI
Sep 08, 2026 02:04:35.060 [127479579234048] DEBUG - [FFMPEG] - nal_unit_type: 7(SPS), nal_ref_idc: 3
Sep 08, 2026 02:04:35.060 [127479579234048] DEBUG - [FFMPEG] - nal_unit_type: 8(PPS), nal_ref_idc: 3
Sep 08, 2026 02:04:35.060 [127479579234048] DEBUG - [FFMPEG] - nal_unit_type: 6(SEI), nal_ref_idc: 0
Sep 08, 2026 02:04:35.060 [127479579234048] DEBUG - [FFMPEG] - nal_unit_type: 5(IDR), nal_ref_idc: 3
Sep 08, 2026 02:04:35.060 [127479579234048] DEBUG - [FFMPEG] - Decoding VUI
Sep 08, 2026 02:04:35.060 [127479579234048] DEBUG - [FFMPEG] - Format yuv420p chosen by get_format().
Sep 08, 2026 02:04:35.062 [127479579234048] DEBUG - [FFMPEG] - no picture 
Sep 08, 2026 02:04:35.065 [127479579234048] DEBUG - [FFMPEG] - nal_unit_type: 1(Coded slice of a non-IDR picture), nal_ref_idc: 2
Sep 08, 2026 02:04:35.066 [127479579234048] DEBUG - [FFMPEG] - no picture 
Sep 08, 2026 02:04:35.070 [127479579234048] DEBUG - [FFMPEG] - nal_unit_type: 1(Coded slice of a non-IDR picture), nal_ref_idc: 2
Sep 08, 2026 02:04:35.110 [127479579234048] DEBUG - Loaded memory image of size 1280x720.
Sep 08, 2026 02:04:35.129 [127479579234048] DEBUG - [FFMPEG] - nal_unit_type: 7(SPS), nal_ref_idc: 3
Sep 08, 2026 02:04:35.129 [127479579234048] DEBUG - [FFMPEG] - Decoding VUI
Sep 08, 2026 02:04:35.129 [127479579234048] DEBUG - [FFMPEG] - nal_unit_type: 8(PPS), nal_ref_idc: 3
Sep 08, 2026 02:04:35.130 [127479579234048] DEBUG - [FFMPEG] - nal_unit_type: 7(SPS), nal_ref_idc: 3
Sep 08, 2026 02:04:35.130 [127479579234048] DEBUG - [FFMPEG] - Decoding VUI
Sep 08, 2026 02:04:35.130 [127479579234048] DEBUG - [FFMPEG] - nal_unit_type: 8(PPS), nal_ref_idc: 3
Sep 08, 2026 02:04:35.130 [127479579234048] DEBUG - [FFMPEG] - Decoding VUI
Sep 08, 2026 02:04:35.130 [127479579234048] DEBUG - [FFMPEG] - nal_unit_type: 7(SPS), nal_ref_idc: 3
Sep 08, 2026 02:04:35.130 [127479579234048] DEBUG - [FFMPEG] - nal_unit_type: 8(PPS), nal_ref_idc: 3
Sep 08, 2026 02:04:35.130 [127479579234048] DEBUG - [FFMPEG] - nal_unit_type: 6(SEI), nal_ref_idc: 0
Sep 08, 2026 02:04:35.130 [127479579234048] DEBUG - [FFMPEG] - nal_unit_type: 5(IDR), nal_ref_idc: 3
Sep 08, 2026 02:04:35.130 [127479579234048] DEBUG - [FFMPEG] - Decoding VUI
Sep 08, 2026 02:04:35.130 [127479579234048] DEBUG - [FFMPEG] - Format yuv420p chosen by get_format().
Sep 08, 2026 02:04:35.131 [127479579234048] DEBUG - [FFMPEG] - no picture 
Sep 08, 2026 02:04:35.135 [127479579234048] DEBUG - [FFMPEG] - nal_unit_type: 1(Coded slice of a non-IDR picture), nal_ref_idc: 2
Sep 08, 2026 02:04:35.136 [127479579234048] DEBUG - [FFMPEG] - no picture 
Sep 08, 2026 02:04:35.140 [127479579234048] DEBUG - [FFMPEG] - nal_unit_type: 1(Coded slice of a non-IDR picture), nal_ref_idc: 2
Sep 08, 2026 02:04:35.180 [127479579234048] DEBUG - Loaded memory image of size 1280x720.
Sep 08, 2026 02:04:35.199 [127479579234048] DEBUG - Created chapter thumbnail for metadata item 1104, media item 2300 for chapter number 3:1316980 at "/config/Library/Application Support/Plex Media Server/Media/localhost/f/cf335ab8785244e6ea5b8e87419acc68077c2dc.bundle/Contents/Chapters/chapter3.jpg"
Sep 08, 2026 02:04:35.199 [127479579234048] DEBUG - Creating /config/Library/Application Support/Plex Media Server/Media/localhost/f/cf335ab8785244e6ea5b8e87419acc68077c2dc.bundle/Contents/Chapters/chapter4.jpg (72.7%, 1280x720).
Sep 08, 2026 02:04:35.200 [127479579234048] DEBUG - [FFMPEG] - nal_unit_type: 7(SPS), nal_ref_idc: 3
Sep 08, 2026 02:04:35.200 [127479579234048] DEBUG - [FFMPEG] - Decoding VUI
Sep 08, 2026 02:04:35.200 [127479579234048] DEBUG - [FFMPEG] - nal_unit_type: 8(PPS), nal_ref_idc: 3
Sep 08, 2026 02:04:35.200 [127479579234048] DEBUG - [FFMPEG] - nal_unit_type: 7(SPS), nal_ref_idc: 3
Sep 08, 2026 02:04:35.200 [127479579234048] DEBUG - [FFMPEG] - Decoding VUI
Sep 08, 2026 02:04:35.200 [127479579234048] DEBUG - [FFMPEG] - nal_unit_type: 8(PPS), nal_ref_idc: 3
Sep 08, 2026 02:04:35.200 [127479579234048] DEBUG - [FFMPEG] - Decoding VUI
Sep 08, 2026 02:04:35.201 [127479579234048] DEBUG - [FFMPEG] - nal_unit_type: 7(SPS), nal_ref_idc: 3
Sep 08, 2026 02:04:35.201 [127479579234048] DEBUG - [FFMPEG] - nal_unit_type: 8(PPS), nal_ref_idc: 3
Sep 08, 2026 02:04:35.201 [127479579234048] DEBUG - [FFMPEG] - nal_unit_type: 6(SEI), nal_ref_idc: 0
Sep 08, 2026 02:04:35.201 [127479579234048] DEBUG - [FFMPEG] - nal_unit_type: 5(IDR), nal_ref_idc: 3
Sep 08, 2026 02:04:35.201 [127479579234048] DEBUG - [FFMPEG] - Decoding VUI
Sep 08, 2026 02:04:35.201 [127479579234048] DEBUG - [FFMPEG] - Format yuv420p chosen by get_format().
Sep 08, 2026 02:04:35.202 [127479579234048] DEBUG - [FFMPEG] - no picture 
Sep 08, 2026 02:04:35.206 [127479579234048] DEBUG - [FFMPEG] - nal_unit_type: 1(Coded slice of a non-IDR picture), nal_ref_idc: 2
Sep 08, 2026 02:04:35.207 [127479579234048] DEBUG - [FFMPEG] - no picture 
Sep 08, 2026 02:04:35.211 [127479579234048] DEBUG - [FFMPEG] - nal_unit_type: 1(Coded slice of a non-IDR picture), nal_ref_idc: 2
Sep 08, 2026 02:04:35.252 [127479579234048] DEBUG - Loaded memory image of size 1280x720.
Sep 08, 2026 02:04:35.271 [127479579234048] DEBUG - [FFMPEG] - nal_unit_type: 7(SPS), nal_ref_idc: 3
Sep 08, 2026 02:04:35.271 [127479579234048] DEBUG - [FFMPEG] - Decoding VUI
Sep 08, 2026 02:04:35.271 [127479579234048] DEBUG - [FFMPEG] - nal_unit_type: 8(PPS), nal_ref_idc: 3
Sep 08, 2026 02:04:35.272 [127479579234048] DEBUG - [FFMPEG] - nal_unit_type: 7(SPS), nal_ref_idc: 3
Sep 08, 2026 02:04:35.272 [127479579234048] DEBUG - [FFMPEG] - Decoding VUI
Sep 08, 2026 02:04:35.272 [127479579234048] DEBUG - [FFMPEG] - nal_unit_type: 8(PPS), nal_ref_idc: 3
Sep 08, 2026 02:04:35.272 [127479579234048] DEBUG - [FFMPEG] - Decoding VUI
Sep 08, 2026 02:04:35.272 [127479579234048] DEBUG - [FFMPEG] - nal_unit_type: 7(SPS), nal_ref_idc: 3
Sep 08, 2026 02:04:35.272 [127479579234048] DEBUG - [FFMPEG] - nal_unit_type: 8(PPS), nal_ref_idc: 3
Sep 08, 2026 02:04:35.272 [127479579234048] DEBUG - [FFMPEG] - nal_unit_type: 6(SEI), nal_ref_idc: 0
Sep 08, 2026 02:04:35.272 [127479579234048] DEBUG - [FFMPEG] - nal_unit_type: 5(IDR), nal_ref_idc: 3
Sep 08, 2026 02:04:35.272 [127479579234048] DEBUG - [FFMPEG] - Decoding VUI
Sep 08, 2026 02:04:35.272 [127479579234048] DEBUG - [FFMPEG] - Format yuv420p chosen by get_format().
Sep 08, 2026 02:04:35.273 [127479579234048] DEBUG - [FFMPEG] - no picture 
Sep 08, 2026 02:04:35.277 [127479579234048] DEBUG - [FFMPEG] - nal_unit_type: 1(Coded slice of a non-IDR picture), nal_ref_idc: 2
Sep 08, 2026 02:04:35.278 [127479579234048] DEBUG - [FFMPEG] - no picture 
Sep 08, 2026 02:04:35.282 [127479579234048] DEBUG - [FFMPEG] - nal_unit_type: 1(Coded slice of a non-IDR picture), nal_ref_idc: 2
Sep 08, 2026 02:04:35.323 [127479579234048] DEBUG - Loaded memory image of size 1280x720.
Sep 08, 2026 02:04:35.343 [127479579234048] DEBUG - [FFMPEG] - nal_unit_type: 7(SPS), nal_ref_idc: 3
Sep 08, 2026 02:04:35.343 [127479579234048] DEBUG - [FFMPEG] - Decoding VUI
Sep 08, 2026 02:04:35.343 [127479579234048] DEBUG - [FFMPEG] - nal_unit_type: 8(PPS), nal_ref_idc: 3
Sep 08, 2026 02:04:35.343 [127479579234048] DEBUG - [FFMPEG] - nal_unit_type: 7(SPS), nal_ref_idc: 3
Sep 08, 2026 02:04:35.343 [127479579234048] DEBUG - [FFMPEG] - Decoding VUI
Sep 08, 2026 02:04:35.343 [127479579234048] DEBUG - [FFMPEG] - nal_unit_type: 8(PPS), nal_ref_idc: 3
Sep 08, 2026 02:04:35.343 [127479579234048] DEBUG - [FFMPEG] - Decoding VUI
Sep 08, 2026 02:04:35.344 [127479579234048] DEBUG - [FFMPEG] - nal_unit_type: 7(SPS), nal_ref_idc: 3
Sep 08, 2026 02:04:35.344 [127479579234048] DEBUG - [FFMPEG] - nal_unit_type: 8(PPS), nal_ref_idc: 3
Sep 08, 2026 02:04:35.344 [127479579234048] DEBUG - [FFMPEG] - nal_unit_type: 6(SEI), nal_ref_idc: 0
Sep 08, 2026 02:04:35.344 [127479579234048] DEBUG - [FFMPEG] - nal_unit_type: 5(IDR), nal_ref_idc: 3
Sep 08, 2026 02:04:35.344 [127479579234048] DEBUG - [FFMPEG] - Decoding VUI
Sep 08, 2026 02:04:35.344 [127479579234048] DEBUG - [FFMPEG] - Format yuv420p chosen by get_format().
Sep 08, 2026 02:04:35.345 [127479579234048] DEBUG - [FFMPEG] - no picture 
Sep 08, 2026 02:04:35.349 [127479579234048] DEBUG - [FFMPEG] - nal_unit_type: 1(Coded slice of a non-IDR picture), nal_ref_idc: 2
Sep 08, 2026 02:04:35.350 [127479579234048] DEBUG - [FFMPEG] - no picture 
Sep 08, 2026 02:04:35.354 [127479579234048] DEBUG - [FFMPEG] - nal_unit_type: 1(Coded slice of a non-IDR picture), nal_ref_idc: 2
Sep 08, 2026 02:04:35.395 [127479579234048] DEBUG - Loaded memory image of size 1280x720.
Sep 08, 2026 02:04:35.415 [127479579234048] DEBUG - [FFMPEG] - nal_unit_type: 7(SPS), nal_ref_idc: 3
Sep 08, 2026 02:04:35.415 [127479579234048] DEBUG - [FFMPEG] - Decoding VUI
Sep 08, 2026 02:04:35.415 [127479579234048] DEBUG - [FFMPEG] - nal_unit_type: 8(PPS), nal_ref_idc: 3
Sep 08, 2026 02:04:35.415 [127479579234048] DEBUG - [FFMPEG] - nal_unit_type: 7(SPS), nal_ref_idc: 3
Sep 08, 2026 02:04:35.415 [127479579234048] DEBUG - [FFMPEG] - Decoding VUI
Sep 08, 2026 02:04:35.415 [127479579234048] DEBUG - [FFMPEG] - nal_unit_type: 8(PPS), nal_ref_idc: 3
Sep 08, 2026 02:04:35.415 [127479579234048] DEBUG - [FFMPEG] - Decoding VUI
Sep 08, 2026 02:04:35.415 [127479579234048] DEBUG - [FFMPEG] - nal_unit_type: 7(SPS), nal_ref_idc: 3
Sep 08, 2026 02:04:35.415 [127479579234048] DEBUG - [FFMPEG] - nal_unit_type: 8(PPS), nal_ref_idc: 3
Sep 08, 2026 02:04:35.415 [127479579234048] DEBUG - [FFMPEG] - nal_unit_type: 6(SEI), nal_ref_idc: 0
Sep 08, 2026 02:04:35.415 [127479579234048] DEBUG - [FFMPEG] - nal_unit_type: 5(IDR), nal_ref_idc: 3
Sep 08, 2026 02:04:35.415 [127479579234048] DEBUG - [FFMPEG] - Decoding VUI
Sep 08, 2026 02:04:35.416 [127479579234048] DEBUG - [FFMPEG] - Format yuv420p chosen by get_format().
Sep 08, 2026 02:04:35.417 [127479579234048] DEBUG - [FFMPEG] - no picture 
Sep 08, 2026 02:04:35.421 [127479579234048] DEBUG - [FFMPEG] - nal_unit_type: 1(Coded slice of a non-IDR picture), nal_ref_idc: 2
Sep 08, 2026 02:04:35.421 [127479579234048] DEBUG - [FFMPEG] - no picture 
Sep 08, 2026 02:04:35.426 [127479579234048] DEBUG - [FFMPEG] - nal_unit_type: 1(Coded slice of a non-IDR picture), nal_ref_idc: 2
Sep 08, 2026 02:04:35.466 [127479579234048] DEBUG - Loaded memory image of size 1280x720.
Sep 08, 2026 02:04:35.485 [127479579234048] DEBUG - [FFMPEG] - nal_unit_type: 7(SPS), nal_ref_idc: 3
Sep 08, 2026 02:04:35.485 [127479579234048] DEBUG - [FFMPEG] - Decoding VUI
Sep 08, 2026 02:04:35.485 [127479579234048] DEBUG - [FFMPEG] - nal_unit_type: 8(PPS), nal_ref_idc: 3
Sep 08, 2026 02:04:35.486 [127479579234048] DEBUG - [FFMPEG] - nal_unit_type: 7(SPS), nal_ref_idc: 3
Sep 08, 2026 02:04:35.486 [127479579234048] DEBUG - [FFMPEG] - Decoding VUI
Sep 08, 2026 02:04:35.486 [127479579234048] DEBUG - [FFMPEG] - nal_unit_type: 8(PPS), nal_ref_idc: 3
Sep 08, 2026 02:04:35.486 [127479579234048] DEBUG - [FFMPEG] - Decoding VUI
Sep 08, 2026 02:04:35.486 [127479579234048] DEBUG - [FFMPEG] - nal_unit_type: 7(SPS), nal_ref_idc: 3
Sep 08, 2026 02:04:35.486 [127479579234048] DEBUG - [FFMPEG] - nal_unit_type: 8(PPS), nal_ref_idc: 3
Sep 08, 2026 02:04:35.486 [127479579234048] DEBUG - [FFMPEG] - nal_unit_type: 6(SEI), nal_ref_idc: 0
Sep 08, 2026 02:04:35.486 [127479579234048] DEBUG - [FFMPEG] - nal_unit_type: 5(IDR), nal_ref_idc: 3
Sep 08, 2026 02:04:35.486 [127479579234048] DEBUG - [FFMPEG] - Decoding VUI
Sep 08, 2026 02:04:35.486 [127479579234048] DEBUG - [FFMPEG] - Format yuv420p chosen by get_format().
Sep 08, 2026 02:04:35.487 [127479579234048] DEBUG - [FFMPEG] - no picture 
Sep 08, 2026 02:04:35.491 [127479579234048] DEBUG - [FFMPEG] - nal_unit_type: 1(Coded slice of a non-IDR picture), nal_ref_idc: 2
Sep 08, 2026 02:04:35.492 [127479579234048] DEBUG - [FFMPEG] - no picture 
Sep 08, 2026 02:04:35.496 [127479579234048] DEBUG - [FFMPEG] - nal_unit_type: 1(Coded slice of a non-IDR picture), nal_ref_idc: 2
Sep 08, 2026 02:04:35.536 [127479579234048] DEBUG - Loaded memory image of size 1280x720.
Sep 08, 2026 02:04:35.554 [127479579234048] DEBUG - Created chapter thumbnail for metadata item 1104, media item 2300 for chapter number 4:1830370 at "/config/Library/Application Support/Plex Media Server/Media/localhost/f/cf335ab8785244e6ea5b8e87419acc68077c2dc.bundle/Contents/Chapters/chapter4.jpg"
Sep 08, 2026 02:04:35.554 [127479579234048] DEBUG - Creating /config/Library/Application Support/Plex Media Server/Media/localhost/f/cf335ab8785244e6ea5b8e87419acc68077c2dc.bundle/Contents/Chapters/chapter5.jpg (82.3%, 1280x720).
Sep 08, 2026 02:04:35.555 [127479579234048] DEBUG - [FFMPEG] - nal_unit_type: 7(SPS), nal_ref_idc: 3
Sep 08, 2026 02:04:35.555 [127479579234048] DEBUG - [FFMPEG] - Decoding VUI
Sep 08, 2026 02:04:35.555 [127479579234048] DEBUG - [FFMPEG] - nal_unit_type: 8(PPS), nal_ref_idc: 3
Sep 08, 2026 02:04:35.555 [127479579234048] DEBUG - [FFMPEG] - nal_unit_type: 7(SPS), nal_ref_idc: 3
Sep 08, 2026 02:04:35.555 [127479579234048] DEBUG - [FFMPEG] - Decoding VUI
Sep 08, 2026 02:04:35.555 [127479579234048] DEBUG - [FFMPEG] - nal_unit_type: 8(PPS), nal_ref_idc: 3
Sep 08, 2026 02:04:35.555 [127479579234048] DEBUG - [FFMPEG] - Decoding VUI
Sep 08, 2026 02:04:35.555 [127479579234048] DEBUG - [FFMPEG] - nal_unit_type: 7(SPS), nal_ref_idc: 3
Sep 08, 2026 02:04:35.555 [127479579234048] DEBUG - [FFMPEG] - nal_unit_type: 8(PPS), nal_ref_idc: 3
Sep 08, 2026 02:04:35.555 [127479579234048] DEBUG - [FFMPEG] - nal_unit_type: 6(SEI), nal_ref_idc: 0
Sep 08, 2026 02:04:35.555 [127479579234048] DEBUG - [FFMPEG] - nal_unit_type: 5(IDR), nal_ref_idc: 3
Sep 08, 2026 02:04:35.555 [127479579234048] DEBUG - [FFMPEG] - Decoding VUI
Sep 08, 2026 02:04:35.555 [127479579234048] DEBUG - [FFMPEG] - Format yuv420p chosen by get_format().
Sep 08, 2026 02:04:35.556 [127479579234048] DEBUG - [FFMPEG] - no picture 
Sep 08, 2026 02:04:35.560 [127479579234048] DEBUG - [FFMPEG] - nal_unit_type: 1(Coded slice of a non-IDR picture), nal_ref_idc: 2
Sep 08, 2026 02:04:35.561 [127479579234048] DEBUG - [FFMPEG] - no picture 
Sep 08, 2026 02:04:35.564 [127479579234048] DEBUG - [FFMPEG] - nal_unit_type: 1(Coded slice of a non-IDR picture), nal_ref_idc: 2
Sep 08, 2026 02:04:35.602 [127479579234048] DEBUG - Loaded memory image of size 1280x720.
Sep 08, 2026 02:04:35.620 [127479579234048] DEBUG - [FFMPEG] - nal_unit_type: 7(SPS), nal_ref_idc: 3
Sep 08, 2026 02:04:35.620 [127479579234048] DEBUG - [FFMPEG] - Decoding VUI
Sep 08, 2026 02:04:35.620 [127479579234048] DEBUG - [FFMPEG] - nal_unit_type: 8(PPS), nal_ref_idc: 3
Sep 08, 2026 02:04:35.620 [127479579234048] DEBUG - [FFMPEG] - nal_unit_type: 7(SPS), nal_ref_idc: 3
Sep 08, 2026 02:04:35.620 [127479579234048] DEBUG - [FFMPEG] - Decoding VUI
Sep 08, 2026 02:04:35.620 [127479579234048] DEBUG - [FFMPEG] - nal_unit_type: 8(PPS), nal_ref_idc: 3
Sep 08, 2026 02:04:35.620 [127479579234048] DEBUG - [FFMPEG] - Decoding VUI
Sep 08, 2026 02:04:35.620 [127479579234048] DEBUG - [FFMPEG] - nal_unit_type: 7(SPS), nal_ref_idc: 3
Sep 08, 2026 02:04:35.620 [127479579234048] DEBUG - [FFMPEG] - nal_unit_type: 8(PPS), nal_ref_idc: 3
Sep 08, 2026 02:04:35.620 [127479579234048] DEBUG - [FFMPEG] - nal_unit_type: 6(SEI), nal_ref_idc: 0
Sep 08, 2026 02:04:35.620 [127479579234048] DEBUG - [FFMPEG] - nal_unit_type: 5(IDR), nal_ref_idc: 3
Sep 08, 2026 02:04:35.620 [127479579234048] DEBUG - [FFMPEG] - Decoding VUI
Sep 08, 2026 02:04:35.621 [127479579234048] DEBUG - [FFMPEG] - Format yuv420p chosen by get_format().
Sep 08, 2026 02:04:35.622 [127479579234048] DEBUG - [FFMPEG] - no picture 
Sep 08, 2026 02:04:35.625 [127479579234048] DEBUG - [FFMPEG] - nal_unit_type: 1(Coded slice of a non-IDR picture), nal_ref_idc: 2
Sep 08, 2026 02:04:35.626 [127479579234048] DEBUG - [FFMPEG] - no picture 
Sep 08, 2026 02:04:35.629 [127479579234048] DEBUG - [FFMPEG] - nal_unit_type: 1(Coded slice of a non-IDR picture), nal_ref_idc: 2
Sep 08, 2026 02:04:35.667 [127479579234048] DEBUG - Loaded memory image of size 1280x720.
Sep 08, 2026 02:04:35.686 [127479579234048] DEBUG - [FFMPEG] - nal_unit_type: 7(SPS), nal_ref_idc: 3
Sep 08, 2026 02:04:35.686 [127479579234048] DEBUG - [FFMPEG] - Decoding VUI
Sep 08, 2026 02:04:35.686 [127479579234048] DEBUG - [FFMPEG] - nal_unit_type: 8(PPS), nal_ref_idc: 3
Sep 08, 2026 02:04:35.686 [127479579234048] DEBUG - [FFMPEG] - nal_unit_type: 7(SPS), nal_ref_idc: 3
Sep 08, 2026 02:04:35.686 [127479579234048] DEBUG - [FFMPEG] - Decoding VUI
Sep 08, 2026 02:04:35.686 [127479579234048] DEBUG - [FFMPEG] - nal_unit_type: 8(PPS), nal_ref_idc: 3
Sep 08, 2026 02:04:35.686 [127479579234048] DEBUG - [FFMPEG] - Decoding VUI
Sep 08, 2026 02:04:35.686 [127479579234048] DEBUG - [FFMPEG] - nal_unit_type: 7(SPS), nal_ref_idc: 3
Sep 08, 2026 02:04:35.686 [127479579234048] DEBUG - [FFMPEG] - nal_unit_type: 8(PPS), nal_ref_idc: 3
Sep 08, 2026 02:04:35.686 [127479579234048] DEBUG - [FFMPEG] - nal_unit_type: 6(SEI), nal_ref_idc: 0
Sep 08, 2026 02:04:35.686 [127479579234048] DEBUG - [FFMPEG] - nal_unit_type: 5(IDR), nal_ref_idc: 3
Sep 08, 2026 02:04:35.686 [127479579234048] DEBUG - [FFMPEG] - Decoding VUI
Sep 08, 2026 02:04:35.686 [127479579234048] DEBUG - [FFMPEG] - Format yuv420p chosen by get_format().
Sep 08, 2026 02:04:35.687 [127479579234048] DEBUG - [FFMPEG] - no picture 
Sep 08, 2026 02:04:35.691 [127479579234048] DEBUG - [FFMPEG] - nal_unit_type: 1(Coded slice of a non-IDR picture), nal_ref_idc: 2
Sep 08, 2026 02:04:35.692 [127479579234048] DEBUG - [FFMPEG] - no picture 
Sep 08, 2026 02:04:35.695 [127479579234048] DEBUG - [FFMPEG] - nal_unit_type: 1(Coded slice of a non-IDR picture), nal_ref_idc: 2
Sep 08, 2026 02:04:35.733 [127479579234048] DEBUG - Loaded memory image of size 1280x720.
Sep 08, 2026 02:04:35.751 [127479579234048] DEBUG - [FFMPEG] - nal_unit_type: 7(SPS), nal_ref_idc: 3
Sep 08, 2026 02:04:35.751 [127479579234048] DEBUG - [FFMPEG] - Decoding VUI
Sep 08, 2026 02:04:35.751 [127479579234048] DEBUG - [FFMPEG] - nal_unit_type: 8(PPS), nal_ref_idc: 3
Sep 08, 2026 02:04:35.751 [127479579234048] DEBUG - [FFMPEG] - nal_unit_type: 7(SPS), nal_ref_idc: 3
Sep 08, 2026 02:04:35.751 [127479579234048] DEBUG - [FFMPEG] - Decoding VUI
Sep 08, 2026 02:04:35.751 [127479579234048] DEBUG - [FFMPEG] - nal_unit_type: 8(PPS), nal_ref_idc: 3
Sep 08, 2026 02:04:35.752 [127479579234048] DEBUG - [FFMPEG] - Decoding VUI
Sep 08, 2026 02:04:35.752 [127479579234048] DEBUG - [FFMPEG] - nal_unit_type: 7(SPS), nal_ref_idc: 3
Sep 08, 2026 02:04:35.752 [127479579234048] DEBUG - [FFMPEG] - nal_unit_type: 8(PPS), nal_ref_idc: 3
Sep 08, 2026 02:04:35.752 [127479579234048] DEBUG - [FFMPEG] - nal_unit_type: 6(SEI), nal_ref_idc: 0
Sep 08, 2026 02:04:35.752 [127479579234048] DEBUG - [FFMPEG] - nal_unit_type: 5(IDR), nal_ref_idc: 3
Sep 08, 2026 02:04:35.752 [127479579234048] DEBUG - [FFMPEG] - Decoding VUI
Sep 08, 2026 02:04:35.752 [127479579234048] DEBUG - [FFMPEG] - Format yuv420p chosen by get_format().
Sep 08, 2026 02:04:35.753 [127479579234048] DEBUG - [FFMPEG] - no picture 
Sep 08, 2026 02:04:35.756 [127479579234048] DEBUG - [FFMPEG] - nal_unit_type: 1(Coded slice of a non-IDR picture), nal_ref_idc: 2
Sep 08, 2026 02:04:35.757 [127479579234048] DEBUG - [FFMPEG] - no picture 
Sep 08, 2026 02:04:35.761 [127479579234048] DEBUG - [FFMPEG] - nal_unit_type: 1(Coded slice of a non-IDR picture), nal_ref_idc: 2
Sep 08, 2026 02:04:35.799 [127479579234048] DEBUG - Loaded memory image of size 1280x720.
Sep 08, 2026 02:04:35.817 [127479579234048] DEBUG - [FFMPEG] - nal_unit_type: 7(SPS), nal_ref_idc: 3
Sep 08, 2026 02:04:35.817 [127479579234048] DEBUG - [FFMPEG] - Decoding VUI
Sep 08, 2026 02:04:35.817 [127479579234048] DEBUG - [FFMPEG] - nal_unit_type: 8(PPS), nal_ref_idc: 3
Sep 08, 2026 02:04:35.817 [127479579234048] DEBUG - [FFMPEG] - nal_unit_type: 7(SPS), nal_ref_idc: 3
Sep 08, 2026 02:04:35.817 [127479579234048] DEBUG - [FFMPEG] - Decoding VUI
Sep 08, 2026 02:04:35.817 [127479579234048] DEBUG - [FFMPEG] - nal_unit_type: 8(PPS), nal_ref_idc: 3
Sep 08, 2026 02:04:35.817 [127479579234048] DEBUG - [FFMPEG] - Decoding VUI
Sep 08, 2026 02:04:35.818 [127479579234048] DEBUG - [FFMPEG] - nal_unit_type: 7(SPS), nal_ref_idc: 3
Sep 08, 2026 02:04:35.818 [127479579234048] DEBUG - [FFMPEG] - nal_unit_type: 8(PPS), nal_ref_idc: 3
Sep 08, 2026 02:04:35.818 [127479579234048] DEBUG - [FFMPEG] - nal_unit_type: 6(SEI), nal_ref_idc: 0
Sep 08, 2026 02:04:35.818 [127479579234048] DEBUG - [FFMPEG] - nal_unit_type: 5(IDR), nal_ref_idc: 3
Sep 08, 2026 02:04:35.818 [127479579234048] DEBUG - [FFMPEG] - Decoding VUI
Sep 08, 2026 02:04:35.818 [127479579234048] DEBUG - [FFMPEG] - Format yuv420p chosen by get_format().
Sep 08, 2026 02:04:35.819 [127479579234048] DEBUG - [FFMPEG] - no picture 
Sep 08, 2026 02:04:35.822 [127479579234048] DEBUG - [FFMPEG] - nal_unit_type: 1(Coded slice of a non-IDR picture), nal_ref_idc: 2
Sep 08, 2026 02:04:35.823 [127479579234048] DEBUG - [FFMPEG] - no picture 
Sep 08, 2026 02:04:35.826 [127479579234048] DEBUG - [FFMPEG] - nal_unit_type: 1(Coded slice of a non-IDR picture), nal_ref_idc: 2
Sep 08, 2026 02:04:35.865 [127479579234048] DEBUG - Loaded memory image of size 1280x720.
Sep 08, 2026 02:04:35.882 [127479579234048] DEBUG - Created chapter thumbnail for metadata item 1104, media item 2300 for chapter number 5:2072320 at "/config/Library/Application Support/Plex Media Server/Media/localhost/f/cf335ab8785244e6ea5b8e87419acc68077c2dc.bundle/Contents/Chapters/chapter5.jpg"
Sep 08, 2026 02:04:35.882 [127479579234048] DEBUG - Creating /config/Library/Application Support/Plex Media Server/Media/localhost/f/cf335ab8785244e6ea5b8e87419acc68077c2dc.bundle/Contents/Chapters/chapter6.jpg (94.8%, 1280x720).
Sep 08, 2026 02:04:35.883 [127479579234048] DEBUG - [FFMPEG] - nal_unit_type: 7(SPS), nal_ref_idc: 3
Sep 08, 2026 02:04:35.883 [127479579234048] DEBUG - [FFMPEG] - Decoding VUI
Sep 08, 2026 02:04:35.883 [127479579234048] DEBUG - [FFMPEG] - nal_unit_type: 8(PPS), nal_ref_idc: 3
Sep 08, 2026 02:04:35.883 [127479579234048] DEBUG - [FFMPEG] - nal_unit_type: 7(SPS), nal_ref_idc: 3
Sep 08, 2026 02:04:35.883 [127479579234048] DEBUG - [FFMPEG] - Decoding VUI
Sep 08, 2026 02:04:35.883 [127479579234048] DEBUG - [FFMPEG] - nal_unit_type: 8(PPS), nal_ref_idc: 3
Sep 08, 2026 02:04:35.883 [127479579234048] DEBUG - [FFMPEG] - Decoding VUI
Sep 08, 2026 02:04:35.883 [127479579234048] DEBUG - [FFMPEG] - nal_unit_type: 7(SPS), nal_ref_idc: 3
Sep 08, 2026 02:04:35.883 [127479579234048] DEBUG - [FFMPEG] - nal_unit_type: 8(PPS), nal_ref_idc: 3
Sep 08, 2026 02:04:35.883 [127479579234048] DEBUG - [FFMPEG] - nal_unit_type: 6(SEI), nal_ref_idc: 0
Sep 08, 2026 02:04:35.883 [127479579234048] DEBUG - [FFMPEG] - nal_unit_type: 5(IDR), nal_ref_idc: 3
Sep 08, 2026 02:04:35.883 [127479579234048] DEBUG - [FFMPEG] - Decoding VUI
Sep 08, 2026 02:04:35.883 [127479579234048] DEBUG - [FFMPEG] - Format yuv420p chosen by get_format().
Sep 08, 2026 02:04:35.885 [127479579234048] DEBUG - [FFMPEG] - no picture 
Sep 08, 2026 02:04:35.886 [127479579234048] DEBUG - [FFMPEG] - nal_unit_type: 1(Coded slice of a non-IDR picture), nal_ref_idc: 2
Sep 08, 2026 02:04:35.886 [127479579234048] DEBUG - [FFMPEG] - no picture 
Sep 08, 2026 02:04:35.896 [127479579234048] DEBUG - [FFMPEG] - nal_unit_type: 1(Coded slice of a non-IDR picture), nal_ref_idc: 2
Sep 08, 2026 02:04:35.939 [127479579234048] DEBUG - Loaded memory image of size 1280x720.
Sep 08, 2026 02:04:35.953 [127479579234048] DEBUG - [FFMPEG] - nal_unit_type: 7(SPS), nal_ref_idc: 3
Sep 08, 2026 02:04:35.953 [127479579234048] DEBUG - [FFMPEG] - Decoding VUI
Sep 08, 2026 02:04:35.953 [127479579234048] DEBUG - [FFMPEG] - nal_unit_type: 8(PPS), nal_ref_idc: 3
Sep 08, 2026 02:04:35.953 [127479579234048] DEBUG - [FFMPEG] - nal_unit_type: 7(SPS), nal_ref_idc: 3
Sep 08, 2026 02:04:35.953 [127479579234048] DEBUG - [FFMPEG] - Decoding VUI
Sep 08, 2026 02:04:35.953 [127479579234048] DEBUG - [FFMPEG] - nal_unit_type: 8(PPS), nal_ref_idc: 3
Sep 08, 2026 02:04:35.954 [127479579234048] DEBUG - [FFMPEG] - Decoding VUI
Sep 08, 2026 02:04:35.954 [127479579234048] DEBUG - [FFMPEG] - nal_unit_type: 7(SPS), nal_ref_idc: 3
Sep 08, 2026 02:04:35.954 [127479579234048] DEBUG - [FFMPEG] - nal_unit_type: 8(PPS), nal_ref_idc: 3
Sep 08, 2026 02:04:35.954 [127479579234048] DEBUG - [FFMPEG] - nal_unit_type: 6(SEI), nal_ref_idc: 0
Sep 08, 2026 02:04:35.954 [127479579234048] DEBUG - [FFMPEG] - nal_unit_type: 5(IDR), nal_ref_idc: 3
Sep 08, 2026 02:04:35.954 [127479579234048] DEBUG - [FFMPEG] - Decoding VUI
Sep 08, 2026 02:04:35.954 [127479579234048] DEBUG - [FFMPEG] - Format yuv420p chosen by get_format().
Sep 08, 2026 02:04:35.955 [127479579234048] DEBUG - [FFMPEG] - no picture 
Sep 08, 2026 02:04:35.956 [127479579234048] DEBUG - [FFMPEG] - nal_unit_type: 1(Coded slice of a non-IDR picture), nal_ref_idc: 2
Sep 08, 2026 02:04:35.957 [127479579234048] DEBUG - [FFMPEG] - no picture 
Sep 08, 2026 02:04:35.966 [127479579234048] DEBUG - [FFMPEG] - nal_unit_type: 1(Coded slice of a non-IDR picture), nal_ref_idc: 2
Sep 08, 2026 02:04:36.009 [127479579234048] DEBUG - Loaded memory image of size 1280x720.
Sep 08, 2026 02:04:36.024 [127479579234048] DEBUG - [FFMPEG] - nal_unit_type: 7(SPS), nal_ref_idc: 3
Sep 08, 2026 02:04:36.024 [127479579234048] DEBUG - [FFMPEG] - Decoding VUI
Sep 08, 2026 02:04:36.024 [127479579234048] DEBUG - [FFMPEG] - nal_unit_type: 8(PPS), nal_ref_idc: 3
Sep 08, 2026 02:04:36.024 [127479579234048] DEBUG - [FFMPEG] - nal_unit_type: 7(SPS), nal_ref_idc: 3
Sep 08, 2026 02:04:36.024 [127479579234048] DEBUG - [FFMPEG] - Decoding VUI
Sep 08, 2026 02:04:36.024 [127479579234048] DEBUG - [FFMPEG] - nal_unit_type: 8(PPS), nal_ref_idc: 3
Sep 08, 2026 02:04:36.024 [127479579234048] DEBUG - [FFMPEG] - Decoding VUI
Sep 08, 2026 02:04:36.024 [127479579234048] DEBUG - [FFMPEG] - nal_unit_type: 7(SPS), nal_ref_idc: 3
Sep 08, 2026 02:04:36.024 [127479579234048] DEBUG - [FFMPEG] - nal_unit_type: 8(PPS), nal_ref_idc: 3
Sep 08, 2026 02:04:36.024 [127479579234048] DEBUG - [FFMPEG] - nal_unit_type: 6(SEI), nal_ref_idc: 0
Sep 08, 2026 02:04:36.024 [127479579234048] DEBUG - [FFMPEG] - nal_unit_type: 5(IDR), nal_ref_idc: 3
Sep 08, 2026 02:04:36.024 [127479579234048] DEBUG - [FFMPEG] - Decoding VUI
Sep 08, 2026 02:04:36.024 [127479579234048] DEBUG - [FFMPEG] - Format yuv420p chosen by get_format().
Sep 08, 2026 02:04:36.025 [127479579234048] DEBUG - [FFMPEG] - no picture 
Sep 08, 2026 02:04:36.026 [127479579234048] DEBUG - [FFMPEG] - nal_unit_type: 1(Coded slice of a non-IDR picture), nal_ref_idc: 2
Sep 08, 2026 02:04:36.027 [127479579234048] DEBUG - [FFMPEG] - no picture 
Sep 08, 2026 02:04:36.037 [127479579234048] DEBUG - [FFMPEG] - nal_unit_type: 1(Coded slice of a non-IDR picture), nal_ref_idc: 2
Sep 08, 2026 02:04:36.079 [127479579234048] DEBUG - Loaded memory image of size 1280x720.
Sep 08, 2026 02:04:36.094 [127479579234048] DEBUG - [FFMPEG] - nal_unit_type: 7(SPS), nal_ref_idc: 3
Sep 08, 2026 02:04:36.094 [127479579234048] DEBUG - [FFMPEG] - Decoding VUI
Sep 08, 2026 02:04:36.094 [127479579234048] DEBUG - [FFMPEG] - nal_unit_type: 8(PPS), nal_ref_idc: 3
Sep 08, 2026 02:04:36.094 [127479579234048] DEBUG - [FFMPEG] - nal_unit_type: 7(SPS), nal_ref_idc: 3
Sep 08, 2026 02:04:36.094 [127479579234048] DEBUG - [FFMPEG] - Decoding VUI
Sep 08, 2026 02:04:36.094 [127479579234048] DEBUG - [FFMPEG] - nal_unit_type: 8(PPS), nal_ref_idc: 3
Sep 08, 2026 02:04:36.095 [127479579234048] DEBUG - [FFMPEG] - Decoding VUI
Sep 08, 2026 02:04:36.095 [127479579234048] DEBUG - [FFMPEG] - nal_unit_type: 7(SPS), nal_ref_idc: 3
Sep 08, 2026 02:04:36.095 [127479579234048] DEBUG - [FFMPEG] - nal_unit_type: 8(PPS), nal_ref_idc: 3
Sep 08, 2026 02:04:36.095 [127479579234048] DEBUG - [FFMPEG] - nal_unit_type: 6(SEI), nal_ref_idc: 0
Sep 08, 2026 02:04:36.095 [127479579234048] DEBUG - [FFMPEG] - nal_unit_type: 5(IDR), nal_ref_idc: 3
Sep 08, 2026 02:04:36.095 [127479579234048] DEBUG - [FFMPEG] - Decoding VUI
Sep 08, 2026 02:04:36.095 [127479579234048] DEBUG - [FFMPEG] - Format yuv420p chosen by get_format().
Sep 08, 2026 02:04:36.096 [127479579234048] DEBUG - [FFMPEG] - no picture 
Sep 08, 2026 02:04:36.097 [127479579234048] DEBUG - [FFMPEG] - nal_unit_type: 1(Coded slice of a non-IDR picture), nal_ref_idc: 2
Sep 08, 2026 02:04:36.098 [127479579234048] DEBUG - [FFMPEG] - no picture 
Sep 08, 2026 02:04:36.107 [127479579234048] DEBUG - [FFMPEG] - nal_unit_type: 1(Coded slice of a non-IDR picture), nal_ref_idc: 2
Sep 08, 2026 02:04:36.150 [127479579234048] DEBUG - Loaded memory image of size 1280x720.
Sep 08, 2026 02:04:36.165 [127479579234048] DEBUG - [FFMPEG] - nal_unit_type: 7(SPS), nal_ref_idc: 3
Sep 08, 2026 02:04:36.165 [127479579234048] DEBUG - [FFMPEG] - Decoding VUI
Sep 08, 2026 02:04:36.165 [127479579234048] DEBUG - [FFMPEG] - nal_unit_type: 8(PPS), nal_ref_idc: 3
Sep 08, 2026 02:04:36.165 [127479579234048] DEBUG - [FFMPEG] - nal_unit_type: 7(SPS), nal_ref_idc: 3
Sep 08, 2026 02:04:36.165 [127479579234048] DEBUG - [FFMPEG] - Decoding VUI
Sep 08, 2026 02:04:36.165 [127479579234048] DEBUG - [FFMPEG] - nal_unit_type: 8(PPS), nal_ref_idc: 3
Sep 08, 2026 02:04:36.165 [127479579234048] DEBUG - [FFMPEG] - Decoding VUI
Sep 08, 2026 02:04:36.165 [127479579234048] DEBUG - [FFMPEG] - nal_unit_type: 7(SPS), nal_ref_idc: 3
Sep 08, 2026 02:04:36.165 [127479579234048] DEBUG - [FFMPEG] - nal_unit_type: 8(PPS), nal_ref_idc: 3
Sep 08, 2026 02:04:36.165 [127479579234048] DEBUG - [FFMPEG] - nal_unit_type: 6(SEI), nal_ref_idc: 0
Sep 08, 2026 02:04:36.165 [127479579234048] DEBUG - [FFMPEG] - nal_unit_type: 5(IDR), nal_ref_idc: 3
Sep 08, 2026 02:04:36.165 [127479579234048] DEBUG - [FFMPEG] - Decoding VUI
Sep 08, 2026 02:04:36.165 [127479579234048] DEBUG - [FFMPEG] - Format yuv420p chosen by get_format().
Sep 08, 2026 02:04:36.167 [127479579234048] DEBUG - [FFMPEG] - no picture 
Sep 08, 2026 02:04:36.167 [127479579234048] DEBUG - [FFMPEG] - nal_unit_type: 1(Coded slice of a non-IDR picture), nal_ref_idc: 2
Sep 08, 2026 02:04:36.168 [127479579234048] DEBUG - [FFMPEG] - no picture 
Sep 08, 2026 02:04:36.178 [127479579234048] DEBUG - [FFMPEG] - nal_unit_type: 1(Coded slice of a non-IDR picture), nal_ref_idc: 2
Sep 08, 2026 02:04:36.221 [127479579234048] DEBUG - Loaded memory image of size 1280x720.
Sep 08, 2026 02:04:36.235 [127479579234048] DEBUG - Skipped thumbnail for metadata item 1104, media item 2300 for chapter number 6:2386300
Sep 08, 2026 02:04:36.235 [127479579234048] DEBUG - [MI] Closing input file: "/media/tv/Forged in Fire/Season 3/Forged.in.Fire.S03E15.The.Haladie.iNTERNAL.720p.HDTV.x264-DHD[eztv].mkv"
Sep 08, 2026 02:04:36.235 [127479579234048] DEBUG - Generated new chapter thumbnails for The Haladie.
