Sep 08, 2026 02:04:36.272 [132419045636864] INFO - Plex Media Scanner v1.43.3.10828-00f62d37d - Docker Docker Container (LinuxServer.io) x86_64 - build: linux-x86_64 - GMT 02:00
Sep 08, 2026 02:04:36.272 [132419045636864] INFO - Linux version: 7.0.0-31-generic, language: en-US
Sep 08, 2026 02:04:36.272 [132419045636864] INFO - Processor: 12-core AMD Ryzen 5 3600 6-Core Processor
Sep 08, 2026 02:04:36.272 [132419045636864] INFO - /usr/lib/plexmediaserver/Plex Media Scanner --analyze-deeply --item 1104 --log-file-suffix  Deep Analysis
Sep 08, 2026 02:04:36.261 [132419046145792] DEBUG - Opening 20 database sessions to library (com.plexapp.plugins.library), SQLite 3.39.4, threadsafe=1
Sep 08, 2026 02:04:36.332 [132419046145792] DEBUG - [MI] Opening input file: "/media/tv/Forged in Fire/Season 3/Forged.in.Fire.S03E15.The.Haladie.iNTERNAL.720p.HDTV.x264-DHD[eztv].mkv"
Sep 08, 2026 02:04:36.332 [132419046145792] DEBUG - [FFMPEG] - Opening '/media/tv/Forged in Fire/Season 3/Forged.in.Fire.S03E15.The.Haladie.iNTERNAL.720p.HDTV.x264-DHD[eztv].mkv' for reading
Sep 08, 2026 02:04:36.332 [132419046145792] DEBUG - [FFMPEG] - Setting default whitelist 'file,crypto,data'
Sep 08, 2026 02:04:36.332 [132419046145792] DEBUG - [FFMPEG] - Format matroska,webm probed with size=2048 and score=100
Sep 08, 2026 02:04:36.332 [132419046145792] DEBUG - [FFMPEG] - st:0 removing common factor 1000000 from timebase
Sep 08, 2026 02:04:36.332 [132419046145792] DEBUG - [FFMPEG] - st:1 removing common factor 1000000 from timebase
Sep 08, 2026 02:04:36.332 [132419046145792] DEBUG - [FFMPEG] - st:2 removing common factor 1000000 from timebase
Sep 08, 2026 02:04:36.332 [132419046145792] DEBUG - [FFMPEG] - Before avformat_find_stream_info() pos: 6641 bytes read:33988 seeks:2 nb_streams:3
Sep 08, 2026 02:04:36.333 [132419046145792] DEBUG - [FFMPEG] - nal_unit_type: 7(SPS), nal_ref_idc: 3
Sep 08, 2026 02:04:36.333 [132419046145792] DEBUG - [FFMPEG] - Decoding VUI
Sep 08, 2026 02:04:36.333 [132419046145792] DEBUG - [FFMPEG] - nal_unit_type: 8(PPS), nal_ref_idc: 3
Sep 08, 2026 02:04:36.333 [132419046145792] DEBUG - [FFMPEG] - For transform of length 128, inverse, mdct_float, flags: [aligned, out_of_place], found 3 matches:
Sep 08, 2026 02:04:36.333 [132419046145792] DEBUG - [FFMPEG] -     1: 
Sep 08, 2026 02:04:36.333 [132419046145792] DEBUG - [FFMPEG] - mdct_inv_float_avx2 - type: mdct_float, len: [16, ∞], factors[2]: [2, any], flags: [aligned, out_of_place, inv_only], prio: 511
Sep 08, 2026 02:04:36.333 [132419046145792] DEBUG - [FFMPEG] -     2: 
Sep 08, 2026 02:04:36.333 [132419046145792] DEBUG - [FFMPEG] - mdct_inv_float_c - type: mdct_float, len: [2, ∞], factors[2]: [2, any], flags: [unaligned, out_of_place, inv_only], prio: 96
Sep 08, 2026 02:04:36.333 [132419046145792] DEBUG - [FFMPEG] -     3: 
Sep 08, 2026 02:04:36.333 [132419046145792] DEBUG - [FFMPEG] - mdct_naive_inv_float_c - type: mdct_float, len: [2, ∞], factors[2]: [2, any], flags: [unaligned, out_of_place, inv_only], prio: -130976
Sep 08, 2026 02:04:36.333 [132419046145792] DEBUG - [FFMPEG] - For transform of length 64, inverse, fft_float, flags: [aligned, inplace, preshuf, asm_call], found 3 matches:
Sep 08, 2026 02:04:36.333 [132419046145792] DEBUG - [FFMPEG] -     1: 
Sep 08, 2026 02:04:36.333 [132419046145792] DEBUG - [FFMPEG] - fft_sr_asm_float_fma3 - type: fft_float, len: [64, 131072], factor: 2, flags: [aligned, inplace, out_of_place, preshuf, asm_call], prio: 448
Sep 08, 2026 02:04:36.333 [132419046145792] DEBUG - [FFMPEG] -     2: 
Sep 08, 2026 02:04:36.333 [132419046145792] DEBUG - [FFMPEG] - fft_sr_asm_float_avx2 - type: fft_float, len: [64, 131072], factor: 2, flags: [aligned, inplace, out_of_place, preshuf, asm_call], prio: 447
Sep 08, 2026 02:04:36.333 [132419046145792] DEBUG - [FFMPEG] -     3: 
Sep 08, 2026 02:04:36.333 [132419046145792] DEBUG - [FFMPEG] - fft_sr_asm_float_avx - type: fft_float, len: [64, 131072], factor: 2, flags: [aligned, inplace, out_of_place, preshuf, asm_call], prio: 416
Sep 08, 2026 02:04:36.333 [132419046145792] DEBUG - [FFMPEG] - Transform tree:
Sep 08, 2026 02:04:36.333 [132419046145792] DEBUG - [FFMPEG] -     
Sep 08, 2026 02:04:36.333 [132419046145792] DEBUG - [FFMPEG] - mdct_inv_float_avx2 - type: mdct_float, len: 128, factors[2]: [2, any], flags: [aligned, out_of_place, inv_only]
Sep 08, 2026 02:04:36.333 [132419046145792] DEBUG - [FFMPEG] -     
Sep 08, 2026 02:04:36.333 [132419046145792] DEBUG - [FFMPEG] -     
Sep 08, 2026 02:04:36.333 [132419046145792] DEBUG - [FFMPEG] - fft_sr_asm_float_fma3 - type: fft_float, len: 64, factor: 2, flags: [aligned, inplace, out_of_place, preshuf, asm_call]
Sep 08, 2026 02:04:36.333 [132419046145792] DEBUG - [FFMPEG] - For transform of length 256, inverse, mdct_float, flags: [aligned, out_of_place], found 3 matches:
Sep 08, 2026 02:04:36.333 [132419046145792] DEBUG - [FFMPEG] -     1: 
Sep 08, 2026 02:04:36.333 [132419046145792] DEBUG - [FFMPEG] - mdct_inv_float_avx2 - type: mdct_float, len: [16, ∞], factors[2]: [2, any], flags: [aligned, out_of_place, inv_only], prio: 511
Sep 08, 2026 02:04:36.333 [132419046145792] DEBUG - [FFMPEG] -     2: 
Sep 08, 2026 02:04:36.333 [132419046145792] DEBUG - [FFMPEG] - mdct_inv_float_c - type: mdct_float, len: [2, ∞], factors[2]: [2, any], flags: [unaligned, out_of_place, inv_only], prio: 96
Sep 08, 2026 02:04:36.333 [132419046145792] DEBUG - [FFMPEG] -     3: 
Sep 08, 2026 02:04:36.333 [132419046145792] DEBUG - [FFMPEG] - mdct_naive_inv_float_c - type: mdct_float, len: [2, ∞], factors[2]: [2, any], flags: [unaligned, out_of_place, inv_only], prio: -130976
Sep 08, 2026 02:04:36.333 [132419046145792] DEBUG - [FFMPEG] - For transform of length 128, inverse, fft_float, flags: [aligned, inplace, preshuf, asm_call], found 3 matches:
Sep 08, 2026 02:04:36.333 [132419046145792] DEBUG - [FFMPEG] -     1: 
Sep 08, 2026 02:04:36.333 [132419046145792] DEBUG - [FFMPEG] - fft_sr_asm_float_fma3 - type: fft_float, len: [64, 131072], factor: 2, flags: [aligned, inplace, out_of_place, preshuf, asm_call], prio: 448
Sep 08, 2026 02:04:36.333 [132419046145792] DEBUG - [FFMPEG] -     2: 
Sep 08, 2026 02:04:36.333 [132419046145792] DEBUG - [FFMPEG] - fft_sr_asm_float_avx2 - type: fft_float, len: [64, 131072], factor: 2, flags: [aligned, inplace, out_of_place, preshuf, asm_call], prio: 447
Sep 08, 2026 02:04:36.333 [132419046145792] DEBUG - [FFMPEG] -     3: 
Sep 08, 2026 02:04:36.333 [132419046145792] DEBUG - [FFMPEG] - fft_sr_asm_float_avx - type: fft_float, len: [64, 131072], factor: 2, flags: [aligned, inplace, out_of_place, preshuf, asm_call], prio: 416
Sep 08, 2026 02:04:36.333 [132419046145792] DEBUG - [FFMPEG] - Transform tree:
Sep 08, 2026 02:04:36.333 [132419046145792] DEBUG - [FFMPEG] -     
Sep 08, 2026 02:04:36.333 [132419046145792] DEBUG - [FFMPEG] - mdct_inv_float_avx2 - type: mdct_float, len: 256, factors[2]: [2, any], flags: [aligned, out_of_place, inv_only]
Sep 08, 2026 02:04:36.333 [132419046145792] DEBUG - [FFMPEG] -     
Sep 08, 2026 02:04:36.333 [132419046145792] DEBUG - [FFMPEG] -     
Sep 08, 2026 02:04:36.333 [132419046145792] DEBUG - [FFMPEG] - fft_sr_asm_float_fma3 - type: fft_float, len: 128, factor: 2, flags: [aligned, inplace, out_of_place, preshuf, asm_call]
Sep 08, 2026 02:04:36.333 [132419046145792] DEBUG - [FFMPEG] - nal_unit_type: 7(SPS), nal_ref_idc: 3
Sep 08, 2026 02:04:36.333 [132419046145792] DEBUG - [FFMPEG] - Decoding VUI
Sep 08, 2026 02:04:36.333 [132419046145792] DEBUG - [FFMPEG] - nal_unit_type: 8(PPS), nal_ref_idc: 3
Sep 08, 2026 02:04:36.333 [132419046145792] DEBUG - [FFMPEG] - Decoding VUI
Sep 08, 2026 02:04:36.334 [132419046145792] DEBUG - [FFMPEG] - nal_unit_type: 7(SPS), nal_ref_idc: 3
Sep 08, 2026 02:04:36.334 [132419046145792] DEBUG - [FFMPEG] - nal_unit_type: 8(PPS), nal_ref_idc: 3
Sep 08, 2026 02:04:36.334 [132419046145792] DEBUG - [FFMPEG] - nal_unit_type: 6(SEI), nal_ref_idc: 0
Sep 08, 2026 02:04:36.334 [132419046145792] DEBUG - [FFMPEG] - nal_unit_type: 5(IDR), nal_ref_idc: 3
Sep 08, 2026 02:04:36.334 [132419046145792] DEBUG - [FFMPEG] - Decoding VUI
Sep 08, 2026 02:04:36.334 [132419046145792] DEBUG - [FFMPEG] - Format yuv420p chosen by get_format().
Sep 08, 2026 02:04:36.335 [132419046145792] DEBUG - [FFMPEG] - no picture 
Sep 08, 2026 02:04:36.339 [132419046145792] DEBUG - [FFMPEG] - nal_unit_type: 1(Coded slice of a non-IDR picture), nal_ref_idc: 2
Sep 08, 2026 02:04:36.340 [132419046145792] DEBUG - [FFMPEG] - no picture 
Sep 08, 2026 02:04:36.347 [132419046145792] DEBUG - [FFMPEG] - nal_unit_type: 1(Coded slice of a non-IDR picture), nal_ref_idc: 2
Sep 08, 2026 02:04:36.352 [132419046145792] DEBUG - [FFMPEG] - nal_unit_type: 1(Coded slice of a non-IDR picture), nal_ref_idc: 2
Sep 08, 2026 02:04:36.354 [132419046145792] DEBUG - [FFMPEG] - nal_unit_type: 1(Coded slice of a non-IDR picture), nal_ref_idc: 0
Sep 08, 2026 02:04:36.357 [132419046145792] DEBUG - [FFMPEG] - nal_unit_type: 1(Coded slice of a non-IDR picture), nal_ref_idc: 0
Sep 08, 2026 02:04:36.359 [132419046145792] DEBUG - [FFMPEG] - nal_unit_type: 1(Coded slice of a non-IDR picture), nal_ref_idc: 2
Sep 08, 2026 02:04:36.360 [132419046145792] DEBUG - [FFMPEG] - nal_unit_type: 1(Coded slice of a non-IDR picture), nal_ref_idc: 2
Sep 08, 2026 02:04:36.361 [132419046145792] DEBUG - [FFMPEG] - nal_unit_type: 1(Coded slice of a non-IDR picture), nal_ref_idc: 0
Sep 08, 2026 02:04:36.362 [132419046145792] DEBUG - [FFMPEG] - All info found
Sep 08, 2026 02:04:36.363 [132419046145792] DEBUG - [FFMPEG] - After avformat_find_stream_info() pos: 200511 bytes read:229364 seeks:2 frames:26
Sep 08, 2026 02:04:36.366 [132419046145792] DEBUG - [FFMPEG] - Decoding VUI
Sep 08, 2026 02:04:36.374 [132419046145792] DEBUG - [FFMPEG] - Decoding VUI
Sep 08, 2026 02:04:36.377 [132419046145792] DEBUG - [FFMPEG] - Decoding VUI
Sep 08, 2026 02:04:36.379 [132419046145792] DEBUG - [FFMPEG] - Decoding VUI
Sep 08, 2026 02:04:36.380 [132419046145792] DEBUG - [FFMPEG] - Decoding VUI
Sep 08, 2026 02:04:36.381 [132419046145792] DEBUG - [FFMPEG] - Decoding VUI
Sep 08, 2026 02:04:36.384 [132419046145792] DEBUG - [FFMPEG] - Decoding VUI
Sep 08, 2026 02:04:36.384 [132419046145792] DEBUG - [FFMPEG] - Decoding VUI
Sep 08, 2026 02:04:36.385 [132419046145792] DEBUG - [FFMPEG] - Decoding VUI
Sep 08, 2026 02:04:36.387 [132419046145792] DEBUG - [FFMPEG] - Decoding VUI
Sep 08, 2026 02:04:36.388 [132419046145792] DEBUG - [FFMPEG] - Decoding VUI
Sep 08, 2026 02:04:36.391 [132419046145792] DEBUG - [FFMPEG] - Decoding VUI
Sep 08, 2026 02:04:36.393 [132419046145792] DEBUG - [FFMPEG] - Decoding VUI
Sep 08, 2026 02:04:36.394 [132419046145792] DEBUG - [FFMPEG] - Decoding VUI
Sep 08, 2026 02:04:36.395 [132419046145792] DEBUG - [FFMPEG] - Decoding VUI
Sep 08, 2026 02:04:36.397 [132419046145792] DEBUG - [FFMPEG] - Decoding VUI
Sep 08, 2026 02:04:36.399 [132419046145792] DEBUG - [FFMPEG] - Decoding VUI
Sep 08, 2026 02:04:36.400 [132419046145792] DEBUG - [FFMPEG] - Decoding VUI
Sep 08, 2026 02:04:36.401 [132419046145792] DEBUG - [FFMPEG] - Decoding VUI
Sep 08, 2026 02:04:36.402 [132419046145792] DEBUG - [FFMPEG] - Decoding VUI
Sep 08, 2026 02:04:36.403 [132419046145792] DEBUG - [FFMPEG] - Decoding VUI
Sep 08, 2026 02:04:36.404 [132419046145792] DEBUG - [FFMPEG] - Decoding VUI
Sep 08, 2026 02:04:36.405 [132419046145792] DEBUG - [FFMPEG] - Decoding VUI
Sep 08, 2026 02:04:36.406 [132419046145792] DEBUG - [FFMPEG] - Decoding VUI
Sep 08, 2026 02:04:36.407 [132419046145792] DEBUG - [FFMPEG] - Decoding VUI
Sep 08, 2026 02:04:36.408 [132419046145792] DEBUG - [FFMPEG] - Decoding VUI
Sep 08, 2026 02:04:36.409 [132419046145792] DEBUG - [FFMPEG] - Decoding VUI
Sep 08, 2026 02:04:36.410 [132419046145792] DEBUG - [FFMPEG] - Decoding VUI
Sep 08, 2026 02:04:36.411 [132419046145792] DEBUG - [FFMPEG] - Decoding VUI
Sep 08, 2026 02:04:36.413 [132419046145792] DEBUG - [FFMPEG] - Decoding VUI
Sep 08, 2026 02:04:36.415 [132419046145792] DEBUG - [FFMPEG] - Decoding VUI
Sep 08, 2026 02:04:36.416 [132419046145792] DEBUG - [FFMPEG] - Decoding VUI
Sep 08, 2026 02:04:36.416 [132419046145792] DEBUG - [FFMPEG] - Decoding VUI
Sep 08, 2026 02:04:36.417 [132419046145792] DEBUG - [FFMPEG] - Decoding VUI
Sep 08, 2026 02:04:36.418 [132419046145792] DEBUG - [FFMPEG] - Decoding VUI
Sep 08, 2026 02:04:36.418 [132419046145792] DEBUG - [FFMPEG] - Decoding VUI
Sep 08, 2026 02:04:36.421 [132419046145792] DEBUG - [FFMPEG] - Decoding VUI
Sep 08, 2026 02:04:36.425 [132419046145792] DEBUG - [FFMPEG] - Decoding VUI
Sep 08, 2026 02:04:36.426 [132419046145792] DEBUG - [FFMPEG] - Decoding VUI
Sep 08, 2026 02:04:36.427 [132419046145792] DEBUG - [FFMPEG] - Decoding VUI
Sep 08, 2026 02:04:36.428 [132419046145792] DEBUG - [FFMPEG] - Decoding VUI
Sep 08, 2026 02:04:36.428 [132419046145792] DEBUG - [FFMPEG] - Decoding VUI
Sep 08, 2026 02:04:36.429 [132419046145792] DEBUG - [FFMPEG] - Decoding VUI
Sep 08, 2026 02:04:36.430 [132419046145792] DEBUG - [FFMPEG] - Decoding VUI
Sep 08, 2026 02:04:36.432 [132419046145792] DEBUG - [FFMPEG] - Decoding VUI
Sep 08, 2026 02:04:36.434 [132419046145792] DEBUG - [FFMPEG] - Decoding VUI
Sep 08, 2026 02:04:36.435 [132419046145792] DEBUG - [FFMPEG] - Decoding VUI
Sep 08, 2026 02:04:36.436 [132419046145792] DEBUG - [FFMPEG] - Decoding VUI
Sep 08, 2026 02:04:36.437 [132419046145792] DEBUG - [FFMPEG] - Decoding VUI
Sep 08, 2026 02:04:36.438 [132419046145792] DEBUG - [FFMPEG] - Decoding VUI
Sep 08, 2026 02:04:36.438 [132419046145792] DEBUG - [FFMPEG] - Decoding VUI
Sep 08, 2026 02:04:36.439 [132419046145792] DEBUG - [FFMPEG] - Decoding VUI
Sep 08, 2026 02:04:36.441 [132419046145792] DEBUG - [FFMPEG] - Decoding VUI
Sep 08, 2026 02:04:36.443 [132419046145792] DEBUG - [FFMPEG] - Decoding VUI
Sep 08, 2026 02:04:36.444 [132419046145792] DEBUG - [FFMPEG] - Decoding VUI
Sep 08, 2026 02:04:36.444 [132419046145792] DEBUG - [FFMPEG] - Decoding VUI
Sep 08, 2026 02:04:36.445 [132419046145792] DEBUG - [FFMPEG] - Decoding VUI
Sep 08, 2026 02:04:36.446 [132419046145792] DEBUG - [FFMPEG] - Decoding VUI
Sep 08, 2026 02:04:36.448 [132419046145792] DEBUG - [FFMPEG] - Decoding VUI
Sep 08, 2026 02:04:36.449 [132419046145792] DEBUG - [FFMPEG] - Decoding VUI
Sep 08, 2026 02:04:36.449 [132419046145792] DEBUG - [FFMPEG] - Decoding VUI
Sep 08, 2026 02:04:36.450 [132419046145792] DEBUG - [FFMPEG] - Decoding VUI
Sep 08, 2026 02:04:36.451 [132419046145792] DEBUG - [FFMPEG] - Decoding VUI
Sep 08, 2026 02:04:36.452 [132419046145792] DEBUG - [FFMPEG] - Decoding VUI
Sep 08, 2026 02:04:36.454 [132419046145792] DEBUG - [FFMPEG] - Decoding VUI
Sep 08, 2026 02:04:36.456 [132419046145792] DEBUG - [FFMPEG] - Decoding VUI
Sep 08, 2026 02:04:36.457 [132419046145792] DEBUG - [FFMPEG] - Decoding VUI
Sep 08, 2026 02:04:36.459 [132419046145792] DEBUG - [FFMPEG] - Decoding VUI
Sep 08, 2026 02:04:36.459 [132419046145792] DEBUG - [FFMPEG] - Decoding VUI
Sep 08, 2026 02:04:36.460 [132419046145792] DEBUG - [FFMPEG] - Decoding VUI
Sep 08, 2026 02:04:36.462 [132419046145792] DEBUG - [FFMPEG] - Decoding VUI
Sep 08, 2026 02:04:36.463 [132419046145792] DEBUG - Deep Analysis: Read 10000 packets at 179.554000
Sep 08, 2026 02:04:36.464 [132419046145792] DEBUG - [FFMPEG] - Decoding VUI
Sep 08, 2026 02:04:36.465 [132419046145792] DEBUG - [FFMPEG] - Decoding VUI
Sep 08, 2026 02:04:36.466 [132419046145792] DEBUG - [FFMPEG] - Decoding VUI
Sep 08, 2026 02:04:36.467 [132419046145792] DEBUG - [FFMPEG] - Decoding VUI
Sep 08, 2026 02:04:36.467 [132419046145792] DEBUG - [FFMPEG] - Decoding VUI
Sep 08, 2026 02:04:36.468 [132419046145792] DEBUG - [FFMPEG] - Decoding VUI
Sep 08, 2026 02:04:36.470 [132419046145792] DEBUG - [FFMPEG] - Decoding VUI
Sep 08, 2026 02:04:36.471 [132419046145792] DEBUG - [FFMPEG] - Decoding VUI
Sep 08, 2026 02:04:36.472 [132419046145792] DEBUG - [FFMPEG] - Decoding VUI
Sep 08, 2026 02:04:36.473 [132419046145792] DEBUG - [FFMPEG] - Decoding VUI
Sep 08, 2026 02:04:36.473 [132419046145792] DEBUG - [FFMPEG] - Decoding VUI
Sep 08, 2026 02:04:36.474 [132419046145792] DEBUG - [FFMPEG] - Decoding VUI
Sep 08, 2026 02:04:36.476 [132419046145792] DEBUG - [FFMPEG] - Decoding VUI
Sep 08, 2026 02:04:36.476 [132419046145792] DEBUG - [FFMPEG] - Decoding VUI
Sep 08, 2026 02:04:36.478 [132419046145792] DEBUG - [FFMPEG] - Decoding VUI
Sep 08, 2026 02:04:36.478 [132419046145792] DEBUG - [FFMPEG] - Decoding VUI
Sep 08, 2026 02:04:36.479 [132419046145792] DEBUG - [FFMPEG] - Decoding VUI
Sep 08, 2026 02:04:36.480 [132419046145792] DEBUG - [FFMPEG] - Decoding VUI
Sep 08, 2026 02:04:36.481 [132419046145792] DEBUG - [FFMPEG] - Decoding VUI
Sep 08, 2026 02:04:36.482 [132419046145792] DEBUG - [FFMPEG] - Decoding VUI
Sep 08, 2026 02:04:36.483 [132419046145792] DEBUG - [FFMPEG] - Decoding VUI
Sep 08, 2026 02:04:36.484 [132419046145792] DEBUG - [FFMPEG] - Decoding VUI
Sep 08, 2026 02:04:36.486 [132419046145792] DEBUG - [FFMPEG] - Decoding VUI
Sep 08, 2026 02:04:36.486 [132419046145792] DEBUG - [FFMPEG] - Decoding VUI
Sep 08, 2026 02:04:36.488 [132419046145792] DEBUG - [FFMPEG] - Decoding VUI
Sep 08, 2026 02:04:36.489 [132419046145792] DEBUG - [FFMPEG] - Decoding VUI
Sep 08, 2026 02:04:36.490 [132419046145792] DEBUG - [FFMPEG] - Decoding VUI
Sep 08, 2026 02:04:36.493 [132419046145792] DEBUG - [FFMPEG] - Decoding VUI
Sep 08, 2026 02:04:36.495 [132419046145792] DEBUG - [FFMPEG] - Decoding VUI
Sep 08, 2026 02:04:36.496 [132419046145792] DEBUG - [FFMPEG] - Decoding VUI
Sep 08, 2026 02:04:36.497 [132419046145792] DEBUG - [FFMPEG] - Decoding VUI
Sep 08, 2026 02:04:36.499 [132419046145792] DEBUG - [FFMPEG] - Decoding VUI
Sep 08, 2026 02:04:36.500 [132419046145792] DEBUG - [FFMPEG] - Decoding VUI
Sep 08, 2026 02:04:36.502 [132419046145792] DEBUG - [FFMPEG] - Decoding VUI
Sep 08, 2026 02:04:36.504 [132419046145792] DEBUG - [FFMPEG] - Decoding VUI
Sep 08, 2026 02:04:36.506 [132419046145792] DEBUG - [FFMPEG] - Decoding VUI
Sep 08, 2026 02:04:36.508 [132419046145792] DEBUG - [FFMPEG] - Decoding VUI
Sep 08, 2026 02:04:36.511 [132419046145792] DEBUG - [FFMPEG] - Decoding VUI
Sep 08, 2026 02:04:36.512 [132419046145792] DEBUG - [FFMPEG] - Decoding VUI
Sep 08, 2026 02:04:36.514 [132419046145792] DEBUG - [FFMPEG] - Decoding VUI
Sep 08, 2026 02:04:36.515 [132419046145792] DEBUG - [FFMPEG] - Decoding VUI
Sep 08, 2026 02:04:36.516 [132419046145792] DEBUG - [FFMPEG] - Decoding VUI
Sep 08, 2026 02:04:36.516 [132419046145792] DEBUG - [FFMPEG] - Decoding VUI
Sep 08, 2026 02:04:36.518 [132419046145792] DEBUG - [FFMPEG] - Decoding VUI
Sep 08, 2026 02:04:36.518 [132419046145792] DEBUG - [FFMPEG] - Decoding VUI
Sep 08, 2026 02:04:36.519 [132419046145792] DEBUG - [FFMPEG] - Decoding VUI
Sep 08, 2026 02:04:36.521 [132419046145792] DEBUG - [FFMPEG] - Decoding VUI
Sep 08, 2026 02:04:36.522 [132419046145792] DEBUG - [FFMPEG] - Decoding VUI
Sep 08, 2026 02:04:36.523 [132419046145792] DEBUG - [FFMPEG] - Decoding VUI
Sep 08, 2026 02:04:36.524 [132419046145792] DEBUG - [FFMPEG] - Decoding VUI
Sep 08, 2026 02:04:36.525 [132419046145792] DEBUG - [FFMPEG] - Decoding VUI
Sep 08, 2026 02:04:36.527 [132419046145792] DEBUG - [FFMPEG] - Decoding VUI
Sep 08, 2026 02:04:36.528 [132419046145792] DEBUG - [FFMPEG] - Decoding VUI
Sep 08, 2026 02:04:36.529 [132419046145792] DEBUG - [FFMPEG] - Decoding VUI
Sep 08, 2026 02:04:36.531 [132419046145792] DEBUG - [FFMPEG] - Decoding VUI
Sep 08, 2026 02:04:36.532 [132419046145792] DEBUG - [FFMPEG] - Decoding VUI
Sep 08, 2026 02:04:36.533 [132419046145792] DEBUG - [FFMPEG] - Decoding VUI
Sep 08, 2026 02:04:36.534 [132419046145792] DEBUG - [FFMPEG] - Decoding VUI
Sep 08, 2026 02:04:36.535 [132419046145792] DEBUG - [FFMPEG] - Decoding VUI
Sep 08, 2026 02:04:36.536 [132419046145792] DEBUG - [FFMPEG] - Decoding VUI
Sep 08, 2026 02:04:36.537 [132419046145792] DEBUG - [FFMPEG] - Decoding VUI
Sep 08, 2026 02:04:36.538 [132419046145792] DEBUG - [FFMPEG] - Decoding VUI
Sep 08, 2026 02:04:36.539 [132419046145792] DEBUG - [FFMPEG] - Decoding VUI
Sep 08, 2026 02:04:36.541 [132419046145792] DEBUG - [FFMPEG] - Decoding VUI
Sep 08, 2026 02:04:36.542 [132419046145792] DEBUG - [FFMPEG] - Decoding VUI
Sep 08, 2026 02:04:36.545 [132419046145792] DEBUG - [FFMPEG] - Decoding VUI
Sep 08, 2026 02:04:36.546 [132419046145792] DEBUG - [FFMPEG] - Decoding VUI
Sep 08, 2026 02:04:36.547 [132419046145792] DEBUG - [FFMPEG] - Decoding VUI
Sep 08, 2026 02:04:36.549 [132419046145792] DEBUG - [FFMPEG] - Decoding VUI
Sep 08, 2026 02:04:36.550 [132419046145792] DEBUG - [FFMPEG] - Decoding VUI
Sep 08, 2026 02:04:36.551 [132419046145792] DEBUG - [FFMPEG] - Decoding VUI
Sep 08, 2026 02:04:36.552 [132419046145792] DEBUG - [FFMPEG] - Decoding VUI
Sep 08, 2026 02:04:36.554 [132419046145792] DEBUG - [FFMPEG] - Decoding VUI
Sep 08, 2026 02:04:36.555 [132419046145792] DEBUG - [FFMPEG] - Decoding VUI
Sep 08, 2026 02:04:36.556 [132419046145792] DEBUG - [FFMPEG] - Decoding VUI
Sep 08, 2026 02:04:36.557 [132419046145792] DEBUG - [FFMPEG] - Decoding VUI
Sep 08, 2026 02:04:36.558 [132419046145792] DEBUG - [FFMPEG] - Decoding VUI
Sep 08, 2026 02:04:36.560 [132419046145792] DEBUG - [FFMPEG] - Decoding VUI
Sep 08, 2026 02:04:36.561 [132419046145792] DEBUG - [FFMPEG] - Decoding VUI
Sep 08, 2026 02:04:36.563 [132419046145792] DEBUG - [FFMPEG] - Decoding VUI
Sep 08, 2026 02:04:36.565 [132419046145792] DEBUG - Deep Analysis: Read 20000 packets at 359.456000
Sep 08, 2026 02:04:36.565 [132419046145792] DEBUG - [FFMPEG] - Decoding VUI
Sep 08, 2026 02:04:36.567 [132419046145792] DEBUG - [FFMPEG] - Decoding VUI
Sep 08, 2026 02:04:36.568 [132419046145792] DEBUG - [FFMPEG] - Decoding VUI
Sep 08, 2026 02:04:36.569 [132419046145792] DEBUG - [FFMPEG] - Decoding VUI
Sep 08, 2026 02:04:36.571 [132419046145792] DEBUG - [FFMPEG] - Decoding VUI
Sep 08, 2026 02:04:36.572 [132419046145792] DEBUG - [FFMPEG] - Decoding VUI
Sep 08, 2026 02:04:36.574 [132419046145792] DEBUG - [FFMPEG] - Decoding VUI
Sep 08, 2026 02:04:36.575 [132419046145792] DEBUG - [FFMPEG] - Decoding VUI
Sep 08, 2026 02:04:36.577 [132419046145792] DEBUG - [FFMPEG] - Decoding VUI
Sep 08, 2026 02:04:36.579 [132419046145792] DEBUG - [FFMPEG] - Decoding VUI
Sep 08, 2026 02:04:36.580 [132419046145792] DEBUG - [FFMPEG] - Decoding VUI
Sep 08, 2026 02:04:36.582 [132419046145792] DEBUG - [FFMPEG] - Decoding VUI
Sep 08, 2026 02:04:36.584 [132419046145792] DEBUG - [FFMPEG] - Decoding VUI
Sep 08, 2026 02:04:36.586 [132419046145792] DEBUG - [FFMPEG] - Decoding VUI
Sep 08, 2026 02:04:36.587 [132419046145792] DEBUG - [FFMPEG] - Decoding VUI
Sep 08, 2026 02:04:36.588 [132419046145792] DEBUG - [FFMPEG] - Decoding VUI
Sep 08, 2026 02:04:36.590 [132419046145792] DEBUG - [FFMPEG] - Decoding VUI
Sep 08, 2026 02:04:36.591 [132419046145792] DEBUG - [FFMPEG] - Decoding VUI
Sep 08, 2026 02:04:36.593 [132419046145792] DEBUG - [FFMPEG] - Decoding VUI
Sep 08, 2026 02:04:36.595 [132419046145792] DEBUG - [FFMPEG] - Decoding VUI
Sep 08, 2026 02:04:36.598 [132419046145792] DEBUG - [FFMPEG] - Decoding VUI
Sep 08, 2026 02:04:36.599 [132419046145792] DEBUG - [FFMPEG] - Decoding VUI
Sep 08, 2026 02:04:36.600 [132419046145792] DEBUG - [FFMPEG] - Decoding VUI
Sep 08, 2026 02:04:36.602 [132419046145792] DEBUG - [FFMPEG] - Decoding VUI
Sep 08, 2026 02:04:36.605 [132419046145792] DEBUG - [FFMPEG] - Decoding VUI
Sep 08, 2026 02:04:36.605 [132419046145792] DEBUG - [FFMPEG] - Decoding VUI
Sep 08, 2026 02:04:36.607 [132419046145792] DEBUG - [FFMPEG] - Decoding VUI
Sep 08, 2026 02:04:36.608 [132419046145792] DEBUG - [FFMPEG] - Decoding VUI
Sep 08, 2026 02:04:36.610 [132419046145792] DEBUG - [FFMPEG] - Decoding VUI
Sep 08, 2026 02:04:36.611 [132419046145792] DEBUG - [FFMPEG] - Decoding VUI
Sep 08, 2026 02:04:36.612 [132419046145792] DEBUG - [FFMPEG] - Decoding VUI
Sep 08, 2026 02:04:36.615 [132419046145792] DEBUG - [FFMPEG] - Decoding VUI
Sep 08, 2026 02:04:36.616 [132419046145792] DEBUG - [FFMPEG] - Decoding VUI
Sep 08, 2026 02:04:36.619 [132419046145792] DEBUG - [FFMPEG] - Decoding VUI
Sep 08, 2026 02:04:36.620 [132419046145792] DEBUG - [FFMPEG] - Decoding VUI
Sep 08, 2026 02:04:36.623 [132419046145792] DEBUG - [FFMPEG] - Decoding VUI
Sep 08, 2026 02:04:36.625 [132419046145792] DEBUG - [FFMPEG] - Decoding VUI
Sep 08, 2026 02:04:36.627 [132419046145792] DEBUG - [FFMPEG] - Decoding VUI
Sep 08, 2026 02:04:36.630 [132419046145792] DEBUG - [FFMPEG] - Decoding VUI
Sep 08, 2026 02:04:36.632 [132419046145792] DEBUG - [FFMPEG] - Decoding VUI
Sep 08, 2026 02:04:36.635 [132419046145792] DEBUG - [FFMPEG] - Decoding VUI
Sep 08, 2026 02:04:36.637 [132419046145792] DEBUG - [FFMPEG] - Decoding VUI
Sep 08, 2026 02:04:36.638 [132419046145792] DEBUG - [FFMPEG] - Decoding VUI
Sep 08, 2026 02:04:36.639 [132419046145792] DEBUG - [FFMPEG] - Decoding VUI
Sep 08, 2026 02:04:36.641 [132419046145792] DEBUG - [FFMPEG] - Decoding VUI
Sep 08, 2026 02:04:36.642 [132419046145792] DEBUG - [FFMPEG] - Decoding VUI
Sep 08, 2026 02:04:36.644 [132419046145792] DEBUG - [FFMPEG] - Decoding VUI
Sep 08, 2026 02:04:36.646 [132419046145792] DEBUG - [FFMPEG] - Decoding VUI
Sep 08, 2026 02:04:36.647 [132419046145792] DEBUG - [FFMPEG] - Decoding VUI
Sep 08, 2026 02:04:36.648 [132419046145792] DEBUG - [FFMPEG] - Decoding VUI
Sep 08, 2026 02:04:36.649 [132419046145792] DEBUG - [FFMPEG] - Decoding VUI
Sep 08, 2026 02:04:36.650 [132419046145792] DEBUG - [FFMPEG] - Decoding VUI
Sep 08, 2026 02:04:36.653 [132419046145792] DEBUG - [FFMPEG] - Decoding VUI
Sep 08, 2026 02:04:36.653 [132419046145792] DEBUG - [FFMPEG] - Decoding VUI
Sep 08, 2026 02:04:36.655 [132419046145792] DEBUG - [FFMPEG] - Decoding VUI
Sep 08, 2026 02:04:36.657 [132419046145792] DEBUG - [FFMPEG] - Decoding VUI
Sep 08, 2026 02:04:36.657 [132419046145792] DEBUG - [FFMPEG] - Decoding VUI
Sep 08, 2026 02:04:36.660 [132419046145792] DEBUG - [FFMPEG] - Decoding VUI
Sep 08, 2026 02:04:36.662 [132419046145792] DEBUG - [FFMPEG] - Decoding VUI
Sep 08, 2026 02:04:36.666 [132419046145792] DEBUG - [FFMPEG] - Decoding VUI
Sep 08, 2026 02:04:36.667 [132419046145792] DEBUG - [FFMPEG] - Decoding VUI
Sep 08, 2026 02:04:36.668 [132419046145792] DEBUG - [FFMPEG] - Decoding VUI
Sep 08, 2026 02:04:36.672 [132419046145792] DEBUG - [FFMPEG] - Decoding VUI
Sep 08, 2026 02:04:36.673 [132419046145792] DEBUG - [FFMPEG] - Decoding VUI
Sep 08, 2026 02:04:36.674 [132419046145792] DEBUG - [FFMPEG] - Decoding VUI
Sep 08, 2026 02:04:36.674 [132419046145792] DEBUG - [FFMPEG] - Decoding VUI
Sep 08, 2026 02:04:36.675 [132419046145792] DEBUG - [FFMPEG] - Decoding VUI
Sep 08, 2026 02:04:36.676 [132419046145792] DEBUG - [FFMPEG] - Decoding VUI
Sep 08, 2026 02:04:36.678 [132419046145792] DEBUG - [FFMPEG] - Decoding VUI
Sep 08, 2026 02:04:36.679 [132419046145792] DEBUG - [FFMPEG] - Decoding VUI
Sep 08, 2026 02:04:36.682 [132419046145792] DEBUG - [FFMPEG] - Decoding VUI
Sep 08, 2026 02:04:36.684 [132419046145792] DEBUG - [FFMPEG] - Decoding VUI
Sep 08, 2026 02:04:36.685 [132419046145792] DEBUG - [FFMPEG] - Decoding VUI
Sep 08, 2026 02:04:36.688 [132419046145792] DEBUG - [FFMPEG] - Decoding VUI
Sep 08, 2026 02:04:36.689 [132419046145792] DEBUG - [FFMPEG] - Decoding VUI
Sep 08, 2026 02:04:36.689 [132419046145792] DEBUG - Deep Analysis: Read 30000 packets at 538.914000
Sep 08, 2026 02:04:36.690 [132419046145792] DEBUG - [FFMPEG] - Decoding VUI
Sep 08, 2026 02:04:36.693 [132419046145792] DEBUG - [FFMPEG] - Decoding VUI
Sep 08, 2026 02:04:36.695 [132419046145792] DEBUG - [FFMPEG] - Decoding VUI
Sep 08, 2026 02:04:36.698 [132419046145792] DEBUG - [FFMPEG] - Decoding VUI
Sep 08, 2026 02:04:36.701 [132419046145792] DEBUG - [FFMPEG] - Decoding VUI
Sep 08, 2026 02:04:36.703 [132419046145792] DEBUG - [FFMPEG] - Decoding VUI
Sep 08, 2026 02:04:36.705 [132419046145792] DEBUG - [FFMPEG] - Decoding VUI
Sep 08, 2026 02:04:36.706 [132419046145792] DEBUG - [FFMPEG] - Decoding VUI
Sep 08, 2026 02:04:36.707 [132419046145792] DEBUG - [FFMPEG] - Decoding VUI
Sep 08, 2026 02:04:36.709 [132419046145792] DEBUG - [FFMPEG] - Decoding VUI
Sep 08, 2026 02:04:36.711 [132419046145792] DEBUG - [FFMPEG] - Decoding VUI
Sep 08, 2026 02:04:36.714 [132419046145792] DEBUG - [FFMPEG] - Decoding VUI
Sep 08, 2026 02:04:36.716 [132419046145792] DEBUG - [FFMPEG] - Decoding VUI
Sep 08, 2026 02:04:36.717 [132419046145792] DEBUG - [FFMPEG] - Decoding VUI
Sep 08, 2026 02:04:36.718 [132419046145792] DEBUG - [FFMPEG] - Decoding VUI
Sep 08, 2026 02:04:36.721 [132419046145792] DEBUG - [FFMPEG] - Decoding VUI
Sep 08, 2026 02:04:36.723 [132419046145792] DEBUG - [FFMPEG] - Decoding VUI
Sep 08, 2026 02:04:36.725 [132419046145792] DEBUG - [FFMPEG] - Decoding VUI
Sep 08, 2026 02:04:36.727 [132419046145792] DEBUG - [FFMPEG] - Decoding VUI
Sep 08, 2026 02:04:36.730 [132419046145792] DEBUG - [FFMPEG] - Decoding VUI
Sep 08, 2026 02:04:36.733 [132419046145792] DEBUG - [FFMPEG] - Decoding VUI
Sep 08, 2026 02:04:36.735 [132419046145792] DEBUG - [FFMPEG] - Decoding VUI
Sep 08, 2026 02:04:36.736 [132419046145792] DEBUG - [FFMPEG] - Decoding VUI
Sep 08, 2026 02:04:36.738 [132419046145792] DEBUG - [FFMPEG] - Decoding VUI
Sep 08, 2026 02:04:36.739 [132419046145792] DEBUG - [FFMPEG] - Decoding VUI
Sep 08, 2026 02:04:36.741 [132419046145792] DEBUG - [FFMPEG] - Decoding VUI
Sep 08, 2026 02:04:36.742 [132419046145792] DEBUG - [FFMPEG] - Decoding VUI
Sep 08, 2026 02:04:36.744 [132419046145792] DEBUG - [FFMPEG] - Decoding VUI
Sep 08, 2026 02:04:36.747 [132419046145792] DEBUG - [FFMPEG] - Decoding VUI
Sep 08, 2026 02:04:36.751 [132419046145792] DEBUG - [FFMPEG] - Decoding VUI
Sep 08, 2026 02:04:36.755 [132419046145792] DEBUG - [FFMPEG] - Decoding VUI
Sep 08, 2026 02:04:36.756 [132419046145792] DEBUG - [FFMPEG] - Decoding VUI
Sep 08, 2026 02:04:36.757 [132419046145792] DEBUG - [FFMPEG] - Decoding VUI
Sep 08, 2026 02:04:36.760 [132419046145792] DEBUG - [FFMPEG] - Decoding VUI
Sep 08, 2026 02:04:36.762 [132419046145792] DEBUG - [FFMPEG] - Decoding VUI
Sep 08, 2026 02:04:36.764 [132419046145792] DEBUG - [FFMPEG] - Decoding VUI
Sep 08, 2026 02:04:36.765 [132419046145792] DEBUG - [FFMPEG] - Decoding VUI
Sep 08, 2026 02:04:36.766 [132419046145792] DEBUG - [FFMPEG] - Decoding VUI
Sep 08, 2026 02:04:36.767 [132419046145792] DEBUG - [FFMPEG] - Decoding VUI
Sep 08, 2026 02:04:36.770 [132419046145792] DEBUG - [FFMPEG] - Decoding VUI
Sep 08, 2026 02:04:36.773 [132419046145792] DEBUG - [FFMPEG] - Decoding VUI
Sep 08, 2026 02:04:36.774 [132419046145792] DEBUG - [FFMPEG] - Decoding VUI
Sep 08, 2026 02:04:36.775 [132419046145792] DEBUG - [FFMPEG] - Decoding VUI
Sep 08, 2026 02:04:36.777 [132419046145792] DEBUG - [FFMPEG] - Decoding VUI
Sep 08, 2026 02:04:36.778 [132419046145792] DEBUG - [FFMPEG] - Decoding VUI
Sep 08, 2026 02:04:36.779 [132419046145792] DEBUG - [FFMPEG] - Decoding VUI
Sep 08, 2026 02:04:36.781 [132419046145792] DEBUG - [FFMPEG] - Decoding VUI
Sep 08, 2026 02:04:36.782 [132419046145792] DEBUG - [FFMPEG] - Decoding VUI
Sep 08, 2026 02:04:36.785 [132419046145792] DEBUG - [FFMPEG] - Decoding VUI
Sep 08, 2026 02:04:36.786 [132419046145792] DEBUG - [FFMPEG] - Decoding VUI
Sep 08, 2026 02:04:36.787 [132419046145792] DEBUG - [FFMPEG] - Decoding VUI
Sep 08, 2026 02:04:36.788 [132419046145792] DEBUG - [FFMPEG] - Decoding VUI
Sep 08, 2026 02:04:36.789 [132419046145792] DEBUG - [FFMPEG] - Decoding VUI
Sep 08, 2026 02:04:36.791 [132419046145792] DEBUG - [FFMPEG] - Decoding VUI
Sep 08, 2026 02:04:36.793 [132419046145792] DEBUG - [FFMPEG] - Decoding VUI
Sep 08, 2026 02:04:36.794 [132419046145792] DEBUG - [FFMPEG] - Decoding VUI
Sep 08, 2026 02:04:36.797 [132419046145792] DEBUG - [FFMPEG] - Decoding VUI
Sep 08, 2026 02:04:36.798 [132419046145792] DEBUG - [FFMPEG] - Decoding VUI
Sep 08, 2026 02:04:36.799 [132419046145792] DEBUG - [FFMPEG] - Decoding VUI
Sep 08, 2026 02:04:36.801 [132419046145792] DEBUG - [FFMPEG] - Decoding VUI
Sep 08, 2026 02:04:36.803 [132419046145792] DEBUG - [FFMPEG] - Decoding VUI
Sep 08, 2026 02:04:36.804 [132419046145792] DEBUG - [FFMPEG] - Decoding VUI
Sep 08, 2026 02:04:36.806 [132419046145792] DEBUG - [FFMPEG] - Decoding VUI
Sep 08, 2026 02:04:36.808 [132419046145792] DEBUG - [FFMPEG] - Decoding VUI
Sep 08, 2026 02:04:36.809 [132419046145792] DEBUG - [FFMPEG] - Decoding VUI
Sep 08, 2026 02:04:36.811 [132419046145792] DEBUG - [FFMPEG] - Decoding VUI
Sep 08, 2026 02:04:36.813 [132419046145792] DEBUG - [FFMPEG] - Decoding VUI
Sep 08, 2026 02:04:36.814 [132419046145792] DEBUG - [FFMPEG] - Decoding VUI
Sep 08, 2026 02:04:36.814 [132419046145792] DEBUG - Deep Analysis: Read 40000 packets at 718.760000
Sep 08, 2026 02:04:36.815 [132419046145792] DEBUG - [FFMPEG] - Decoding VUI
Sep 08, 2026 02:04:36.816 [132419046145792] DEBUG - [FFMPEG] - Decoding VUI
Sep 08, 2026 02:04:36.817 [132419046145792] DEBUG - [FFMPEG] - Decoding VUI
Sep 08, 2026 02:04:36.818 [132419046145792] DEBUG - [FFMPEG] - Decoding VUI
Sep 08, 2026 02:04:36.820 [132419046145792] DEBUG - [FFMPEG] - Decoding VUI
Sep 08, 2026 02:04:36.821 [132419046145792] DEBUG - [FFMPEG] - Decoding VUI
Sep 08, 2026 02:04:36.822 [132419046145792] DEBUG - [FFMPEG] - Decoding VUI
Sep 08, 2026 02:04:36.823 [132419046145792] DEBUG - [FFMPEG] - Decoding VUI
Sep 08, 2026 02:04:36.824 [132419046145792] DEBUG - [FFMPEG] - Decoding VUI
Sep 08, 2026 02:04:36.825 [132419046145792] DEBUG - [FFMPEG] - Decoding VUI
Sep 08, 2026 02:04:36.826 [132419046145792] DEBUG - [FFMPEG] - Decoding VUI
Sep 08, 2026 02:04:36.827 [132419046145792] DEBUG - [FFMPEG] - Decoding VUI
Sep 08, 2026 02:04:36.829 [132419046145792] DEBUG - [FFMPEG] - Decoding VUI
Sep 08, 2026 02:04:36.830 [132419046145792] DEBUG - [FFMPEG] - Decoding VUI
Sep 08, 2026 02:04:36.831 [132419046145792] DEBUG - [FFMPEG] - Decoding VUI
Sep 08, 2026 02:04:36.832 [132419046145792] DEBUG - [FFMPEG] - Decoding VUI
Sep 08, 2026 02:04:36.834 [132419046145792] DEBUG - [FFMPEG] - Decoding VUI
Sep 08, 2026 02:04:36.835 [132419046145792] DEBUG - [FFMPEG] - Decoding VUI
Sep 08, 2026 02:04:36.836 [132419046145792] DEBUG - [FFMPEG] - Decoding VUI
Sep 08, 2026 02:04:36.838 [132419046145792] DEBUG - [FFMPEG] - Decoding VUI
Sep 08, 2026 02:04:36.839 [132419046145792] DEBUG - [FFMPEG] - Decoding VUI
Sep 08, 2026 02:04:36.841 [132419046145792] DEBUG - [FFMPEG] - Decoding VUI
Sep 08, 2026 02:04:36.843 [132419046145792] DEBUG - [FFMPEG] - Decoding VUI
Sep 08, 2026 02:04:36.844 [132419046145792] DEBUG - [FFMPEG] - Decoding VUI
Sep 08, 2026 02:04:36.845 [132419046145792] DEBUG - [FFMPEG] - Decoding VUI
Sep 08, 2026 02:04:36.846 [132419046145792] DEBUG - [FFMPEG] - Decoding VUI
Sep 08, 2026 02:04:36.848 [132419046145792] DEBUG - [FFMPEG] - Decoding VUI
Sep 08, 2026 02:04:36.850 [132419046145792] DEBUG - [FFMPEG] - Decoding VUI
Sep 08, 2026 02:04:36.851 [132419046145792] DEBUG - [FFMPEG] - Decoding VUI
Sep 08, 2026 02:04:36.852 [132419046145792] DEBUG - [FFMPEG] - Decoding VUI
Sep 08, 2026 02:04:36.854 [132419046145792] DEBUG - [FFMPEG] - Decoding VUI
Sep 08, 2026 02:04:36.855 [132419046145792] DEBUG - [FFMPEG] - Decoding VUI
Sep 08, 2026 02:04:36.856 [132419046145792] DEBUG - [FFMPEG] - Decoding VUI
Sep 08, 2026 02:04:36.857 [132419046145792] DEBUG - [FFMPEG] - Decoding VUI
Sep 08, 2026 02:04:36.860 [132419046145792] DEBUG - [FFMPEG] - Decoding VUI
Sep 08, 2026 02:04:36.861 [132419046145792] DEBUG - [FFMPEG] - Decoding VUI
Sep 08, 2026 02:04:36.865 [132419046145792] DEBUG - [FFMPEG] - Decoding VUI
Sep 08, 2026 02:04:36.866 [132419046145792] DEBUG - [FFMPEG] - Decoding VUI
Sep 08, 2026 02:04:36.867 [132419046145792] DEBUG - [FFMPEG] - Decoding VUI
Sep 08, 2026 02:04:36.868 [132419046145792] DEBUG - [FFMPEG] - Decoding VUI
Sep 08, 2026 02:04:36.869 [132419046145792] DEBUG - [FFMPEG] - Decoding VUI
Sep 08, 2026 02:04:36.871 [132419046145792] DEBUG - [FFMPEG] - Decoding VUI
Sep 08, 2026 02:04:36.871 [132419046145792] DEBUG - [FFMPEG] - Decoding VUI
Sep 08, 2026 02:04:36.872 [132419046145792] DEBUG - [FFMPEG] - Decoding VUI
Sep 08, 2026 02:04:36.874 [132419046145792] DEBUG - [FFMPEG] - Decoding VUI
Sep 08, 2026 02:04:36.876 [132419046145792] DEBUG - [FFMPEG] - Decoding VUI
Sep 08, 2026 02:04:36.878 [132419046145792] DEBUG - [FFMPEG] - Decoding VUI
Sep 08, 2026 02:04:36.879 [132419046145792] DEBUG - [FFMPEG] - Decoding VUI
Sep 08, 2026 02:04:36.880 [132419046145792] DEBUG - [FFMPEG] - Decoding VUI
Sep 08, 2026 02:04:36.882 [132419046145792] DEBUG - [FFMPEG] - Decoding VUI
Sep 08, 2026 02:04:36.884 [132419046145792] DEBUG - [FFMPEG] - Decoding VUI
Sep 08, 2026 02:04:36.886 [132419046145792] DEBUG - [FFMPEG] - Decoding VUI
Sep 08, 2026 02:04:36.887 [132419046145792] DEBUG - [FFMPEG] - Decoding VUI
Sep 08, 2026 02:04:36.888 [132419046145792] DEBUG - [FFMPEG] - Decoding VUI
Sep 08, 2026 02:04:36.889 [132419046145792] DEBUG - [FFMPEG] - Decoding VUI
Sep 08, 2026 02:04:36.891 [132419046145792] DEBUG - [FFMPEG] - Decoding VUI
Sep 08, 2026 02:04:36.892 [132419046145792] DEBUG - [FFMPEG] - Decoding VUI
Sep 08, 2026 02:04:36.892 [132419046145792] DEBUG - [FFMPEG] - Decoding VUI
Sep 08, 2026 02:04:36.893 [132419046145792] DEBUG - [FFMPEG] - Decoding VUI
Sep 08, 2026 02:04:36.894 [132419046145792] DEBUG - [FFMPEG] - Decoding VUI
Sep 08, 2026 02:04:36.895 [132419046145792] DEBUG - [FFMPEG] - Decoding VUI
Sep 08, 2026 02:04:36.896 [132419046145792] DEBUG - [FFMPEG] - Decoding VUI
Sep 08, 2026 02:04:36.897 [132419046145792] DEBUG - [FFMPEG] - Decoding VUI
Sep 08, 2026 02:04:36.899 [132419046145792] DEBUG - [FFMPEG] - Decoding VUI
Sep 08, 2026 02:04:36.900 [132419046145792] DEBUG - [FFMPEG] - Decoding VUI
Sep 08, 2026 02:04:36.903 [132419046145792] DEBUG - [FFMPEG] - Decoding VUI
Sep 08, 2026 02:04:36.903 [132419046145792] DEBUG - [FFMPEG] - Decoding VUI
Sep 08, 2026 02:04:36.904 [132419046145792] DEBUG - [FFMPEG] - Decoding VUI
Sep 08, 2026 02:04:36.905 [132419046145792] DEBUG - [FFMPEG] - Decoding VUI
Sep 08, 2026 02:04:36.906 [132419046145792] DEBUG - [FFMPEG] - Decoding VUI
Sep 08, 2026 02:04:36.908 [132419046145792] DEBUG - [FFMPEG] - Decoding VUI
Sep 08, 2026 02:04:36.909 [132419046145792] DEBUG - [FFMPEG] - Decoding VUI
Sep 08, 2026 02:04:36.910 [132419046145792] DEBUG - [FFMPEG] - Decoding VUI
Sep 08, 2026 02:04:36.911 [132419046145792] DEBUG - [FFMPEG] - Decoding VUI
Sep 08, 2026 02:04:36.917 [132419046145792] DEBUG - [FFMPEG] - Decoding VUI
Sep 08, 2026 02:04:36.917 [132419046145792] DEBUG - [FFMPEG] - Decoding VUI
Sep 08, 2026 02:04:36.917 [132419046145792] DEBUG - Deep Analysis: Read 50000 packets at 898.565000
Sep 08, 2026 02:04:36.918 [132419046145792] DEBUG - [FFMPEG] - Decoding VUI
Sep 08, 2026 02:04:36.920 [132419046145792] DEBUG - [FFMPEG] - Decoding VUI
Sep 08, 2026 02:04:36.921 [132419046145792] DEBUG - [FFMPEG] - Decoding VUI
Sep 08, 2026 02:04:36.923 [132419046145792] DEBUG - [FFMPEG] - Decoding VUI
Sep 08, 2026 02:04:36.924 [132419046145792] DEBUG - [FFMPEG] - Decoding VUI
Sep 08, 2026 02:04:36.926 [132419046145792] DEBUG - [FFMPEG] - Decoding VUI
Sep 08, 2026 02:04:36.928 [132419046145792] DEBUG - [FFMPEG] - Decoding VUI
Sep 08, 2026 02:04:36.929 [132419046145792] DEBUG - [FFMPEG] - Decoding VUI
Sep 08, 2026 02:04:36.931 [132419046145792] DEBUG - [FFMPEG] - Decoding VUI
Sep 08, 2026 02:04:36.933 [132419046145792] DEBUG - [FFMPEG] - Decoding VUI
Sep 08, 2026 02:04:36.933 [132419046145792] DEBUG - [FFMPEG] - Decoding VUI
Sep 08, 2026 02:04:36.935 [132419046145792] DEBUG - [FFMPEG] - Decoding VUI
Sep 08, 2026 02:04:36.936 [132419046145792] DEBUG - [FFMPEG] - Decoding VUI
Sep 08, 2026 02:04:36.937 [132419046145792] DEBUG - [FFMPEG] - Decoding VUI
Sep 08, 2026 02:04:36.938 [132419046145792] DEBUG - [FFMPEG] - Decoding VUI
Sep 08, 2026 02:04:36.940 [132419046145792] DEBUG - [FFMPEG] - Decoding VUI
Sep 08, 2026 02:04:36.941 [132419046145792] DEBUG - [FFMPEG] - Decoding VUI
Sep 08, 2026 02:04:36.942 [132419046145792] DEBUG - [FFMPEG] - Decoding VUI
Sep 08, 2026 02:04:36.944 [132419046145792] DEBUG - [FFMPEG] - Decoding VUI
Sep 08, 2026 02:04:36.945 [132419046145792] DEBUG - [FFMPEG] - Decoding VUI
Sep 08, 2026 02:04:36.946 [132419046145792] DEBUG - [FFMPEG] - Decoding VUI
Sep 08, 2026 02:04:36.949 [132419046145792] DEBUG - [FFMPEG] - Decoding VUI
Sep 08, 2026 02:04:36.950 [132419046145792] DEBUG - [FFMPEG] - Decoding VUI
Sep 08, 2026 02:04:36.951 [132419046145792] DEBUG - [FFMPEG] - Decoding VUI
Sep 08, 2026 02:04:36.952 [132419046145792] DEBUG - [FFMPEG] - Decoding VUI
Sep 08, 2026 02:04:36.953 [132419046145792] DEBUG - [FFMPEG] - Decoding VUI
Sep 08, 2026 02:04:36.954 [132419046145792] DEBUG - [FFMPEG] - Decoding VUI
Sep 08, 2026 02:04:36.955 [132419046145792] DEBUG - [FFMPEG] - Decoding VUI
Sep 08, 2026 02:04:36.957 [132419046145792] DEBUG - [FFMPEG] - Decoding VUI
Sep 08, 2026 02:04:36.958 [132419046145792] DEBUG - [FFMPEG] - Decoding VUI
Sep 08, 2026 02:04:36.960 [132419046145792] DEBUG - [FFMPEG] - Decoding VUI
Sep 08, 2026 02:04:36.961 [132419046145792] DEBUG - [FFMPEG] - Decoding VUI
Sep 08, 2026 02:04:36.963 [132419046145792] DEBUG - [FFMPEG] - Decoding VUI
Sep 08, 2026 02:04:36.964 [132419046145792] DEBUG - [FFMPEG] - Decoding VUI
Sep 08, 2026 02:04:36.965 [132419046145792] DEBUG - [FFMPEG] - Decoding VUI
Sep 08, 2026 02:04:36.966 [132419046145792] DEBUG - [FFMPEG] - Decoding VUI
Sep 08, 2026 02:04:36.967 [132419046145792] DEBUG - [FFMPEG] - Decoding VUI
Sep 08, 2026 02:04:36.968 [132419046145792] DEBUG - [FFMPEG] - Decoding VUI
Sep 08, 2026 02:04:36.970 [132419046145792] DEBUG - [FFMPEG] - Decoding VUI
Sep 08, 2026 02:04:36.971 [132419046145792] DEBUG - [FFMPEG] - Decoding VUI
Sep 08, 2026 02:04:36.972 [132419046145792] DEBUG - [FFMPEG] - Decoding VUI
Sep 08, 2026 02:04:36.974 [132419046145792] DEBUG - [FFMPEG] - Decoding VUI
Sep 08, 2026 02:04:36.977 [132419046145792] DEBUG - [FFMPEG] - Decoding VUI
Sep 08, 2026 02:04:36.978 [132419046145792] DEBUG - [FFMPEG] - Decoding VUI
Sep 08, 2026 02:04:36.981 [132419046145792] DEBUG - [FFMPEG] - Decoding VUI
Sep 08, 2026 02:04:36.985 [132419046145792] DEBUG - [FFMPEG] - Decoding VUI
Sep 08, 2026 02:04:36.986 [132419046145792] DEBUG - [FFMPEG] - Decoding VUI
Sep 08, 2026 02:04:36.989 [132419046145792] DEBUG - [FFMPEG] - Decoding VUI
Sep 08, 2026 02:04:36.990 [132419046145792] DEBUG - [FFMPEG] - Decoding VUI
Sep 08, 2026 02:04:36.991 [132419046145792] DEBUG - [FFMPEG] - Decoding VUI
Sep 08, 2026 02:04:36.992 [132419046145792] DEBUG - [FFMPEG] - Decoding VUI
Sep 08, 2026 02:04:36.993 [132419046145792] DEBUG - [FFMPEG] - Decoding VUI
Sep 08, 2026 02:04:36.993 [132419046145792] DEBUG - [FFMPEG] - Decoding VUI
Sep 08, 2026 02:04:36.995 [132419046145792] DEBUG - [FFMPEG] - Decoding VUI
Sep 08, 2026 02:04:36.996 [132419046145792] DEBUG - [FFMPEG] - Decoding VUI
Sep 08, 2026 02:04:36.997 [132419046145792] DEBUG - [FFMPEG] - Decoding VUI
Sep 08, 2026 02:04:37.000 [132419046145792] DEBUG - [FFMPEG] - Decoding VUI
Sep 08, 2026 02:04:37.002 [132419046145792] DEBUG - [FFMPEG] - Decoding VUI
Sep 08, 2026 02:04:37.003 [132419046145792] DEBUG - [FFMPEG] - Decoding VUI
Sep 08, 2026 02:04:37.004 [132419046145792] DEBUG - [FFMPEG] - Decoding VUI
Sep 08, 2026 02:04:37.004 [132419046145792] DEBUG - Deep Analysis: Read 60000 packets at 1078.077000
Sep 08, 2026 02:04:37.005 [132419046145792] DEBUG - [FFMPEG] - Decoding VUI
Sep 08, 2026 02:04:37.006 [132419046145792] DEBUG - [FFMPEG] - Decoding VUI
Sep 08, 2026 02:04:37.006 [132419046145792] DEBUG - [FFMPEG] - Decoding VUI
Sep 08, 2026 02:04:37.007 [132419046145792] DEBUG - [FFMPEG] - Decoding VUI
Sep 08, 2026 02:04:37.008 [132419046145792] DEBUG - [FFMPEG] - Decoding VUI
Sep 08, 2026 02:04:37.009 [132419046145792] DEBUG - [FFMPEG] - Decoding VUI
Sep 08, 2026 02:04:37.011 [132419046145792] DEBUG - [FFMPEG] - Decoding VUI
Sep 08, 2026 02:04:37.012 [132419046145792] DEBUG - [FFMPEG] - Decoding VUI
Sep 08, 2026 02:04:37.014 [132419046145792] DEBUG - [FFMPEG] - Decoding VUI
Sep 08, 2026 02:04:37.015 [132419046145792] DEBUG - [FFMPEG] - Decoding VUI
Sep 08, 2026 02:04:37.016 [132419046145792] DEBUG - [FFMPEG] - Decoding VUI
Sep 08, 2026 02:04:37.017 [132419046145792] DEBUG - [FFMPEG] - Decoding VUI
Sep 08, 2026 02:04:37.018 [132419046145792] DEBUG - [FFMPEG] - Decoding VUI
Sep 08, 2026 02:04:37.019 [132419046145792] DEBUG - [FFMPEG] - Decoding VUI
Sep 08, 2026 02:04:37.022 [132419046145792] DEBUG - [FFMPEG] - Decoding VUI
Sep 08, 2026 02:04:37.025 [132419046145792] DEBUG - [FFMPEG] - Decoding VUI
Sep 08, 2026 02:04:37.026 [132419046145792] DEBUG - [FFMPEG] - Decoding VUI
Sep 08, 2026 02:04:37.027 [132419046145792] DEBUG - [FFMPEG] - Decoding VUI
Sep 08, 2026 02:04:37.028 [132419046145792] DEBUG - [FFMPEG] - Decoding VUI
Sep 08, 2026 02:04:37.029 [132419046145792] DEBUG - [FFMPEG] - Decoding VUI
Sep 08, 2026 02:04:37.029 [132419046145792] DEBUG - [FFMPEG] - Decoding VUI
Sep 08, 2026 02:04:37.030 [132419046145792] DEBUG - [FFMPEG] - Decoding VUI
Sep 08, 2026 02:04:37.032 [132419046145792] DEBUG - [FFMPEG] - Decoding VUI
Sep 08, 2026 02:04:37.032 [132419046145792] DEBUG - [FFMPEG] - Decoding VUI
Sep 08, 2026 02:04:37.033 [132419046145792] DEBUG - [FFMPEG] - Decoding VUI
Sep 08, 2026 02:04:37.035 [132419046145792] DEBUG - [FFMPEG] - Decoding VUI
Sep 08, 2026 02:04:37.035 [132419046145792] DEBUG - [FFMPEG] - Decoding VUI
Sep 08, 2026 02:04:37.036 [132419046145792] DEBUG - [FFMPEG] - Decoding VUI
Sep 08, 2026 02:04:37.037 [132419046145792] DEBUG - [FFMPEG] - Decoding VUI
Sep 08, 2026 02:04:37.038 [132419046145792] DEBUG - [FFMPEG] - Decoding VUI
Sep 08, 2026 02:04:37.040 [132419046145792] DEBUG - [FFMPEG] - Decoding VUI
Sep 08, 2026 02:04:37.041 [132419046145792] DEBUG - [FFMPEG] - Decoding VUI
Sep 08, 2026 02:04:37.042 [132419046145792] DEBUG - [FFMPEG] - Decoding VUI
Sep 08, 2026 02:04:37.043 [132419046145792] DEBUG - [FFMPEG] - Decoding VUI
Sep 08, 2026 02:04:37.045 [132419046145792] DEBUG - [FFMPEG] - Decoding VUI
Sep 08, 2026 02:04:37.046 [132419046145792] DEBUG - [FFMPEG] - Decoding VUI
Sep 08, 2026 02:04:37.047 [132419046145792] DEBUG - [FFMPEG] - Decoding VUI
Sep 08, 2026 02:04:37.048 [132419046145792] DEBUG - [FFMPEG] - Decoding VUI
Sep 08, 2026 02:04:37.049 [132419046145792] DEBUG - [FFMPEG] - Decoding VUI
Sep 08, 2026 02:04:37.050 [132419046145792] DEBUG - [FFMPEG] - Decoding VUI
Sep 08, 2026 02:04:37.051 [132419046145792] DEBUG - [FFMPEG] - Decoding VUI
Sep 08, 2026 02:04:37.053 [132419046145792] DEBUG - [FFMPEG] - Decoding VUI
Sep 08, 2026 02:04:37.054 [132419046145792] DEBUG - [FFMPEG] - Decoding VUI
Sep 08, 2026 02:04:37.054 [132419046145792] DEBUG - [FFMPEG] - Decoding VUI
Sep 08, 2026 02:04:37.055 [132419046145792] DEBUG - [FFMPEG] - Decoding VUI
Sep 08, 2026 02:04:37.057 [132419046145792] DEBUG - [FFMPEG] - Decoding VUI
Sep 08, 2026 02:04:37.059 [132419046145792] DEBUG - [FFMPEG] - Decoding VUI
Sep 08, 2026 02:04:37.060 [132419046145792] DEBUG - [FFMPEG] - Decoding VUI
Sep 08, 2026 02:04:37.061 [132419046145792] DEBUG - [FFMPEG] - Decoding VUI
Sep 08, 2026 02:04:37.061 [132419046145792] DEBUG - [FFMPEG] - Decoding VUI
Sep 08, 2026 02:04:37.063 [132419046145792] DEBUG - [FFMPEG] - Decoding VUI
Sep 08, 2026 02:04:37.064 [132419046145792] DEBUG - [FFMPEG] - Decoding VUI
Sep 08, 2026 02:04:37.065 [132419046145792] DEBUG - [FFMPEG] - Decoding VUI
Sep 08, 2026 02:04:37.065 [132419046145792] DEBUG - [FFMPEG] - Decoding VUI
Sep 08, 2026 02:04:37.066 [132419046145792] DEBUG - [FFMPEG] - Decoding VUI
Sep 08, 2026 02:04:37.067 [132419046145792] DEBUG - [FFMPEG] - Decoding VUI
Sep 08, 2026 02:04:37.068 [132419046145792] DEBUG - [FFMPEG] - Decoding VUI
Sep 08, 2026 02:04:37.068 [132419046145792] DEBUG - [FFMPEG] - Decoding VUI
Sep 08, 2026 02:04:37.069 [132419046145792] DEBUG - [FFMPEG] - Decoding VUI
Sep 08, 2026 02:04:37.071 [132419046145792] DEBUG - [FFMPEG] - Decoding VUI
Sep 08, 2026 02:04:37.073 [132419046145792] DEBUG - [FFMPEG] - Decoding VUI
Sep 08, 2026 02:04:37.074 [132419046145792] DEBUG - [FFMPEG] - Decoding VUI
Sep 08, 2026 02:04:37.075 [132419046145792] DEBUG - [FFMPEG] - Decoding VUI
Sep 08, 2026 02:04:37.075 [132419046145792] DEBUG - [FFMPEG] - Decoding VUI
Sep 08, 2026 02:04:37.077 [132419046145792] DEBUG - [FFMPEG] - Decoding VUI
Sep 08, 2026 02:04:37.077 [132419046145792] DEBUG - [FFMPEG] - Decoding VUI
Sep 08, 2026 02:04:37.078 [132419046145792] DEBUG - [FFMPEG] - Decoding VUI
Sep 08, 2026 02:04:37.079 [132419046145792] DEBUG - [FFMPEG] - Decoding VUI
Sep 08, 2026 02:04:37.080 [132419046145792] DEBUG - [FFMPEG] - Decoding VUI
Sep 08, 2026 02:04:37.081 [132419046145792] DEBUG - [FFMPEG] - Decoding VUI
Sep 08, 2026 02:04:37.082 [132419046145792] DEBUG - [FFMPEG] - Decoding VUI
Sep 08, 2026 02:04:37.083 [132419046145792] DEBUG - [FFMPEG] - Decoding VUI
Sep 08, 2026 02:04:37.084 [132419046145792] DEBUG - [FFMPEG] - Decoding VUI
Sep 08, 2026 02:04:37.085 [132419046145792] DEBUG - [FFMPEG] - Decoding VUI
Sep 08, 2026 02:04:37.086 [132419046145792] DEBUG - [FFMPEG] - Decoding VUI
Sep 08, 2026 02:04:37.089 [132419046145792] DEBUG - [FFMPEG] - Decoding VUI
Sep 08, 2026 02:04:37.091 [132419046145792] DEBUG - [FFMPEG] - Decoding VUI
Sep 08, 2026 02:04:37.093 [132419046145792] DEBUG - [FFMPEG] - Decoding VUI
Sep 08, 2026 02:04:37.095 [132419046145792] DEBUG - [FFMPEG] - Decoding VUI
Sep 08, 2026 02:04:37.096 [132419046145792] DEBUG - [FFMPEG] - Decoding VUI
Sep 08, 2026 02:04:37.097 [132419046145792] DEBUG - [FFMPEG] - Decoding VUI
Sep 08, 2026 02:04:37.098 [132419046145792] DEBUG - [FFMPEG] - Decoding VUI
Sep 08, 2026 02:04:37.099 [132419046145792] DEBUG - [FFMPEG] - Decoding VUI
Sep 08, 2026 02:04:37.100 [132419046145792] DEBUG - [FFMPEG] - Decoding VUI
Sep 08, 2026 02:04:37.101 [132419046145792] DEBUG - [FFMPEG] - Decoding VUI
Sep 08, 2026 02:04:37.103 [132419046145792] DEBUG - [FFMPEG] - Decoding VUI
Sep 08, 2026 02:04:37.104 [132419046145792] DEBUG - [FFMPEG] - Decoding VUI
Sep 08, 2026 02:04:37.105 [132419046145792] DEBUG - [FFMPEG] - Decoding VUI
Sep 08, 2026 02:04:37.105 [132419046145792] DEBUG - Deep Analysis: Read 70000 packets at 1257.674000
Sep 08, 2026 02:04:37.106 [132419046145792] DEBUG - [FFMPEG] - Decoding VUI
Sep 08, 2026 02:04:37.108 [132419046145792] DEBUG - [FFMPEG] - Decoding VUI
Sep 08, 2026 02:04:37.110 [132419046145792] DEBUG - [FFMPEG] - Decoding VUI
Sep 08, 2026 02:04:37.111 [132419046145792] DEBUG - [FFMPEG] - Decoding VUI
Sep 08, 2026 02:04:37.112 [132419046145792] DEBUG - [FFMPEG] - Decoding VUI
Sep 08, 2026 02:04:37.113 [132419046145792] DEBUG - [FFMPEG] - Decoding VUI
Sep 08, 2026 02:04:37.114 [132419046145792] DEBUG - [FFMPEG] - Decoding VUI
Sep 08, 2026 02:04:37.115 [132419046145792] DEBUG - [FFMPEG] - Decoding VUI
Sep 08, 2026 02:04:37.117 [132419046145792] DEBUG - [FFMPEG] - Decoding VUI
Sep 08, 2026 02:04:37.118 [132419046145792] DEBUG - [FFMPEG] - Decoding VUI
Sep 08, 2026 02:04:37.118 [132419046145792] DEBUG - [FFMPEG] - Decoding VUI
Sep 08, 2026 02:04:37.120 [132419046145792] DEBUG - [FFMPEG] - Decoding VUI
Sep 08, 2026 02:04:37.122 [132419046145792] DEBUG - [FFMPEG] - Decoding VUI
Sep 08, 2026 02:04:37.123 [132419046145792] DEBUG - [FFMPEG] - Decoding VUI
Sep 08, 2026 02:04:37.124 [132419046145792] DEBUG - [FFMPEG] - Decoding VUI
Sep 08, 2026 02:04:37.126 [132419046145792] DEBUG - [FFMPEG] - Decoding VUI
Sep 08, 2026 02:04:37.127 [132419046145792] DEBUG - [FFMPEG] - Decoding VUI
Sep 08, 2026 02:04:37.129 [132419046145792] DEBUG - [FFMPEG] - Decoding VUI
Sep 08, 2026 02:04:37.129 [132419046145792] DEBUG - [FFMPEG] - Decoding VUI
Sep 08, 2026 02:04:37.131 [132419046145792] DEBUG - [FFMPEG] - Decoding VUI
Sep 08, 2026 02:04:37.132 [132419046145792] DEBUG - [FFMPEG] - Decoding VUI
Sep 08, 2026 02:04:37.136 [132419046145792] DEBUG - [FFMPEG] - Decoding VUI
Sep 08, 2026 02:04:37.137 [132419046145792] DEBUG - [FFMPEG] - Decoding VUI
Sep 08, 2026 02:04:37.138 [132419046145792] DEBUG - [FFMPEG] - Decoding VUI
Sep 08, 2026 02:04:37.140 [132419046145792] DEBUG - [FFMPEG] - Decoding VUI
Sep 08, 2026 02:04:37.143 [132419046145792] DEBUG - [FFMPEG] - Decoding VUI
Sep 08, 2026 02:04:37.145 [132419046145792] DEBUG - [FFMPEG] - Decoding VUI
Sep 08, 2026 02:04:37.146 [132419046145792] DEBUG - [FFMPEG] - Decoding VUI
Sep 08, 2026 02:04:37.149 [132419046145792] DEBUG - [FFMPEG] - Decoding VUI
Sep 08, 2026 02:04:37.151 [132419046145792] DEBUG - [FFMPEG] - Decoding VUI
Sep 08, 2026 02:04:37.152 [132419046145792] DEBUG - [FFMPEG] - Decoding VUI
Sep 08, 2026 02:04:37.154 [132419046145792] DEBUG - [FFMPEG] - Decoding VUI
Sep 08, 2026 02:04:37.156 [132419046145792] DEBUG - [FFMPEG] - Decoding VUI
Sep 08, 2026 02:04:37.157 [132419046145792] DEBUG - [FFMPEG] - Decoding VUI
Sep 08, 2026 02:04:37.159 [132419046145792] DEBUG - [FFMPEG] - Decoding VUI
Sep 08, 2026 02:04:37.160 [132419046145792] DEBUG - [FFMPEG] - Decoding VUI
Sep 08, 2026 02:04:37.161 [132419046145792] DEBUG - [FFMPEG] - Decoding VUI
Sep 08, 2026 02:04:37.162 [132419046145792] DEBUG - [FFMPEG] - Decoding VUI
Sep 08, 2026 02:04:37.163 [132419046145792] DEBUG - [FFMPEG] - Decoding VUI
Sep 08, 2026 02:04:37.164 [132419046145792] DEBUG - [FFMPEG] - Decoding VUI
Sep 08, 2026 02:04:37.165 [132419046145792] DEBUG - [FFMPEG] - Decoding VUI
Sep 08, 2026 02:04:37.166 [132419046145792] DEBUG - [FFMPEG] - Decoding VUI
Sep 08, 2026 02:04:37.167 [132419046145792] DEBUG - [FFMPEG] - Decoding VUI
Sep 08, 2026 02:04:37.168 [132419046145792] DEBUG - [FFMPEG] - Decoding VUI
Sep 08, 2026 02:04:37.169 [132419046145792] DEBUG - [FFMPEG] - Decoding VUI
Sep 08, 2026 02:04:37.170 [132419046145792] DEBUG - [FFMPEG] - Decoding VUI
Sep 08, 2026 02:04:37.171 [132419046145792] DEBUG - [FFMPEG] - Decoding VUI
Sep 08, 2026 02:04:37.172 [132419046145792] DEBUG - [FFMPEG] - Decoding VUI
Sep 08, 2026 02:04:37.173 [132419046145792] DEBUG - [FFMPEG] - Decoding VUI
Sep 08, 2026 02:04:37.174 [132419046145792] DEBUG - [FFMPEG] - Decoding VUI
Sep 08, 2026 02:04:37.174 [132419046145792] DEBUG - [FFMPEG] - Decoding VUI
Sep 08, 2026 02:04:37.176 [132419046145792] DEBUG - [FFMPEG] - Decoding VUI
Sep 08, 2026 02:04:37.178 [132419046145792] DEBUG - [FFMPEG] - Decoding VUI
Sep 08, 2026 02:04:37.178 [132419046145792] DEBUG - [FFMPEG] - Decoding VUI
Sep 08, 2026 02:04:37.180 [132419046145792] DEBUG - [FFMPEG] - Decoding VUI
Sep 08, 2026 02:04:37.182 [132419046145792] DEBUG - [FFMPEG] - Decoding VUI
Sep 08, 2026 02:04:37.183 [132419046145792] DEBUG - [FFMPEG] - Decoding VUI
Sep 08, 2026 02:04:37.184 [132419046145792] DEBUG - [FFMPEG] - Decoding VUI
Sep 08, 2026 02:04:37.187 [132419046145792] DEBUG - [FFMPEG] - Decoding VUI
Sep 08, 2026 02:04:37.188 [132419046145792] DEBUG - [FFMPEG] - Decoding VUI
Sep 08, 2026 02:04:37.191 [132419046145792] DEBUG - [FFMPEG] - Decoding VUI
Sep 08, 2026 02:04:37.192 [132419046145792] DEBUG - [FFMPEG] - Decoding VUI
Sep 08, 2026 02:04:37.192 [132419046145792] DEBUG - [FFMPEG] - Decoding VUI
Sep 08, 2026 02:04:37.193 [132419046145792] DEBUG - [FFMPEG] - Decoding VUI
Sep 08, 2026 02:04:37.194 [132419046145792] DEBUG - [FFMPEG] - Decoding VUI
Sep 08, 2026 02:04:37.196 [132419046145792] DEBUG - [FFMPEG] - Decoding VUI
Sep 08, 2026 02:04:37.198 [132419046145792] DEBUG - [FFMPEG] - Decoding VUI
Sep 08, 2026 02:04:37.200 [132419046145792] DEBUG - [FFMPEG] - Decoding VUI
Sep 08, 2026 02:04:37.201 [132419046145792] DEBUG - [FFMPEG] - Decoding VUI
Sep 08, 2026 02:04:37.201 [132419046145792] DEBUG - [FFMPEG] - Decoding VUI
Sep 08, 2026 02:04:37.203 [132419046145792] DEBUG - [FFMPEG] - Decoding VUI
Sep 08, 2026 02:04:37.204 [132419046145792] DEBUG - [FFMPEG] - Decoding VUI
Sep 08, 2026 02:04:37.207 [132419046145792] DEBUG - [FFMPEG] - Decoding VUI
Sep 08, 2026 02:04:37.209 [132419046145792] DEBUG - [FFMPEG] - Decoding VUI
Sep 08, 2026 02:04:37.212 [132419046145792] DEBUG - Deep Analysis: Read 80000 packets at 1437.269000
Sep 08, 2026 02:04:37.212 [132419046145792] DEBUG - [FFMPEG] - Decoding VUI
Sep 08, 2026 02:04:37.213 [132419046145792] DEBUG - [FFMPEG] - Decoding VUI
Sep 08, 2026 02:04:37.214 [132419046145792] DEBUG - [FFMPEG] - Decoding VUI
Sep 08, 2026 02:04:37.216 [132419046145792] DEBUG - [FFMPEG] - Decoding VUI
Sep 08, 2026 02:04:37.217 [132419046145792] DEBUG - [FFMPEG] - Decoding VUI
Sep 08, 2026 02:04:37.218 [132419046145792] DEBUG - [FFMPEG] - Decoding VUI
Sep 08, 2026 02:04:37.219 [132419046145792] DEBUG - [FFMPEG] - Decoding VUI
Sep 08, 2026 02:04:37.220 [132419046145792] DEBUG - [FFMPEG] - Decoding VUI
Sep 08, 2026 02:04:37.221 [132419046145792] DEBUG - [FFMPEG] - Decoding VUI
Sep 08, 2026 02:04:37.222 [132419046145792] DEBUG - [FFMPEG] - Decoding VUI
Sep 08, 2026 02:04:37.223 [132419046145792] DEBUG - [FFMPEG] - Decoding VUI
Sep 08, 2026 02:04:37.224 [132419046145792] DEBUG - [FFMPEG] - Decoding VUI
Sep 08, 2026 02:04:37.225 [132419046145792] DEBUG - [FFMPEG] - Decoding VUI
Sep 08, 2026 02:04:37.226 [132419046145792] DEBUG - [FFMPEG] - Decoding VUI
Sep 08, 2026 02:04:37.228 [132419046145792] DEBUG - [FFMPEG] - Decoding VUI
Sep 08, 2026 02:04:37.229 [132419046145792] DEBUG - [FFMPEG] - Decoding VUI
Sep 08, 2026 02:04:37.230 [132419046145792] DEBUG - [FFMPEG] - Decoding VUI
Sep 08, 2026 02:04:37.231 [132419046145792] DEBUG - [FFMPEG] - Decoding VUI
Sep 08, 2026 02:04:37.231 [132419046145792] DEBUG - [FFMPEG] - Decoding VUI
Sep 08, 2026 02:04:37.233 [132419046145792] DEBUG - [FFMPEG] - Decoding VUI
Sep 08, 2026 02:04:37.233 [132419046145792] DEBUG - [FFMPEG] - Decoding VUI
Sep 08, 2026 02:04:37.234 [132419046145792] DEBUG - [FFMPEG] - Decoding VUI
Sep 08, 2026 02:04:37.235 [132419046145792] DEBUG - [FFMPEG] - Decoding VUI
Sep 08, 2026 02:04:37.236 [132419046145792] DEBUG - [FFMPEG] - Decoding VUI
Sep 08, 2026 02:04:37.237 [132419046145792] DEBUG - [FFMPEG] - Decoding VUI
Sep 08, 2026 02:04:37.238 [132419046145792] DEBUG - [FFMPEG] - Decoding VUI
Sep 08, 2026 02:04:37.240 [132419046145792] DEBUG - [FFMPEG] - Decoding VUI
Sep 08, 2026 02:04:37.241 [132419046145792] DEBUG - [FFMPEG] - Decoding VUI
Sep 08, 2026 02:04:37.244 [132419046145792] DEBUG - [FFMPEG] - Decoding VUI
Sep 08, 2026 02:04:37.245 [132419046145792] DEBUG - [FFMPEG] - Decoding VUI
Sep 08, 2026 02:04:37.246 [132419046145792] DEBUG - [FFMPEG] - Decoding VUI
Sep 08, 2026 02:04:37.247 [132419046145792] DEBUG - [FFMPEG] - Decoding VUI
Sep 08, 2026 02:04:37.248 [132419046145792] DEBUG - [FFMPEG] - Decoding VUI
Sep 08, 2026 02:04:37.249 [132419046145792] DEBUG - [FFMPEG] - Decoding VUI
Sep 08, 2026 02:04:37.250 [132419046145792] DEBUG - [FFMPEG] - Decoding VUI
Sep 08, 2026 02:04:37.251 [132419046145792] DEBUG - [FFMPEG] - Decoding VUI
Sep 08, 2026 02:04:37.251 [132419046145792] DEBUG - [FFMPEG] - Decoding VUI
Sep 08, 2026 02:04:37.253 [132419046145792] DEBUG - [FFMPEG] - Decoding VUI
Sep 08, 2026 02:04:37.254 [132419046145792] DEBUG - [FFMPEG] - Decoding VUI
Sep 08, 2026 02:04:37.255 [132419046145792] DEBUG - [FFMPEG] - Decoding VUI
Sep 08, 2026 02:04:37.257 [132419046145792] DEBUG - [FFMPEG] - Decoding VUI
Sep 08, 2026 02:04:37.257 [132419046145792] DEBUG - [FFMPEG] - Decoding VUI
Sep 08, 2026 02:04:37.258 [132419046145792] DEBUG - [FFMPEG] - Decoding VUI
Sep 08, 2026 02:04:37.259 [132419046145792] DEBUG - [FFMPEG] - Decoding VUI
Sep 08, 2026 02:04:37.260 [132419046145792] DEBUG - [FFMPEG] - Decoding VUI
Sep 08, 2026 02:04:37.261 [132419046145792] DEBUG - [FFMPEG] - Decoding VUI
Sep 08, 2026 02:04:37.262 [132419046145792] DEBUG - [FFMPEG] - Decoding VUI
Sep 08, 2026 02:04:37.263 [132419046145792] DEBUG - [FFMPEG] - Decoding VUI
Sep 08, 2026 02:04:37.263 [132419046145792] DEBUG - [FFMPEG] - Decoding VUI
Sep 08, 2026 02:04:37.265 [132419046145792] DEBUG - [FFMPEG] - Decoding VUI
Sep 08, 2026 02:04:37.265 [132419046145792] DEBUG - [FFMPEG] - Decoding VUI
Sep 08, 2026 02:04:37.266 [132419046145792] DEBUG - [FFMPEG] - Decoding VUI
Sep 08, 2026 02:04:37.268 [132419046145792] DEBUG - [FFMPEG] - Decoding VUI
Sep 08, 2026 02:04:37.269 [132419046145792] DEBUG - [FFMPEG] - Decoding VUI
Sep 08, 2026 02:04:37.270 [132419046145792] DEBUG - [FFMPEG] - Decoding VUI
Sep 08, 2026 02:04:37.271 [132419046145792] DEBUG - [FFMPEG] - Decoding VUI
Sep 08, 2026 02:04:37.271 [132419046145792] DEBUG - [FFMPEG] - Decoding VUI
Sep 08, 2026 02:04:37.272 [132419046145792] DEBUG - [FFMPEG] - Decoding VUI
Sep 08, 2026 02:04:37.273 [132419046145792] DEBUG - [FFMPEG] - Decoding VUI
Sep 08, 2026 02:04:37.274 [132419046145792] DEBUG - [FFMPEG] - Decoding VUI
Sep 08, 2026 02:04:37.275 [132419046145792] DEBUG - [FFMPEG] - Decoding VUI
Sep 08, 2026 02:04:37.276 [132419046145792] DEBUG - [FFMPEG] - Decoding VUI
Sep 08, 2026 02:04:37.277 [132419046145792] DEBUG - [FFMPEG] - Decoding VUI
Sep 08, 2026 02:04:37.277 [132419046145792] DEBUG - [FFMPEG] - Decoding VUI
Sep 08, 2026 02:04:37.278 [132419046145792] DEBUG - [FFMPEG] - Decoding VUI
Sep 08, 2026 02:04:37.279 [132419046145792] DEBUG - [FFMPEG] - Decoding VUI
Sep 08, 2026 02:04:37.280 [132419046145792] DEBUG - [FFMPEG] - Decoding VUI
Sep 08, 2026 02:04:37.281 [132419046145792] DEBUG - [FFMPEG] - Decoding VUI
Sep 08, 2026 02:04:37.282 [132419046145792] DEBUG - [FFMPEG] - Decoding VUI
Sep 08, 2026 02:04:37.283 [132419046145792] DEBUG - [FFMPEG] - Decoding VUI
Sep 08, 2026 02:04:37.284 [132419046145792] DEBUG - [FFMPEG] - Decoding VUI
Sep 08, 2026 02:04:37.286 [132419046145792] DEBUG - [FFMPEG] - Decoding VUI
Sep 08, 2026 02:04:37.287 [132419046145792] DEBUG - [FFMPEG] - Decoding VUI
Sep 08, 2026 02:04:37.288 [132419046145792] DEBUG - [FFMPEG] - Decoding VUI
Sep 08, 2026 02:04:37.289 [132419046145792] DEBUG - [FFMPEG] - Decoding VUI
Sep 08, 2026 02:04:37.290 [132419046145792] DEBUG - [FFMPEG] - Decoding VUI
Sep 08, 2026 02:04:37.291 [132419046145792] DEBUG - [FFMPEG] - Decoding VUI
Sep 08, 2026 02:04:37.292 [132419046145792] DEBUG - [FFMPEG] - Decoding VUI
Sep 08, 2026 02:04:37.293 [132419046145792] DEBUG - [FFMPEG] - Decoding VUI
Sep 08, 2026 02:04:37.294 [132419046145792] DEBUG - [FFMPEG] - Decoding VUI
Sep 08, 2026 02:04:37.297 [132419046145792] DEBUG - [FFMPEG] - Decoding VUI
Sep 08, 2026 02:04:37.297 [132419046145792] DEBUG - [FFMPEG] - Decoding VUI
Sep 08, 2026 02:04:37.299 [132419046145792] DEBUG - [FFMPEG] - Decoding VUI
Sep 08, 2026 02:04:37.300 [132419046145792] DEBUG - [FFMPEG] - Decoding VUI
Sep 08, 2026 02:04:37.301 [132419046145792] DEBUG - [FFMPEG] - Decoding VUI
Sep 08, 2026 02:04:37.302 [132419046145792] DEBUG - [FFMPEG] - Decoding VUI
Sep 08, 2026 02:04:37.303 [132419046145792] DEBUG - [FFMPEG] - Decoding VUI
Sep 08, 2026 02:04:37.304 [132419046145792] DEBUG - [FFMPEG] - Decoding VUI
Sep 08, 2026 02:04:37.305 [132419046145792] DEBUG - [FFMPEG] - Decoding VUI
Sep 08, 2026 02:04:37.306 [132419046145792] DEBUG - Deep Analysis: Read 90000 packets at 1617.238000
Sep 08, 2026 02:04:37.307 [132419046145792] DEBUG - [FFMPEG] - Decoding VUI
Sep 08, 2026 02:04:37.307 [132419046145792] DEBUG - [FFMPEG] - Decoding VUI
Sep 08, 2026 02:04:37.308 [132419046145792] DEBUG - [FFMPEG] - Decoding VUI
Sep 08, 2026 02:04:37.309 [132419046145792] DEBUG - [FFMPEG] - Decoding VUI
Sep 08, 2026 02:04:37.310 [132419046145792] DEBUG - [FFMPEG] - Decoding VUI
Sep 08, 2026 02:04:37.311 [132419046145792] DEBUG - [FFMPEG] - Decoding VUI
Sep 08, 2026 02:04:37.312 [132419046145792] DEBUG - [FFMPEG] - Decoding VUI
Sep 08, 2026 02:04:37.313 [132419046145792] DEBUG - [FFMPEG] - Decoding VUI
Sep 08, 2026 02:04:37.314 [132419046145792] DEBUG - [FFMPEG] - Decoding VUI
Sep 08, 2026 02:04:37.316 [132419046145792] DEBUG - [FFMPEG] - Decoding VUI
Sep 08, 2026 02:04:37.317 [132419046145792] DEBUG - [FFMPEG] - Decoding VUI
Sep 08, 2026 02:04:37.318 [132419046145792] DEBUG - [FFMPEG] - Decoding VUI
Sep 08, 2026 02:04:37.319 [132419046145792] DEBUG - [FFMPEG] - Decoding VUI
Sep 08, 2026 02:04:37.320 [132419046145792] DEBUG - [FFMPEG] - Decoding VUI
Sep 08, 2026 02:04:37.321 [132419046145792] DEBUG - [FFMPEG] - Decoding VUI
Sep 08, 2026 02:04:37.323 [132419046145792] DEBUG - [FFMPEG] - Decoding VUI
Sep 08, 2026 02:04:37.323 [132419046145792] DEBUG - [FFMPEG] - Decoding VUI
Sep 08, 2026 02:04:37.327 [132419046145792] DEBUG - [FFMPEG] - Decoding VUI
Sep 08, 2026 02:04:37.329 [132419046145792] DEBUG - [FFMPEG] - Decoding VUI
Sep 08, 2026 02:04:37.330 [132419046145792] DEBUG - [FFMPEG] - Decoding VUI
Sep 08, 2026 02:04:37.331 [132419046145792] DEBUG - [FFMPEG] - Decoding VUI
Sep 08, 2026 02:04:37.331 [132419046145792] DEBUG - [FFMPEG] - Decoding VUI
Sep 08, 2026 02:04:37.333 [132419046145792] DEBUG - [FFMPEG] - Decoding VUI
Sep 08, 2026 02:04:37.334 [132419046145792] DEBUG - [FFMPEG] - Decoding VUI
Sep 08, 2026 02:04:37.335 [132419046145792] DEBUG - [FFMPEG] - Decoding VUI
Sep 08, 2026 02:04:37.337 [132419046145792] DEBUG - [FFMPEG] - Decoding VUI
Sep 08, 2026 02:04:37.337 [132419046145792] DEBUG - [FFMPEG] - Decoding VUI
Sep 08, 2026 02:04:37.338 [132419046145792] DEBUG - [FFMPEG] - Decoding VUI
Sep 08, 2026 02:04:37.339 [132419046145792] DEBUG - [FFMPEG] - Decoding VUI
Sep 08, 2026 02:04:37.339 [132419046145792] DEBUG - [FFMPEG] - Decoding VUI
Sep 08, 2026 02:04:37.341 [132419046145792] DEBUG - [FFMPEG] - Decoding VUI
Sep 08, 2026 02:04:37.342 [132419046145792] DEBUG - [FFMPEG] - Decoding VUI
Sep 08, 2026 02:04:37.343 [132419046145792] DEBUG - [FFMPEG] - Decoding VUI
Sep 08, 2026 02:04:37.344 [132419046145792] DEBUG - [FFMPEG] - Decoding VUI
Sep 08, 2026 02:04:37.346 [132419046145792] DEBUG - [FFMPEG] - Decoding VUI
Sep 08, 2026 02:04:37.348 [132419046145792] DEBUG - [FFMPEG] - Decoding VUI
Sep 08, 2026 02:04:37.349 [132419046145792] DEBUG - [FFMPEG] - Decoding VUI
Sep 08, 2026 02:04:37.350 [132419046145792] DEBUG - [FFMPEG] - Decoding VUI
Sep 08, 2026 02:04:37.352 [132419046145792] DEBUG - [FFMPEG] - Decoding VUI
Sep 08, 2026 02:04:37.353 [132419046145792] DEBUG - [FFMPEG] - Decoding VUI
Sep 08, 2026 02:04:37.354 [132419046145792] DEBUG - [FFMPEG] - Decoding VUI
Sep 08, 2026 02:04:37.355 [132419046145792] DEBUG - [FFMPEG] - Decoding VUI
Sep 08, 2026 02:04:37.356 [132419046145792] DEBUG - [FFMPEG] - Decoding VUI
Sep 08, 2026 02:04:37.358 [132419046145792] DEBUG - [FFMPEG] - Decoding VUI
Sep 08, 2026 02:04:37.358 [132419046145792] DEBUG - [FFMPEG] - Decoding VUI
Sep 08, 2026 02:04:37.359 [132419046145792] DEBUG - [FFMPEG] - Decoding VUI
Sep 08, 2026 02:04:37.360 [132419046145792] DEBUG - [FFMPEG] - Decoding VUI
Sep 08, 2026 02:04:37.361 [132419046145792] DEBUG - [FFMPEG] - Decoding VUI
Sep 08, 2026 02:04:37.362 [132419046145792] DEBUG - [FFMPEG] - Decoding VUI
Sep 08, 2026 02:04:37.363 [132419046145792] DEBUG - [FFMPEG] - Decoding VUI
Sep 08, 2026 02:04:37.364 [132419046145792] DEBUG - [FFMPEG] - Decoding VUI
Sep 08, 2026 02:04:37.365 [132419046145792] DEBUG - [FFMPEG] - Decoding VUI
Sep 08, 2026 02:04:37.366 [132419046145792] DEBUG - [FFMPEG] - Decoding VUI
Sep 08, 2026 02:04:37.367 [132419046145792] DEBUG - [FFMPEG] - Decoding VUI
Sep 08, 2026 02:04:37.369 [132419046145792] DEBUG - [FFMPEG] - Decoding VUI
Sep 08, 2026 02:04:37.370 [132419046145792] DEBUG - [FFMPEG] - Decoding VUI
Sep 08, 2026 02:04:37.370 [132419046145792] DEBUG - [FFMPEG] - Decoding VUI
Sep 08, 2026 02:04:37.371 [132419046145792] DEBUG - [FFMPEG] - Decoding VUI
Sep 08, 2026 02:04:37.372 [132419046145792] DEBUG - [FFMPEG] - Decoding VUI
Sep 08, 2026 02:04:37.372 [132419046145792] DEBUG - [FFMPEG] - Decoding VUI
Sep 08, 2026 02:04:37.373 [132419046145792] DEBUG - [FFMPEG] - Decoding VUI
Sep 08, 2026 02:04:37.374 [132419046145792] DEBUG - [FFMPEG] - Decoding VUI
Sep 08, 2026 02:04:37.376 [132419046145792] DEBUG - [FFMPEG] - Decoding VUI
Sep 08, 2026 02:04:37.377 [132419046145792] DEBUG - [FFMPEG] - Decoding VUI
Sep 08, 2026 02:04:37.379 [132419046145792] DEBUG - [FFMPEG] - Decoding VUI
Sep 08, 2026 02:04:37.381 [132419046145792] DEBUG - [FFMPEG] - Decoding VUI
Sep 08, 2026 02:04:37.382 [132419046145792] DEBUG - [FFMPEG] - Decoding VUI
Sep 08, 2026 02:04:37.383 [132419046145792] DEBUG - [FFMPEG] - Decoding VUI
Sep 08, 2026 02:04:37.384 [132419046145792] DEBUG - [FFMPEG] - Decoding VUI
Sep 08, 2026 02:04:37.385 [132419046145792] DEBUG - [FFMPEG] - Decoding VUI
Sep 08, 2026 02:04:37.386 [132419046145792] DEBUG - [FFMPEG] - Decoding VUI
Sep 08, 2026 02:04:37.387 [132419046145792] DEBUG - [FFMPEG] - Decoding VUI
Sep 08, 2026 02:04:37.388 [132419046145792] DEBUG - [FFMPEG] - Decoding VUI
Sep 08, 2026 02:04:37.389 [132419046145792] DEBUG - [FFMPEG] - Decoding VUI
Sep 08, 2026 02:04:37.391 [132419046145792] DEBUG - [FFMPEG] - Decoding VUI
Sep 08, 2026 02:04:37.392 [132419046145792] DEBUG - [FFMPEG] - Decoding VUI
Sep 08, 2026 02:04:37.393 [132419046145792] DEBUG - [FFMPEG] - Decoding VUI
Sep 08, 2026 02:04:37.394 [132419046145792] DEBUG - [FFMPEG] - Decoding VUI
Sep 08, 2026 02:04:37.394 [132419046145792] DEBUG - [FFMPEG] - Decoding VUI
Sep 08, 2026 02:04:37.396 [132419046145792] DEBUG - Deep Analysis: Read 100000 packets at 1796.836000
Sep 08, 2026 02:04:37.396 [132419046145792] DEBUG - [FFMPEG] - Decoding VUI
Sep 08, 2026 02:04:37.397 [132419046145792] DEBUG - [FFMPEG] - Decoding VUI
Sep 08, 2026 02:04:37.398 [132419046145792] DEBUG - [FFMPEG] - Decoding VUI
Sep 08, 2026 02:04:37.399 [132419046145792] DEBUG - [FFMPEG] - Decoding VUI
Sep 08, 2026 02:04:37.400 [132419046145792] DEBUG - [FFMPEG] - Decoding VUI
Sep 08, 2026 02:04:37.401 [132419046145792] DEBUG - [FFMPEG] - Decoding VUI
Sep 08, 2026 02:04:37.402 [132419046145792] DEBUG - [FFMPEG] - Decoding VUI
Sep 08, 2026 02:04:37.403 [132419046145792] DEBUG - [FFMPEG] - Decoding VUI
Sep 08, 2026 02:04:37.406 [132419046145792] DEBUG - [FFMPEG] - Decoding VUI
Sep 08, 2026 02:04:37.406 [132419046145792] DEBUG - [FFMPEG] - Decoding VUI
Sep 08, 2026 02:04:37.407 [132419046145792] DEBUG - [FFMPEG] - Decoding VUI
Sep 08, 2026 02:04:37.408 [132419046145792] DEBUG - [FFMPEG] - Decoding VUI
Sep 08, 2026 02:04:37.408 [132419046145792] DEBUG - [FFMPEG] - Decoding VUI
Sep 08, 2026 02:04:37.411 [132419046145792] DEBUG - [FFMPEG] - Decoding VUI
Sep 08, 2026 02:04:37.413 [132419046145792] DEBUG - [FFMPEG] - Decoding VUI
Sep 08, 2026 02:04:37.416 [132419046145792] DEBUG - [FFMPEG] - Decoding VUI
Sep 08, 2026 02:04:37.418 [132419046145792] DEBUG - [FFMPEG] - Decoding VUI
Sep 08, 2026 02:04:37.420 [132419046145792] DEBUG - [FFMPEG] - Decoding VUI
Sep 08, 2026 02:04:37.421 [132419046145792] DEBUG - [FFMPEG] - Decoding VUI
Sep 08, 2026 02:04:37.422 [132419046145792] DEBUG - [FFMPEG] - Decoding VUI
Sep 08, 2026 02:04:37.423 [132419046145792] DEBUG - [FFMPEG] - Decoding VUI
Sep 08, 2026 02:04:37.423 [132419046145792] DEBUG - [FFMPEG] - Decoding VUI
Sep 08, 2026 02:04:37.425 [132419046145792] DEBUG - [FFMPEG] - Decoding VUI
Sep 08, 2026 02:04:37.426 [132419046145792] DEBUG - [FFMPEG] - Decoding VUI
Sep 08, 2026 02:04:37.428 [132419046145792] DEBUG - [FFMPEG] - Decoding VUI
Sep 08, 2026 02:04:37.429 [132419046145792] DEBUG - [FFMPEG] - Decoding VUI
Sep 08, 2026 02:04:37.431 [132419046145792] DEBUG - [FFMPEG] - Decoding VUI
Sep 08, 2026 02:04:37.432 [132419046145792] DEBUG - [FFMPEG] - Decoding VUI
Sep 08, 2026 02:04:37.433 [132419046145792] DEBUG - [FFMPEG] - Decoding VUI
Sep 08, 2026 02:04:37.434 [132419046145792] DEBUG - [FFMPEG] - Decoding VUI
Sep 08, 2026 02:04:37.435 [132419046145792] DEBUG - [FFMPEG] - Decoding VUI
Sep 08, 2026 02:04:37.436 [132419046145792] DEBUG - [FFMPEG] - Decoding VUI
Sep 08, 2026 02:04:37.437 [132419046145792] DEBUG - [FFMPEG] - Decoding VUI
Sep 08, 2026 02:04:37.439 [132419046145792] DEBUG - [FFMPEG] - Decoding VUI
Sep 08, 2026 02:04:37.440 [132419046145792] DEBUG - [FFMPEG] - Decoding VUI
Sep 08, 2026 02:04:37.440 [132419046145792] DEBUG - [FFMPEG] - Decoding VUI
Sep 08, 2026 02:04:37.441 [132419046145792] DEBUG - [FFMPEG] - Decoding VUI
Sep 08, 2026 02:04:37.442 [132419046145792] DEBUG - [FFMPEG] - Decoding VUI
Sep 08, 2026 02:04:37.444 [132419046145792] DEBUG - [FFMPEG] - Decoding VUI
Sep 08, 2026 02:04:37.446 [132419046145792] DEBUG - [FFMPEG] - Decoding VUI
Sep 08, 2026 02:04:37.448 [132419046145792] DEBUG - [FFMPEG] - Decoding VUI
Sep 08, 2026 02:04:37.449 [132419046145792] DEBUG - [FFMPEG] - Decoding VUI
Sep 08, 2026 02:04:37.449 [132419046145792] DEBUG - [FFMPEG] - Decoding VUI
Sep 08, 2026 02:04:37.453 [132419046145792] DEBUG - [FFMPEG] - Decoding VUI
Sep 08, 2026 02:04:37.458 [132419046145792] DEBUG - [FFMPEG] - Decoding VUI
Sep 08, 2026 02:04:37.461 [132419046145792] DEBUG - [FFMPEG] - Decoding VUI
Sep 08, 2026 02:04:37.466 [132419046145792] DEBUG - [FFMPEG] - Decoding VUI
Sep 08, 2026 02:04:37.468 [132419046145792] DEBUG - [FFMPEG] - Decoding VUI
Sep 08, 2026 02:04:37.470 [132419046145792] DEBUG - [FFMPEG] - Decoding VUI
Sep 08, 2026 02:04:37.475 [132419046145792] DEBUG - [FFMPEG] - Decoding VUI
Sep 08, 2026 02:04:37.476 [132419046145792] DEBUG - [FFMPEG] - Decoding VUI
Sep 08, 2026 02:04:37.477 [132419046145792] DEBUG - [FFMPEG] - Decoding VUI
Sep 08, 2026 02:04:37.478 [132419046145792] DEBUG - [FFMPEG] - Decoding VUI
Sep 08, 2026 02:04:37.479 [132419046145792] DEBUG - [FFMPEG] - Decoding VUI
Sep 08, 2026 02:04:37.480 [132419046145792] DEBUG - [FFMPEG] - Decoding VUI
Sep 08, 2026 02:04:37.483 [132419046145792] DEBUG - [FFMPEG] - Decoding VUI
Sep 08, 2026 02:04:37.484 [132419046145792] DEBUG - [FFMPEG] - Decoding VUI
Sep 08, 2026 02:04:37.485 [132419046145792] DEBUG - [FFMPEG] - Decoding VUI
Sep 08, 2026 02:04:37.486 [132419046145792] DEBUG - [FFMPEG] - Decoding VUI
Sep 08, 2026 02:04:37.487 [132419046145792] DEBUG - [FFMPEG] - Decoding VUI
Sep 08, 2026 02:04:37.489 [132419046145792] DEBUG - [FFMPEG] - Decoding VUI
Sep 08, 2026 02:04:37.491 [132419046145792] DEBUG - [FFMPEG] - Decoding VUI
Sep 08, 2026 02:04:37.493 [132419046145792] DEBUG - [FFMPEG] - Decoding VUI
Sep 08, 2026 02:04:37.497 [132419046145792] DEBUG - [FFMPEG] - Decoding VUI
Sep 08, 2026 02:04:37.499 [132419046145792] DEBUG - Deep Analysis: Read 110000 packets at 1976.802000
Sep 08, 2026 02:04:37.499 [132419046145792] DEBUG - [FFMPEG] - Decoding VUI
Sep 08, 2026 02:04:37.501 [132419046145792] DEBUG - [FFMPEG] - Decoding VUI
Sep 08, 2026 02:04:37.502 [132419046145792] DEBUG - [FFMPEG] - Decoding VUI
Sep 08, 2026 02:04:37.503 [132419046145792] DEBUG - [FFMPEG] - Decoding VUI
Sep 08, 2026 02:04:37.504 [132419046145792] DEBUG - [FFMPEG] - Decoding VUI
Sep 08, 2026 02:04:37.506 [132419046145792] DEBUG - [FFMPEG] - Decoding VUI
Sep 08, 2026 02:04:37.507 [132419046145792] DEBUG - [FFMPEG] - Decoding VUI
Sep 08, 2026 02:04:37.508 [132419046145792] DEBUG - [FFMPEG] - Decoding VUI
Sep 08, 2026 02:04:37.510 [132419046145792] DEBUG - [FFMPEG] - Decoding VUI
Sep 08, 2026 02:04:37.511 [132419046145792] DEBUG - [FFMPEG] - Decoding VUI
Sep 08, 2026 02:04:37.515 [132419046145792] DEBUG - [FFMPEG] - Decoding VUI
Sep 08, 2026 02:04:37.518 [132419046145792] DEBUG - [FFMPEG] - Decoding VUI
Sep 08, 2026 02:04:37.521 [132419046145792] DEBUG - [FFMPEG] - Decoding VUI
Sep 08, 2026 02:04:37.523 [132419046145792] DEBUG - [FFMPEG] - Decoding VUI
Sep 08, 2026 02:04:37.524 [132419046145792] DEBUG - [FFMPEG] - Decoding VUI
Sep 08, 2026 02:04:37.525 [132419046145792] DEBUG - [FFMPEG] - Decoding VUI
Sep 08, 2026 02:04:37.528 [132419046145792] DEBUG - [FFMPEG] - Decoding VUI
Sep 08, 2026 02:04:37.529 [132419046145792] DEBUG - [FFMPEG] - Decoding VUI
Sep 08, 2026 02:04:37.532 [132419046145792] DEBUG - [FFMPEG] - Decoding VUI
Sep 08, 2026 02:04:37.534 [132419046145792] DEBUG - [FFMPEG] - Decoding VUI
Sep 08, 2026 02:04:37.535 [132419046145792] DEBUG - [FFMPEG] - Decoding VUI
Sep 08, 2026 02:04:37.540 [132419046145792] DEBUG - [FFMPEG] - Decoding VUI
Sep 08, 2026 02:04:37.541 [132419046145792] DEBUG - [FFMPEG] - Decoding VUI
Sep 08, 2026 02:04:37.543 [132419046145792] DEBUG - [FFMPEG] - Decoding VUI
Sep 08, 2026 02:04:37.543 [132419046145792] DEBUG - [FFMPEG] - Decoding VUI
Sep 08, 2026 02:04:37.544 [132419046145792] DEBUG - [FFMPEG] - Decoding VUI
Sep 08, 2026 02:04:37.546 [132419046145792] DEBUG - [FFMPEG] - Decoding VUI
Sep 08, 2026 02:04:37.547 [132419046145792] DEBUG - [FFMPEG] - Decoding VUI
Sep 08, 2026 02:04:37.551 [132419046145792] DEBUG - [FFMPEG] - Decoding VUI
Sep 08, 2026 02:04:37.552 [132419046145792] DEBUG - [FFMPEG] - Decoding VUI
Sep 08, 2026 02:04:37.553 [132419046145792] DEBUG - [FFMPEG] - Decoding VUI
Sep 08, 2026 02:04:37.554 [132419046145792] DEBUG - [FFMPEG] - Decoding VUI
Sep 08, 2026 02:04:37.555 [132419046145792] DEBUG - [FFMPEG] - Decoding VUI
Sep 08, 2026 02:04:37.557 [132419046145792] DEBUG - [FFMPEG] - Decoding VUI
Sep 08, 2026 02:04:37.558 [132419046145792] DEBUG - [FFMPEG] - Decoding VUI
Sep 08, 2026 02:04:37.561 [132419046145792] DEBUG - [FFMPEG] - Decoding VUI
Sep 08, 2026 02:04:37.563 [132419046145792] DEBUG - [FFMPEG] - Decoding VUI
Sep 08, 2026 02:04:37.564 [132419046145792] DEBUG - [FFMPEG] - Decoding VUI
Sep 08, 2026 02:04:37.566 [132419046145792] DEBUG - [FFMPEG] - Decoding VUI
Sep 08, 2026 02:04:37.567 [132419046145792] DEBUG - [FFMPEG] - Decoding VUI
Sep 08, 2026 02:04:37.569 [132419046145792] DEBUG - [FFMPEG] - Decoding VUI
Sep 08, 2026 02:04:37.570 [132419046145792] DEBUG - [FFMPEG] - Decoding VUI
Sep 08, 2026 02:04:37.572 [132419046145792] DEBUG - [FFMPEG] - Decoding VUI
Sep 08, 2026 02:04:37.573 [132419046145792] DEBUG - [FFMPEG] - Decoding VUI
Sep 08, 2026 02:04:37.575 [132419046145792] DEBUG - [FFMPEG] - Decoding VUI
Sep 08, 2026 02:04:37.578 [132419046145792] DEBUG - [FFMPEG] - Decoding VUI
Sep 08, 2026 02:04:37.581 [132419046145792] DEBUG - [FFMPEG] - Decoding VUI
Sep 08, 2026 02:04:37.583 [132419046145792] DEBUG - [FFMPEG] - Decoding VUI
Sep 08, 2026 02:04:37.586 [132419046145792] DEBUG - [FFMPEG] - Decoding VUI
Sep 08, 2026 02:04:37.588 [132419046145792] DEBUG - [FFMPEG] - Decoding VUI
Sep 08, 2026 02:04:37.589 [132419046145792] DEBUG - [FFMPEG] - Decoding VUI
Sep 08, 2026 02:04:37.591 [132419046145792] DEBUG - [FFMPEG] - Decoding VUI
Sep 08, 2026 02:04:37.594 [132419046145792] DEBUG - [FFMPEG] - Decoding VUI
Sep 08, 2026 02:04:37.595 [132419046145792] DEBUG - [FFMPEG] - Decoding VUI
Sep 08, 2026 02:04:37.596 [132419046145792] DEBUG - [FFMPEG] - Decoding VUI
Sep 08, 2026 02:04:37.598 [132419046145792] DEBUG - [FFMPEG] - Decoding VUI
Sep 08, 2026 02:04:37.601 [132419046145792] DEBUG - [FFMPEG] - Decoding VUI
Sep 08, 2026 02:04:37.602 [132419046145792] DEBUG - [FFMPEG] - Decoding VUI
Sep 08, 2026 02:04:37.604 [132419046145792] DEBUG - [FFMPEG] - Decoding VUI
Sep 08, 2026 02:04:37.605 [132419046145792] DEBUG - [FFMPEG] - Decoding VUI
Sep 08, 2026 02:04:37.606 [132419046145792] DEBUG - [FFMPEG] - Decoding VUI
Sep 08, 2026 02:04:37.608 [132419046145792] DEBUG - [FFMPEG] - Decoding VUI
Sep 08, 2026 02:04:37.609 [132419046145792] DEBUG - [FFMPEG] - Decoding VUI
Sep 08, 2026 02:04:37.611 [132419046145792] DEBUG - [FFMPEG] - Decoding VUI
Sep 08, 2026 02:04:37.612 [132419046145792] DEBUG - [FFMPEG] - Decoding VUI
Sep 08, 2026 02:04:37.613 [132419046145792] DEBUG - [FFMPEG] - Decoding VUI
Sep 08, 2026 02:04:37.615 [132419046145792] DEBUG - [FFMPEG] - Decoding VUI
Sep 08, 2026 02:04:37.616 [132419046145792] DEBUG - [FFMPEG] - Decoding VUI
Sep 08, 2026 02:04:37.618 [132419046145792] DEBUG - [FFMPEG] - Decoding VUI
Sep 08, 2026 02:04:37.619 [132419046145792] DEBUG - [FFMPEG] - Decoding VUI
Sep 08, 2026 02:04:37.624 [132419046145792] DEBUG - [FFMPEG] - Decoding VUI
Sep 08, 2026 02:04:37.626 [132419046145792] DEBUG - [FFMPEG] - Decoding VUI
Sep 08, 2026 02:04:37.628 [132419046145792] DEBUG - [FFMPEG] - Decoding VUI
Sep 08, 2026 02:04:37.629 [132419046145792] DEBUG - [FFMPEG] - Decoding VUI
Sep 08, 2026 02:04:37.630 [132419046145792] DEBUG - [FFMPEG] - Decoding VUI
Sep 08, 2026 02:04:37.632 [132419046145792] DEBUG - [FFMPEG] - Decoding VUI
Sep 08, 2026 02:04:37.635 [132419046145792] DEBUG - [FFMPEG] - Decoding VUI
Sep 08, 2026 02:04:37.636 [132419046145792] DEBUG - [FFMPEG] - Decoding VUI
Sep 08, 2026 02:04:37.637 [132419046145792] DEBUG - [FFMPEG] - Decoding VUI
Sep 08, 2026 02:04:37.638 [132419046145792] DEBUG - [FFMPEG] - Decoding VUI
Sep 08, 2026 02:04:37.640 [132419046145792] DEBUG - [FFMPEG] - Decoding VUI
Sep 08, 2026 02:04:37.641 [132419046145792] DEBUG - [FFMPEG] - Decoding VUI
Sep 08, 2026 02:04:37.643 [132419046145792] DEBUG - [FFMPEG] - Decoding VUI
Sep 08, 2026 02:04:37.644 [132419046145792] DEBUG - [FFMPEG] - Decoding VUI
Sep 08, 2026 02:04:37.645 [132419046145792] DEBUG - Deep Analysis: Read 120000 packets at 2156.642000
Sep 08, 2026 02:04:37.647 [132419046145792] DEBUG - [FFMPEG] - Decoding VUI
Sep 08, 2026 02:04:37.649 [132419046145792] DEBUG - [FFMPEG] - Decoding VUI
Sep 08, 2026 02:04:37.651 [132419046145792] DEBUG - [FFMPEG] - Decoding VUI
Sep 08, 2026 02:04:37.652 [132419046145792] DEBUG - [FFMPEG] - Decoding VUI
Sep 08, 2026 02:04:37.653 [132419046145792] DEBUG - [FFMPEG] - Decoding VUI
Sep 08, 2026 02:04:37.654 [132419046145792] DEBUG - [FFMPEG] - Decoding VUI
Sep 08, 2026 02:04:37.655 [132419046145792] DEBUG - [FFMPEG] - Decoding VUI
Sep 08, 2026 02:04:37.657 [132419046145792] DEBUG - [FFMPEG] - Decoding VUI
Sep 08, 2026 02:04:37.660 [132419046145792] DEBUG - [FFMPEG] - Decoding VUI
Sep 08, 2026 02:04:37.662 [132419046145792] DEBUG - [FFMPEG] - Decoding VUI
Sep 08, 2026 02:04:37.666 [132419046145792] DEBUG - [FFMPEG] - Decoding VUI
Sep 08, 2026 02:04:37.669 [132419046145792] DEBUG - [FFMPEG] - Decoding VUI
Sep 08, 2026 02:04:37.670 [132419046145792] DEBUG - [FFMPEG] - Decoding VUI
Sep 08, 2026 02:04:37.671 [132419046145792] DEBUG - [FFMPEG] - Decoding VUI
Sep 08, 2026 02:04:37.673 [132419046145792] DEBUG - [FFMPEG] - Decoding VUI
Sep 08, 2026 02:04:37.676 [132419046145792] DEBUG - [FFMPEG] - Decoding VUI
Sep 08, 2026 02:04:37.677 [132419046145792] DEBUG - [FFMPEG] - Decoding VUI
Sep 08, 2026 02:04:37.681 [132419046145792] DEBUG - [FFMPEG] - Decoding VUI
Sep 08, 2026 02:04:37.682 [132419046145792] DEBUG - [FFMPEG] - Decoding VUI
Sep 08, 2026 02:04:37.684 [132419046145792] DEBUG - [FFMPEG] - Decoding VUI
Sep 08, 2026 02:04:37.686 [132419046145792] DEBUG - [FFMPEG] - Decoding VUI
Sep 08, 2026 02:04:37.686 [132419046145792] DEBUG - [FFMPEG] - Decoding VUI
Sep 08, 2026 02:04:37.688 [132419046145792] DEBUG - [FFMPEG] - Decoding VUI
Sep 08, 2026 02:04:37.689 [132419046145792] DEBUG - [FFMPEG] - Decoding VUI
Sep 08, 2026 02:04:37.689 [132419046145792] DEBUG - [FFMPEG] - Decoding VUI
Sep 08, 2026 02:04:37.690 [132419046145792] DEBUG - [FFMPEG] - Decoding VUI
Sep 08, 2026 02:04:37.692 [132419046145792] DEBUG - [FFMPEG] - Decoding VUI
Sep 08, 2026 02:04:37.693 [132419046145792] DEBUG - [FFMPEG] - Decoding VUI
Sep 08, 2026 02:04:37.694 [132419046145792] DEBUG - [FFMPEG] - Decoding VUI
Sep 08, 2026 02:04:37.695 [132419046145792] DEBUG - [FFMPEG] - Decoding VUI
Sep 08, 2026 02:04:37.696 [132419046145792] DEBUG - [FFMPEG] - Decoding VUI
Sep 08, 2026 02:04:37.697 [132419046145792] DEBUG - [FFMPEG] - Decoding VUI
Sep 08, 2026 02:04:37.698 [132419046145792] DEBUG - [FFMPEG] - Decoding VUI
Sep 08, 2026 02:04:37.700 [132419046145792] DEBUG - [FFMPEG] - Decoding VUI
Sep 08, 2026 02:04:37.702 [132419046145792] DEBUG - [FFMPEG] - Decoding VUI
Sep 08, 2026 02:04:37.703 [132419046145792] DEBUG - [FFMPEG] - Decoding VUI
Sep 08, 2026 02:04:37.704 [132419046145792] DEBUG - [FFMPEG] - Decoding VUI
Sep 08, 2026 02:04:37.704 [132419046145792] DEBUG - [FFMPEG] - Decoding VUI
Sep 08, 2026 02:04:37.705 [132419046145792] DEBUG - [FFMPEG] - Decoding VUI
Sep 08, 2026 02:04:37.706 [132419046145792] DEBUG - [FFMPEG] - Decoding VUI
Sep 08, 2026 02:04:37.708 [132419046145792] DEBUG - [FFMPEG] - Decoding VUI
Sep 08, 2026 02:04:37.710 [132419046145792] DEBUG - [FFMPEG] - Decoding VUI
Sep 08, 2026 02:04:37.710 [132419046145792] DEBUG - [FFMPEG] - Decoding VUI
Sep 08, 2026 02:04:37.711 [132419046145792] DEBUG - [FFMPEG] - Decoding VUI
Sep 08, 2026 02:04:37.714 [132419046145792] DEBUG - [FFMPEG] - Decoding VUI
Sep 08, 2026 02:04:37.714 [132419046145792] DEBUG - [FFMPEG] - Decoding VUI
Sep 08, 2026 02:04:37.715 [132419046145792] DEBUG - [FFMPEG] - Decoding VUI
Sep 08, 2026 02:04:37.716 [132419046145792] DEBUG - [FFMPEG] - Decoding VUI
Sep 08, 2026 02:04:37.716 [132419046145792] DEBUG - [FFMPEG] - Decoding VUI
Sep 08, 2026 02:04:37.717 [132419046145792] DEBUG - [FFMPEG] - Decoding VUI
Sep 08, 2026 02:04:37.718 [132419046145792] DEBUG - [FFMPEG] - Decoding VUI
Sep 08, 2026 02:04:37.718 [132419046145792] DEBUG - [FFMPEG] - Decoding VUI
Sep 08, 2026 02:04:37.719 [132419046145792] DEBUG - [FFMPEG] - Decoding VUI
Sep 08, 2026 02:04:37.720 [132419046145792] DEBUG - [FFMPEG] - Decoding VUI
Sep 08, 2026 02:04:37.721 [132419046145792] DEBUG - [FFMPEG] - Decoding VUI
Sep 08, 2026 02:04:37.722 [132419046145792] DEBUG - [FFMPEG] - Decoding VUI
Sep 08, 2026 02:04:37.723 [132419046145792] DEBUG - [FFMPEG] - Decoding VUI
Sep 08, 2026 02:04:37.724 [132419046145792] DEBUG - [FFMPEG] - Decoding VUI
Sep 08, 2026 02:04:37.725 [132419046145792] DEBUG - [FFMPEG] - Decoding VUI
Sep 08, 2026 02:04:37.725 [132419046145792] DEBUG - [FFMPEG] - Decoding VUI
Sep 08, 2026 02:04:37.726 [132419046145792] DEBUG - [FFMPEG] - Decoding VUI
Sep 08, 2026 02:04:37.728 [132419046145792] DEBUG - [FFMPEG] - Decoding VUI
Sep 08, 2026 02:04:37.729 [132419046145792] DEBUG - [FFMPEG] - Decoding VUI
Sep 08, 2026 02:04:37.729 [132419046145792] DEBUG - [FFMPEG] - Decoding VUI
Sep 08, 2026 02:04:37.731 [132419046145792] DEBUG - [FFMPEG] - Decoding VUI
Sep 08, 2026 02:04:37.732 [132419046145792] DEBUG - [FFMPEG] - Decoding VUI
Sep 08, 2026 02:04:37.733 [132419046145792] DEBUG - [FFMPEG] - Decoding VUI
Sep 08, 2026 02:04:37.735 [132419046145792] DEBUG - [FFMPEG] - Decoding VUI
Sep 08, 2026 02:04:37.736 [132419046145792] DEBUG - [FFMPEG] - Decoding VUI
Sep 08, 2026 02:04:37.741 [132419046145792] DEBUG - [FFMPEG] - Decoding VUI
Sep 08, 2026 02:04:37.742 [132419046145792] DEBUG - [FFMPEG] - Decoding VUI
Sep 08, 2026 02:04:37.742 [132419046145792] DEBUG - Deep Analysis: Read 130000 packets at 2336.226000
Sep 08, 2026 02:04:37.743 [132419046145792] DEBUG - [FFMPEG] - Decoding VUI
Sep 08, 2026 02:04:37.744 [132419046145792] DEBUG - [FFMPEG] - Decoding VUI
Sep 08, 2026 02:04:37.745 [132419046145792] DEBUG - [FFMPEG] - Decoding VUI
Sep 08, 2026 02:04:37.746 [132419046145792] DEBUG - [FFMPEG] - Decoding VUI
Sep 08, 2026 02:04:37.747 [132419046145792] DEBUG - [FFMPEG] - Decoding VUI
Sep 08, 2026 02:04:37.748 [132419046145792] DEBUG - [FFMPEG] - Decoding VUI
Sep 08, 2026 02:04:37.749 [132419046145792] DEBUG - [FFMPEG] - Decoding VUI
Sep 08, 2026 02:04:37.751 [132419046145792] DEBUG - [FFMPEG] - Decoding VUI
Sep 08, 2026 02:04:37.751 [132419046145792] DEBUG - [FFMPEG] - Decoding VUI
Sep 08, 2026 02:04:37.752 [132419046145792] DEBUG - [FFMPEG] - Decoding VUI
Sep 08, 2026 02:04:37.753 [132419046145792] DEBUG - [FFMPEG] - Decoding VUI
Sep 08, 2026 02:04:37.754 [132419046145792] DEBUG - [FFMPEG] - Decoding VUI
Sep 08, 2026 02:04:37.756 [132419046145792] DEBUG - [FFMPEG] - Decoding VUI
Sep 08, 2026 02:04:37.757 [132419046145792] DEBUG - [FFMPEG] - Decoding VUI
Sep 08, 2026 02:04:37.758 [132419046145792] DEBUG - [FFMPEG] - Decoding VUI
Sep 08, 2026 02:04:37.759 [132419046145792] DEBUG - [FFMPEG] - Decoding VUI
Sep 08, 2026 02:04:37.759 [132419046145792] DEBUG - [FFMPEG] - Decoding VUI
Sep 08, 2026 02:04:37.760 [132419046145792] DEBUG - [FFMPEG] - Decoding VUI
Sep 08, 2026 02:04:37.760 [132419046145792] DEBUG - [FFMPEG] - Decoding VUI
Sep 08, 2026 02:04:37.761 [132419046145792] DEBUG - [FFMPEG] - Decoding VUI
Sep 08, 2026 02:04:37.764 [132419046145792] DEBUG - [FFMPEG] - Decoding VUI
Sep 08, 2026 02:04:37.765 [132419046145792] DEBUG - [FFMPEG] - Decoding VUI
Sep 08, 2026 02:04:37.767 [132419046145792] DEBUG - [FFMPEG] - Decoding VUI
Sep 08, 2026 02:04:37.768 [132419046145792] DEBUG - [FFMPEG] - Decoding VUI
Sep 08, 2026 02:04:37.770 [132419046145792] DEBUG - [FFMPEG] - Decoding VUI
Sep 08, 2026 02:04:37.771 [132419046145792] DEBUG - [FFMPEG] - Decoding VUI
Sep 08, 2026 02:04:37.772 [132419046145792] DEBUG - [FFMPEG] - Decoding VUI
Sep 08, 2026 02:04:37.773 [132419046145792] DEBUG - [FFMPEG] - Decoding VUI
Sep 08, 2026 02:04:37.774 [132419046145792] DEBUG - [FFMPEG] - Decoding VUI
Sep 08, 2026 02:04:37.775 [132419046145792] DEBUG - [FFMPEG] - Decoding VUI
Sep 08, 2026 02:04:37.775 [132419046145792] DEBUG - [FFMPEG] - Decoding VUI
Sep 08, 2026 02:04:37.776 [132419046145792] DEBUG - [FFMPEG] - Decoding VUI
Sep 08, 2026 02:04:37.777 [132419046145792] DEBUG - [FFMPEG] - Decoding VUI
Sep 08, 2026 02:04:37.778 [132419046145792] DEBUG - [FFMPEG] - Decoding VUI
Sep 08, 2026 02:04:37.779 [132419046145792] DEBUG - [FFMPEG] - Decoding VUI
Sep 08, 2026 02:04:37.780 [132419046145792] DEBUG - [FFMPEG] - Decoding VUI
Sep 08, 2026 02:04:37.780 [132419046145792] DEBUG - [FFMPEG] - Decoding VUI
Sep 08, 2026 02:04:37.782 [132419046145792] DEBUG - [FFMPEG] - Decoding VUI
Sep 08, 2026 02:04:37.783 [132419046145792] DEBUG - [FFMPEG] - Decoding VUI
Sep 08, 2026 02:04:37.784 [132419046145792] DEBUG - [FFMPEG] - Decoding VUI
Sep 08, 2026 02:04:37.785 [132419046145792] DEBUG - [FFMPEG] - Decoding VUI
Sep 08, 2026 02:04:37.786 [132419046145792] DEBUG - [FFMPEG] - Decoding VUI
Sep 08, 2026 02:04:37.788 [132419046145792] DEBUG - [FFMPEG] - Decoding VUI
Sep 08, 2026 02:04:37.788 [132419046145792] DEBUG - [FFMPEG] - Decoding VUI
Sep 08, 2026 02:04:37.789 [132419046145792] DEBUG - [FFMPEG] - Decoding VUI
Sep 08, 2026 02:04:37.790 [132419046145792] DEBUG - [FFMPEG] - Decoding VUI
Sep 08, 2026 02:04:37.792 [132419046145792] DEBUG - [FFMPEG] - Decoding VUI
Sep 08, 2026 02:04:37.794 [132419046145792] DEBUG - [FFMPEG] - Decoding VUI
Sep 08, 2026 02:04:37.795 [132419046145792] DEBUG - [FFMPEG] - Decoding VUI
Sep 08, 2026 02:04:37.797 [132419046145792] DEBUG - [FFMPEG] - Decoding VUI
Sep 08, 2026 02:04:37.798 [132419046145792] DEBUG - [FFMPEG] - Decoding VUI
Sep 08, 2026 02:04:37.799 [132419046145792] DEBUG - [FFMPEG] - Decoding VUI
Sep 08, 2026 02:04:37.800 [132419046145792] DEBUG - [FFMPEG] - Decoding VUI
Sep 08, 2026 02:04:37.801 [132419046145792] DEBUG - [FFMPEG] - Decoding VUI
Sep 08, 2026 02:04:37.802 [132419046145792] DEBUG - [FFMPEG] - Decoding VUI
Sep 08, 2026 02:04:37.803 [132419046145792] DEBUG - [FFMPEG] - Decoding VUI
Sep 08, 2026 02:04:37.804 [132419046145792] DEBUG - [FFMPEG] - Decoding VUI
Sep 08, 2026 02:04:37.808 [132419046145792] DEBUG - [FFMPEG] - Decoding VUI
Sep 08, 2026 02:04:37.810 [132419046145792] DEBUG - [FFMPEG] - Decoding VUI
Sep 08, 2026 02:04:37.816 [132419046145792] DEBUG - [FFMPEG] - Decoding VUI
Sep 08, 2026 02:04:37.817 [132419046145792] DEBUG - Deep Analysis: Read 140000 packets at 2516.031000
Sep 08, 2026 02:04:37.818 [132419046145792] DEBUG - [FFMPEG] - Decoding VUI
Sep 08, 2026 02:04:37.821 [132419046145792] DEBUG - Deep Analysis: Sorting packets
Sep 08, 2026 02:04:37.826 [132419046145792] DEBUG - Deep Analysis: Performing file bitrate analysis
Sep 08, 2026 02:04:37.848 [132419046145792] DEBUG - Deep Analysis: Performing stream bitrate analysis on stream 0
Sep 08, 2026 02:04:37.859 [132419046145792] DEBUG - Deep Analysis: Performing stream bitrate analysis on stream 1
Sep 08, 2026 02:04:37.863 [132419046145792] DEBUG - Deep Analysis: Performing stream bitrate analysis on stream 2
Sep 08, 2026 02:04:37.864 [132419046145792] DEBUG - Deep Analysis: Saving GoP analysis for stream 0
Sep 08, 2026 02:04:37.865 [132419046145792] DEBUG - Deep Analysis: Saving bitrate analysis
Sep 08, 2026 02:04:37.865 [132419046145792] DEBUG - Updating part with ID=2300 [/media/tv/Forged in Fire/Season 3/Forged.in.Fire.S03E15.The.Haladie.iNTERNAL.720p.HDTV.x264-DHD[eztv].mkv]
Sep 08, 2026 02:04:37.867 [132419046145792] DEBUG - [MI] Closing input file: "/media/tv/Forged in Fire/Season 3/Forged.in.Fire.S03E15.The.Haladie.iNTERNAL.720p.HDTV.x264-DHD[eztv].mkv"
Sep 08, 2026 02:04:37.868 [132419046145792] DEBUG - Updating media item 2300, size=1004048264, metadata_item_id=1104
Sep 08, 2026 02:04:37.868 [132419046145792] DEBUG - Updating part with ID=2300 [/media/tv/Forged in Fire/Season 3/Forged.in.Fire.S03E15.The.Haladie.iNTERNAL.720p.HDTV.x264-DHD[eztv].mkv]
