Sep 09, 2026 02:04:34.633 [130692326066944] INFO - Plex Media Scanner v1.43.3.10828-00f62d37d - Docker Docker Container (LinuxServer.io) x86_64 - build: linux-x86_64 - GMT 02:00
Sep 09, 2026 02:04:34.634 [130692326066944] INFO - Linux version: 7.0.0-31-generic, language: en-US
Sep 09, 2026 02:04:34.634 [130692326066944] INFO - Processor: 12-core AMD Ryzen 5 3600 6-Core Processor
Sep 09, 2026 02:04:34.634 [130692326066944] INFO - /usr/lib/plexmediaserver/Plex Media Scanner --analyze-deeply --item 1105 --log-file-suffix  Deep Analysis
Sep 09, 2026 02:04:34.618 [130692326575872] DEBUG - Opening 20 database sessions to library (com.plexapp.plugins.library), SQLite 3.39.4, threadsafe=1
Sep 09, 2026 02:04:34.691 [130692326575872] DEBUG - [MI] Opening input file: "/media/movies/Moana (2026)/Moana (2026) [720p] [WEBRip] [YTS.GG - YTS.BZ].mp4"
Sep 09, 2026 02:04:34.691 [130692326575872] DEBUG - [FFMPEG] - Opening '/media/movies/Moana (2026)/Moana (2026) [720p] [WEBRip] [YTS.GG - YTS.BZ].mp4' for reading
Sep 09, 2026 02:04:34.691 [130692326575872] DEBUG - [FFMPEG] - Setting default whitelist 'file,crypto,data'
Sep 09, 2026 02:04:34.692 [130692326575872] DEBUG - [FFMPEG] - Format mov,mp4,m4a,3gp,3g2,mj2 probed with size=2048 and score=100
Sep 09, 2026 02:04:34.692 [130692326575872] DEBUG - [FFMPEG] - ISO: File Type Major Brand: isom
Sep 09, 2026 02:04:34.692 [130692326575872] DEBUG - [FFMPEG] - Unknown dref type 0x206c7275 size 12
Sep 09, 2026 02:04:34.703 [130692326575872] DEBUG - [FFMPEG] - Processing st: 0, edit list 0 - media time: 1024, duration: 85271040
Sep 09, 2026 02:04:34.709 [130692326575872] DEBUG - [FFMPEG] - Offset DTS by 1024 to make first pts zero.
Sep 09, 2026 02:04:34.710 [130692326575872] DEBUG - [FFMPEG] - Setting codecpar->delay to 2 for stream st: 0
Sep 09, 2026 02:04:34.711 [130692326575872] DEBUG - [FFMPEG] - Unknown dref type 0x206c7275 size 12
Sep 09, 2026 02:04:34.722 [130692326575872] DEBUG - [FFMPEG] - Processing st: 1, edit list 0 - media time: 1024, duration: 333090816
Sep 09, 2026 02:04:34.722 [130692326575872] DEBUG - [FFMPEG] - drop a frame at curr_cts: 0 @ 0
Sep 09, 2026 02:04:34.729 [130692326575872] ERROR - [FFMPEG] - Referenced QT chapter track not found
Sep 09, 2026 02:04:34.729 [130692326575872] DEBUG - [FFMPEG] - Before avformat_find_stream_info() pos: 4689168 bytes read:4710938 seeks:0 nb_streams:2
Sep 09, 2026 02:04:34.730 [130692326575872] DEBUG - [FFMPEG] - nal_unit_type: 7(SPS), nal_ref_idc: 3
Sep 09, 2026 02:04:34.730 [130692326575872] DEBUG - [FFMPEG] - Decoding VUI
Sep 09, 2026 02:04:34.730 [130692326575872] DEBUG - [FFMPEG] - nal_unit_type: 8(PPS), nal_ref_idc: 3
Sep 09, 2026 02:04:34.731 [130692326575872] DEBUG - [FFMPEG] - For transform of length 64, inverse, mdct_float, flags: [aligned, out_of_place], found 3 matches:
Sep 09, 2026 02:04:34.731 [130692326575872] DEBUG - [FFMPEG] -     1: 
Sep 09, 2026 02:04:34.731 [130692326575872] DEBUG - [FFMPEG] - mdct_inv_float_avx2 - type: mdct_float, len: [16, ∞], factors[2]: [2, any], flags: [aligned, out_of_place, inv_only], prio: 511
Sep 09, 2026 02:04:34.731 [130692326575872] DEBUG - [FFMPEG] -     2: 
Sep 09, 2026 02:04:34.731 [130692326575872] DEBUG - [FFMPEG] - mdct_inv_float_c - type: mdct_float, len: [2, ∞], factors[2]: [2, any], flags: [unaligned, out_of_place, inv_only], prio: 96
Sep 09, 2026 02:04:34.731 [130692326575872] DEBUG - [FFMPEG] -     3: 
Sep 09, 2026 02:04:34.731 [130692326575872] DEBUG - [FFMPEG] - mdct_naive_inv_float_c - type: mdct_float, len: [2, ∞], factors[2]: [2, any], flags: [unaligned, out_of_place, inv_only], prio: -130976
Sep 09, 2026 02:04:34.731 [130692326575872] DEBUG - [FFMPEG] - For transform of length 32, inverse, fft_float, flags: [aligned, inplace, preshuf, asm_call], found 2 matches:
Sep 09, 2026 02:04:34.731 [130692326575872] DEBUG - [FFMPEG] -     1: 
Sep 09, 2026 02:04:34.731 [130692326575872] DEBUG - [FFMPEG] - fft32_asm_float_fma3 - type: fft_float, len: 32, factor: 2, flags: [aligned, inplace, out_of_place, preshuf, asm_call], prio: 512
Sep 09, 2026 02:04:34.731 [130692326575872] DEBUG - [FFMPEG] -     2: 
Sep 09, 2026 02:04:34.731 [130692326575872] DEBUG - [FFMPEG] - fft32_asm_float_avx - type: fft_float, len: 32, factor: 2, flags: [aligned, inplace, out_of_place, preshuf, asm_call], prio: 480
Sep 09, 2026 02:04:34.731 [130692326575872] DEBUG - [FFMPEG] - Transform tree:
Sep 09, 2026 02:04:34.731 [130692326575872] DEBUG - [FFMPEG] -     
Sep 09, 2026 02:04:34.731 [130692326575872] DEBUG - [FFMPEG] - mdct_inv_float_avx2 - type: mdct_float, len: 64, factors[2]: [2, any], flags: [aligned, out_of_place, inv_only]
Sep 09, 2026 02:04:34.731 [130692326575872] DEBUG - [FFMPEG] -     
Sep 09, 2026 02:04:34.731 [130692326575872] DEBUG - [FFMPEG] -     
Sep 09, 2026 02:04:34.731 [130692326575872] DEBUG - [FFMPEG] - fft32_asm_float_fma3 - type: fft_float, len: 32, factor: 2, flags: [aligned, inplace, out_of_place, preshuf, asm_call]
Sep 09, 2026 02:04:34.731 [130692326575872] DEBUG - [FFMPEG] - For transform of length 64, inverse, mdct_float, flags: [aligned, out_of_place], found 3 matches:
Sep 09, 2026 02:04:34.731 [130692326575872] DEBUG - [FFMPEG] -     1: 
Sep 09, 2026 02:04:34.731 [130692326575872] DEBUG - [FFMPEG] - mdct_inv_float_avx2 - type: mdct_float, len: [16, ∞], factors[2]: [2, any], flags: [aligned, out_of_place, inv_only], prio: 511
Sep 09, 2026 02:04:34.731 [130692326575872] DEBUG - [FFMPEG] -     2: 
Sep 09, 2026 02:04:34.731 [130692326575872] DEBUG - [FFMPEG] - mdct_inv_float_c - type: mdct_float, len: [2, ∞], factors[2]: [2, any], flags: [unaligned, out_of_place, inv_only], prio: 96
Sep 09, 2026 02:04:34.731 [130692326575872] DEBUG - [FFMPEG] -     3: 
Sep 09, 2026 02:04:34.731 [130692326575872] DEBUG - [FFMPEG] - mdct_naive_inv_float_c - type: mdct_float, len: [2, ∞], factors[2]: [2, any], flags: [unaligned, out_of_place, inv_only], prio: -130976
Sep 09, 2026 02:04:34.731 [130692326575872] DEBUG - [FFMPEG] - For transform of length 32, inverse, fft_float, flags: [aligned, inplace, preshuf, asm_call], found 2 matches:
Sep 09, 2026 02:04:34.731 [130692326575872] DEBUG - [FFMPEG] -     1: 
Sep 09, 2026 02:04:34.731 [130692326575872] DEBUG - [FFMPEG] - fft32_asm_float_fma3 - type: fft_float, len: 32, factor: 2, flags: [aligned, inplace, out_of_place, preshuf, asm_call], prio: 512
Sep 09, 2026 02:04:34.731 [130692326575872] DEBUG - [FFMPEG] -     2: 
Sep 09, 2026 02:04:34.731 [130692326575872] DEBUG - [FFMPEG] - fft32_asm_float_avx - type: fft_float, len: 32, factor: 2, flags: [aligned, inplace, out_of_place, preshuf, asm_call], prio: 480
Sep 09, 2026 02:04:34.731 [130692326575872] DEBUG - [FFMPEG] - Transform tree:
Sep 09, 2026 02:04:34.731 [130692326575872] DEBUG - [FFMPEG] -     
Sep 09, 2026 02:04:34.731 [130692326575872] DEBUG - [FFMPEG] - mdct_inv_float_avx2 - type: mdct_float, len: 64, factors[2]: [2, any], flags: [aligned, out_of_place, inv_only]
Sep 09, 2026 02:04:34.731 [130692326575872] DEBUG - [FFMPEG] -     
Sep 09, 2026 02:04:34.731 [130692326575872] DEBUG - [FFMPEG] -     
Sep 09, 2026 02:04:34.731 [130692326575872] DEBUG - [FFMPEG] - fft32_asm_float_fma3 - type: fft_float, len: 32, factor: 2, flags: [aligned, inplace, out_of_place, preshuf, asm_call]
Sep 09, 2026 02:04:34.731 [130692326575872] DEBUG - [FFMPEG] - For transform of length 120, inverse, mdct_float, flags: [aligned, out_of_place], found 6 matches:
Sep 09, 2026 02:04:34.731 [130692326575872] DEBUG - [FFMPEG] -     1: 
Sep 09, 2026 02:04:34.731 [130692326575872] DEBUG - [FFMPEG] - mdct_inv_float_avx2 - type: mdct_float, len: [16, ∞], factors[2]: [2, any], flags: [aligned, out_of_place, inv_only], prio: 511
Sep 09, 2026 02:04:34.731 [130692326575872] DEBUG - [FFMPEG] -     2: 
Sep 09, 2026 02:04:34.731 [130692326575872] DEBUG - [FFMPEG] - mdct_pfa_15xM_inv_float_c - type: mdct_float, len: [30, ∞], factors[2]: [15, any], flags: [unaligned, out_of_place, inv_only], prio: 304
Sep 09, 2026 02:04:34.731 [130692326575872] DEBUG - [FFMPEG] -     3: 
Sep 09, 2026 02:04:34.731 [130692326575872] DEBUG - [FFMPEG] - mdct_pfa_5xM_inv_float_c - type: mdct_float, len: [10, ∞], factors[2]: [5, any], flags: [unaligned, out_of_place, inv_only], prio: 144
Sep 09, 2026 02:04:34.731 [130692326575872] DEBUG - [FFMPEG] -     4: 
Sep 09, 2026 02:04:34.731 [130692326575872] DEBUG - [FFMPEG] - mdct_pfa_3xM_inv_float_c - type: mdct_float, len: [6, ∞], factors[2]: [3, any], flags: [unaligned, out_of_place, inv_only], prio: 112
Sep 09, 2026 02:04:34.731 [130692326575872] DEBUG - [FFMPEG] -     5: 
Sep 09, 2026 02:04:34.731 [130692326575872] DEBUG - [FFMPEG] - mdct_inv_float_c - type: mdct_float, len: [2, ∞], factors[2]: [2, any], flags: [unaligned, out_of_place, inv_only], prio: 96
Sep 09, 2026 02:04:34.731 [130692326575872] DEBUG - [FFMPEG] -     6: 
Sep 09, 2026 02:04:34.731 [130692326575872] DEBUG - [FFMPEG] - mdct_naive_inv_float_c - type: mdct_float, len: [2, ∞], factors[2]: [2, any], flags: [unaligned, out_of_place, inv_only], prio: -130976
Sep 09, 2026 02:04:34.731 [130692326575872] DEBUG - [FFMPEG] - For transform of length 60, inverse, fft_float, flags: [aligned, inplace, preshuf, asm_call], found 1 matches:
Sep 09, 2026 02:04:34.731 [130692326575872] DEBUG - [FFMPEG] -     1: 
Sep 09, 2026 02:04:34.731 [130692326575872] DEBUG - [FFMPEG] - fft_pfa_15xM_asm_float_avx2 - type: fft_float, len: [60, ∞], factors[2]: [15, 2], flags: [aligned, inplace, out_of_place, preshuf, asm_call], prio: 655
Sep 09, 2026 02:04:34.731 [130692326575872] DEBUG - [FFMPEG] - For transform of length 4, inverse, fft_float, flags: [aligned, inplace, preshuf, asm_call], found 1 matches:
Sep 09, 2026 02:04:34.731 [130692326575872] DEBUG - [FFMPEG] -     1: 
Sep 09, 2026 02:04:34.731 [130692326575872] DEBUG - [FFMPEG] - fft4_fwd_asm_float_sse2 - type: fft_float, len: 4, factor: 2, flags: [aligned, inplace, out_of_place, preshuf, asm_call], prio: 352
Sep 09, 2026 02:04:34.731 [130692326575872] DEBUG - [FFMPEG] - Transform tree:
Sep 09, 2026 02:04:34.731 [130692326575872] DEBUG - [FFMPEG] -     
Sep 09, 2026 02:04:34.731 [130692326575872] DEBUG - [FFMPEG] - mdct_inv_float_avx2 - type: mdct_float, len: 120, factors[2]: [2, any], flags: [aligned, out_of_place, inv_only]
Sep 09, 2026 02:04:34.731 [130692326575872] DEBUG - [FFMPEG] -     
Sep 09, 2026 02:04:34.731 [130692326575872] DEBUG - [FFMPEG] -     
Sep 09, 2026 02:04:34.731 [130692326575872] DEBUG - [FFMPEG] - fft_pfa_15xM_asm_float_avx2 - type: fft_float, len: 60, factors[2]: [15, 2], flags: [aligned, inplace, out_of_place, preshuf, asm_call]
Sep 09, 2026 02:04:34.731 [130692326575872] DEBUG - [FFMPEG] -     
Sep 09, 2026 02:04:34.731 [130692326575872] DEBUG - [FFMPEG] -     
Sep 09, 2026 02:04:34.731 [130692326575872] DEBUG - [FFMPEG] -     
Sep 09, 2026 02:04:34.731 [130692326575872] DEBUG - [FFMPEG] - fft4_fwd_asm_float_sse2 - type: fft_float, len: 4, factor: 2, flags: [aligned, inplace, out_of_place, preshuf, asm_call]
Sep 09, 2026 02:04:34.731 [130692326575872] DEBUG - [FFMPEG] - For transform of length 128, inverse, mdct_float, flags: [aligned, out_of_place], found 3 matches:
Sep 09, 2026 02:04:34.731 [130692326575872] DEBUG - [FFMPEG] -     1: 
Sep 09, 2026 02:04:34.731 [130692326575872] DEBUG - [FFMPEG] - mdct_inv_float_avx2 - type: mdct_float, len: [16, ∞], factors[2]: [2, any], flags: [aligned, out_of_place, inv_only], prio: 511
Sep 09, 2026 02:04:34.731 [130692326575872] DEBUG - [FFMPEG] -     2: 
Sep 09, 2026 02:04:34.731 [130692326575872] DEBUG - [FFMPEG] - mdct_inv_float_c - type: mdct_float, len: [2, ∞], factors[2]: [2, any], flags: [unaligned, out_of_place, inv_only], prio: 96
Sep 09, 2026 02:04:34.731 [130692326575872] DEBUG - [FFMPEG] -     3: 
Sep 09, 2026 02:04:34.731 [130692326575872] DEBUG - [FFMPEG] - mdct_naive_inv_float_c - type: mdct_float, len: [2, ∞], factors[2]: [2, any], flags: [unaligned, out_of_place, inv_only], prio: -130976
Sep 09, 2026 02:04:34.731 [130692326575872] DEBUG - [FFMPEG] - For transform of length 64, inverse, fft_float, flags: [aligned, inplace, preshuf, asm_call], found 3 matches:
Sep 09, 2026 02:04:34.731 [130692326575872] DEBUG - [FFMPEG] -     1: 
Sep 09, 2026 02:04:34.731 [130692326575872] DEBUG - [FFMPEG] - fft_sr_asm_float_fma3 - type: fft_float, len: [64, 131072], factor: 2, flags: [aligned, inplace, out_of_place, preshuf, asm_call], prio: 448
Sep 09, 2026 02:04:34.731 [130692326575872] DEBUG - [FFMPEG] -     2: 
Sep 09, 2026 02:04:34.731 [130692326575872] DEBUG - [FFMPEG] - fft_sr_asm_float_avx2 - type: fft_float, len: [64, 131072], factor: 2, flags: [aligned, inplace, out_of_place, preshuf, asm_call], prio: 447
Sep 09, 2026 02:04:34.731 [130692326575872] DEBUG - [FFMPEG] -     3: 
Sep 09, 2026 02:04:34.731 [130692326575872] DEBUG - [FFMPEG] - fft_sr_asm_float_avx - type: fft_float, len: [64, 131072], factor: 2, flags: [aligned, inplace, out_of_place, preshuf, asm_call], prio: 416
Sep 09, 2026 02:04:34.731 [130692326575872] DEBUG - [FFMPEG] - Transform tree:
Sep 09, 2026 02:04:34.731 [130692326575872] DEBUG - [FFMPEG] -     
Sep 09, 2026 02:04:34.731 [130692326575872] DEBUG - [FFMPEG] - mdct_inv_float_avx2 - type: mdct_float, len: 128, factors[2]: [2, any], flags: [aligned, out_of_place, inv_only]
Sep 09, 2026 02:04:34.731 [130692326575872] DEBUG - [FFMPEG] -     
Sep 09, 2026 02:04:34.731 [130692326575872] DEBUG - [FFMPEG] -     
Sep 09, 2026 02:04:34.731 [130692326575872] DEBUG - [FFMPEG] - fft_sr_asm_float_fma3 - type: fft_float, len: 64, factor: 2, flags: [aligned, inplace, out_of_place, preshuf, asm_call]
Sep 09, 2026 02:04:34.731 [130692326575872] DEBUG - [FFMPEG] - For transform of length 480, inverse, mdct_float, flags: [aligned, out_of_place], found 6 matches:
Sep 09, 2026 02:04:34.731 [130692326575872] DEBUG - [FFMPEG] -     1: 
Sep 09, 2026 02:04:34.731 [130692326575872] DEBUG - [FFMPEG] - mdct_inv_float_avx2 - type: mdct_float, len: [16, ∞], factors[2]: [2, any], flags: [aligned, out_of_place, inv_only], prio: 511
Sep 09, 2026 02:04:34.731 [130692326575872] DEBUG - [FFMPEG] -     2: 
Sep 09, 2026 02:04:34.731 [130692326575872] DEBUG - [FFMPEG] - mdct_pfa_15xM_inv_float_c - type: mdct_float, len: [30, ∞], factors[2]: [15, any], flags: [unaligned, out_of_place, inv_only], prio: 304
Sep 09, 2026 02:04:34.731 [130692326575872] DEBUG - [FFMPEG] -     3: 
Sep 09, 2026 02:04:34.731 [130692326575872] DEBUG - [FFMPEG] - mdct_pfa_5xM_inv_float_c - type: mdct_float, len: [10, ∞], factors[2]: [5, any], flags: [unaligned, out_of_place, inv_only], prio: 144
Sep 09, 2026 02:04:34.731 [130692326575872] DEBUG - [FFMPEG] -     4: 
Sep 09, 2026 02:04:34.731 [130692326575872] DEBUG - [FFMPEG] - mdct_pfa_3xM_inv_float_c - type: mdct_float, len: [6, ∞], factors[2]: [3, any], flags: [unaligned, out_of_place, inv_only], prio: 112
Sep 09, 2026 02:04:34.731 [130692326575872] DEBUG - [FFMPEG] -     5: 
Sep 09, 2026 02:04:34.731 [130692326575872] DEBUG - [FFMPEG] - mdct_inv_float_c - type: mdct_float, len: [2, ∞], factors[2]: [2, any], flags: [unaligned, out_of_place, inv_only], prio: 96
Sep 09, 2026 02:04:34.731 [130692326575872] DEBUG - [FFMPEG] -     6: 
Sep 09, 2026 02:04:34.731 [130692326575872] DEBUG - [FFMPEG] - mdct_naive_inv_float_c - type: mdct_float, len: [2, ∞], factors[2]: [2, any], flags: [unaligned, out_of_place, inv_only], prio: -130976
Sep 09, 2026 02:04:34.731 [130692326575872] DEBUG - [FFMPEG] - For transform of length 240, inverse, fft_float, flags: [aligned, inplace, preshuf, asm_call], found 1 matches:
Sep 09, 2026 02:04:34.731 [130692326575872] DEBUG - [FFMPEG] -     1: 
Sep 09, 2026 02:04:34.731 [130692326575872] DEBUG - [FFMPEG] - fft_pfa_15xM_asm_float_avx2 - type: fft_float, len: [60, ∞], factors[2]: [15, 2], flags: [aligned, inplace, out_of_place, preshuf, asm_call], prio: 655
Sep 09, 2026 02:04:34.731 [130692326575872] DEBUG - [FFMPEG] - For transform of length 16, inverse, fft_float, flags: [aligned, inplace, preshuf, asm_call], found 2 matches:
Sep 09, 2026 02:04:34.731 [130692326575872] DEBUG - [FFMPEG] -     1: 
Sep 09, 2026 02:04:34.731 [130692326575872] DEBUG - [FFMPEG] - fft16_asm_float_fma3 - type: fft_float, len: 16, factor: 2, flags: [aligned, inplace, out_of_place, preshuf, asm_call], prio: 512
Sep 09, 2026 02:04:34.731 [130692326575872] DEBUG - [FFMPEG] -     2: 
Sep 09, 2026 02:04:34.731 [130692326575872] DEBUG - [FFMPEG] - fft16_asm_float_avx - type: fft_float, len: 16, factor: 2, flags: [aligned, inplace, out_of_place, preshuf, asm_call], prio: 480
Sep 09, 2026 02:04:34.731 [130692326575872] DEBUG - [FFMPEG] - Transform tree:
Sep 09, 2026 02:04:34.731 [130692326575872] DEBUG - [FFMPEG] -     
Sep 09, 2026 02:04:34.731 [130692326575872] DEBUG - [FFMPEG] - mdct_inv_float_avx2 - type: mdct_float, len: 480, factors[2]: [2, any], flags: [aligned, out_of_place, inv_only]
Sep 09, 2026 02:04:34.731 [130692326575872] DEBUG - [FFMPEG] -     
Sep 09, 2026 02:04:34.731 [130692326575872] DEBUG - [FFMPEG] -     
Sep 09, 2026 02:04:34.731 [130692326575872] DEBUG - [FFMPEG] - fft_pfa_15xM_asm_float_avx2 - type: fft_float, len: 240, factors[2]: [15, 2], flags: [aligned, inplace, out_of_place, preshuf, asm_call]
Sep 09, 2026 02:04:34.731 [130692326575872] DEBUG - [FFMPEG] -     
Sep 09, 2026 02:04:34.731 [130692326575872] DEBUG - [FFMPEG] -     
Sep 09, 2026 02:04:34.731 [130692326575872] DEBUG - [FFMPEG] -     
Sep 09, 2026 02:04:34.731 [130692326575872] DEBUG - [FFMPEG] - fft16_asm_float_fma3 - type: fft_float, len: 16, factor: 2, flags: [aligned, inplace, out_of_place, preshuf, asm_call]
Sep 09, 2026 02:04:34.731 [130692326575872] DEBUG - [FFMPEG] - For transform of length 512, inverse, mdct_float, flags: [aligned, out_of_place], found 3 matches:
Sep 09, 2026 02:04:34.731 [130692326575872] DEBUG - [FFMPEG] -     1: 
Sep 09, 2026 02:04:34.731 [130692326575872] DEBUG - [FFMPEG] - mdct_inv_float_avx2 - type: mdct_float, len: [16, ∞], factors[2]: [2, any], flags: [aligned, out_of_place, inv_only], prio: 511
Sep 09, 2026 02:04:34.731 [130692326575872] DEBUG - [FFMPEG] -     2: 
Sep 09, 2026 02:04:34.731 [130692326575872] DEBUG - [FFMPEG] - mdct_inv_float_c - type: mdct_float, len: [2, ∞], factors[2]: [2, any], flags: [unaligned, out_of_place, inv_only], prio: 96
Sep 09, 2026 02:04:34.731 [130692326575872] DEBUG - [FFMPEG] -     3: 
Sep 09, 2026 02:04:34.731 [130692326575872] DEBUG - [FFMPEG] - mdct_naive_inv_float_c - type: mdct_float, len: [2, ∞], factors[2]: [2, any], flags: [unaligned, out_of_place, inv_only], prio: -130976
Sep 09, 2026 02:04:34.731 [130692326575872] DEBUG - [FFMPEG] - For transform of length 256, inverse, fft_float, flags: [aligned, inplace, preshuf, asm_call], found 3 matches:
Sep 09, 2026 02:04:34.731 [130692326575872] DEBUG - [FFMPEG] -     1: 
Sep 09, 2026 02:04:34.731 [130692326575872] DEBUG - [FFMPEG] - fft_sr_asm_float_fma3 - type: fft_float, len: [64, 131072], factor: 2, flags: [aligned, inplace, out_of_place, preshuf, asm_call], prio: 448
Sep 09, 2026 02:04:34.731 [130692326575872] DEBUG - [FFMPEG] -     2: 
Sep 09, 2026 02:04:34.731 [130692326575872] DEBUG - [FFMPEG] - fft_sr_asm_float_avx2 - type: fft_float, len: [64, 131072], factor: 2, flags: [aligned, inplace, out_of_place, preshuf, asm_call], prio: 447
Sep 09, 2026 02:04:34.731 [130692326575872] DEBUG - [FFMPEG] -     3: 
Sep 09, 2026 02:04:34.731 [130692326575872] DEBUG - [FFMPEG] - fft_sr_asm_float_avx - type: fft_float, len: [64, 131072], factor: 2, flags: [aligned, inplace, out_of_place, preshuf, asm_call], prio: 416
Sep 09, 2026 02:04:34.731 [130692326575872] DEBUG - [FFMPEG] - Transform tree:
Sep 09, 2026 02:04:34.731 [130692326575872] DEBUG - [FFMPEG] -     
Sep 09, 2026 02:04:34.731 [130692326575872] DEBUG - [FFMPEG] - mdct_inv_float_avx2 - type: mdct_float, len: 512, factors[2]: [2, any], flags: [aligned, out_of_place, inv_only]
Sep 09, 2026 02:04:34.731 [130692326575872] DEBUG - [FFMPEG] -     
Sep 09, 2026 02:04:34.731 [130692326575872] DEBUG - [FFMPEG] -     
Sep 09, 2026 02:04:34.731 [130692326575872] DEBUG - [FFMPEG] - fft_sr_asm_float_fma3 - type: fft_float, len: 256, factor: 2, flags: [aligned, inplace, out_of_place, preshuf, asm_call]
Sep 09, 2026 02:04:34.731 [130692326575872] DEBUG - [FFMPEG] - For transform of length 960, inverse, mdct_float, flags: [aligned, out_of_place], found 6 matches:
Sep 09, 2026 02:04:34.731 [130692326575872] DEBUG - [FFMPEG] -     1: 
Sep 09, 2026 02:04:34.731 [130692326575872] DEBUG - [FFMPEG] - mdct_inv_float_avx2 - type: mdct_float, len: [16, ∞], factors[2]: [2, any], flags: [aligned, out_of_place, inv_only], prio: 511
Sep 09, 2026 02:04:34.731 [130692326575872] DEBUG - [FFMPEG] -     2: 
Sep 09, 2026 02:04:34.731 [130692326575872] DEBUG - [FFMPEG] - mdct_pfa_15xM_inv_float_c - type: mdct_float, len: [30, ∞], factors[2]: [15, any], flags: [unaligned, out_of_place, inv_only], prio: 304
Sep 09, 2026 02:04:34.731 [130692326575872] DEBUG - [FFMPEG] -     3: 
Sep 09, 2026 02:04:34.731 [130692326575872] DEBUG - [FFMPEG] - mdct_pfa_5xM_inv_float_c - type: mdct_float, len: [10, ∞], factors[2]: [5, any], flags: [unaligned, out_of_place, inv_only], prio: 144
Sep 09, 2026 02:04:34.731 [130692326575872] DEBUG - [FFMPEG] -     4: 
Sep 09, 2026 02:04:34.731 [130692326575872] DEBUG - [FFMPEG] - mdct_pfa_3xM_inv_float_c - type: mdct_float, len: [6, ∞], factors[2]: [3, any], flags: [unaligned, out_of_place, inv_only], prio: 112
Sep 09, 2026 02:04:34.731 [130692326575872] DEBUG - [FFMPEG] -     5: 
Sep 09, 2026 02:04:34.731 [130692326575872] DEBUG - [FFMPEG] - mdct_inv_float_c - type: mdct_float, len: [2, ∞], factors[2]: [2, any], flags: [unaligned, out_of_place, inv_only], prio: 96
Sep 09, 2026 02:04:34.731 [130692326575872] DEBUG - [FFMPEG] -     6: 
Sep 09, 2026 02:04:34.731 [130692326575872] DEBUG - [FFMPEG] - mdct_naive_inv_float_c - type: mdct_float, len: [2, ∞], factors[2]: [2, any], flags: [unaligned, out_of_place, inv_only], prio: -130976
Sep 09, 2026 02:04:34.731 [130692326575872] DEBUG - [FFMPEG] - For transform of length 480, inverse, fft_float, flags: [aligned, inplace, preshuf, asm_call], found 1 matches:
Sep 09, 2026 02:04:34.731 [130692326575872] DEBUG - [FFMPEG] -     1: 
Sep 09, 2026 02:04:34.731 [130692326575872] DEBUG - [FFMPEG] - fft_pfa_15xM_asm_float_avx2 - type: fft_float, len: [60, ∞], factors[2]: [15, 2], flags: [aligned, inplace, out_of_place, preshuf, asm_call], prio: 655
Sep 09, 2026 02:04:34.731 [130692326575872] DEBUG - [FFMPEG] - For transform of length 32, inverse, fft_float, flags: [aligned, inplace, preshuf, asm_call], found 2 matches:
Sep 09, 2026 02:04:34.731 [130692326575872] DEBUG - [FFMPEG] -     1: 
Sep 09, 2026 02:04:34.731 [130692326575872] DEBUG - [FFMPEG] - fft32_asm_float_fma3 - type: fft_float, len: 32, factor: 2, flags: [aligned, inplace, out_of_place, preshuf, asm_call], prio: 512
Sep 09, 2026 02:04:34.731 [130692326575872] DEBUG - [FFMPEG] -     2: 
Sep 09, 2026 02:04:34.731 [130692326575872] DEBUG - [FFMPEG] - fft32_asm_float_avx - type: fft_float, len: 32, factor: 2, flags: [aligned, inplace, out_of_place, preshuf, asm_call], prio: 480
Sep 09, 2026 02:04:34.731 [130692326575872] DEBUG - [FFMPEG] - Transform tree:
Sep 09, 2026 02:04:34.731 [130692326575872] DEBUG - [FFMPEG] -     
Sep 09, 2026 02:04:34.731 [130692326575872] DEBUG - [FFMPEG] - mdct_inv_float_avx2 - type: mdct_float, len: 960, factors[2]: [2, any], flags: [aligned, out_of_place, inv_only]
Sep 09, 2026 02:04:34.731 [130692326575872] DEBUG - [FFMPEG] -     
Sep 09, 2026 02:04:34.731 [130692326575872] DEBUG - [FFMPEG] -     
Sep 09, 2026 02:04:34.731 [130692326575872] DEBUG - [FFMPEG] - fft_pfa_15xM_asm_float_avx2 - type: fft_float, len: 480, factors[2]: [15, 2], flags: [aligned, inplace, out_of_place, preshuf, asm_call]
Sep 09, 2026 02:04:34.731 [130692326575872] DEBUG - [FFMPEG] -     
Sep 09, 2026 02:04:34.731 [130692326575872] DEBUG - [FFMPEG] -     
Sep 09, 2026 02:04:34.731 [130692326575872] DEBUG - [FFMPEG] -     
Sep 09, 2026 02:04:34.731 [130692326575872] DEBUG - [FFMPEG] - fft32_asm_float_fma3 - type: fft_float, len: 32, factor: 2, flags: [aligned, inplace, out_of_place, preshuf, asm_call]
Sep 09, 2026 02:04:34.731 [130692326575872] DEBUG - [FFMPEG] - For transform of length 1024, inverse, mdct_float, flags: [aligned, out_of_place], found 3 matches:
Sep 09, 2026 02:04:34.731 [130692326575872] DEBUG - [FFMPEG] -     1: 
Sep 09, 2026 02:04:34.731 [130692326575872] DEBUG - [FFMPEG] - mdct_inv_float_avx2 - type: mdct_float, len: [16, ∞], factors[2]: [2, any], flags: [aligned, out_of_place, inv_only], prio: 511
Sep 09, 2026 02:04:34.731 [130692326575872] DEBUG - [FFMPEG] -     2: 
Sep 09, 2026 02:04:34.731 [130692326575872] DEBUG - [FFMPEG] - mdct_inv_float_c - type: mdct_float, len: [2, ∞], factors[2]: [2, any], flags: [unaligned, out_of_place, inv_only], prio: 96
Sep 09, 2026 02:04:34.731 [130692326575872] DEBUG - [FFMPEG] -     3: 
Sep 09, 2026 02:04:34.731 [130692326575872] DEBUG - [FFMPEG] - mdct_naive_inv_float_c - type: mdct_float, len: [2, ∞], factors[2]: [2, any], flags: [unaligned, out_of_place, inv_only], prio: -130976
Sep 09, 2026 02:04:34.731 [130692326575872] DEBUG - [FFMPEG] - For transform of length 512, inverse, fft_float, flags: [aligned, inplace, preshuf, asm_call], found 3 matches:
Sep 09, 2026 02:04:34.731 [130692326575872] DEBUG - [FFMPEG] -     1: 
Sep 09, 2026 02:04:34.731 [130692326575872] DEBUG - [FFMPEG] - fft_sr_asm_float_fma3 - type: fft_float, len: [64, 131072], factor: 2, flags: [aligned, inplace, out_of_place, preshuf, asm_call], prio: 448
Sep 09, 2026 02:04:34.731 [130692326575872] DEBUG - [FFMPEG] -     2: 
Sep 09, 2026 02:04:34.731 [130692326575872] DEBUG - [FFMPEG] - fft_sr_asm_float_avx2 - type: fft_float, len: [64, 131072], factor: 2, flags: [aligned, inplace, out_of_place, preshuf, asm_call], prio: 447
Sep 09, 2026 02:04:34.731 [130692326575872] DEBUG - [FFMPEG] -     3: 
Sep 09, 2026 02:04:34.731 [130692326575872] DEBUG - [FFMPEG] - fft_sr_asm_float_avx - type: fft_float, len: [64, 131072], factor: 2, flags: [aligned, inplace, out_of_place, preshuf, asm_call], prio: 416
Sep 09, 2026 02:04:34.731 [130692326575872] DEBUG - [FFMPEG] - Transform tree:
Sep 09, 2026 02:04:34.731 [130692326575872] DEBUG - [FFMPEG] -     
Sep 09, 2026 02:04:34.731 [130692326575872] DEBUG - [FFMPEG] - mdct_inv_float_avx2 - type: mdct_float, len: 1024, factors[2]: [2, any], flags: [aligned, out_of_place, inv_only]
Sep 09, 2026 02:04:34.731 [130692326575872] DEBUG - [FFMPEG] -     
Sep 09, 2026 02:04:34.731 [130692326575872] DEBUG - [FFMPEG] -     
Sep 09, 2026 02:04:34.731 [130692326575872] DEBUG - [FFMPEG] - fft_sr_asm_float_fma3 - type: fft_float, len: 512, factor: 2, flags: [aligned, inplace, out_of_place, preshuf, asm_call]
Sep 09, 2026 02:04:34.731 [130692326575872] DEBUG - [FFMPEG] - For transform of length 1024, forward, mdct_float, flags: [aligned, out_of_place], found 2 matches:
Sep 09, 2026 02:04:34.731 [130692326575872] DEBUG - [FFMPEG] -     1: 
Sep 09, 2026 02:04:34.731 [130692326575872] DEBUG - [FFMPEG] - mdct_fwd_float_c - type: mdct_float, len: [2, ∞], factors[2]: [2, any], flags: [unaligned, out_of_place, fwd_only], prio: 96
Sep 09, 2026 02:04:34.731 [130692326575872] DEBUG - [FFMPEG] -     2: 
Sep 09, 2026 02:04:34.731 [130692326575872] DEBUG - [FFMPEG] - mdct_naive_fwd_float_c - type: mdct_float, len: [2, ∞], factors[2]: [2, any], flags: [unaligned, out_of_place, fwd_only], prio: -130976
Sep 09, 2026 02:04:34.731 [130692326575872] DEBUG - [FFMPEG] - For transform of length 512, forward, fft_float, flags: [aligned, inplace, preshuf], found 5 matches:
Sep 09, 2026 02:04:34.731 [130692326575872] DEBUG - [FFMPEG] -     1: 
Sep 09, 2026 02:04:34.731 [130692326575872] DEBUG - [FFMPEG] - fft_sr_ns_float_fma3 - type: fft_float, len: [64, 131072], factor: 2, flags: [aligned, inplace, out_of_place, preshuf], prio: 448
Sep 09, 2026 02:04:34.731 [130692326575872] DEBUG - [FFMPEG] -     2: 
Sep 09, 2026 02:04:34.731 [130692326575872] DEBUG - [FFMPEG] - fft_sr_ns_float_avx2 - type: fft_float, len: [64, 131072], factor: 2, flags: [aligned, inplace, out_of_place, preshuf], prio: 447
Sep 09, 2026 02:04:34.731 [130692326575872] DEBUG - [FFMPEG] -     3: 
Sep 09, 2026 02:04:34.731 [130692326575872] DEBUG - [FFMPEG] - fft_sr_ns_float_avx - type: fft_float, len: [64, 131072], factor: 2, flags: [aligned, inplace, out_of_place, preshuf], prio: 416
Sep 09, 2026 02:04:34.731 [130692326575872] DEBUG - [FFMPEG] -     4: 
Sep 09, 2026 02:04:34.731 [130692326575872] DEBUG - [FFMPEG] - fft_pfa_ns_float_c - type: fft_float, len: [6, ∞], factors[2]: [7, 5, 3, 2, any], flags: [unaligned, inplace, out_of_place, preshuf], prio: 112
Sep 09, 2026 02:04:34.731 [130692326575872] DEBUG - [FFMPEG] -     5: 
Sep 09, 2026 02:04:34.731 [130692326575872] DEBUG - [FFMPEG] - fft512_ns_float_c - type: fft_float, len: 512, factor: 2, flags: [unaligned, inplace, out_of_place, preshuf], prio: 96
Sep 09, 2026 02:04:34.731 [130692326575872] DEBUG - [FFMPEG] - Transform tree:
Sep 09, 2026 02:04:34.731 [130692326575872] DEBUG - [FFMPEG] -     
Sep 09, 2026 02:04:34.731 [130692326575872] DEBUG - [FFMPEG] - mdct_fwd_float_c - type: mdct_float, len: 1024, factors[2]: [2, any], flags: [unaligned, out_of_place, fwd_only]
Sep 09, 2026 02:04:34.731 [130692326575872] DEBUG - [FFMPEG] -     
Sep 09, 2026 02:04:34.731 [130692326575872] DEBUG - [FFMPEG] -     
Sep 09, 2026 02:04:34.731 [130692326575872] DEBUG - [FFMPEG] - fft_sr_ns_float_fma3 - type: fft_float, len: 512, factor: 2, flags: [aligned, inplace, out_of_place, preshuf]
Sep 09, 2026 02:04:34.731 [130692326575872] DEBUG - [FFMPEG] - nal_unit_type: 7(SPS), nal_ref_idc: 3
Sep 09, 2026 02:04:34.731 [130692326575872] DEBUG - [FFMPEG] - Decoding VUI
Sep 09, 2026 02:04:34.731 [130692326575872] DEBUG - [FFMPEG] - nal_unit_type: 8(PPS), nal_ref_idc: 3
Sep 09, 2026 02:04:34.731 [130692326575872] DEBUG - [FFMPEG] - nal_unit_type: 6(SEI), nal_ref_idc: 0
Sep 09, 2026 02:04:34.731 [130692326575872] DEBUG - [FFMPEG] - nal_unit_type: 5(IDR), nal_ref_idc: 3
Sep 09, 2026 02:04:34.731 [130692326575872] DEBUG - [FFMPEG] - Format yuv420p chosen by get_format().
Sep 09, 2026 02:04:34.732 [130692326575872] DEBUG - [FFMPEG] - no picture 
Sep 09, 2026 02:04:34.733 [130692326575872] DEBUG - [FFMPEG] - nal_unit_type: 1(Coded slice of a non-IDR picture), nal_ref_idc: 2
Sep 09, 2026 02:04:34.733 [130692326575872] DEBUG - [FFMPEG] - no picture 
Sep 09, 2026 02:04:34.734 [130692326575872] DEBUG - [FFMPEG] - demuxer injecting skip 1024 / discard 0
Sep 09, 2026 02:04:34.734 [130692326575872] DEBUG - [FFMPEG] - skip 1024 / discard 0 samples due to side data
Sep 09, 2026 02:04:34.734 [130692326575872] DEBUG - [FFMPEG] - All info found
Sep 09, 2026 02:04:34.735 [130692326575872] DEBUG - [FFMPEG] - After avformat_find_stream_info() pos: 4689636 bytes read:4710938 seeks:0 frames:3
Sep 09, 2026 02:04:34.776 [130692326575872] DEBUG - Deep Analysis: Read 10000 packets at 141.034667
Sep 09, 2026 02:04:34.801 [130692326575872] DEBUG - Deep Analysis: Read 20000 packets at 282.125000
Sep 09, 2026 02:04:34.843 [130692326575872] DEBUG - Deep Analysis: Read 30000 packets at 423.210667
Sep 09, 2026 02:04:34.877 [130692326575872] DEBUG - Deep Analysis: Read 40000 packets at 564.309333
Sep 09, 2026 02:04:34.904 [130692326575872] DEBUG - Deep Analysis: Read 50000 packets at 705.408000
Sep 09, 2026 02:04:34.939 [130692326575872] DEBUG - Deep Analysis: Read 60000 packets at 846.500000
Sep 09, 2026 02:04:34.964 [130692326575872] DEBUG - Deep Analysis: Read 70000 packets at 987.584000
Sep 09, 2026 02:04:34.988 [130692326575872] DEBUG - Deep Analysis: Read 80000 packets at 1128.682667
Sep 09, 2026 02:04:35.029 [130692326575872] DEBUG - Deep Analysis: Read 90000 packets at 1269.781333
Sep 09, 2026 02:04:35.062 [130692326575872] DEBUG - Deep Analysis: Read 100000 packets at 1410.875000
Sep 09, 2026 02:04:35.074 [130692326575872] DEBUG - Deep Analysis: Read 110000 packets at 1551.958333
Sep 09, 2026 02:04:35.112 [130692326575872] DEBUG - Deep Analysis: Read 120000 packets at 1693.056000
Sep 09, 2026 02:04:35.130 [130692326575872] DEBUG - Deep Analysis: Read 130000 packets at 1834.154667
Sep 09, 2026 02:04:35.147 [130692326575872] DEBUG - Deep Analysis: Read 140000 packets at 1975.250000
Sep 09, 2026 02:04:35.159 [130692326575872] DEBUG - Deep Analysis: Read 150000 packets at 2116.333333
Sep 09, 2026 02:04:35.183 [130692326575872] DEBUG - Deep Analysis: Read 160000 packets at 2257.429333
Sep 09, 2026 02:04:35.215 [130692326575872] DEBUG - Deep Analysis: Read 170000 packets at 2398.528000
Sep 09, 2026 02:04:35.242 [130692326575872] DEBUG - Deep Analysis: Read 180000 packets at 2539.625000
Sep 09, 2026 02:04:35.265 [130692326575872] DEBUG - Deep Analysis: Read 190000 packets at 2680.708333
Sep 09, 2026 02:04:35.308 [130692326575872] DEBUG - Deep Analysis: Read 200000 packets at 2821.802667
Sep 09, 2026 02:04:35.347 [130692326575872] DEBUG - Deep Analysis: Read 210000 packets at 2962.901333
Sep 09, 2026 02:04:35.377 [130692326575872] DEBUG - Deep Analysis: Read 220000 packets at 3104.000000
Sep 09, 2026 02:04:35.425 [130692326575872] DEBUG - Deep Analysis: Read 230000 packets at 3245.083333
Sep 09, 2026 02:04:35.465 [130692326575872] DEBUG - Deep Analysis: Read 240000 packets at 3386.176000
Sep 09, 2026 02:04:35.487 [130692326575872] DEBUG - Deep Analysis: Read 250000 packets at 3527.274667
Sep 09, 2026 02:04:35.507 [130692326575872] DEBUG - Deep Analysis: Read 260000 packets at 3668.373333
Sep 09, 2026 02:04:35.529 [130692326575872] DEBUG - Deep Analysis: Read 270000 packets at 3809.458333
Sep 09, 2026 02:04:35.557 [130692326575872] DEBUG - Deep Analysis: Read 280000 packets at 3950.549333
Sep 09, 2026 02:04:35.600 [130692326575872] DEBUG - Deep Analysis: Read 290000 packets at 4091.648000
Sep 09, 2026 02:04:35.641 [130692326575872] DEBUG - Deep Analysis: Read 300000 packets at 4232.746667
Sep 09, 2026 02:04:35.658 [130692326575872] DEBUG - Deep Analysis: Read 310000 packets at 4373.833333
Sep 09, 2026 02:04:35.670 [130692326575872] DEBUG - Deep Analysis: Read 320000 packets at 4514.922667
Sep 09, 2026 02:04:35.704 [130692326575872] DEBUG - Deep Analysis: Read 330000 packets at 4656.021333
Sep 09, 2026 02:04:35.720 [130692326575872] DEBUG - Deep Analysis: Read 340000 packets at 4797.120000
Sep 09, 2026 02:04:35.744 [130692326575872] DEBUG - Deep Analysis: Read 350000 packets at 4938.208333
Sep 09, 2026 02:04:35.757 [130692326575872] DEBUG - Deep Analysis: Read 360000 packets at 5079.296000
Sep 09, 2026 02:04:35.770 [130692326575872] DEBUG - Deep Analysis: Read 370000 packets at 5220.394667
Sep 09, 2026 02:04:35.789 [130692326575872] DEBUG - Deep Analysis: Read 380000 packets at 5361.493333
Sep 09, 2026 02:04:35.822 [130692326575872] DEBUG - Deep Analysis: Read 390000 packets at 5502.583333
Sep 09, 2026 02:04:35.853 [130692326575872] DEBUG - Deep Analysis: Read 400000 packets at 5643.669333
Sep 09, 2026 02:04:35.878 [130692326575872] DEBUG - Deep Analysis: Read 410000 packets at 5784.768000
Sep 09, 2026 02:04:35.906 [130692326575872] DEBUG - Deep Analysis: Read 420000 packets at 5925.866667
Sep 09, 2026 02:04:35.935 [130692326575872] DEBUG - Deep Analysis: Read 430000 packets at 6066.958333
Sep 09, 2026 02:04:35.966 [130692326575872] DEBUG - Deep Analysis: Read 440000 packets at 6208.042667
Sep 09, 2026 02:04:35.998 [130692326575872] DEBUG - Deep Analysis: Read 450000 packets at 6349.141333
Sep 09, 2026 02:04:36.019 [130692326575872] DEBUG - Deep Analysis: Read 460000 packets at 6490.240000
Sep 09, 2026 02:04:36.037 [130692326575872] DEBUG - Deep Analysis: Read 470000 packets at 6631.333333
Sep 09, 2026 02:04:36.060 [130692326575872] DEBUG - Deep Analysis: Read 480000 packets at 6772.416667
Sep 09, 2026 02:04:36.077 [130692326575872] DEBUG - Deep Analysis: Read 490000 packets at 6913.514667
Sep 09, 2026 02:04:36.079 [130692326575872] DEBUG - Deep Analysis: Sorting packets
Sep 09, 2026 02:04:36.081 [130692326575872] DEBUG - Deep Analysis: Performing file bitrate analysis
Sep 09, 2026 02:04:36.129 [130692326575872] DEBUG - Deep Analysis: Performing stream bitrate analysis on stream 0
Sep 09, 2026 02:04:36.146 [130692326575872] DEBUG - Deep Analysis: Performing stream bitrate analysis on stream 1
Sep 09, 2026 02:04:36.173 [130692326575872] DEBUG - Deep Analysis: Saving GoP analysis for stream 0
Sep 09, 2026 02:04:36.175 [130692326575872] DEBUG - Deep Analysis: Saving bitrate analysis
Sep 09, 2026 02:04:36.175 [130692326575872] DEBUG - Updating part with ID=2301 [/media/movies/Moana (2026)/Moana (2026) [720p] [WEBRip] [YTS.GG - YTS.BZ].mp4]
Sep 09, 2026 02:04:36.175 [130692326575872] DEBUG - [MI] Closing input file: "/media/movies/Moana (2026)/Moana (2026) [720p] [WEBRip] [YTS.GG - YTS.BZ].mp4"
Sep 09, 2026 02:04:36.177 [130692326575872] DEBUG - Updating media item 2301, size=1114002426, metadata_item_id=1105
Sep 09, 2026 02:04:36.177 [130692326575872] DEBUG - Updating part with ID=2301 [/media/movies/Moana (2026)/Moana (2026) [720p] [WEBRip] [YTS.GG - YTS.BZ].mp4]
