<SessionReport version="2" startTime="0" startTimestamp="Sep 13, 2026 13:46:28.156" key="/library/metadata/1094" session="p1h3f000ahx76hhf3xhin1e7" transcode="pzef108x5wfgfoh9v2q9wq48">
<User id="1" thumb="https://plex.tv/users/bf5b5881cf0193e4/avatar?c=1789218997" title="lcorream" />
<Player address="192.168.50.150" device="Xbox" machineIdentifier="p1h3f000ahx76hhf3xhin1e7" model="Xbox Series S" platform="Xbox" platformVersion="10.0.26100.9426" playbackId="6bbfe792-91b9-440b-8149-534e094911f0" playbackSessionId="ad86eceb-7a95-49ad-9ed0-5eff88461dfe" product="Plex for Xbox" remotePublicAddress="83.29.212.5" title="XBOX" vendor="Microsoft" version="5.94.1" local="1" relayed="0" secure="1" userID="1" />
<Variants>
<Variant id="c1d1877a-e981-487e-ad6a-4bc6b49b6f16" targetBitrate="9267" context="streaming" subtitleDecision="copy" protocol="http" container="srt" transcodeHwRequested="0" transcodeHwFullPipeline="0">
<Media audioProfile="lc" id="2274" videoProfile="main 10" container="srt" duration="5322302" selected="1">
<Part audioProfile="lc" deepAnalysisVersion="6" id="2274" requiredBandwidths="30145,15338,10240,8825,8202,7857,6644,6417" videoProfile="main 10" container="srt" duration="5322302" decision="transcode" selected="1">
<Stream bitrate="0" codec="srt" default="1" displayTitle="English" extendedDisplayTitle="English (SRT)" format="srt" id="5485" language="English" languageCode="eng" languageTag="en" requiredBandwidths="1,1,1,1,1,1,1,1" selected="1" streamType="3" decision="copy" location="embedded" />
</Part>
</Media>
</Variant>
</Variants>
<SegmentList>
<Segment duration="2393" startOffset="667519" endOffset="669912">
<File name="chunk-00000" type="av">
<FileVariant size="77" variant="c1d1877a-e981-487e-ad6a-4bc6b49b6f16" />
</File>
<Timelines>
<Transcode startTime="170" endTime="175" complete="1" fileType="av" variant="c1d1877a-e981-487e-ad6a-4bc6b49b6f16" />
</Timelines>
</Segment>
<Segment duration="1260" startOffset="669913" endOffset="671174">
<File name="chunk-00001" type="av">
<FileVariant size="45" variant="c1d1877a-e981-487e-ad6a-4bc6b49b6f16" />
</File>
<Timelines>
<Transcode startTime="175" endTime="175" complete="1" fileType="av" variant="c1d1877a-e981-487e-ad6a-4bc6b49b6f16" />
</Timelines>
</Segment>
<Segment duration="2436" startOffset="671175" endOffset="673611">
<File name="chunk-00002" type="av">
<FileVariant size="83" variant="c1d1877a-e981-487e-ad6a-4bc6b49b6f16" />
</File>
<Timelines>
<Transcode startTime="175" endTime="177" complete="1" fileType="av" variant="c1d1877a-e981-487e-ad6a-4bc6b49b6f16" />
</Timelines>
</Segment>
<Segment duration="3307" startOffset="673612" endOffset="676919">
<File name="chunk-00003" type="av">
<FileVariant size="91" variant="c1d1877a-e981-487e-ad6a-4bc6b49b6f16" />
</File>
<Timelines>
<Transcode startTime="177" endTime="182" complete="1" fileType="av" variant="c1d1877a-e981-487e-ad6a-4bc6b49b6f16" />
</Timelines>
</Segment>
<Segment duration="3002" startOffset="676920" endOffset="679922">
<File name="chunk-00004" type="av">
<FileVariant size="101" variant="c1d1877a-e981-487e-ad6a-4bc6b49b6f16" />
</File>
<Timelines>
<Transcode startTime="182" endTime="184" complete="1" fileType="av" variant="c1d1877a-e981-487e-ad6a-4bc6b49b6f16" />
</Timelines>
</Segment>
<Segment duration="2174" startOffset="679923" endOffset="682098">
<File name="chunk-00005" type="av">
<FileVariant size="52" variant="c1d1877a-e981-487e-ad6a-4bc6b49b6f16" />
</File>
<Timelines>
<Transcode startTime="184" endTime="187" complete="1" fileType="av" variant="c1d1877a-e981-487e-ad6a-4bc6b49b6f16" />
</Timelines>
</Segment>
<Segment duration="3828" startOffset="682099" endOffset="685928">
<File name="chunk-00006" type="av">
<FileVariant size="91" variant="c1d1877a-e981-487e-ad6a-4bc6b49b6f16" />
</File>
<Timelines>
<Transcode startTime="187" endTime="191" complete="1" fileType="av" variant="c1d1877a-e981-487e-ad6a-4bc6b49b6f16" />
</Timelines>
</Segment>
<Segment duration="1305" startOffset="685929" endOffset="687234">
<File name="chunk-00007" type="av">
<FileVariant size="55" variant="c1d1877a-e981-487e-ad6a-4bc6b49b6f16" />
</File>
<Timelines>
<Transcode startTime="191" endTime="193" complete="1" fileType="av" variant="c1d1877a-e981-487e-ad6a-4bc6b49b6f16" />
</Timelines>
</Segment>
<Segment duration="1913" startOffset="687235" endOffset="689149">
<File name="chunk-00008" type="av">
<FileVariant size="51" variant="c1d1877a-e981-487e-ad6a-4bc6b49b6f16" />
</File>
<Timelines>
<Transcode startTime="193" endTime="195" complete="1" fileType="av" variant="c1d1877a-e981-487e-ad6a-4bc6b49b6f16" />
</Timelines>
</Segment>
<Segment duration="2872" startOffset="691021" endOffset="693893">
<File name="chunk-00009" type="av">
<FileVariant size="81" variant="c1d1877a-e981-487e-ad6a-4bc6b49b6f16" />
</File>
<Timelines>
<Transcode startTime="195" endTime="196" complete="1" fileType="av" variant="c1d1877a-e981-487e-ad6a-4bc6b49b6f16" />
</Timelines>
</Segment>
<Segment duration="2000" startOffset="693894" endOffset="695895">
<File name="chunk-00010" type="av">
<FileVariant size="61" variant="c1d1877a-e981-487e-ad6a-4bc6b49b6f16" />
</File>
<Timelines>
<Transcode startTime="196" endTime="198" complete="1" fileType="av" variant="c1d1877a-e981-487e-ad6a-4bc6b49b6f16" />
</Timelines>
</Segment>
<Segment duration="1826" startOffset="695896" endOffset="697723">
<File name="chunk-00011" type="av">
<FileVariant size="58" variant="c1d1877a-e981-487e-ad6a-4bc6b49b6f16" />
</File>
<Timelines>
<Transcode startTime="198" endTime="199" complete="1" fileType="av" variant="c1d1877a-e981-487e-ad6a-4bc6b49b6f16" />
</Timelines>
</Segment>
<Segment duration="1434" startOffset="697724" endOffset="699159">
<File name="chunk-00012" type="av">
<FileVariant size="48" variant="c1d1877a-e981-487e-ad6a-4bc6b49b6f16" />
</File>
<Timelines>
<Transcode startTime="199" endTime="202" complete="1" fileType="av" variant="c1d1877a-e981-487e-ad6a-4bc6b49b6f16" />
</Timelines>
</Segment>
<Segment duration="2653" startOffset="699160" endOffset="701814">
<File name="chunk-00013" type="av">
<FileVariant size="70" variant="c1d1877a-e981-487e-ad6a-4bc6b49b6f16" />
</File>
<Timelines>
<Transcode startTime="202" endTime="205" complete="1" fileType="av" variant="c1d1877a-e981-487e-ad6a-4bc6b49b6f16" />
</Timelines>
</Segment>
<Segment duration="3479" startOffset="701815" endOffset="705295">
<File name="chunk-00014" type="av">
<FileVariant size="69" variant="c1d1877a-e981-487e-ad6a-4bc6b49b6f16" />
</File>
<Timelines>
<Transcode startTime="205" endTime="209" complete="1" fileType="av" variant="c1d1877a-e981-487e-ad6a-4bc6b49b6f16" />
</Timelines>
</Segment>
<Segment duration="2261" startOffset="705296" endOffset="707558">
<File name="chunk-00015" type="av">
<FileVariant size="74" variant="c1d1877a-e981-487e-ad6a-4bc6b49b6f16" />
</File>
<Timelines>
<Transcode startTime="209" endTime="211" complete="1" fileType="av" variant="c1d1877a-e981-487e-ad6a-4bc6b49b6f16" />
</Timelines>
</Segment>
<Segment duration="1392" startOffset="707559" endOffset="708951">
<File name="chunk-00016" type="av">
<FileVariant size="53" variant="c1d1877a-e981-487e-ad6a-4bc6b49b6f16" />
</File>
<Timelines>
<Transcode startTime="211" endTime="212" complete="1" fileType="av" variant="c1d1877a-e981-487e-ad6a-4bc6b49b6f16" />
</Timelines>
</Segment>
<Segment duration="3697" startOffset="708952" endOffset="712650">
<File name="chunk-00017" type="av">
<FileVariant size="78" variant="c1d1877a-e981-487e-ad6a-4bc6b49b6f16" />
</File>
<Timelines>
<Transcode startTime="212" endTime="214" complete="1" fileType="av" variant="c1d1877a-e981-487e-ad6a-4bc6b49b6f16" />
</Timelines>
</Segment>
<Segment duration="1697" startOffset="712651" endOffset="714348">
<File name="chunk-00018" type="av">
<FileVariant size="55" variant="c1d1877a-e981-487e-ad6a-4bc6b49b6f16" />
</File>
<Timelines>
<Transcode startTime="214" endTime="215" complete="1" fileType="av" variant="c1d1877a-e981-487e-ad6a-4bc6b49b6f16" />
</Timelines>
</Segment>
<Segment duration="2653" startOffset="714349" endOffset="717003">
<File name="chunk-00019" type="av">
<FileVariant size="75" variant="c1d1877a-e981-487e-ad6a-4bc6b49b6f16" />
</File>
<Timelines>
<Transcode startTime="215" endTime="217" complete="1" fileType="av" variant="c1d1877a-e981-487e-ad6a-4bc6b49b6f16" />
</Timelines>
</Segment>
<Segment duration="2044" startOffset="717004" endOffset="719049">
<File name="chunk-00020" type="av">
<FileVariant size="62" variant="c1d1877a-e981-487e-ad6a-4bc6b49b6f16" />
</File>
<Timelines>
<Transcode startTime="217" endTime="218" complete="1" fileType="av" variant="c1d1877a-e981-487e-ad6a-4bc6b49b6f16" />
</Timelines>
</Segment>
<Segment duration="1696" startOffset="719876" endOffset="721572">
<File name="chunk-00021" type="av">
<FileVariant size="54" variant="c1d1877a-e981-487e-ad6a-4bc6b49b6f16" />
</File>
<Timelines>
<Transcode startTime="218" endTime="219" complete="1" fileType="av" variant="c1d1877a-e981-487e-ad6a-4bc6b49b6f16" />
</Timelines>
</Segment>
<Segment duration="1826" startOffset="721573" endOffset="723400">
<File name="chunk-00022" type="av">
<FileVariant size="39" variant="c1d1877a-e981-487e-ad6a-4bc6b49b6f16" />
</File>
<Timelines>
<Transcode startTime="219" endTime="221" complete="1" fileType="av" variant="c1d1877a-e981-487e-ad6a-4bc6b49b6f16" />
</Timelines>
</Segment>
<Segment duration="3786" startOffset="723401" endOffset="727187">
<File name="chunk-00023" type="av">
<FileVariant size="96" variant="c1d1877a-e981-487e-ad6a-4bc6b49b6f16" />
</File>
<Timelines>
<Transcode startTime="221" endTime="235" complete="1" fileType="av" variant="c1d1877a-e981-487e-ad6a-4bc6b49b6f16" />
</Timelines>
</Segment>
<Segment duration="3655" startOffset="731192" endOffset="734848">
<File name="chunk-00024" type="av">
<FileVariant size="86" variant="c1d1877a-e981-487e-ad6a-4bc6b49b6f16" />
</File>
<Timelines>
<Transcode startTime="235" endTime="240" complete="1" fileType="av" variant="c1d1877a-e981-487e-ad6a-4bc6b49b6f16" />
</Timelines>
</Segment>
<Segment duration="2000" startOffset="737720" endOffset="739721">
<File name="chunk-00025" type="av">
<FileVariant size="65" variant="c1d1877a-e981-487e-ad6a-4bc6b49b6f16" />
</File>
<Timelines>
<Transcode startTime="240" endTime="241" complete="1" fileType="av" variant="c1d1877a-e981-487e-ad6a-4bc6b49b6f16" />
</Timelines>
</Segment>
<Segment duration="3524" startOffset="739722" endOffset="743246">
<File name="chunk-00026" type="av">
<FileVariant size="91" variant="c1d1877a-e981-487e-ad6a-4bc6b49b6f16" />
</File>
<Timelines>
<Transcode startTime="241" endTime="243" complete="1" fileType="av" variant="c1d1877a-e981-487e-ad6a-4bc6b49b6f16" />
</Timelines>
</Segment>
<Segment duration="4350" startOffset="743247" endOffset="747598">
<File name="chunk-00027" type="av">
<FileVariant size="76" variant="c1d1877a-e981-487e-ad6a-4bc6b49b6f16" />
</File>
<Timelines>
<Transcode startTime="243" endTime="254" complete="1" fileType="av" variant="c1d1877a-e981-487e-ad6a-4bc6b49b6f16" />
</Timelines>
</Segment>
<Segment duration="2435" startOffset="749123" endOffset="751559">
<File name="chunk-00028" type="av">
<FileVariant size="71" variant="c1d1877a-e981-487e-ad6a-4bc6b49b6f16" />
</File>
<Timelines>
<Transcode startTime="254" endTime="255" complete="1" fileType="av" variant="c1d1877a-e981-487e-ad6a-4bc6b49b6f16" />
</Timelines>
</Segment>
<Segment duration="2175" startOffset="751560" endOffset="753735">
<File name="chunk-00029" type="av">
<FileVariant size="54" variant="c1d1877a-e981-487e-ad6a-4bc6b49b6f16" />
</File>
<Timelines>
<Transcode startTime="255" endTime="258" complete="1" fileType="av" variant="c1d1877a-e981-487e-ad6a-4bc6b49b6f16" />
</Timelines>
</Segment>
<Segment duration="2523" startOffset="753736" endOffset="756259">
<File name="chunk-00030" type="av">
<FileVariant size="55" variant="c1d1877a-e981-487e-ad6a-4bc6b49b6f16" />
</File>
<Timelines>
<Transcode startTime="258" endTime="259" complete="1" fileType="av" variant="c1d1877a-e981-487e-ad6a-4bc6b49b6f16" />
</Timelines>
</Segment>
<Segment duration="1130" startOffset="757609" endOffset="758740">
<File name="chunk-00031" type="av">
<FileVariant size="40" variant="c1d1877a-e981-487e-ad6a-4bc6b49b6f16" />
</File>
<Timelines>
<Transcode startTime="259" endTime="264" complete="1" fileType="av" variant="c1d1877a-e981-487e-ad6a-4bc6b49b6f16" />
</Timelines>
</Segment>
<Segment duration="1740" startOffset="758741" endOffset="760481">
<File name="chunk-00032" type="av">
<FileVariant size="40" variant="c1d1877a-e981-487e-ad6a-4bc6b49b6f16" />
</File>
<Timelines>
<Transcode startTime="264" endTime="266" complete="1" fileType="av" variant="c1d1877a-e981-487e-ad6a-4bc6b49b6f16" />
</Timelines>
</Segment>
<Segment duration="4482" startOffset="760482" endOffset="764964">
<File name="chunk-00033" type="av">
<FileVariant size="104" variant="c1d1877a-e981-487e-ad6a-4bc6b49b6f16" />
</File>
<Timelines>
<Transcode startTime="266" endTime="270" complete="1" fileType="av" variant="c1d1877a-e981-487e-ad6a-4bc6b49b6f16" />
</Timelines>
</Segment>
<Segment duration="1564" startOffset="764965" endOffset="766530">
<File name="chunk-00034" type="av">
<FileVariant size="40" variant="c1d1877a-e981-487e-ad6a-4bc6b49b6f16" />
</File>
<Timelines>
<Transcode startTime="270" endTime="272" complete="1" fileType="av" variant="c1d1877a-e981-487e-ad6a-4bc6b49b6f16" />
</Timelines>
</Segment>
<Segment duration="1131" startOffset="766531" endOffset="767662">
<File name="chunk-00035" type="av">
<FileVariant size="43" variant="c1d1877a-e981-487e-ad6a-4bc6b49b6f16" />
</File>
<Timelines>
<Transcode startTime="272" endTime="274" complete="1" fileType="av" variant="c1d1877a-e981-487e-ad6a-4bc6b49b6f16" />
</Timelines>
</Segment>
<Segment duration="1480" startOffset="767663" endOffset="769143">
<File name="chunk-00036" type="av">
<FileVariant size="40" variant="c1d1877a-e981-487e-ad6a-4bc6b49b6f16" />
</File>
<Timelines>
<Transcode startTime="274" endTime="276" complete="1" fileType="av" variant="c1d1877a-e981-487e-ad6a-4bc6b49b6f16" />
</Timelines>
</Segment>
<Segment duration="2393" startOffset="770709" endOffset="773102">
<File name="chunk-00037" type="av">
<FileVariant size="64" variant="c1d1877a-e981-487e-ad6a-4bc6b49b6f16" />
</File>
<Timelines>
<Transcode startTime="276" endTime="280" complete="1" fileType="av" variant="c1d1877a-e981-487e-ad6a-4bc6b49b6f16" />
</Timelines>
</Segment>
<Segment duration="1653" startOffset="773103" endOffset="774757">
<File name="chunk-00038" type="av">
<FileVariant size="46" variant="c1d1877a-e981-487e-ad6a-4bc6b49b6f16" />
</File>
<Timelines>
<Transcode startTime="280" endTime="280" complete="1" fileType="av" variant="c1d1877a-e981-487e-ad6a-4bc6b49b6f16" />
</Timelines>
</Segment>
<Segment duration="2000" startOffset="775105" endOffset="777106">
<File name="chunk-00039" type="av">
<FileVariant size="39" variant="c1d1877a-e981-487e-ad6a-4bc6b49b6f16" />
</File>
<Timelines>
<Transcode startTime="280" endTime="283" complete="1" fileType="av" variant="c1d1877a-e981-487e-ad6a-4bc6b49b6f16" />
</Timelines>
</Segment>
<Segment duration="2697" startOffset="777107" endOffset="779805">
<File name="chunk-00040" type="av">
<FileVariant size="75" variant="c1d1877a-e981-487e-ad6a-4bc6b49b6f16" />
</File>
<Timelines>
<Transcode startTime="283" endTime="283" complete="1" fileType="av" variant="c1d1877a-e981-487e-ad6a-4bc6b49b6f16" />
</Timelines>
</Segment>
<Segment duration="911" startOffset="779806" endOffset="780718">
<File name="chunk-00041" type="av">
<FileVariant size="42" variant="c1d1877a-e981-487e-ad6a-4bc6b49b6f16" />
</File>
<Timelines>
<Transcode startTime="283" endTime="285" complete="1" fileType="av" variant="c1d1877a-e981-487e-ad6a-4bc6b49b6f16" />
</Timelines>
</Segment>
<Segment duration="2653" startOffset="780719" endOffset="783373">
<File name="chunk-00042" type="av">
<FileVariant size="60" variant="c1d1877a-e981-487e-ad6a-4bc6b49b6f16" />
</File>
<Timelines>
<Transcode startTime="285" endTime="286" complete="1" fileType="av" variant="c1d1877a-e981-487e-ad6a-4bc6b49b6f16" />
</Timelines>
</Segment>
<Segment duration="2131" startOffset="783374" endOffset="785506">
<File name="chunk-00043" type="av">
<FileVariant size="72" variant="c1d1877a-e981-487e-ad6a-4bc6b49b6f16" />
</File>
<Timelines>
<Transcode startTime="286" endTime="288" complete="1" fileType="av" variant="c1d1877a-e981-487e-ad6a-4bc6b49b6f16" />
</Timelines>
</Segment>
<Segment duration="1479" startOffset="785507" endOffset="786986">
<File name="chunk-00044" type="av">
<FileVariant size="48" variant="c1d1877a-e981-487e-ad6a-4bc6b49b6f16" />
</File>
<Timelines>
<Transcode startTime="288" endTime="289" complete="1" fileType="av" variant="c1d1877a-e981-487e-ad6a-4bc6b49b6f16" />
</Timelines>
</Segment>
<Segment duration="2610" startOffset="786987" endOffset="789597">
<File name="chunk-00045" type="av">
<FileVariant size="68" variant="c1d1877a-e981-487e-ad6a-4bc6b49b6f16" />
</File>
<Timelines>
<Transcode startTime="289" endTime="292" complete="1" fileType="av" variant="c1d1877a-e981-487e-ad6a-4bc6b49b6f16" />
</Timelines>
</Segment>
<Segment duration="2001" startOffset="789598" endOffset="791599">
<File name="chunk-00046" type="av">
<FileVariant size="64" variant="c1d1877a-e981-487e-ad6a-4bc6b49b6f16" />
</File>
<Timelines>
<Transcode startTime="292" endTime="293" complete="1" fileType="av" variant="c1d1877a-e981-487e-ad6a-4bc6b49b6f16" />
</Timelines>
</Segment>
<Segment duration="2610" startOffset="791600" endOffset="794210">
<File name="chunk-00047" type="av">
<FileVariant size="68" variant="c1d1877a-e981-487e-ad6a-4bc6b49b6f16" />
</File>
<Timelines>
<Transcode startTime="293" endTime="295" complete="1" fileType="av" variant="c1d1877a-e981-487e-ad6a-4bc6b49b6f16" />
</Timelines>
</Segment>
<Segment duration="1653" startOffset="794211" endOffset="795864">
<File name="chunk-00048" type="av">
<FileVariant size="46" variant="c1d1877a-e981-487e-ad6a-4bc6b49b6f16" />
</File>
<Timelines>
<Transcode startTime="295" endTime="296" complete="1" fileType="av" variant="c1d1877a-e981-487e-ad6a-4bc6b49b6f16" />
</Timelines>
</Segment>
<Segment duration="1347" startOffset="795865" endOffset="797213">
<File name="chunk-00049" type="av">
<FileVariant size="41" variant="c1d1877a-e981-487e-ad6a-4bc6b49b6f16" />
</File>
<Timelines>
<Transcode startTime="296" endTime="297" complete="1" fileType="av" variant="c1d1877a-e981-487e-ad6a-4bc6b49b6f16" />
</Timelines>
</Segment>
<Segment duration="2827" startOffset="797214" endOffset="800042">
<File name="chunk-00050" type="av">
<FileVariant size="60" variant="c1d1877a-e981-487e-ad6a-4bc6b49b6f16" />
</File>
<Timelines>
<Transcode startTime="297" endTime="300" complete="1" fileType="av" variant="c1d1877a-e981-487e-ad6a-4bc6b49b6f16" />
</Timelines>
</Segment>
<Segment duration="1347" startOffset="800043" endOffset="801391">
<File name="chunk-00051" type="av">
<FileVariant size="51" variant="c1d1877a-e981-487e-ad6a-4bc6b49b6f16" />
</File>
<Timelines>
<Transcode startTime="300" endTime="302" complete="1" fileType="av" variant="c1d1877a-e981-487e-ad6a-4bc6b49b6f16" />
</Timelines>
</Segment>
<Segment duration="1697" startOffset="801392" endOffset="803089">
<File name="chunk-00052" type="av">
<FileVariant size="68" variant="c1d1877a-e981-487e-ad6a-4bc6b49b6f16" />
</File>
<Timelines>
<Transcode startTime="302" endTime="311" complete="1" fileType="av" variant="c1d1877a-e981-487e-ad6a-4bc6b49b6f16" />
</Timelines>
</Segment>
<Segment duration="1913" startOffset="803090" endOffset="805004">
<File name="chunk-00053" type="av">
<FileVariant size="63" variant="c1d1877a-e981-487e-ad6a-4bc6b49b6f16" />
</File>
<Timelines>
<Transcode startTime="311" endTime="312" complete="1" fileType="av" variant="c1d1877a-e981-487e-ad6a-4bc6b49b6f16" />
</Timelines>
</Segment>
<Segment duration="2566" startOffset="805005" endOffset="807571">
<File name="chunk-00054" type="av">
<FileVariant size="59" variant="c1d1877a-e981-487e-ad6a-4bc6b49b6f16" />
</File>
<Timelines>
<Transcode startTime="312" endTime="313" complete="1" fileType="av" variant="c1d1877a-e981-487e-ad6a-4bc6b49b6f16" />
</Timelines>
</Segment>
<Segment duration="2610" startOffset="807572" endOffset="810183">
<File name="chunk-00055" type="av">
<FileVariant size="68" variant="c1d1877a-e981-487e-ad6a-4bc6b49b6f16" />
</File>
<Timelines>
<Transcode startTime="313" endTime="315" complete="1" fileType="av" variant="c1d1877a-e981-487e-ad6a-4bc6b49b6f16" />
</Timelines>
</Segment>
<Segment duration="1956" startOffset="810184" endOffset="812141">
<File name="chunk-00056" type="av">
<FileVariant size="78" variant="c1d1877a-e981-487e-ad6a-4bc6b49b6f16" />
</File>
<Timelines>
<Transcode startTime="315" endTime="317" complete="1" fileType="av" variant="c1d1877a-e981-487e-ad6a-4bc6b49b6f16" />
</Timelines>
</Segment>
<Segment duration="2783" startOffset="815929" endOffset="818713">
<File name="chunk-00057" type="av">
<FileVariant size="84" variant="c1d1877a-e981-487e-ad6a-4bc6b49b6f16" />
</File>
<Timelines>
<Transcode startTime="317" endTime="318" complete="1" fileType="av" variant="c1d1877a-e981-487e-ad6a-4bc6b49b6f16" />
</Timelines>
</Segment>
<Segment duration="1260" startOffset="818714" endOffset="819975">
<File name="chunk-00058" type="av">
<FileVariant size="47" variant="c1d1877a-e981-487e-ad6a-4bc6b49b6f16" />
</File>
<Timelines>
<Transcode startTime="318" endTime="321" complete="1" fileType="av" variant="c1d1877a-e981-487e-ad6a-4bc6b49b6f16" />
</Timelines>
</Segment>
<Segment duration="3263" startOffset="819976" endOffset="823239">
<File name="chunk-00059" type="av">
<FileVariant size="79" variant="c1d1877a-e981-487e-ad6a-4bc6b49b6f16" />
</File>
<Timelines>
<Transcode startTime="321" endTime="321" complete="1" fileType="av" variant="c1d1877a-e981-487e-ad6a-4bc6b49b6f16" />
</Timelines>
</Segment>
<Segment duration="1783" startOffset="823240" endOffset="825024">
<File name="chunk-00060" type="av">
<FileVariant size="45" variant="c1d1877a-e981-487e-ad6a-4bc6b49b6f16" />
</File>
<Timelines>
<Transcode startTime="321" endTime="322" complete="1" fileType="av" variant="c1d1877a-e981-487e-ad6a-4bc6b49b6f16" />
</Timelines>
</Segment>
<Segment duration="4742" startOffset="825025" endOffset="829767">
<File name="chunk-00061" type="av">
<FileVariant size="102" variant="c1d1877a-e981-487e-ad6a-4bc6b49b6f16" />
</File>
<Timelines>
<Transcode startTime="322" endTime="323" complete="1" fileType="av" variant="c1d1877a-e981-487e-ad6a-4bc6b49b6f16" />
</Timelines>
</Segment>
<Segment duration="2218" startOffset="829768" endOffset="831987">
<File name="chunk-00062" type="av">
<FileVariant size="64" variant="c1d1877a-e981-487e-ad6a-4bc6b49b6f16" />
</File>
<Timelines>
<Transcode startTime="323" endTime="329" complete="1" fileType="av" variant="c1d1877a-e981-487e-ad6a-4bc6b49b6f16" />
</Timelines>
</Segment>
<Segment duration="2827" startOffset="831988" endOffset="834816">
<File name="chunk-00063" type="av">
<FileVariant size="87" variant="c1d1877a-e981-487e-ad6a-4bc6b49b6f16" />
</File>
<Timelines>
<Transcode startTime="329" endTime="329" complete="1" fileType="av" variant="c1d1877a-e981-487e-ad6a-4bc6b49b6f16" />
</Timelines>
</Segment>
<Segment duration="3220" startOffset="834817" endOffset="838037">
<File name="chunk-00064" type="av">
<FileVariant size="80" variant="c1d1877a-e981-487e-ad6a-4bc6b49b6f16" />
</File>
<Timelines>
<Transcode startTime="329" endTime="332" complete="1" fileType="av" variant="c1d1877a-e981-487e-ad6a-4bc6b49b6f16" />
</Timelines>
</Segment>
<Segment duration="1130" startOffset="838038" endOffset="839169">
<File name="chunk-00065" type="av">
<FileVariant size="39" variant="c1d1877a-e981-487e-ad6a-4bc6b49b6f16" />
</File>
<Timelines>
<Transcode startTime="332" endTime="332" complete="1" fileType="av" variant="c1d1877a-e981-487e-ad6a-4bc6b49b6f16" />
</Timelines>
</Segment>
<Segment duration="2566" startOffset="840867" endOffset="843433">
<File name="chunk-00066" type="av">
<FileVariant size="81" variant="c1d1877a-e981-487e-ad6a-4bc6b49b6f16" />
</File>
<Timelines>
<Transcode startTime="332" endTime="335" complete="1" fileType="av" variant="c1d1877a-e981-487e-ad6a-4bc6b49b6f16" />
</Timelines>
</Segment>
<Segment duration="2960" startOffset="843434" endOffset="846394">
<File name="chunk-00067" type="av">
<FileVariant size="85" variant="c1d1877a-e981-487e-ad6a-4bc6b49b6f16" />
</File>
<Timelines>
<Transcode startTime="335" endTime="336" complete="1" fileType="av" variant="c1d1877a-e981-487e-ad6a-4bc6b49b6f16" />
</Timelines>
</Segment>
<Segment duration="1826" startOffset="853401" endOffset="855228">
<File name="chunk-00068" type="av">
<FileVariant size="52" variant="c1d1877a-e981-487e-ad6a-4bc6b49b6f16" />
</File>
<Timelines>
<Transcode startTime="336" endTime="338" complete="1" fileType="av" variant="c1d1877a-e981-487e-ad6a-4bc6b49b6f16" />
</Timelines>
</Segment>
<Segment duration="3349" startOffset="855229" endOffset="858579">
<File name="chunk-00069" type="av">
<FileVariant size="102" variant="c1d1877a-e981-487e-ad6a-4bc6b49b6f16" />
</File>
<Timelines>
<Transcode startTime="338" endTime="343" complete="1" fileType="av" variant="c1d1877a-e981-487e-ad6a-4bc6b49b6f16" />
</Timelines>
</Segment>
<Segment duration="2827" startOffset="858580" endOffset="861408">
<File name="chunk-00070" type="av">
<FileVariant size="59" variant="c1d1877a-e981-487e-ad6a-4bc6b49b6f16" />
</File>
<Timelines>
<Transcode startTime="343" endTime="344" complete="1" fileType="av" variant="c1d1877a-e981-487e-ad6a-4bc6b49b6f16" />
</Timelines>
</Segment>
<Segment duration="1522" startOffset="861409" endOffset="862931">
<File name="chunk-00071" type="av">
<FileVariant size="41" variant="c1d1877a-e981-487e-ad6a-4bc6b49b6f16" />
</File>
<Timelines>
<Transcode startTime="344" endTime="345" complete="1" fileType="av" variant="c1d1877a-e981-487e-ad6a-4bc6b49b6f16" />
</Timelines>
</Segment>
<Segment duration="2000" startOffset="862932" endOffset="864933">
<File name="chunk-00072" type="av">
<FileVariant size="70" variant="c1d1877a-e981-487e-ad6a-4bc6b49b6f16" />
</File>
<Timelines>
<Transcode startTime="345" endTime="347" complete="1" fileType="av" variant="c1d1877a-e981-487e-ad6a-4bc6b49b6f16" />
</Timelines>
</Segment>
<Segment duration="1696" startOffset="864934" endOffset="866630">
<File name="chunk-00073" type="av">
<FileVariant size="62" variant="c1d1877a-e981-487e-ad6a-4bc6b49b6f16" />
</File>
<Timelines>
<Transcode startTime="347" endTime="348" complete="1" fileType="av" variant="c1d1877a-e981-487e-ad6a-4bc6b49b6f16" />
</Timelines>
</Segment>
<Segment duration="1697" startOffset="866631" endOffset="868328">
<File name="chunk-00074" type="av">
<FileVariant size="64" variant="c1d1877a-e981-487e-ad6a-4bc6b49b6f16" />
</File>
<Timelines>
<Transcode startTime="348" endTime="348" complete="1" fileType="av" variant="c1d1877a-e981-487e-ad6a-4bc6b49b6f16" />
</Timelines>
</Segment>
<Segment duration="3002" startOffset="868329" endOffset="871331">
<File name="chunk-00075" type="av">
<FileVariant size="73" variant="c1d1877a-e981-487e-ad6a-4bc6b49b6f16" />
</File>
<Timelines>
<Transcode startTime="348" endTime="351" complete="1" fileType="av" variant="c1d1877a-e981-487e-ad6a-4bc6b49b6f16" />
</Timelines>
</Segment>
<Segment duration="2567" startOffset="871332" endOffset="873899">
<File name="chunk-00076" type="av">
<FileVariant size="89" variant="c1d1877a-e981-487e-ad6a-4bc6b49b6f16" />
</File>
<Timelines>
<Transcode startTime="351" endTime="352" complete="1" fileType="av" variant="c1d1877a-e981-487e-ad6a-4bc6b49b6f16" />
</Timelines>
</Segment>
<Segment duration="2957" startOffset="873900" endOffset="876858">
<File name="chunk-00077" type="av">
<FileVariant size="58" variant="c1d1877a-e981-487e-ad6a-4bc6b49b6f16" />
</File>
<Timelines>
<Transcode startTime="352" endTime="354" complete="1" fileType="av" variant="c1d1877a-e981-487e-ad6a-4bc6b49b6f16" />
</Timelines>
</Segment>
<Segment duration="1956" startOffset="876859" endOffset="878816">
<File name="chunk-00078" type="av">
<FileVariant size="59" variant="c1d1877a-e981-487e-ad6a-4bc6b49b6f16" />
</File>
<Timelines>
<Transcode startTime="354" endTime="355" complete="1" fileType="av" variant="c1d1877a-e981-487e-ad6a-4bc6b49b6f16" />
</Timelines>
</Segment>
<Segment duration="3785" startOffset="878817" endOffset="882603">
<File name="chunk-00079" type="av">
<FileVariant size="89" variant="c1d1877a-e981-487e-ad6a-4bc6b49b6f16" />
</File>
<Timelines>
<Transcode startTime="355" endTime="356" complete="1" fileType="av" variant="c1d1877a-e981-487e-ad6a-4bc6b49b6f16" />
</Timelines>
</Segment>
<Segment duration="2827" startOffset="882604" endOffset="885432">
<File name="chunk-00080" type="av">
<FileVariant size="56" variant="c1d1877a-e981-487e-ad6a-4bc6b49b6f16" />
</File>
<Timelines>
<Transcode startTime="356" endTime="359" complete="1" fileType="av" variant="c1d1877a-e981-487e-ad6a-4bc6b49b6f16" />
</Timelines>
</Segment>
<Segment duration="1870" startOffset="885433" endOffset="887303">
<File name="chunk-00081" type="av">
<FileVariant size="69" variant="c1d1877a-e981-487e-ad6a-4bc6b49b6f16" />
</File>
<Timelines>
<Transcode startTime="359" endTime="361" complete="1" fileType="av" variant="c1d1877a-e981-487e-ad6a-4bc6b49b6f16" />
</Timelines>
</Segment>
<Segment duration="2088" startOffset="887304" endOffset="889392">
<File name="chunk-00082" type="av">
<FileVariant size="44" variant="c1d1877a-e981-487e-ad6a-4bc6b49b6f16" />
</File>
<Timelines>
<Transcode startTime="361" endTime="369" complete="1" fileType="av" variant="c1d1877a-e981-487e-ad6a-4bc6b49b6f16" />
</Timelines>
</Segment>
<Segment duration="2130" startOffset="899447" endOffset="901578">
<File name="chunk-00083" type="av">
<FileVariant size="54" variant="c1d1877a-e981-487e-ad6a-4bc6b49b6f16" />
</File>
<Timelines>
<Transcode startTime="369" endTime="371" complete="1" fileType="av" variant="c1d1877a-e981-487e-ad6a-4bc6b49b6f16" />
</Timelines>
</Segment>
<Segment duration="2827" startOffset="904452" endOffset="907280">
<File name="chunk-00084" type="av">
<FileVariant size="64" variant="c1d1877a-e981-487e-ad6a-4bc6b49b6f16" />
</File>
<Timelines>
<Transcode startTime="371" endTime="374" complete="1" fileType="av" variant="c1d1877a-e981-487e-ad6a-4bc6b49b6f16" />
</Timelines>
</Segment>
<Segment duration="2479" startOffset="907281" endOffset="909760">
<File name="chunk-00085" type="av">
<FileVariant size="62" variant="c1d1877a-e981-487e-ad6a-4bc6b49b6f16" />
</File>
<Timelines>
<Transcode startTime="374" endTime="375" complete="1" fileType="av" variant="c1d1877a-e981-487e-ad6a-4bc6b49b6f16" />
</Timelines>
</Segment>
<Segment duration="1479" startOffset="909761" endOffset="911240">
<File name="chunk-00086" type="av">
<FileVariant size="65" variant="c1d1877a-e981-487e-ad6a-4bc6b49b6f16" />
</File>
<Timelines>
<Transcode startTime="375" endTime="377" complete="1" fileType="av" variant="c1d1877a-e981-487e-ad6a-4bc6b49b6f16" />
</Timelines>
</Segment>
<Segment duration="2000" startOffset="911241" endOffset="913242">
<File name="chunk-00087" type="av">
<FileVariant size="64" variant="c1d1877a-e981-487e-ad6a-4bc6b49b6f16" />
</File>
<Timelines>
<Transcode startTime="377" endTime="377" complete="1" fileType="av" variant="c1d1877a-e981-487e-ad6a-4bc6b49b6f16" />
</Timelines>
</Segment>
<Segment duration="2827" startOffset="913243" endOffset="916071">
<File name="chunk-00088" type="av">
<FileVariant size="88" variant="c1d1877a-e981-487e-ad6a-4bc6b49b6f16" />
</File>
<Timelines>
<Transcode startTime="377" endTime="378" complete="1" fileType="av" variant="c1d1877a-e981-487e-ad6a-4bc6b49b6f16" />
</Timelines>
</Segment>
<Segment duration="1566" startOffset="916072" endOffset="917638">
<File name="chunk-00089" type="av">
<FileVariant size="54" variant="c1d1877a-e981-487e-ad6a-4bc6b49b6f16" />
</File>
<Timelines>
<Transcode startTime="378" endTime="379" complete="1" fileType="av" variant="c1d1877a-e981-487e-ad6a-4bc6b49b6f16" />
</Timelines>
</Segment>
<Segment duration="2393" startOffset="917639" endOffset="920032">
<File name="chunk-00090" type="av">
<FileVariant size="63" variant="c1d1877a-e981-487e-ad6a-4bc6b49b6f16" />
</File>
<Timelines>
<Transcode startTime="379" endTime="380" complete="1" fileType="av" variant="c1d1877a-e981-487e-ad6a-4bc6b49b6f16" />
</Timelines>
</Segment>
<Segment duration="2566" startOffset="920033" endOffset="922599">
<File name="chunk-00091" type="av">
<FileVariant size="65" variant="c1d1877a-e981-487e-ad6a-4bc6b49b6f16" />
</File>
<Timelines>
<Transcode startTime="380" endTime="381" complete="1" fileType="av" variant="c1d1877a-e981-487e-ad6a-4bc6b49b6f16" />
</Timelines>
</Segment>
<Segment duration="1304" startOffset="923514" endOffset="924819">
<File name="chunk-00092" type="av">
<FileVariant size="50" variant="c1d1877a-e981-487e-ad6a-4bc6b49b6f16" />
</File>
<Timelines>
<Transcode startTime="381" endTime="382" complete="1" fileType="av" variant="c1d1877a-e981-487e-ad6a-4bc6b49b6f16" />
</Timelines>
</Segment>
<Segment duration="2087" startOffset="924820" endOffset="926908">
<File name="chunk-00093" type="av">
<FileVariant size="40" variant="c1d1877a-e981-487e-ad6a-4bc6b49b6f16" />
</File>
<Timelines>
<Transcode startTime="382" endTime="382" complete="1" fileType="av" variant="c1d1877a-e981-487e-ad6a-4bc6b49b6f16" />
</Timelines>
</Segment>
<Segment duration="1956" startOffset="926909" endOffset="928866">
<File name="chunk-00094" type="av">
<FileVariant size="65" variant="c1d1877a-e981-487e-ad6a-4bc6b49b6f16" />
</File>
<Timelines>
<Transcode startTime="382" endTime="383" complete="1" fileType="av" variant="c1d1877a-e981-487e-ad6a-4bc6b49b6f16" />
</Timelines>
</Segment>
<Segment duration="2524" startOffset="928867" endOffset="931391">
<File name="chunk-00095" type="av">
<FileVariant size="81" variant="c1d1877a-e981-487e-ad6a-4bc6b49b6f16" />
</File>
<Timelines>
<Transcode startTime="383" endTime="384" complete="1" fileType="av" variant="c1d1877a-e981-487e-ad6a-4bc6b49b6f16" />
</Timelines>
</Segment>
<Segment duration="1565" startOffset="931392" endOffset="932958">
<File name="chunk-00096" type="av">
<FileVariant size="60" variant="c1d1877a-e981-487e-ad6a-4bc6b49b6f16" />
</File>
<Timelines>
<Transcode startTime="384" endTime="385" complete="1" fileType="av" variant="c1d1877a-e981-487e-ad6a-4bc6b49b6f16" />
</Timelines>
</Segment>
<Segment duration="2740" startOffset="932959" endOffset="935699">
<File name="chunk-00097" type="av">
<FileVariant size="88" variant="c1d1877a-e981-487e-ad6a-4bc6b49b6f16" />
</File>
<Timelines>
<Transcode startTime="385" endTime="394" complete="1" fileType="av" variant="c1d1877a-e981-487e-ad6a-4bc6b49b6f16" />
</Timelines>
</Segment>
<Segment duration="1697" startOffset="935700" endOffset="937398">
<File name="chunk-00098" type="av">
<FileVariant size="67" variant="c1d1877a-e981-487e-ad6a-4bc6b49b6f16" />
</File>
<Timelines>
<Transcode startTime="394" endTime="394" complete="1" fileType="av" variant="c1d1877a-e981-487e-ad6a-4bc6b49b6f16" />
</Timelines>
</Segment>
<Segment duration="3656" startOffset="938573" endOffset="942229">
<File name="chunk-00099" type="av">
<FileVariant size="79" variant="c1d1877a-e981-487e-ad6a-4bc6b49b6f16" />
</File>
<Timelines>
<Transcode startTime="394" endTime="394" complete="1" fileType="av" variant="c1d1877a-e981-487e-ad6a-4bc6b49b6f16" />
</Timelines>
</Segment>
<Segment duration="1437" startOffset="945884" endOffset="947321">
<File name="chunk-00100" type="av">
<FileVariant size="53" variant="c1d1877a-e981-487e-ad6a-4bc6b49b6f16" />
</File>
<Timelines>
<Transcode startTime="394" endTime="395" complete="1" fileType="av" variant="c1d1877a-e981-487e-ad6a-4bc6b49b6f16" />
</Timelines>
</Segment>
<Segment duration="1305" startOffset="950237" endOffset="951542">
<File name="chunk-00101" type="av">
<FileVariant size="50" variant="c1d1877a-e981-487e-ad6a-4bc6b49b6f16" />
</File>
<Timelines>
<Transcode startTime="395" endTime="396" complete="1" fileType="av" variant="c1d1877a-e981-487e-ad6a-4bc6b49b6f16" />
</Timelines>
</Segment>
<Segment duration="2263" startOffset="954110" endOffset="956373">
<File name="chunk-00102" type="av">
<FileVariant size="56" variant="c1d1877a-e981-487e-ad6a-4bc6b49b6f16" />
</File>
<Timelines>
<Transcode startTime="396" endTime="443" complete="1" fileType="av" variant="c1d1877a-e981-487e-ad6a-4bc6b49b6f16" />
</Timelines>
</Segment>
<Segment duration="3567" startOffset="958985" endOffset="962552">
<File name="chunk-00103" type="av">
<FileVariant size="55" variant="c1d1877a-e981-487e-ad6a-4bc6b49b6f16" />
</File>
<Timelines>
<Transcode startTime="443" endTime="445" complete="1" fileType="av" variant="c1d1877a-e981-487e-ad6a-4bc6b49b6f16" />
</Timelines>
</Segment>
<Segment duration="1043" startOffset="962553" endOffset="963597">
<File name="chunk-00104" type="av">
<FileVariant size="40" variant="c1d1877a-e981-487e-ad6a-4bc6b49b6f16" />
</File>
<Timelines>
<Transcode startTime="445" endTime="445" complete="1" fileType="av" variant="c1d1877a-e981-487e-ad6a-4bc6b49b6f16" />
</Timelines>
</Segment>
<Segment duration="1956" startOffset="963598" endOffset="965555">
<File name="chunk-00105" type="av">
<FileVariant size="59" variant="c1d1877a-e981-487e-ad6a-4bc6b49b6f16" />
</File>
<Timelines>
<Transcode startTime="445" endTime="556" complete="1" fileType="av" variant="c1d1877a-e981-487e-ad6a-4bc6b49b6f16" />
</Timelines>
</Segment>
<Segment duration="1741" startOffset="969430" endOffset="971171">
<File name="chunk-00106" type="av">
<FileVariant size="39" variant="c1d1877a-e981-487e-ad6a-4bc6b49b6f16" />
</File>
<Timelines>
<Transcode startTime="556" endTime="601" complete="1" fileType="av" variant="c1d1877a-e981-487e-ad6a-4bc6b49b6f16" />
</Timelines>
</Segment>
<Segment duration="2393" startOffset="976132" endOffset="978525">
<File name="chunk-00107" type="av">
<FileVariant size="68" variant="c1d1877a-e981-487e-ad6a-4bc6b49b6f16" />
</File>
<Timelines>
<Transcode startTime="601" endTime="602" complete="1" fileType="av" variant="c1d1877a-e981-487e-ad6a-4bc6b49b6f16" />
</Timelines>
</Segment>
<Segment duration="2132" startOffset="978526" endOffset="980658">
<File name="chunk-00108" type="av">
<FileVariant size="75" variant="c1d1877a-e981-487e-ad6a-4bc6b49b6f16" />
</File>
<Timelines>
<Transcode startTime="602" endTime="608" complete="1" fileType="av" variant="c1d1877a-e981-487e-ad6a-4bc6b49b6f16" />
</Timelines>
</Segment>
<Segment duration="1000" startOffset="983879" endOffset="984880">
<File name="chunk-00109" type="av">
<FileVariant size="41" variant="c1d1877a-e981-487e-ad6a-4bc6b49b6f16" />
</File>
<Timelines>
<Transcode startTime="608" endTime="655" complete="1" fileType="av" variant="c1d1877a-e981-487e-ad6a-4bc6b49b6f16" />
</Timelines>
</Segment>
<Segment duration="2044" startOffset="986142" endOffset="988187">
<File name="chunk-00110" type="av">
<FileVariant size="47" variant="c1d1877a-e981-487e-ad6a-4bc6b49b6f16" />
</File>
<Timelines>
<Transcode startTime="655" endTime="771" complete="1" fileType="av" variant="c1d1877a-e981-487e-ad6a-4bc6b49b6f16" />
</Timelines>
</Segment>
<Segment duration="3264" startOffset="996761" endOffset="1000025">
<File name="chunk-00111" type="av">
<FileVariant size="40" variant="c1d1877a-e981-487e-ad6a-4bc6b49b6f16" />
</File>
<Timelines>
<Transcode startTime="771" endTime="776" complete="1" fileType="av" variant="c1d1877a-e981-487e-ad6a-4bc6b49b6f16" />
</Timelines>
</Segment>
<Segment duration="4568" startOffset="1000026" endOffset="1004594">
<File name="chunk-00112" type="av">
<FileVariant size="83" variant="c1d1877a-e981-487e-ad6a-4bc6b49b6f16" />
</File>
<Timelines>
<Transcode startTime="776" endTime="839" complete="1" fileType="av" variant="c1d1877a-e981-487e-ad6a-4bc6b49b6f16" />
</Timelines>
</Segment>
<Segment duration="2610" startOffset="1004595" endOffset="1007206">
<File name="chunk-00113" type="av">
<FileVariant size="54" variant="c1d1877a-e981-487e-ad6a-4bc6b49b6f16" />
</File>
<Timelines>
<Transcode startTime="839" endTime="877" complete="1" fileType="av" variant="c1d1877a-e981-487e-ad6a-4bc6b49b6f16" />
</Timelines>
</Segment>
<Segment duration="1696" startOffset="1007207" endOffset="1008903">
<File name="chunk-00114" type="av">
<FileVariant size="55" variant="c1d1877a-e981-487e-ad6a-4bc6b49b6f16" />
</File>
<Timelines>
<Transcode startTime="877" endTime="883" complete="1" fileType="av" variant="c1d1877a-e981-487e-ad6a-4bc6b49b6f16" />
</Timelines>
</Segment>
<Segment duration="3828" startOffset="1008904" endOffset="1012733">
<File name="chunk-00115" type="av">
<FileVariant size="96" variant="c1d1877a-e981-487e-ad6a-4bc6b49b6f16" />
</File>
<Timelines>
<Transcode startTime="883" endTime="1018" complete="1" fileType="av" variant="c1d1877a-e981-487e-ad6a-4bc6b49b6f16" />
</Timelines>
</Segment>
<Segment duration="1390" startOffset="1015215" endOffset="1016606">
<File name="chunk-00116" type="av">
<FileVariant size="39" variant="c1d1877a-e981-487e-ad6a-4bc6b49b6f16" />
</File>
<Timelines>
<Transcode startTime="1018" endTime="1023" complete="1" fileType="av" variant="c1d1877a-e981-487e-ad6a-4bc6b49b6f16" />
</Timelines>
</Segment>
<Segment duration="2610" startOffset="1019088" endOffset="1021699">
<File name="chunk-00117" type="av">
<FileVariant size="48" variant="c1d1877a-e981-487e-ad6a-4bc6b49b6f16" />
</File>
<Timelines>
<Transcode startTime="1023" endTime="1286" complete="1" fileType="av" variant="c1d1877a-e981-487e-ad6a-4bc6b49b6f16" />
</Timelines>
</Segment>
<Segment duration="4264" startOffset="1029185" endOffset="1033449">
<File name="chunk-00118" type="av">
<FileVariant size="82" variant="c1d1877a-e981-487e-ad6a-4bc6b49b6f16" />
</File>
<Timelines>
<Transcode startTime="1286" endTime="1455" complete="1" fileType="av" variant="c1d1877a-e981-487e-ad6a-4bc6b49b6f16" />
</Timelines>
</Segment>
<Segment duration="1218" startOffset="1040848" endOffset="1042067">
<File name="chunk-00119" type="av">
<FileVariant size="41" variant="c1d1877a-e981-487e-ad6a-4bc6b49b6f16" />
</File>
<Timelines>
<Transcode startTime="1455" endTime="1490" complete="1" fileType="av" variant="c1d1877a-e981-487e-ad6a-4bc6b49b6f16" />
</Timelines>
</Segment>
<Segment duration="1913" startOffset="1050685" endOffset="1052599">
<File name="chunk-00120" type="av">
<FileVariant size="57" variant="c1d1877a-e981-487e-ad6a-4bc6b49b6f16" />
</File>
<Timelines>
<Transcode startTime="1490" endTime="1497" complete="1" fileType="av" variant="c1d1877a-e981-487e-ad6a-4bc6b49b6f16" />
</Timelines>
</Segment>
<Segment duration="2567" startOffset="1052600" endOffset="1055168">
<File name="chunk-00121" type="av">
<FileVariant size="66" variant="c1d1877a-e981-487e-ad6a-4bc6b49b6f16" />
</File>
<Timelines>
<Transcode startTime="1497" endTime="1554" complete="1" fileType="av" variant="c1d1877a-e981-487e-ad6a-4bc6b49b6f16" />
</Timelines>
</Segment>
<Segment duration="1044" startOffset="1058475" endOffset="1059519">
<File name="chunk-00122" type="av">
<FileVariant size="40" variant="c1d1877a-e981-487e-ad6a-4bc6b49b6f16" />
</File>
<Timelines>
<Transcode startTime="1554" endTime="1589" complete="1" fileType="av" variant="c1d1877a-e981-487e-ad6a-4bc6b49b6f16" />
</Timelines>
</Segment>
<Segment duration="2958" startOffset="1063132" endOffset="1066091">
<File name="chunk-00123" type="av">
<FileVariant size="54" variant="c1d1877a-e981-487e-ad6a-4bc6b49b6f16" />
</File>
<Timelines>
<Transcode startTime="1589" endTime="1623" complete="1" fileType="av" variant="c1d1877a-e981-487e-ad6a-4bc6b49b6f16" />
</Timelines>
</Segment>
<Segment duration="1304" startOffset="1066092" endOffset="1067397">
<File name="chunk-00124" type="av">
<FileVariant size="45" variant="c1d1877a-e981-487e-ad6a-4bc6b49b6f16" />
</File>
<Timelines>
<Transcode startTime="1623" endTime="1742" complete="1" fileType="av" variant="c1d1877a-e981-487e-ad6a-4bc6b49b6f16" />
</Timelines>
</Segment>
<Segment duration="1740" startOffset="1070444" endOffset="1072184">
<File name="chunk-00125" type="av">
<FileVariant size="41" variant="c1d1877a-e981-487e-ad6a-4bc6b49b6f16" />
</File>
<Timelines>
<Transcode startTime="1742" endTime="1746" complete="1" fileType="av" variant="c1d1877a-e981-487e-ad6a-4bc6b49b6f16" />
</Timelines>
</Segment>
<Segment duration="2914" startOffset="1072185" endOffset="1075100">
<File name="chunk-00126" type="av">
<FileVariant size="77" variant="c1d1877a-e981-487e-ad6a-4bc6b49b6f16" />
</File>
<Timelines>
<Transcode startTime="1746" endTime="1832" complete="1" fileType="av" variant="c1d1877a-e981-487e-ad6a-4bc6b49b6f16" />
</Timelines>
</Segment>
<Segment duration="1565" startOffset="1075101" endOffset="1076667">
<File name="chunk-00127" type="av">
<FileVariant size="61" variant="c1d1877a-e981-487e-ad6a-4bc6b49b6f16" />
</File>
<Timelines>
<Transcode startTime="1832" endTime="1834" complete="1" fileType="av" variant="c1d1877a-e981-487e-ad6a-4bc6b49b6f16" />
</Timelines>
</Segment>
<Segment duration="3437" startOffset="1077973" endOffset="1081410">
<File name="chunk-00128" type="av">
<FileVariant size="70" variant="c1d1877a-e981-487e-ad6a-4bc6b49b6f16" />
</File>
<Timelines>
<Transcode startTime="1834" endTime="1852" complete="1" fileType="av" variant="c1d1877a-e981-487e-ad6a-4bc6b49b6f16" />
</Timelines>
</Segment>
<Segment duration="3001" startOffset="1081411" endOffset="1084413">
<File name="chunk-00129" type="av">
<FileVariant size="70" variant="c1d1877a-e981-487e-ad6a-4bc6b49b6f16" />
</File>
<Timelines>
<Transcode startTime="1852" endTime="1853" complete="1" fileType="av" variant="c1d1877a-e981-487e-ad6a-4bc6b49b6f16" />
</Timelines>
</Segment>
<Segment duration="3351" startOffset="1084414" endOffset="1087765">
<File name="chunk-00130" type="av">
<FileVariant size="72" variant="c1d1877a-e981-487e-ad6a-4bc6b49b6f16" />
</File>
<Timelines>
<Transcode startTime="1853" endTime="1996" complete="1" fileType="av" variant="c1d1877a-e981-487e-ad6a-4bc6b49b6f16" />
</Timelines>
</Segment>
<Segment duration="3046" startOffset="1089680" endOffset="1092726">
<File name="chunk-00131" type="av">
<FileVariant size="83" variant="c1d1877a-e981-487e-ad6a-4bc6b49b6f16" />
</File>
<Timelines>
<Transcode startTime="1996" endTime="2329" complete="1" fileType="av" variant="c1d1877a-e981-487e-ad6a-4bc6b49b6f16" />
</Timelines>
</Segment>
<Segment duration="3175" startOffset="1114009" endOffset="1117185">
<File name="chunk-00132" type="av">
<FileVariant size="69" variant="c1d1877a-e981-487e-ad6a-4bc6b49b6f16" />
</File>
<Timelines>
<Transcode startTime="2329" endTime="2433" complete="1" fileType="av" variant="c1d1877a-e981-487e-ad6a-4bc6b49b6f16" />
</Timelines>
</Segment>
<Segment duration="1521" startOffset="1119101" endOffset="1120623">
<File name="chunk-00133" type="av">
<FileVariant size="40" variant="c1d1877a-e981-487e-ad6a-4bc6b49b6f16" />
</File>
<Timelines>
<Transcode startTime="2433" endTime="2452" complete="1" fileType="av" variant="c1d1877a-e981-487e-ad6a-4bc6b49b6f16" />
</Timelines>
</Segment>
<Segment duration="3176" startOffset="1120624" endOffset="1123801">
<File name="chunk-00134" type="av">
<FileVariant size="64" variant="c1d1877a-e981-487e-ad6a-4bc6b49b6f16" />
</File>
<Timelines>
<Transcode startTime="2452" endTime="2518" complete="1" fileType="av" variant="c1d1877a-e981-487e-ad6a-4bc6b49b6f16" />
</Timelines>
</Segment>
<Segment duration="913" startOffset="1124324" endOffset="1125237">
<File name="chunk-00135" type="av">
<FileVariant size="45" variant="c1d1877a-e981-487e-ad6a-4bc6b49b6f16" />
</File>
<Timelines>
<Transcode startTime="2518" endTime="2873" complete="1" fileType="av" variant="c1d1877a-e981-487e-ad6a-4bc6b49b6f16" />
</Timelines>
</Segment>
<Segment duration="1130" startOffset="1150219" endOffset="1151350">
<File name="chunk-00136" type="av">
<FileVariant size="44" variant="c1d1877a-e981-487e-ad6a-4bc6b49b6f16" />
</File>
<Timelines>
<Transcode startTime="2873" endTime="3089" complete="1" fileType="av" variant="c1d1877a-e981-487e-ad6a-4bc6b49b6f16" />
</Timelines>
</Segment>
<Segment duration="1826" startOffset="1164277" endOffset="1166103">
<File name="chunk-00137" type="av">
<FileVariant size="70" variant="c1d1877a-e981-487e-ad6a-4bc6b49b6f16" />
</File>
<Timelines>
<Transcode startTime="3089" endTime="3096" complete="1" fileType="av" variant="c1d1877a-e981-487e-ad6a-4bc6b49b6f16" />
</Timelines>
</Segment>
<Segment duration="1783" startOffset="1166104" endOffset="1167888">
<File name="chunk-00138" type="av">
<FileVariant size="64" variant="c1d1877a-e981-487e-ad6a-4bc6b49b6f16" />
</File>
<Timelines>
<Transcode startTime="3096" endTime="3116" complete="1" fileType="av" variant="c1d1877a-e981-487e-ad6a-4bc6b49b6f16" />
</Timelines>
</Segment>
<Segment duration="3001" startOffset="1172546" endOffset="1175548">
<File name="chunk-00139" type="av">
<FileVariant size="76" variant="c1d1877a-e981-487e-ad6a-4bc6b49b6f16" />
</File>
<Timelines>
<Transcode startTime="3116" endTime="3123" complete="1" fileType="av" variant="c1d1877a-e981-487e-ad6a-4bc6b49b6f16" />
</Timelines>
</Segment>
<Segment duration="2697" startOffset="1175549" endOffset="1178246">
<File name="chunk-00140" type="av">
<FileVariant size="57" variant="c1d1877a-e981-487e-ad6a-4bc6b49b6f16" />
</File>
<Timelines>
<Transcode startTime="3123" endTime="3133" complete="1" fileType="av" variant="c1d1877a-e981-487e-ad6a-4bc6b49b6f16" />
</Timelines>
</Segment>
<Segment duration="2435" startOffset="1178247" endOffset="1180683">
<File name="chunk-00141" type="av">
<FileVariant size="59" variant="c1d1877a-e981-487e-ad6a-4bc6b49b6f16" />
</File>
<Timelines>
<Transcode startTime="3133" endTime="3200" complete="1" fileType="av" variant="c1d1877a-e981-487e-ad6a-4bc6b49b6f16" />
</Timelines>
</Segment>
<Segment duration="1696" startOffset="1186168" endOffset="1187864">
<File name="chunk-00142" type="av">
<FileVariant size="40" variant="c1d1877a-e981-487e-ad6a-4bc6b49b6f16" />
</File>
<Timelines>
<Transcode startTime="3200" endTime="3202" complete="1" fileType="av" variant="c1d1877a-e981-487e-ad6a-4bc6b49b6f16" />
</Timelines>
</Segment>
<Segment duration="3438" startOffset="1189606" endOffset="1193044">
<File name="chunk-00143" type="av">
<FileVariant size="57" variant="c1d1877a-e981-487e-ad6a-4bc6b49b6f16" />
</File>
<Timelines>
<Transcode startTime="3202" endTime="3293" complete="1" fileType="av" variant="c1d1877a-e981-487e-ad6a-4bc6b49b6f16" />
</Timelines>
</Segment>
<Segment duration="1216" startOffset="1194220" endOffset="1195437">
<File name="chunk-00144" type="av">
<FileVariant size="41" variant="c1d1877a-e981-487e-ad6a-4bc6b49b6f16" />
</File>
<Timelines>
<Transcode startTime="3293" endTime="3297" complete="1" fileType="av" variant="c1d1877a-e981-487e-ad6a-4bc6b49b6f16" />
</Timelines>
</Segment>
<Segment duration="1478" startOffset="1195438" endOffset="1196917">
<File name="chunk-00145" type="av">
<FileVariant size="42" variant="c1d1877a-e981-487e-ad6a-4bc6b49b6f16" />
</File>
<Timelines>
<Transcode startTime="3297" endTime="3304" complete="1" fileType="av" variant="c1d1877a-e981-487e-ad6a-4bc6b49b6f16" />
</Timelines>
</Segment>
<Segment duration="1826" startOffset="1196918" endOffset="1198745">
<File name="chunk-00146" type="av">
<FileVariant size="40" variant="c1d1877a-e981-487e-ad6a-4bc6b49b6f16" />
</File>
<Timelines>
<Transcode startTime="3304" endTime="3347" complete="1" fileType="av" variant="c1d1877a-e981-487e-ad6a-4bc6b49b6f16" />
</Timelines>
</Segment>
<Segment duration="3305" startOffset="1198746" endOffset="1202052">
<File name="chunk-00147" type="av">
<FileVariant size="92" variant="c1d1877a-e981-487e-ad6a-4bc6b49b6f16" />
</File>
<Timelines>
<Transcode startTime="3347" endTime="3388" complete="1" fileType="av" variant="c1d1877a-e981-487e-ad6a-4bc6b49b6f16" />
</Timelines>
</Segment>
<Segment duration="1784" startOffset="1202053" endOffset="1203838">
<File name="chunk-00148" type="av">
<FileVariant size="56" variant="c1d1877a-e981-487e-ad6a-4bc6b49b6f16" />
</File>
<Timelines>
<Transcode startTime="3388" endTime="3398" complete="1" fileType="av" variant="c1d1877a-e981-487e-ad6a-4bc6b49b6f16" />
</Timelines>
</Segment>
<Segment duration="1609" startOffset="1204708" endOffset="1206318">
<File name="chunk-00149" type="av">
<FileVariant size="63" variant="c1d1877a-e981-487e-ad6a-4bc6b49b6f16" />
</File>
<Timelines>
<Transcode startTime="3398" endTime="3399" complete="1" fileType="av" variant="c1d1877a-e981-487e-ad6a-4bc6b49b6f16" />
</Timelines>
</Segment>
<Segment duration="1304" startOffset="1206319" endOffset="1207623">
<File name="chunk-00150" type="av">
<FileVariant size="55" variant="c1d1877a-e981-487e-ad6a-4bc6b49b6f16" />
</File>
<Timelines>
<Transcode startTime="3399" endTime="3447" complete="1" fileType="av" variant="c1d1877a-e981-487e-ad6a-4bc6b49b6f16" />
</Timelines>
</Segment>
<Segment duration="1696" startOffset="1207624" endOffset="1209321">
<File name="chunk-00151" type="av">
<FileVariant size="71" variant="c1d1877a-e981-487e-ad6a-4bc6b49b6f16" />
</File>
<Timelines>
<Transcode startTime="3447" endTime="3483" complete="1" fileType="av" variant="c1d1877a-e981-487e-ad6a-4bc6b49b6f16" />
</Timelines>
</Segment>
<Segment duration="3132" startOffset="1209322" endOffset="1212454">
<File name="chunk-00152" type="av">
<FileVariant size="66" variant="c1d1877a-e981-487e-ad6a-4bc6b49b6f16" />
</File>
<Timelines>
<Transcode startTime="3483" endTime="3488" complete="1" fileType="av" variant="c1d1877a-e981-487e-ad6a-4bc6b49b6f16" />
</Timelines>
</Segment>
<Segment duration="5004" startOffset="1212455" endOffset="1217459">
<File name="chunk-00153" type="av">
<FileVariant size="79" variant="c1d1877a-e981-487e-ad6a-4bc6b49b6f16" />
</File>
<Timelines>
<Transcode startTime="3488" endTime="3525" complete="1" fileType="av" variant="c1d1877a-e981-487e-ad6a-4bc6b49b6f16" />
</Timelines>
</Segment>
<Segment duration="2740" startOffset="1217460" endOffset="1220201">
<File name="chunk-00154" type="av">
<FileVariant size="63" variant="c1d1877a-e981-487e-ad6a-4bc6b49b6f16" />
</File>
<Timelines>
<Transcode startTime="3525" endTime="3564" complete="1" fileType="av" variant="c1d1877a-e981-487e-ad6a-4bc6b49b6f16" />
</Timelines>
</Segment>
<Segment duration="3394" startOffset="1220202" endOffset="1223597">
<File name="chunk-00155" type="av">
<FileVariant size="75" variant="c1d1877a-e981-487e-ad6a-4bc6b49b6f16" />
</File>
<Timelines>
<Transcode startTime="3564" endTime="3659" complete="1" fileType="av" variant="c1d1877a-e981-487e-ad6a-4bc6b49b6f16" />
</Timelines>
</Segment>
<Segment duration="1740" startOffset="1226948" endOffset="1228688">
<File name="chunk-00156" type="av">
<FileVariant size="42" variant="c1d1877a-e981-487e-ad6a-4bc6b49b6f16" />
</File>
<Timelines>
<Transcode startTime="3659" endTime="3664" complete="1" fileType="av" variant="c1d1877a-e981-487e-ad6a-4bc6b49b6f16" />
</Timelines>
</Segment>
<Segment duration="1608" startOffset="1228689" endOffset="1230298">
<File name="chunk-00157" type="av">
<FileVariant size="56" variant="c1d1877a-e981-487e-ad6a-4bc6b49b6f16" />
</File>
<Timelines>
<Transcode startTime="3664" endTime="3703" complete="1" fileType="av" variant="c1d1877a-e981-487e-ad6a-4bc6b49b6f16" />
</Timelines>
</Segment>
<Segment duration="1434" startOffset="1230299" endOffset="1231734">
<File name="chunk-00158" type="av">
<FileVariant size="58" variant="c1d1877a-e981-487e-ad6a-4bc6b49b6f16" />
</File>
<Timelines>
<Transcode startTime="3703" endTime="3715" complete="1" fileType="av" variant="c1d1877a-e981-487e-ad6a-4bc6b49b6f16" />
</Timelines>
</Segment>
<Segment duration="1347" startOffset="1233259" endOffset="1234607">
<File name="chunk-00159" type="av">
<FileVariant size="43" variant="c1d1877a-e981-487e-ad6a-4bc6b49b6f16" />
</File>
<Timelines>
<Transcode startTime="3715" endTime="3753" complete="1" fileType="av" variant="c1d1877a-e981-487e-ad6a-4bc6b49b6f16" />
</Timelines>
</Segment>
<Segment duration="1522" startOffset="1234608" endOffset="1236130">
<File name="chunk-00160" type="av">
<FileVariant size="61" variant="c1d1877a-e981-487e-ad6a-4bc6b49b6f16" />
</File>
<Timelines>
<Transcode startTime="3753" endTime="3759" complete="1" fileType="av" variant="c1d1877a-e981-487e-ad6a-4bc6b49b6f16" />
</Timelines>
</Segment>
<Segment duration="2870" startOffset="1236131" endOffset="1239002">
<File name="chunk-00161" type="av">
<FileVariant size="84" variant="c1d1877a-e981-487e-ad6a-4bc6b49b6f16" />
</File>
<Timelines>
<Transcode startTime="3759" endTime="3805" complete="1" fileType="av" variant="c1d1877a-e981-487e-ad6a-4bc6b49b6f16" />
</Timelines>
</Segment>
<Segment duration="4134" startOffset="1239003" endOffset="1243137">
<File name="chunk-00162" type="av">
<FileVariant size="77" variant="c1d1877a-e981-487e-ad6a-4bc6b49b6f16" />
</File>
<Timelines>
<Transcode startTime="3805" endTime="3856" complete="1" fileType="av" variant="c1d1877a-e981-487e-ad6a-4bc6b49b6f16" />
</Timelines>
</Segment>
<Segment duration="3524" startOffset="1243138" endOffset="1246662">
<File name="chunk-00163" type="av">
<FileVariant size="78" variant="c1d1877a-e981-487e-ad6a-4bc6b49b6f16" />
</File>
<Timelines>
<Transcode startTime="3856" endTime="3904" complete="1" fileType="av" variant="c1d1877a-e981-487e-ad6a-4bc6b49b6f16" />
</Timelines>
</Segment>
<Segment duration="1305" startOffset="1246663" endOffset="1247968">
<File name="chunk-00164" type="av">
<FileVariant size="60" variant="c1d1877a-e981-487e-ad6a-4bc6b49b6f16" />
</File>
<Timelines>
<Transcode startTime="3904" endTime="3957" complete="1" fileType="av" variant="c1d1877a-e981-487e-ad6a-4bc6b49b6f16" />
</Timelines>
</Segment>
<Segment duration="1347" startOffset="1247969" endOffset="1249317">
<File name="chunk-00165" type="av">
<FileVariant size="46" variant="c1d1877a-e981-487e-ad6a-4bc6b49b6f16" />
</File>
<Timelines>
<Transcode startTime="3957" endTime="3959" complete="1" fileType="av" variant="c1d1877a-e981-487e-ad6a-4bc6b49b6f16" />
</Timelines>
</Segment>
<Segment duration="2087" startOffset="1249318" endOffset="1251406">
<File name="chunk-00166" type="av">
<FileVariant size="83" variant="c1d1877a-e981-487e-ad6a-4bc6b49b6f16" />
</File>
<Timelines>
<Transcode startTime="3959" endTime="3960" complete="1" fileType="av" variant="c1d1877a-e981-487e-ad6a-4bc6b49b6f16" />
</Timelines>
</Segment>
<Segment duration="3741" startOffset="1251407" endOffset="1255149">
<File name="chunk-00167" type="av">
<FileVariant size="107" variant="c1d1877a-e981-487e-ad6a-4bc6b49b6f16" />
</File>
<Timelines>
<Transcode startTime="3960" endTime="4000" complete="1" fileType="av" variant="c1d1877a-e981-487e-ad6a-4bc6b49b6f16" />
</Timelines>
</Segment>
<Segment duration="2740" startOffset="1255150" endOffset="1257891">
<File name="chunk-00168" type="av">
<FileVariant size="64" variant="c1d1877a-e981-487e-ad6a-4bc6b49b6f16" />
</File>
<Timelines>
<Transcode startTime="4000" endTime="4007" complete="1" fileType="av" variant="c1d1877a-e981-487e-ad6a-4bc6b49b6f16" />
</Timelines>
</Segment>
<Segment duration="3088" startOffset="1257892" endOffset="1260981">
<File name="chunk-00169" type="av">
<FileVariant size="69" variant="c1d1877a-e981-487e-ad6a-4bc6b49b6f16" />
</File>
<Timelines>
<Transcode startTime="4007" endTime="4090" complete="1" fileType="av" variant="c1d1877a-e981-487e-ad6a-4bc6b49b6f16" />
</Timelines>
</Segment>
<Segment duration="3741" startOffset="1260982" endOffset="1264724">
<File name="chunk-00170" type="av">
<FileVariant size="75" variant="c1d1877a-e981-487e-ad6a-4bc6b49b6f16" />
</File>
<Timelines>
<Transcode startTime="4090" endTime="4194" complete="1" fileType="av" variant="c1d1877a-e981-487e-ad6a-4bc6b49b6f16" />
</Timelines>
</Segment>
<Segment duration="2392" startOffset="1264725" endOffset="1267117">
<File name="chunk-00171" type="av">
<FileVariant size="56" variant="c1d1877a-e981-487e-ad6a-4bc6b49b6f16" />
</File>
<Timelines>
<Transcode startTime="4194" endTime="4198" complete="1" fileType="av" variant="c1d1877a-e981-487e-ad6a-4bc6b49b6f16" />
</Timelines>
</Segment>
<Segment duration="1784" startOffset="1267118" endOffset="1268902">
<File name="chunk-00172" type="av">
<FileVariant size="71" variant="c1d1877a-e981-487e-ad6a-4bc6b49b6f16" />
</File>
<Timelines>
<Transcode startTime="4198" endTime="4239" complete="1" fileType="av" variant="c1d1877a-e981-487e-ad6a-4bc6b49b6f16" />
</Timelines>
</Segment>
<Segment duration="1479" startOffset="1268903" endOffset="1270382">
<File name="chunk-00173" type="av">
<FileVariant size="59" variant="c1d1877a-e981-487e-ad6a-4bc6b49b6f16" />
</File>
<Timelines>
<Transcode startTime="4239" endTime="4243" complete="1" fileType="av" variant="c1d1877a-e981-487e-ad6a-4bc6b49b6f16" />
</Timelines>
</Segment>
<Segment duration="2609" startOffset="1270383" endOffset="1272993">
<File name="chunk-00174" type="av">
<FileVariant size="59" variant="c1d1877a-e981-487e-ad6a-4bc6b49b6f16" />
</File>
<Timelines>
<Transcode startTime="4243" endTime="4289" complete="1" fileType="av" variant="c1d1877a-e981-487e-ad6a-4bc6b49b6f16" />
</Timelines>
</Segment>
<Segment duration="2306" startOffset="1272994" endOffset="1275300">
<File name="chunk-00175" type="av">
<FileVariant size="63" variant="c1d1877a-e981-487e-ad6a-4bc6b49b6f16" />
</File>
<Timelines>
<Transcode startTime="4289" endTime="4328" complete="1" fileType="av" variant="c1d1877a-e981-487e-ad6a-4bc6b49b6f16" />
</Timelines>
</Segment>
<Segment duration="2087" startOffset="1275301" endOffset="1277389">
<File name="chunk-00176" type="av">
<FileVariant size="50" variant="c1d1877a-e981-487e-ad6a-4bc6b49b6f16" />
</File>
<Timelines>
<Transcode startTime="4328" endTime="4380" complete="1" fileType="av" variant="c1d1877a-e981-487e-ad6a-4bc6b49b6f16" />
</Timelines>
</Segment>
<Segment duration="2348" startOffset="1277390" endOffset="1279739">
<File name="chunk-00177" type="av">
<FileVariant size="50" variant="c1d1877a-e981-487e-ad6a-4bc6b49b6f16" />
</File>
<Timelines>
<Transcode startTime="4380" endTime="4410" complete="1" fileType="av" variant="c1d1877a-e981-487e-ad6a-4bc6b49b6f16" />
</Timelines>
</Segment>
<Segment duration="2479" startOffset="1279740" endOffset="1282219">
<File name="chunk-00178" type="av">
<FileVariant size="50" variant="c1d1877a-e981-487e-ad6a-4bc6b49b6f16" />
</File>
<Timelines>
<Transcode startTime="4410" endTime="4672" complete="1" fileType="av" variant="c1d1877a-e981-487e-ad6a-4bc6b49b6f16" />
</Timelines>
</Segment>
<Segment duration="2261" startOffset="1292448" endOffset="1294710">
<File name="chunk-00179" type="av">
<FileVariant size="50" variant="c1d1877a-e981-487e-ad6a-4bc6b49b6f16" />
</File>
<Timelines>
<Transcode startTime="4672" endTime="4823" complete="1" fileType="av" variant="c1d1877a-e981-487e-ad6a-4bc6b49b6f16" />
</Timelines>
</Segment>
</SegmentList>
<PlaybackReports>
<Playback startTime="333" endTime="791" state="playing" progress="660734" />
<Playback startTime="791" endTime="1236" state="playing" progress="650734" />
<Playback startTime="1236" endTime="1682" state="playing" progress="640734" />
<Playback startTime="1682" endTime="1723" state="playing" progress="630734" />
<Playback startTime="1723" endTime="2176" state="buffering" progress="630734" />
<Playback startTime="2176" endTime="2681" state="playing" progress="630734" />
<Playback startTime="2681" endTime="2776" state="buffering" progress="630734" />
<Playback startTime="2776" endTime="5009" state="playing" progress="630734" />
</PlaybackReports>
<StateReports />
<StateReports />
</SessionReport>
