Sep 04, 2026 20:51:51.714 [0x78af5d7dbb38] INFO - Plex Tuner Service v1.43.3.10828-00f62d37d - Docker Docker Container (LinuxServer.io) x86_64 - build: 
Sep 04, 2026 20:51:51.714 [0x78af5d7dbb38] INFO - Linux version: 7.0.0-30-generic (#30~24.04.1-Ubuntu SMP PREEMPT_DYNAMIC Fri Aug  7 13:27:52 UTC 2), language: en-US
Sep 04, 2026 20:51:51.714 [0x78af5d7dbb38] INFO - Processor AMD Ryzen 5 3600 6-Core Processor              
Sep 04, 2026 20:51:51.714 [0x78af5d7dbb38] INFO - /usr/lib/plexmediaserver/Plex Tuner Service /usr/lib/plexmediaserver/Resources/Tuner/Private /usr/lib/plexmediaserver/Resources/Tuner/Shared 1.43.3.10828-00f62d37d 32600
Sep 04, 2026 20:51:51.713 [0x78af5f34d808] INFO - [I] broker_t::start...
Sep 04, 2026 20:51:51.721 [0x78af5f34d808] INFO - [I] device_manager_t::init.
Sep 04, 2026 20:51:51.721 [0x78af5f34d808] INFO - [I] device_manager_t::init. Initialize provider manager
Sep 04, 2026 20:51:51.721 [0x78af5f34d808] INFO - [I] device_manager_t::init. Initialize all device auxes
Sep 04, 2026 20:51:51.721 [0x78af5f34d808] INFO - [I] dvb_device_factory_t::get_aux_list
Sep 04, 2026 20:51:51.721 [0x78af5f34d808] INFO - [I] tvbutler_aux_t::init
Sep 04, 2026 20:51:51.725 [0x78af5f34d808] INFO - [I] web_server_t::start. Starting web server on port 32600
Sep 04, 2026 20:51:59.663 [0x78af5d551b38] INFO - [I] web_service_t::process_device_discovery
Sep 04, 2026 20:51:59.663 [0x78af5d551b38] INFO - [I] device_reactor_t::get_device_list ()
Sep 04, 2026 20:52:01.666 [0x78af5d551b38] INFO - [I] SAT2IP - discover_satip_servers(): no servers found
Sep 04, 2026 20:52:02.085 [0x78af5d551b38] INFO - [I] v4l::DeviceGetList_impl. getting v4l device list
Sep 04, 2026 20:52:02.088 [0x78af5d551b38] INFO - [I] onetv_factory::DeviceGetListEx >>
Sep 04, 2026 20:52:02.088 [0x78af5d551b38] WARN - [W] onetv_factory::DeviceGetListEx. libusb_init returned an error -99
Sep 04, 2026 21:30:55.868 [0x78af5f34d808] INFO - Received SIGINT: Interrupt from keyboard.
Sep 04, 2026 21:30:55.900 [0x78af5f34d808] INFO - [I] device_manager_t::term
Sep 04, 2026 21:30:55.900 [0x78af5f34d808] INFO - [I] device_manager_t::term. Stop all devices
Sep 04, 2026 21:30:55.900 [0x78af5f34d808] INFO - [I] device_manager_t::term. Shut down all device auxes
Sep 04, 2026 21:30:55.900 [0x78af5f34d808] INFO - [I] tvbutler_aux_t::term
Sep 04, 2026 21:30:55.901 [0x78af5f34d808] INFO - [I] web_server_t::stop. Web server is stopped
Sep 04, 2026 21:30:55.901 [0x78af5f34d808] INFO - [I] device_manager_t::term
Sep 04, 2026 21:30:55.901 [0x78af5f34d808] INFO - [I] device_manager_t::term. Stop all devices
Sep 04, 2026 21:30:55.901 [0x78af5f34d808] INFO - [I] device_manager_t::term. Shut down all device auxes
Sep 04, 2026 21:30:55.901 [0x78af5f34d808] INFO - [I] broker_t::shutdown. Shutdown is completed.
